{"Time":"2023-09-09T11:11:35.033237-07:00","Action":"output","Package":"github.com/ddworken/hishtory","Output":"?   \tgithub.com/ddworken/hishtory\t[no test files]\n"}
{"Time":"2023-09-09T11:11:35.033315-07:00","Action":"skip","Package":"github.com/ddworken/hishtory","Elapsed":0}
{"Time":"2023-09-09T11:11:36.970604-07:00","Action":"run","Package":"github.com/ddworken/hishtory/backend/server","Test":"TestESubmitThenQuery"}
{"Time":"2023-09-09T11:11:36.970676-07:00","Action":"output","Package":"github.com/ddworken/hishtory/backend/server","Test":"TestESubmitThenQuery","Output":"=== RUN   TestESubmitThenQuery\n"}
{"Time":"2023-09-09T11:11:36.972989-07:00","Action":"output","Package":"github.com/ddworken/hishtory/backend/server","Test":"TestESubmitThenQuery","Output":"apiRegisterHandler: existingDevicesCount=0\n"}
{"Time":"2023-09-09T11:11:36.973693-07:00","Action":"output","Package":"github.com/ddworken/hishtory/backend/server","Test":"TestESubmitThenQuery","Output":"apiRegisterHandler: existingDevicesCount=1\n"}
{"Time":"2023-09-09T11:11:36.973911-07:00","Action":"output","Package":"github.com/ddworken/hishtory/backend/server","Test":"TestESubmitThenQuery","Output":"apiRegisterHandler: existingDevicesCount=0\n"}
{"Time":"2023-09-09T11:11:36.974268-07:00","Action":"output","Package":"github.com/ddworken/hishtory/backend/server","Test":"TestESubmitThenQuery","Output":"apiSubmitHandler: received request containg 1 EncHistoryEntry\n"}
{"Time":"2023-09-09T11:11:36.97439-07:00","Action":"output","Package":"github.com/ddworken/hishtory/backend/server","Test":"TestESubmitThenQuery","Output":"apiSubmitHandler: Found 2 devices\n"}
{"Time":"2023-09-09T11:11:36.974864-07:00","Action":"output","Package":"github.com/ddworken/hishtory/backend/server","Test":"TestESubmitThenQuery","Output":"apiQueryHandler: Found 1 entries for /?device_id=e4a39ce3-9c63-40e6-a056-ecff6a760f70\u0026user_id=dqrkvvkkhS6ATwGtlJIiKK_FGL7afTDaY-FLVRQuvm0=\n"}
{"Time":"2023-09-09T11:11:36.975202-07:00","Action":"output","Package":"github.com/ddworken/hishtory/backend/server","Test":"TestESubmitThenQuery","Output":"apiQueryHandler: Found 1 entries for /?device_id=3bc0f9a2-7a39-40c7-922a-a6a987fe3e39\u0026user_id=dqrkvvkkhS6ATwGtlJIiKK_FGL7afTDaY-FLVRQuvm0=\n"}
{"Time":"2023-09-09T11:11:36.975484-07:00","Action":"output","Package":"github.com/ddworken/hishtory/backend/server","Test":"TestESubmitThenQuery","Output":"apiBootstrapHandler: Found 2 entries\n"}
{"Time":"2023-09-09T11:11:36.975607-07:00","Action":"output","Package":"github.com/ddworken/hishtory/backend/server","Test":"TestESubmitThenQuery","Output":"--- PASS: TestESubmitThenQuery (0.00s)\n"}
{"Time":"2023-09-09T11:11:36.975624-07:00","Action":"pass","Package":"github.com/ddworken/hishtory/backend/server","Test":"TestESubmitThenQuery","Elapsed":0}
{"Time":"2023-09-09T11:11:36.975639-07:00","Action":"run","Package":"github.com/ddworken/hishtory/backend/server","Test":"TestDumpRequestAndResponse"}
{"Time":"2023-09-09T11:11:36.975644-07:00","Action":"output","Package":"github.com/ddworken/hishtory/backend/server","Test":"TestDumpRequestAndResponse","Output":"=== RUN   TestDumpRequestAndResponse\n"}
{"Time":"2023-09-09T11:11:36.977499-07:00","Action":"output","Package":"github.com/ddworken/hishtory/backend/server","Test":"TestDumpRequestAndResponse","Output":"apiRegisterHandler: existingDevicesCount=0\n"}
{"Time":"2023-09-09T11:11:36.97778-07:00","Action":"output","Package":"github.com/ddworken/hishtory/backend/server","Test":"TestDumpRequestAndResponse","Output":"apiRegisterHandler: existingDevicesCount=1\n"}
{"Time":"2023-09-09T11:11:36.977935-07:00","Action":"output","Package":"github.com/ddworken/hishtory/backend/server","Test":"TestDumpRequestAndResponse","Output":"apiRegisterHandler: existingDevicesCount=0\n"}
{"Time":"2023-09-09T11:11:36.978138-07:00","Action":"output","Package":"github.com/ddworken/hishtory/backend/server","Test":"TestDumpRequestAndResponse","Output":"apiRegisterHandler: existingDevicesCount=1\n"}
{"Time":"2023-09-09T11:11:36.978578-07:00","Action":"output","Package":"github.com/ddworken/hishtory/backend/server","Test":"TestDumpRequestAndResponse","Output":"apiSubmitDumpHandler: received request containg 2 EncHistoryEntry\n"}
{"Time":"2023-09-09T11:11:36.979598-07:00","Action":"output","Package":"github.com/ddworken/hishtory/backend/server","Test":"TestDumpRequestAndResponse","Output":"apiQueryHandler: Found 2 entries for /?device_id=49123600-d432-4b9f-b5b5-03d7b2c9bf8e\u0026user_id=BeK5RAw0sfmXSWfqB9oPXoIFRkXReBu5q2tR0D8u754=\n"}
{"Time":"2023-09-09T11:11:36.979787-07:00","Action":"output","Package":"github.com/ddworken/hishtory/backend/server","Test":"TestDumpRequestAndResponse","Output":"--- PASS: TestDumpRequestAndResponse (0.00s)\n"}
{"Time":"2023-09-09T11:11:36.98014-07:00","Action":"pass","Package":"github.com/ddworken/hishtory/backend/server","Test":"TestDumpRequestAndResponse","Elapsed":0}
{"Time":"2023-09-09T11:11:36.980161-07:00","Action":"run","Package":"github.com/ddworken/hishtory/backend/server","Test":"TestUpdateReleaseVersion"}
{"Time":"2023-09-09T11:11:36.980166-07:00","Action":"output","Package":"github.com/ddworken/hishtory/backend/server","Test":"TestUpdateReleaseVersion","Output":"=== RUN   TestUpdateReleaseVersion\n"}
{"Time":"2023-09-09T11:11:41.276688-07:00","Action":"output","Package":"github.com/ddworken/hishtory/backend/server","Test":"TestUpdateReleaseVersion","Output":"Found a valid version: v0.211\n"}
{"Time":"2023-09-09T11:11:41.276778-07:00","Action":"output","Package":"github.com/ddworken/hishtory/backend/server","Test":"TestUpdateReleaseVersion","Output":"--- PASS: TestUpdateReleaseVersion (4.30s)\n"}
{"Time":"2023-09-09T11:11:41.276788-07:00","Action":"pass","Package":"github.com/ddworken/hishtory/backend/server","Test":"TestUpdateReleaseVersion","Elapsed":4.3}
{"Time":"2023-09-09T11:11:41.276809-07:00","Action":"run","Package":"github.com/ddworken/hishtory/backend/server","Test":"TestDeletionRequests"}
{"Time":"2023-09-09T11:11:41.276818-07:00","Action":"output","Package":"github.com/ddworken/hishtory/backend/server","Test":"TestDeletionRequests","Output":"=== RUN   TestDeletionRequests\n"}
{"Time":"2023-09-09T11:11:41.280341-07:00","Action":"output","Package":"github.com/ddworken/hishtory/backend/server","Test":"TestDeletionRequests","Output":"apiRegisterHandler: existingDevicesCount=2\n"}
{"Time":"2023-09-09T11:11:41.280734-07:00","Action":"output","Package":"github.com/ddworken/hishtory/backend/server","Test":"TestDeletionRequests","Output":"apiRegisterHandler: existingDevicesCount=3\n"}
{"Time":"2023-09-09T11:11:41.281102-07:00","Action":"output","Package":"github.com/ddworken/hishtory/backend/server","Test":"TestDeletionRequests","Output":"apiRegisterHandler: existingDevicesCount=2\n"}
{"Time":"2023-09-09T11:11:41.281418-07:00","Action":"output","Package":"github.com/ddworken/hishtory/backend/server","Test":"TestDeletionRequests","Output":"apiRegisterHandler: existingDevicesCount=3\n"}
{"Time":"2023-09-09T11:11:41.281804-07:00","Action":"output","Package":"github.com/ddworken/hishtory/backend/server","Test":"TestDeletionRequests","Output":"apiSubmitHandler: received request containg 1 EncHistoryEntry\n"}
{"Time":"2023-09-09T11:11:41.282047-07:00","Action":"output","Package":"github.com/ddworken/hishtory/backend/server","Test":"TestDeletionRequests","Output":"apiSubmitHandler: Found 4 devices\n"}
{"Time":"2023-09-09T11:11:41.282288-07:00","Action":"output","Package":"github.com/ddworken/hishtory/backend/server","Test":"TestDeletionRequests","Output":"apiSubmitHandler: received request containg 1 EncHistoryEntry\n"}
{"Time":"2023-09-09T11:11:41.282758-07:00","Action":"output","Package":"github.com/ddworken/hishtory/backend/server","Test":"TestDeletionRequests","Output":"apiSubmitHandler: Found 4 devices\n"}
{"Time":"2023-09-09T11:11:41.283073-07:00","Action":"output","Package":"github.com/ddworken/hishtory/backend/server","Test":"TestDeletionRequests","Output":"apiSubmitHandler: received request containg 1 EncHistoryEntry\n"}
{"Time":"2023-09-09T11:11:41.283321-07:00","Action":"output","Package":"github.com/ddworken/hishtory/backend/server","Test":"TestDeletionRequests","Output":"apiSubmitHandler: Found 4 devices\n"}
{"Time":"2023-09-09T11:11:41.283992-07:00","Action":"output","Package":"github.com/ddworken/hishtory/backend/server","Test":"TestDeletionRequests","Output":"apiQueryHandler: Found 2 entries for /?device_id=12a9e963-07fb-4715-b550-22cf150a27fc\u0026user_id=BeK5RAw0sfmXSWfqB9oPXoIFRkXReBu5q2tR0D8u754=\n"}
{"Time":"2023-09-09T11:11:41.284315-07:00","Action":"output","Package":"github.com/ddworken/hishtory/backend/server","Test":"TestDeletionRequests","Output":"addDeletionRequestHandler: received request containg 1 messages to be deleted\n"}
{"Time":"2023-09-09T11:11:41.284427-07:00","Action":"output","Package":"github.com/ddworken/hishtory/backend/server","Test":"TestDeletionRequests","Output":"addDeletionRequestHandler: Found 4 devices\n"}
{"Time":"2023-09-09T11:11:41.284813-07:00","Action":"output","Package":"github.com/ddworken/hishtory/backend/server","Test":"TestDeletionRequests","Output":"addDeletionRequestHandler: Deleted 1 rows in the backend\n"}
{"Time":"2023-09-09T11:11:41.295917-07:00","Action":"output","Package":"github.com/ddworken/hishtory/backend/server","Test":"TestDeletionRequests","Output":"apiQueryHandler: Found 1 entries for /?device_id=12a9e963-07fb-4715-b550-22cf150a27fc\u0026user_id=BeK5RAw0sfmXSWfqB9oPXoIFRkXReBu5q2tR0D8u754=\n"}
{"Time":"2023-09-09T11:11:41.296354-07:00","Action":"output","Package":"github.com/ddworken/hishtory/backend/server","Test":"TestDeletionRequests","Output":"apiQueryHandler: Found 1 entries for /?device_id=04c41336-e770-4e72-a84e-8e350c8f16c2\u0026user_id=pmI3-o35Az8c30FI9UioJtJu14HxqnzRmC0LcbA_ztY=\n"}
{"Time":"2023-09-09T11:11:41.296727-07:00","Action":"output","Package":"github.com/ddworken/hishtory/backend/server","Test":"TestDeletionRequests","Output":"--- PASS: TestDeletionRequests (0.02s)\n"}
{"Time":"2023-09-09T11:11:41.296742-07:00","Action":"pass","Package":"github.com/ddworken/hishtory/backend/server","Test":"TestDeletionRequests","Elapsed":0.02}
{"Time":"2023-09-09T11:11:41.296755-07:00","Action":"run","Package":"github.com/ddworken/hishtory/backend/server","Test":"TestHealthcheck"}
{"Time":"2023-09-09T11:11:41.29676-07:00","Action":"output","Package":"github.com/ddworken/hishtory/backend/server","Test":"TestHealthcheck","Output":"=== RUN   TestHealthcheck\n"}
{"Time":"2023-09-09T11:11:41.296783-07:00","Action":"output","Package":"github.com/ddworken/hishtory/backend/server","Test":"TestHealthcheck","Output":"--- PASS: TestHealthcheck (0.00s)\n"}
{"Time":"2023-09-09T11:11:41.296791-07:00","Action":"pass","Package":"github.com/ddworken/hishtory/backend/server","Test":"TestHealthcheck","Elapsed":0}
{"Time":"2023-09-09T11:11:41.296795-07:00","Action":"run","Package":"github.com/ddworken/hishtory/backend/server","Test":"TestLimitRegistrations"}
{"Time":"2023-09-09T11:11:41.296806-07:00","Action":"output","Package":"github.com/ddworken/hishtory/backend/server","Test":"TestLimitRegistrations","Output":"=== RUN   TestLimitRegistrations\n"}
{"Time":"2023-09-09T11:11:41.299164-07:00","Action":"output","Package":"github.com/ddworken/hishtory/backend/server","Test":"TestLimitRegistrations","Output":"apiRegisterHandler: existingDevicesCount=0\n"}
{"Time":"2023-09-09T11:11:41.299438-07:00","Action":"output","Package":"github.com/ddworken/hishtory/backend/server","Test":"TestLimitRegistrations","Output":"apiRegisterHandler: existingDevicesCount=1\n"}
{"Time":"2023-09-09T11:11:41.299703-07:00","Action":"output","Package":"github.com/ddworken/hishtory/backend/server","Test":"TestLimitRegistrations","Output":"apiRegisterHandler: existingDevicesCount=0\n"}
{"Time":"2023-09-09T11:11:41.299897-07:00","Action":"output","Package":"github.com/ddworken/hishtory/backend/server","Test":"TestLimitRegistrations","Output":"--- PASS: TestLimitRegistrations (0.00s)\n"}
{"Time":"2023-09-09T11:11:41.299907-07:00","Action":"pass","Package":"github.com/ddworken/hishtory/backend/server","Test":"TestLimitRegistrations","Elapsed":0}
{"Time":"2023-09-09T11:11:41.299913-07:00","Action":"run","Package":"github.com/ddworken/hishtory/backend/server","Test":"TestCleanDatabaseNoErrors"}
{"Time":"2023-09-09T11:11:41.299917-07:00","Action":"output","Package":"github.com/ddworken/hishtory/backend/server","Test":"TestCleanDatabaseNoErrors","Output":"=== RUN   TestCleanDatabaseNoErrors\n"}
{"Time":"2023-09-09T11:11:41.301861-07:00","Action":"output","Package":"github.com/ddworken/hishtory/backend/server","Test":"TestCleanDatabaseNoErrors","Output":"apiRegisterHandler: existingDevicesCount=0\n"}
{"Time":"2023-09-09T11:11:41.302127-07:00","Action":"output","Package":"github.com/ddworken/hishtory/backend/server","Test":"TestCleanDatabaseNoErrors","Output":"apiSubmitHandler: received request containg 1 EncHistoryEntry\n"}
{"Time":"2023-09-09T11:11:41.302381-07:00","Action":"output","Package":"github.com/ddworken/hishtory/backend/server","Test":"TestCleanDatabaseNoErrors","Output":"apiSubmitHandler: Found 1 devices\n"}
{"Time":"2023-09-09T11:11:41.302492-07:00","Action":"output","Package":"github.com/ddworken/hishtory/backend/server","Test":"TestCleanDatabaseNoErrors","Output":"--- PASS: TestCleanDatabaseNoErrors (0.00s)\n"}
{"Time":"2023-09-09T11:11:41.302502-07:00","Action":"pass","Package":"github.com/ddworken/hishtory/backend/server","Test":"TestCleanDatabaseNoErrors","Elapsed":0}
{"Time":"2023-09-09T11:11:41.302508-07:00","Action":"output","Package":"github.com/ddworken/hishtory/backend/server","Output":"PASS\n"}
{"Time":"2023-09-09T11:11:41.306881-07:00","Action":"output","Package":"github.com/ddworken/hishtory/backend/server","Output":"ok  \tgithub.com/ddworken/hishtory/backend/server\t4.656s\n"}
{"Time":"2023-09-09T11:11:41.311343-07:00","Action":"pass","Package":"github.com/ddworken/hishtory/backend/server","Elapsed":4.661}
{"Time":"2023-09-09T11:11:53.887598-07:00","Action":"run","Package":"github.com/ddworken/hishtory/client","Test":"TestParam"}
{"Time":"2023-09-09T11:11:53.887679-07:00","Action":"output","Package":"github.com/ddworken/hishtory/client","Test":"TestParam","Output":"=== RUN   TestParam\n"}
{"Time":"2023-09-09T11:11:53.887718-07:00","Action":"run","Package":"github.com/ddworken/hishtory/client","Test":"TestParam/testRepeatedCommandThenQuery/bash"}
{"Time":"2023-09-09T11:11:53.887736-07:00","Action":"output","Package":"github.com/ddworken/hishtory/client","Test":"TestParam/testRepeatedCommandThenQuery/bash","Output":"=== RUN   TestParam/testRepeatedCommandThenQuery/bash\n"}
{"Time":"2023-09-09T11:12:02.007692-07:00","Action":"run","Package":"github.com/ddworken/hishtory/client","Test":"TestParam/testRepeatedCommandAndQuery/bash"}
{"Time":"2023-09-09T11:12:02.007795-07:00","Action":"output","Package":"github.com/ddworken/hishtory/client","Test":"TestParam/testRepeatedCommandAndQuery/bash","Output":"=== RUN   TestParam/testRepeatedCommandAndQuery/bash\n"}
{"Time":"2023-09-09T11:12:10.879314-07:00","Action":"run","Package":"github.com/ddworken/hishtory/client","Test":"TestParam/testRepeatedEnableDisable/bash"}
{"Time":"2023-09-09T11:12:10.879329-07:00","Action":"output","Package":"github.com/ddworken/hishtory/client","Test":"TestParam/testRepeatedEnableDisable/bash","Output":"=== RUN   TestParam/testRepeatedEnableDisable/bash\n"}
{"Time":"2023-09-09T11:12:43.997448-07:00","Action":"run","Package":"github.com/ddworken/hishtory/client","Test":"TestParam/testExcludeHiddenCommand/bash"}
{"Time":"2023-09-09T11:12:43.99747-07:00","Action":"output","Package":"github.com/ddworken/hishtory/client","Test":"TestParam/testExcludeHiddenCommand/bash","Output":"=== RUN   TestParam/testExcludeHiddenCommand/bash\n"}
{"Time":"2023-09-09T11:12:45.413034-07:00","Action":"run","Package":"github.com/ddworken/hishtory/client","Test":"TestParam/testUpdate/bash"}
{"Time":"2023-09-09T11:12:45.413053-07:00","Action":"output","Package":"github.com/ddworken/hishtory/client","Test":"TestParam/testUpdate/bash","Output":"=== RUN   TestParam/testUpdate/bash\n"}
{"Time":"2023-09-09T11:12:53.220494-07:00","Action":"run","Package":"github.com/ddworken/hishtory/client","Test":"TestParam/testAdvancedQuery/bash"}
{"Time":"2023-09-09T11:12:53.220509-07:00","Action":"output","Package":"github.com/ddworken/hishtory/client","Test":"TestParam/testAdvancedQuery/bash","Output":"=== RUN   TestParam/testAdvancedQuery/bash\n"}
{"Time":"2023-09-09T11:12:58.279719-07:00","Action":"run","Package":"github.com/ddworken/hishtory/client","Test":"TestParam/testIntegration/bash"}
{"Time":"2023-09-09T11:12:58.279736-07:00","Action":"output","Package":"github.com/ddworken/hishtory/client","Test":"TestParam/testIntegration/bash","Output":"=== RUN   TestParam/testIntegration/bash\n"}
{"Time":"2023-09-09T11:13:00.861488-07:00","Action":"run","Package":"github.com/ddworken/hishtory/client","Test":"TestParam/testIntegration/offline/bash"}
{"Time":"2023-09-09T11:13:00.861504-07:00","Action":"output","Package":"github.com/ddworken/hishtory/client","Test":"TestParam/testIntegration/offline/bash","Output":"=== RUN   TestParam/testIntegration/offline/bash\n"}
{"Time":"2023-09-09T11:13:03.260516-07:00","Action":"run","Package":"github.com/ddworken/hishtory/client","Test":"TestParam/testIntegrationWithNewDevice/bash"}
{"Time":"2023-09-09T11:13:03.260532-07:00","Action":"output","Package":"github.com/ddworken/hishtory/client","Test":"TestParam/testIntegrationWithNewDevice/bash","Output":"=== RUN   TestParam/testIntegrationWithNewDevice/bash\n"}
{"Time":"2023-09-09T11:13:09.405914-07:00","Action":"run","Package":"github.com/ddworken/hishtory/client","Test":"TestParam/testHishtoryBackgroundSaving/bash"}
{"Time":"2023-09-09T11:13:09.40593-07:00","Action":"output","Package":"github.com/ddworken/hishtory/client","Test":"TestParam/testHishtoryBackgroundSaving/bash","Output":"=== RUN   TestParam/testHishtoryBackgroundSaving/bash\n"}
{"Time":"2023-09-09T11:13:09.40594-07:00","Action":"output","Package":"github.com/ddworken/hishtory/client","Test":"TestParam/testHishtoryBackgroundSaving/bash","Output":"    client_test.go:1008: skip testing background saving since it is flakey on MacOs\n"}
{"Time":"2023-09-09T11:13:09.405958-07:00","Action":"run","Package":"github.com/ddworken/hishtory/client","Test":"TestParam/testDisplayTable/bash"}
{"Time":"2023-09-09T11:13:09.40596-07:00","Action":"output","Package":"github.com/ddworken/hishtory/client","Test":"TestParam/testDisplayTable/bash","Output":"=== RUN   TestParam/testDisplayTable/bash\n"}
{"Time":"2023-09-09T11:13:12.636428-07:00","Action":"run","Package":"github.com/ddworken/hishtory/client","Test":"TestParam/testTableDisplayCwd/bash"}
{"Time":"2023-09-09T11:13:12.636443-07:00","Action":"output","Package":"github.com/ddworken/hishtory/client","Test":"TestParam/testTableDisplayCwd/bash","Output":"=== RUN   TestParam/testTableDisplayCwd/bash\n"}
{"Time":"2023-09-09T11:13:13.804903-07:00","Action":"run","Package":"github.com/ddworken/hishtory/client","Test":"TestParam/testTimestampsAreReasonablyCorrect/bash"}
{"Time":"2023-09-09T11:13:13.804929-07:00","Action":"output","Package":"github.com/ddworken/hishtory/client","Test":"TestParam/testTimestampsAreReasonablyCorrect/bash","Output":"=== RUN   TestParam/testTimestampsAreReasonablyCorrect/bash\n"}
{"Time":"2023-09-09T11:13:14.677343-07:00","Action":"run","Package":"github.com/ddworken/hishtory/client","Test":"TestParam/testRequestAndReceiveDbDump/bash"}
{"Time":"2023-09-09T11:13:14.677359-07:00","Action":"output","Package":"github.com/ddworken/hishtory/client","Test":"TestParam/testRequestAndReceiveDbDump/bash","Output":"=== RUN   TestParam/testRequestAndReceiveDbDump/bash\n"}
{"Time":"2023-09-09T11:13:17.839115-07:00","Action":"run","Package":"github.com/ddworken/hishtory/client","Test":"TestParam/testInstallViaPythonScript/bash"}
{"Time":"2023-09-09T11:13:17.839131-07:00","Action":"output","Package":"github.com/ddworken/hishtory/client","Test":"TestParam/testInstallViaPythonScript/bash","Output":"=== RUN   TestParam/testInstallViaPythonScript/bash\n"}
{"Time":"2023-09-09T11:13:22.575392-07:00","Action":"run","Package":"github.com/ddworken/hishtory/client","Test":"TestParam/testExportWithQuery/bash"}
{"Time":"2023-09-09T11:13:22.575407-07:00","Action":"output","Package":"github.com/ddworken/hishtory/client","Test":"TestParam/testExportWithQuery/bash","Output":"=== RUN   TestParam/testExportWithQuery/bash\n"}
{"Time":"2023-09-09T11:13:26.130539-07:00","Action":"run","Package":"github.com/ddworken/hishtory/client","Test":"TestParam/testHelpCommand/bash"}
{"Time":"2023-09-09T11:13:26.130573-07:00","Action":"output","Package":"github.com/ddworken/hishtory/client","Test":"TestParam/testHelpCommand/bash","Output":"=== RUN   TestParam/testHelpCommand/bash\n"}
{"Time":"2023-09-09T11:13:27.019442-07:00","Action":"run","Package":"github.com/ddworken/hishtory/client","Test":"TestParam/testReuploadHistoryEntries/bash"}
{"Time":"2023-09-09T11:13:27.019457-07:00","Action":"output","Package":"github.com/ddworken/hishtory/client","Test":"TestParam/testReuploadHistoryEntries/bash","Output":"=== RUN   TestParam/testReuploadHistoryEntries/bash\n"}
{"Time":"2023-09-09T11:13:29.989003-07:00","Action":"run","Package":"github.com/ddworken/hishtory/client","Test":"TestParam/testHishtoryOffline/bash"}
{"Time":"2023-09-09T11:13:29.989018-07:00","Action":"output","Package":"github.com/ddworken/hishtory/client","Test":"TestParam/testHishtoryOffline/bash","Output":"=== RUN   TestParam/testHishtoryOffline/bash\n"}
{"Time":"2023-09-09T11:13:32.940246-07:00","Action":"run","Package":"github.com/ddworken/hishtory/client","Test":"TestParam/testInitialHistoryImport/bash"}
{"Time":"2023-09-09T11:13:32.940272-07:00","Action":"output","Package":"github.com/ddworken/hishtory/client","Test":"TestParam/testInitialHistoryImport/bash","Output":"=== RUN   TestParam/testInitialHistoryImport/bash\n"}
{"Time":"2023-09-09T11:13:38.529661-07:00","Action":"run","Package":"github.com/ddworken/hishtory/client","Test":"TestParam/testLocalRedaction/bash"}
{"Time":"2023-09-09T11:13:38.529683-07:00","Action":"output","Package":"github.com/ddworken/hishtory/client","Test":"TestParam/testLocalRedaction/bash","Output":"=== RUN   TestParam/testLocalRedaction/bash\n"}
{"Time":"2023-09-09T11:13:40.792167-07:00","Action":"run","Package":"github.com/ddworken/hishtory/client","Test":"TestParam/testLocalRedaction/offline/bash"}
{"Time":"2023-09-09T11:13:40.792191-07:00","Action":"output","Package":"github.com/ddworken/hishtory/client","Test":"TestParam/testLocalRedaction/offline/bash","Output":"=== RUN   TestParam/testLocalRedaction/offline/bash\n"}
{"Time":"2023-09-09T11:13:42.999088-07:00","Action":"run","Package":"github.com/ddworken/hishtory/client","Test":"TestParam/testRemoteRedaction/bash"}
{"Time":"2023-09-09T11:13:42.999104-07:00","Action":"output","Package":"github.com/ddworken/hishtory/client","Test":"TestParam/testRemoteRedaction/bash","Output":"=== RUN   TestParam/testRemoteRedaction/bash\n"}
{"Time":"2023-09-09T11:13:46.148801-07:00","Action":"run","Package":"github.com/ddworken/hishtory/client","Test":"TestParam/testMultipleUsers/bash"}
{"Time":"2023-09-09T11:13:46.148818-07:00","Action":"output","Package":"github.com/ddworken/hishtory/client","Test":"TestParam/testMultipleUsers/bash","Output":"=== RUN   TestParam/testMultipleUsers/bash\n"}
{"Time":"2023-09-09T11:13:54.673082-07:00","Action":"run","Package":"github.com/ddworken/hishtory/client","Test":"TestParam/testConfigGetSet/bash"}
{"Time":"2023-09-09T11:13:54.673118-07:00","Action":"output","Package":"github.com/ddworken/hishtory/client","Test":"TestParam/testConfigGetSet/bash","Output":"=== RUN   TestParam/testConfigGetSet/bash\n"}
{"Time":"2023-09-09T11:13:57.52342-07:00","Action":"run","Package":"github.com/ddworken/hishtory/client","Test":"TestParam/testHandleUpgradedFeatures/bash"}
{"Time":"2023-09-09T11:13:57.523435-07:00","Action":"output","Package":"github.com/ddworken/hishtory/client","Test":"TestParam/testHandleUpgradedFeatures/bash","Output":"=== RUN   TestParam/testHandleUpgradedFeatures/bash\n"}
{"Time":"2023-09-09T11:13:59.759538-07:00","Action":"run","Package":"github.com/ddworken/hishtory/client","Test":"TestParam/testCustomColumns/bash"}
{"Time":"2023-09-09T11:13:59.759555-07:00","Action":"output","Package":"github.com/ddworken/hishtory/client","Test":"TestParam/testCustomColumns/bash","Output":"=== RUN   TestParam/testCustomColumns/bash\n"}
{"Time":"2023-09-09T11:14:06.334641-07:00","Action":"run","Package":"github.com/ddworken/hishtory/client","Test":"TestParam/testUninstall/bash"}
{"Time":"2023-09-09T11:14:06.334925-07:00","Action":"output","Package":"github.com/ddworken/hishtory/client","Test":"TestParam/testUninstall/bash","Output":"=== RUN   TestParam/testUninstall/bash\n"}
{"Time":"2023-09-09T11:14:11.868314-07:00","Action":"run","Package":"github.com/ddworken/hishtory/client","Test":"TestParam/testControlR/bash/1"}
{"Time":"2023-09-09T11:14:11.868557-07:00","Action":"output","Package":"github.com/ddworken/hishtory/client","Test":"TestParam/testControlR/bash/1","Output":"=== RUN   TestParam/testControlR/bash/1\n"}
{"Time":"2023-09-09T11:14:17.147294-07:00","Action":"run","Package":"github.com/ddworken/hishtory/client","Test":"TestParam/testControlR/bash/2"}
{"Time":"2023-09-09T11:14:17.147344-07:00","Action":"output","Package":"github.com/ddworken/hishtory/client","Test":"TestParam/testControlR/bash/2","Output":"=== RUN   TestParam/testControlR/bash/2\n"}
{"Time":"2023-09-09T11:14:22.450547-07:00","Action":"run","Package":"github.com/ddworken/hishtory/client","Test":"TestParam/testControlR/bash/3"}
{"Time":"2023-09-09T11:14:22.450564-07:00","Action":"output","Package":"github.com/ddworken/hishtory/client","Test":"TestParam/testControlR/bash/3","Output":"=== RUN   TestParam/testControlR/bash/3\n"}
{"Time":"2023-09-09T11:14:27.717515-07:00","Action":"output","Package":"github.com/ddworken/hishtory/client","Test":"TestParam/testControlR/bash/3","Output":"    testutils.go:366: hishtory golden mismatch for testControlR-Initial at /Users/david/code/hishtory/client/client_test.go:2139 (-expected +got):\n"}
{"Time":"2023-09-09T11:14:27.717577-07:00","Action":"output","Package":"github.com/ddworken/hishtory/client","Test":"TestParam/testControlR/bash/3","Output":"          string(\n"}
{"Time":"2023-09-09T11:14:27.717598-07:00","Action":"output","Package":"github.com/ddworken/hishtory/client","Test":"TestParam/testControlR/bash/3","Output":"        - \t\"Search Query: \u003e ls\\n\\n┌─────────────────────────────────────────────────────────────────────────────\\xe2\\x94\"...,\n"}
{"Time":"2023-09-09T11:14:27.717617-07:00","Action":"output","Package":"github.com/ddworken/hishtory/client","Test":"TestParam/testControlR/bash/3","Output":"        + \t\"\",\n"}
{"Time":"2023-09-09T11:14:27.717619-07:00","Action":"output","Package":"github.com/ddworken/hishtory/client","Test":"TestParam/testControlR/bash/3","Output":"          )\n"}
{"Time":"2023-09-09T11:14:27.71764-07:00","Action":"output","Package":"github.com/ddworken/hishtory/client","Test":"TestParam/testControlR/bash/3","Output":"        \n"}
{"Time":"2023-09-09T11:14:27.717642-07:00","Action":"output","Package":"github.com/ddworken/hishtory/client","Test":"TestParam/testControlR/bash/3","Output":"        actual=\n"}
{"Time":"2023-09-09T11:14:27.727582-07:00","Action":"run","Package":"github.com/ddworken/hishtory/client","Test":"TestParam/testRepeatedCommandThenQuery/zsh"}
{"Time":"2023-09-09T11:14:27.727601-07:00","Action":"output","Package":"github.com/ddworken/hishtory/client","Test":"TestParam/testRepeatedCommandThenQuery/zsh","Output":"=== RUN   TestParam/testRepeatedCommandThenQuery/zsh\n"}
{"Time":"2023-09-09T11:14:33.964886-07:00","Action":"run","Package":"github.com/ddworken/hishtory/client","Test":"TestParam/testRepeatedCommandAndQuery/zsh"}
{"Time":"2023-09-09T11:14:33.964901-07:00","Action":"output","Package":"github.com/ddworken/hishtory/client","Test":"TestParam/testRepeatedCommandAndQuery/zsh","Output":"=== RUN   TestParam/testRepeatedCommandAndQuery/zsh\n"}
{"Time":"2023-09-09T11:14:44.503983-07:00","Action":"run","Package":"github.com/ddworken/hishtory/client","Test":"TestParam/testRepeatedEnableDisable/zsh"}
{"Time":"2023-09-09T11:14:44.504001-07:00","Action":"output","Package":"github.com/ddworken/hishtory/client","Test":"TestParam/testRepeatedEnableDisable/zsh","Output":"=== RUN   TestParam/testRepeatedEnableDisable/zsh\n"}
{"Time":"2023-09-09T11:15:19.977377-07:00","Action":"run","Package":"github.com/ddworken/hishtory/client","Test":"TestParam/testExcludeHiddenCommand/zsh"}
{"Time":"2023-09-09T11:15:19.977392-07:00","Action":"output","Package":"github.com/ddworken/hishtory/client","Test":"TestParam/testExcludeHiddenCommand/zsh","Output":"=== RUN   TestParam/testExcludeHiddenCommand/zsh\n"}
{"Time":"2023-09-09T11:15:21.607473-07:00","Action":"run","Package":"github.com/ddworken/hishtory/client","Test":"TestParam/testUpdate/zsh"}
{"Time":"2023-09-09T11:15:21.607519-07:00","Action":"output","Package":"github.com/ddworken/hishtory/client","Test":"TestParam/testUpdate/zsh","Output":"=== RUN   TestParam/testUpdate/zsh\n"}
{"Time":"2023-09-09T11:15:30.644306-07:00","Action":"run","Package":"github.com/ddworken/hishtory/client","Test":"TestParam/testAdvancedQuery/zsh"}
{"Time":"2023-09-09T11:15:30.644322-07:00","Action":"output","Package":"github.com/ddworken/hishtory/client","Test":"TestParam/testAdvancedQuery/zsh","Output":"=== RUN   TestParam/testAdvancedQuery/zsh\n"}
{"Time":"2023-09-09T11:15:36.95038-07:00","Action":"run","Package":"github.com/ddworken/hishtory/client","Test":"TestParam/testIntegration/zsh"}
{"Time":"2023-09-09T11:15:36.950404-07:00","Action":"output","Package":"github.com/ddworken/hishtory/client","Test":"TestParam/testIntegration/zsh","Output":"=== RUN   TestParam/testIntegration/zsh\n"}
{"Time":"2023-09-09T11:15:39.937402-07:00","Action":"run","Package":"github.com/ddworken/hishtory/client","Test":"TestParam/testIntegration/offline/zsh"}
{"Time":"2023-09-09T11:15:39.937418-07:00","Action":"output","Package":"github.com/ddworken/hishtory/client","Test":"TestParam/testIntegration/offline/zsh","Output":"=== RUN   TestParam/testIntegration/offline/zsh\n"}
{"Time":"2023-09-09T11:15:42.602193-07:00","Action":"run","Package":"github.com/ddworken/hishtory/client","Test":"TestParam/testIntegrationWithNewDevice/zsh"}
{"Time":"2023-09-09T11:15:42.602208-07:00","Action":"output","Package":"github.com/ddworken/hishtory/client","Test":"TestParam/testIntegrationWithNewDevice/zsh","Output":"=== RUN   TestParam/testIntegrationWithNewDevice/zsh\n"}
{"Time":"2023-09-09T11:15:49.727664-07:00","Action":"run","Package":"github.com/ddworken/hishtory/client","Test":"TestParam/testHishtoryBackgroundSaving/zsh"}
{"Time":"2023-09-09T11:15:49.727679-07:00","Action":"output","Package":"github.com/ddworken/hishtory/client","Test":"TestParam/testHishtoryBackgroundSaving/zsh","Output":"=== RUN   TestParam/testHishtoryBackgroundSaving/zsh\n"}
{"Time":"2023-09-09T11:15:49.727683-07:00","Action":"output","Package":"github.com/ddworken/hishtory/client","Test":"TestParam/testHishtoryBackgroundSaving/zsh","Output":"    client_test.go:1008: skip testing background saving since it is flakey on MacOs\n"}
{"Time":"2023-09-09T11:15:49.727686-07:00","Action":"run","Package":"github.com/ddworken/hishtory/client","Test":"TestParam/testDisplayTable/zsh"}
{"Time":"2023-09-09T11:15:49.727688-07:00","Action":"output","Package":"github.com/ddworken/hishtory/client","Test":"TestParam/testDisplayTable/zsh","Output":"=== RUN   TestParam/testDisplayTable/zsh\n"}
{"Time":"2023-09-09T11:15:53.705014-07:00","Action":"run","Package":"github.com/ddworken/hishtory/client","Test":"TestParam/testTableDisplayCwd/zsh"}
{"Time":"2023-09-09T11:15:53.705055-07:00","Action":"output","Package":"github.com/ddworken/hishtory/client","Test":"TestParam/testTableDisplayCwd/zsh","Output":"=== RUN   TestParam/testTableDisplayCwd/zsh\n"}
{"Time":"2023-09-09T11:15:55.042564-07:00","Action":"run","Package":"github.com/ddworken/hishtory/client","Test":"TestParam/testTimestampsAreReasonablyCorrect/zsh"}
{"Time":"2023-09-09T11:15:55.04258-07:00","Action":"output","Package":"github.com/ddworken/hishtory/client","Test":"TestParam/testTimestampsAreReasonablyCorrect/zsh","Output":"=== RUN   TestParam/testTimestampsAreReasonablyCorrect/zsh\n"}
{"Time":"2023-09-09T11:15:56.023576-07:00","Action":"run","Package":"github.com/ddworken/hishtory/client","Test":"TestParam/testRequestAndReceiveDbDump/zsh"}
{"Time":"2023-09-09T11:15:56.023592-07:00","Action":"output","Package":"github.com/ddworken/hishtory/client","Test":"TestParam/testRequestAndReceiveDbDump/zsh","Output":"=== RUN   TestParam/testRequestAndReceiveDbDump/zsh\n"}
{"Time":"2023-09-09T11:15:59.53141-07:00","Action":"run","Package":"github.com/ddworken/hishtory/client","Test":"TestParam/testInstallViaPythonScript/zsh"}
{"Time":"2023-09-09T11:15:59.531428-07:00","Action":"output","Package":"github.com/ddworken/hishtory/client","Test":"TestParam/testInstallViaPythonScript/zsh","Output":"=== RUN   TestParam/testInstallViaPythonScript/zsh\n"}
{"Time":"2023-09-09T11:16:04.020676-07:00","Action":"run","Package":"github.com/ddworken/hishtory/client","Test":"TestParam/testExportWithQuery/zsh"}
{"Time":"2023-09-09T11:16:04.020696-07:00","Action":"output","Package":"github.com/ddworken/hishtory/client","Test":"TestParam/testExportWithQuery/zsh","Output":"=== RUN   TestParam/testExportWithQuery/zsh\n"}
{"Time":"2023-09-09T11:16:07.746137-07:00","Action":"run","Package":"github.com/ddworken/hishtory/client","Test":"TestParam/testHelpCommand/zsh"}
{"Time":"2023-09-09T11:16:07.746156-07:00","Action":"output","Package":"github.com/ddworken/hishtory/client","Test":"TestParam/testHelpCommand/zsh","Output":"=== RUN   TestParam/testHelpCommand/zsh\n"}
{"Time":"2023-09-09T11:16:08.747174-07:00","Action":"run","Package":"github.com/ddworken/hishtory/client","Test":"TestParam/testReuploadHistoryEntries/zsh"}
{"Time":"2023-09-09T11:16:08.747193-07:00","Action":"output","Package":"github.com/ddworken/hishtory/client","Test":"TestParam/testReuploadHistoryEntries/zsh","Output":"=== RUN   TestParam/testReuploadHistoryEntries/zsh\n"}
{"Time":"2023-09-09T11:16:12.054221-07:00","Action":"run","Package":"github.com/ddworken/hishtory/client","Test":"TestParam/testHishtoryOffline/zsh"}
{"Time":"2023-09-09T11:16:12.054276-07:00","Action":"output","Package":"github.com/ddworken/hishtory/client","Test":"TestParam/testHishtoryOffline/zsh","Output":"=== RUN   TestParam/testHishtoryOffline/zsh\n"}
{"Time":"2023-09-09T11:16:16.120556-07:00","Action":"run","Package":"github.com/ddworken/hishtory/client","Test":"TestParam/testInitialHistoryImport/zsh"}
{"Time":"2023-09-09T11:16:16.120781-07:00","Action":"output","Package":"github.com/ddworken/hishtory/client","Test":"TestParam/testInitialHistoryImport/zsh","Output":"=== RUN   TestParam/testInitialHistoryImport/zsh\n"}
{"Time":"2023-09-09T11:16:22.069011-07:00","Action":"run","Package":"github.com/ddworken/hishtory/client","Test":"TestParam/testLocalRedaction/zsh"}
{"Time":"2023-09-09T11:16:22.069119-07:00","Action":"output","Package":"github.com/ddworken/hishtory/client","Test":"TestParam/testLocalRedaction/zsh","Output":"=== RUN   TestParam/testLocalRedaction/zsh\n"}
{"Time":"2023-09-09T11:16:24.786548-07:00","Action":"run","Package":"github.com/ddworken/hishtory/client","Test":"TestParam/testLocalRedaction/offline/zsh"}
{"Time":"2023-09-09T11:16:24.786563-07:00","Action":"output","Package":"github.com/ddworken/hishtory/client","Test":"TestParam/testLocalRedaction/offline/zsh","Output":"=== RUN   TestParam/testLocalRedaction/offline/zsh\n"}
{"Time":"2023-09-09T11:16:27.391018-07:00","Action":"run","Package":"github.com/ddworken/hishtory/client","Test":"TestParam/testRemoteRedaction/zsh"}
{"Time":"2023-09-09T11:16:27.39104-07:00","Action":"output","Package":"github.com/ddworken/hishtory/client","Test":"TestParam/testRemoteRedaction/zsh","Output":"=== RUN   TestParam/testRemoteRedaction/zsh\n"}
{"Time":"2023-09-09T11:16:30.83496-07:00","Action":"run","Package":"github.com/ddworken/hishtory/client","Test":"TestParam/testMultipleUsers/zsh"}
{"Time":"2023-09-09T11:16:30.834982-07:00","Action":"output","Package":"github.com/ddworken/hishtory/client","Test":"TestParam/testMultipleUsers/zsh","Output":"=== RUN   TestParam/testMultipleUsers/zsh\n"}
{"Time":"2023-09-09T11:16:40.330631-07:00","Action":"run","Package":"github.com/ddworken/hishtory/client","Test":"TestParam/testConfigGetSet/zsh"}
{"Time":"2023-09-09T11:16:40.33065-07:00","Action":"output","Package":"github.com/ddworken/hishtory/client","Test":"TestParam/testConfigGetSet/zsh","Output":"=== RUN   TestParam/testConfigGetSet/zsh\n"}
{"Time":"2023-09-09T11:16:43.690304-07:00","Action":"run","Package":"github.com/ddworken/hishtory/client","Test":"TestParam/testHandleUpgradedFeatures/zsh"}
{"Time":"2023-09-09T11:16:43.690352-07:00","Action":"output","Package":"github.com/ddworken/hishtory/client","Test":"TestParam/testHandleUpgradedFeatures/zsh","Output":"=== RUN   TestParam/testHandleUpgradedFeatures/zsh\n"}
{"Time":"2023-09-09T11:16:46.17507-07:00","Action":"run","Package":"github.com/ddworken/hishtory/client","Test":"TestParam/testCustomColumns/zsh"}
{"Time":"2023-09-09T11:16:46.175086-07:00","Action":"output","Package":"github.com/ddworken/hishtory/client","Test":"TestParam/testCustomColumns/zsh","Output":"=== RUN   TestParam/testCustomColumns/zsh\n"}
{"Time":"2023-09-09T11:16:52.7728-07:00","Action":"output","Package":"github.com/ddworken/hishtory/client","Test":"TestParam/testCustomColumns/zsh","Output":"    testutils.go:366: hishtory golden mismatch for testCustomColumns-tquery-zsh at /Users/david/code/hishtory/client/client_test.go:2337 (-expected +got):\n"}
{"Time":"2023-09-09T11:16:52.772828-07:00","Action":"output","Package":"github.com/ddworken/hishtory/client","Test":"TestParam/testCustomColumns/zsh","Output":"          strings.Join({\n"}
{"Time":"2023-09-09T11:16:52.772852-07:00","Action":"output","Package":"github.com/ddworken/hishtory/client","Test":"TestParam/testCustomColumns/zsh","Output":"          \t... // 524 identical bytes\n"}
{"Time":"2023-09-09T11:16:52.772855-07:00","Action":"output","Package":"github.com/ddworken/hishtory/client","Test":"TestParam/testCustomColumns/zsh","Output":"          \t\"─────────────────────\\xe2\",\n"}
{"Time":"2023-09-09T11:16:52.772869-07:00","Action":"output","Package":"github.com/ddworken/hishtory/client","Test":"TestParam/testCustomColumns/zsh","Output":"          \t\"\\x94\\x80────────────────────\\xe2\\x94\",\n"}
{"Time":"2023-09-09T11:16:52.772878-07:00","Action":"output","Package":"github.com/ddworken/hishtory/client","Test":"TestParam/testCustomColumns/zsh","Output":"        + \t\"\\x80\\xe2\\x94\",\n"}
{"Time":"2023-09-09T11:16:52.77288-07:00","Action":"output","Package":"github.com/ddworken/hishtory/client","Test":"TestParam/testCustomColumns/zsh","Output":"          \t\"\\x90\\n│ Exit Code  git_remote                            Command  \",\n"}
{"Time":"2023-09-09T11:16:52.772881-07:00","Action":"output","Package":"github.com/ddworken/hishtory/client","Test":"TestParam/testCustomColumns/zsh","Output":"          \t\"                                                                \",\n"}
{"Time":"2023-09-09T11:16:52.772883-07:00","Action":"output","Package":"github.com/ddworken/hishtory/client","Test":"TestParam/testCustomColumns/zsh","Output":"          \t\"                                                              \",\n"}
{"Time":"2023-09-09T11:16:52.772885-07:00","Action":"output","Package":"github.com/ddworken/hishtory/client","Test":"TestParam/testCustomColumns/zsh","Output":"        + \t\" \",\n"}
{"Time":"2023-09-09T11:16:52.772886-07:00","Action":"output","Package":"github.com/ddworken/hishtory/client","Test":"TestParam/testCustomColumns/zsh","Output":"          \t\"│\\n│───────────────────\",\n"}
{"Time":"2023-09-09T11:16:52.772889-07:00","Action":"output","Package":"github.com/ddworken/hishtory/client","Test":"TestParam/testCustomColumns/zsh","Output":"          \t\"─────────────────────\\xe2\",\n"}
{"Time":"2023-09-09T11:16:52.772891-07:00","Action":"output","Package":"github.com/ddworken/hishtory/client","Test":"TestParam/testCustomColumns/zsh","Output":"          \t... // 308 identical bytes\n"}
{"Time":"2023-09-09T11:16:52.772892-07:00","Action":"output","Package":"github.com/ddworken/hishtory/client","Test":"TestParam/testCustomColumns/zsh","Output":"          \t\"─────────────────────\\xe2\",\n"}
{"Time":"2023-09-09T11:16:52.772894-07:00","Action":"output","Package":"github.com/ddworken/hishtory/client","Test":"TestParam/testCustomColumns/zsh","Output":"          \t\"\\x94\\x80────────────────────\\xe2\\x94\",\n"}
{"Time":"2023-09-09T11:16:52.772895-07:00","Action":"output","Package":"github.com/ddworken/hishtory/client","Test":"TestParam/testCustomColumns/zsh","Output":"        + \t\"\\x80\\xe2\\x94\",\n"}
{"Time":"2023-09-09T11:16:52.772906-07:00","Action":"output","Package":"github.com/ddworken/hishtory/client","Test":"TestParam/testCustomColumns/zsh","Output":"          \t\"\\x82\\n│ 0          git@github.com:ddworken/hishtory.git  hishtory \",\n"}
{"Time":"2023-09-09T11:16:52.772913-07:00","Action":"output","Package":"github.com/ddworken/hishtory/client","Test":"TestParam/testCustomColumns/zsh","Output":"          \t\"config-set displayed-columns 'Exit Code' git_remote Command     \",\n"}
{"Time":"2023-09-09T11:16:52.772915-07:00","Action":"output","Package":"github.com/ddworken/hishtory/client","Test":"TestParam/testCustomColumns/zsh","Output":"          \t\"                                                              \",\n"}
{"Time":"2023-09-09T11:16:52.772917-07:00","Action":"output","Package":"github.com/ddworken/hishtory/client","Test":"TestParam/testCustomColumns/zsh","Output":"        + \t\" \",\n"}
{"Time":"2023-09-09T11:16:52.772919-07:00","Action":"output","Package":"github.com/ddworken/hishtory/client","Test":"TestParam/testCustomColumns/zsh","Output":"          \t\"│\\n│ 0                                                echo ba\",\n"}
{"Time":"2023-09-09T11:16:52.772921-07:00","Action":"output","Package":"github.com/ddworken/hishtory/client","Test":"TestParam/testCustomColumns/zsh","Output":"          \t\"r                                                               \",\n"}
{"Time":"2023-09-09T11:16:52.772931-07:00","Action":"output","Package":"github.com/ddworken/hishtory/client","Test":"TestParam/testCustomColumns/zsh","Output":"          \t\"                                                                \",\n"}
{"Time":"2023-09-09T11:16:52.772943-07:00","Action":"output","Package":"github.com/ddworken/hishtory/client","Test":"TestParam/testCustomColumns/zsh","Output":"        + \t\" \",\n"}
{"Time":"2023-09-09T11:16:52.772964-07:00","Action":"output","Package":"github.com/ddworken/hishtory/client","Test":"TestParam/testCustomColumns/zsh","Output":"          \t\"│\\n│ 0                                                cd /   \",\n"}
{"Time":"2023-09-09T11:16:52.772969-07:00","Action":"output","Package":"github.com/ddworken/hishtory/client","Test":"TestParam/testCustomColumns/zsh","Output":"          \t\"                                                                \",\n"}
{"Time":"2023-09-09T11:16:52.772975-07:00","Action":"output","Package":"github.com/ddworken/hishtory/client","Test":"TestParam/testCustomColumns/zsh","Output":"          \t\"                                                                \",\n"}
{"Time":"2023-09-09T11:16:52.772977-07:00","Action":"output","Package":"github.com/ddworken/hishtory/client","Test":"TestParam/testCustomColumns/zsh","Output":"        + \t\" \",\n"}
{"Time":"2023-09-09T11:16:52.772979-07:00","Action":"output","Package":"github.com/ddworken/hishtory/client","Test":"TestParam/testCustomColumns/zsh","Output":"          \t\"│\\n│ 0          git@github.com:ddworken/hishtory.git  echo fo\",\n"}
{"Time":"2023-09-09T11:16:52.772981-07:00","Action":"output","Package":"github.com/ddworken/hishtory/client","Test":"TestParam/testCustomColumns/zsh","Output":"          \t\"o                                                               \",\n"}
{"Time":"2023-09-09T11:16:52.772983-07:00","Action":"output","Package":"github.com/ddworken/hishtory/client","Test":"TestParam/testCustomColumns/zsh","Output":"          \t\"                                                                \",\n"}
{"Time":"2023-09-09T11:16:52.772984-07:00","Action":"output","Package":"github.com/ddworken/hishtory/client","Test":"TestParam/testCustomColumns/zsh","Output":"        + \t\" \",\n"}
{"Time":"2023-09-09T11:16:52.772986-07:00","Action":"output","Package":"github.com/ddworken/hishtory/client","Test":"TestParam/testCustomColumns/zsh","Output":"          \t\"│\\n│ 0          git@github.com:ddworken/hishtory.git  hishtor\",\n"}
{"Time":"2023-09-09T11:16:52.772987-07:00","Action":"output","Package":"github.com/ddworken/hishtory/client","Test":"TestParam/testCustomColumns/zsh","Output":"          \t\"y config-add custom-columns git_remote '(git remote -v 2\u003e/dev/nu\",\n"}
{"Time":"2023-09-09T11:16:52.77299-07:00","Action":"output","Package":"github.com/ddworken/hishtory/client","Test":"TestParam/testCustomColumns/zsh","Output":"          \t... // 131 identical bytes\n"}
{"Time":"2023-09-09T11:16:52.772991-07:00","Action":"output","Package":"github.com/ddworken/hishtory/client","Test":"TestParam/testCustomColumns/zsh","Output":"          \t\"z                                                               \",\n"}
{"Time":"2023-09-09T11:16:52.772993-07:00","Action":"output","Package":"github.com/ddworken/hishtory/client","Test":"TestParam/testCustomColumns/zsh","Output":"          \t\"                                                                \",\n"}
{"Time":"2023-09-09T11:16:52.773026-07:00","Action":"output","Package":"github.com/ddworken/hishtory/client","Test":"TestParam/testCustomColumns/zsh","Output":"        + \t\" \",\n"}
{"Time":"2023-09-09T11:16:52.773028-07:00","Action":"output","Package":"github.com/ddworken/hishtory/client","Test":"TestParam/testCustomColumns/zsh","Output":"          \t\"│\\n│ 0                                                cd /   \",\n"}
{"Time":"2023-09-09T11:16:52.773032-07:00","Action":"output","Package":"github.com/ddworken/hishtory/client","Test":"TestParam/testCustomColumns/zsh","Output":"          \t\"                                                                \",\n"}
{"Time":"2023-09-09T11:16:52.773041-07:00","Action":"output","Package":"github.com/ddworken/hishtory/client","Test":"TestParam/testCustomColumns/zsh","Output":"          \t\"                                                                \",\n"}
{"Time":"2023-09-09T11:16:52.773043-07:00","Action":"output","Package":"github.com/ddworken/hishtory/client","Test":"TestParam/testCustomColumns/zsh","Output":"        + \t\" \",\n"}
{"Time":"2023-09-09T11:16:52.773046-07:00","Action":"output","Package":"github.com/ddworken/hishtory/client","Test":"TestParam/testCustomColumns/zsh","Output":"          \t\"│\\n│ 0                                                echo $F\",\n"}
{"Time":"2023-09-09T11:16:52.773048-07:00","Action":"output","Package":"github.com/ddworken/hishtory/client","Test":"TestParam/testCustomColumns/zsh","Output":"          \t\"OOBAR world                                                     \",\n"}
{"Time":"2023-09-09T11:16:52.773055-07:00","Action":"output","Package":"github.com/ddworken/hishtory/client","Test":"TestParam/testCustomColumns/zsh","Output":"          \t\"                                                                \",\n"}
{"Time":"2023-09-09T11:16:52.773062-07:00","Action":"output","Package":"github.com/ddworken/hishtory/client","Test":"TestParam/testCustomColumns/zsh","Output":"        + \t\" \",\n"}
{"Time":"2023-09-09T11:16:52.773067-07:00","Action":"output","Package":"github.com/ddworken/hishtory/client","Test":"TestParam/testCustomColumns/zsh","Output":"          \t\"│\\n│ 0                                                export \",\n"}
{"Time":"2023-09-09T11:16:52.773078-07:00","Action":"output","Package":"github.com/ddworken/hishtory/client","Test":"TestParam/testCustomColumns/zsh","Output":"          \t\"FOOBAR='hello'\",\n"}
{"Time":"2023-09-09T11:16:52.773082-07:00","Action":"output","Package":"github.com/ddworken/hishtory/client","Test":"TestParam/testCustomColumns/zsh","Output":"        + \t\" \",\n"}
{"Time":"2023-09-09T11:16:52.773083-07:00","Action":"output","Package":"github.com/ddworken/hishtory/client","Test":"TestParam/testCustomColumns/zsh","Output":"          \t\"                                                                \",\n"}
{"Time":"2023-09-09T11:16:52.773085-07:00","Action":"output","Package":"github.com/ddworken/hishtory/client","Test":"TestParam/testCustomColumns/zsh","Output":"          \t\"                                                  │\\n│\",\n"}
{"Time":"2023-09-09T11:16:52.773087-07:00","Action":"output","Package":"github.com/ddworken/hishtory/client","Test":"TestParam/testCustomColumns/zsh","Output":"        + \t\" \",\n"}
{"Time":"2023-09-09T11:16:52.77309-07:00","Action":"output","Package":"github.com/ddworken/hishtory/client","Test":"TestParam/testCustomColumns/zsh","Output":"          \t\"                                                                \",\n"}
{"Time":"2023-09-09T11:16:52.773091-07:00","Action":"output","Package":"github.com/ddworken/hishtory/client","Test":"TestParam/testCustomColumns/zsh","Output":"          \t\"                                                                \",\n"}
{"Time":"2023-09-09T11:16:52.773093-07:00","Action":"output","Package":"github.com/ddworken/hishtory/client","Test":"TestParam/testCustomColumns/zsh","Output":"          \t\"                                                         │\\n│\",\n"}
{"Time":"2023-09-09T11:16:52.773094-07:00","Action":"output","Package":"github.com/ddworken/hishtory/client","Test":"TestParam/testCustomColumns/zsh","Output":"        + \t\" \",\n"}
{"Time":"2023-09-09T11:16:52.773104-07:00","Action":"output","Package":"github.com/ddworken/hishtory/client","Test":"TestParam/testCustomColumns/zsh","Output":"          \t\"                                                                \",\n"}
{"Time":"2023-09-09T11:16:52.773111-07:00","Action":"output","Package":"github.com/ddworken/hishtory/client","Test":"TestParam/testCustomColumns/zsh","Output":"          \t\"                                                                \",\n"}
{"Time":"2023-09-09T11:16:52.773112-07:00","Action":"output","Package":"github.com/ddworken/hishtory/client","Test":"TestParam/testCustomColumns/zsh","Output":"          \t\"                                                         │\\n│\",\n"}
{"Time":"2023-09-09T11:16:52.773116-07:00","Action":"output","Package":"github.com/ddworken/hishtory/client","Test":"TestParam/testCustomColumns/zsh","Output":"        + \t\" \",\n"}
{"Time":"2023-09-09T11:16:52.773118-07:00","Action":"output","Package":"github.com/ddworken/hishtory/client","Test":"TestParam/testCustomColumns/zsh","Output":"          \t\"                                                                \",\n"}
{"Time":"2023-09-09T11:16:52.773126-07:00","Action":"output","Package":"github.com/ddworken/hishtory/client","Test":"TestParam/testCustomColumns/zsh","Output":"          \t\"                                                                \",\n"}
{"Time":"2023-09-09T11:16:52.773128-07:00","Action":"output","Package":"github.com/ddworken/hishtory/client","Test":"TestParam/testCustomColumns/zsh","Output":"          \t\"                                                         │\\n│\",\n"}
{"Time":"2023-09-09T11:16:52.773132-07:00","Action":"output","Package":"github.com/ddworken/hishtory/client","Test":"TestParam/testCustomColumns/zsh","Output":"        + \t\" \",\n"}
{"Time":"2023-09-09T11:16:52.773134-07:00","Action":"output","Package":"github.com/ddworken/hishtory/client","Test":"TestParam/testCustomColumns/zsh","Output":"          \t\"                                                                \",\n"}
{"Time":"2023-09-09T11:16:52.773135-07:00","Action":"output","Package":"github.com/ddworken/hishtory/client","Test":"TestParam/testCustomColumns/zsh","Output":"          \t\"                                                                \",\n"}
{"Time":"2023-09-09T11:16:52.77314-07:00","Action":"output","Package":"github.com/ddworken/hishtory/client","Test":"TestParam/testCustomColumns/zsh","Output":"          \t\"                                                         │\\n│\",\n"}
{"Time":"2023-09-09T11:16:52.773141-07:00","Action":"output","Package":"github.com/ddworken/hishtory/client","Test":"TestParam/testCustomColumns/zsh","Output":"        + \t\" \",\n"}
{"Time":"2023-09-09T11:16:52.773143-07:00","Action":"output","Package":"github.com/ddworken/hishtory/client","Test":"TestParam/testCustomColumns/zsh","Output":"          \t\"                                                                \",\n"}
{"Time":"2023-09-09T11:16:52.773147-07:00","Action":"output","Package":"github.com/ddworken/hishtory/client","Test":"TestParam/testCustomColumns/zsh","Output":"          \t\"                                                                \",\n"}
{"Time":"2023-09-09T11:16:52.773166-07:00","Action":"output","Package":"github.com/ddworken/hishtory/client","Test":"TestParam/testCustomColumns/zsh","Output":"          \t\"                                                         │\\n│\",\n"}
{"Time":"2023-09-09T11:16:52.773167-07:00","Action":"output","Package":"github.com/ddworken/hishtory/client","Test":"TestParam/testCustomColumns/zsh","Output":"        + \t\" \",\n"}
{"Time":"2023-09-09T11:16:52.773169-07:00","Action":"output","Package":"github.com/ddworken/hishtory/client","Test":"TestParam/testCustomColumns/zsh","Output":"          \t\"                                                                \",\n"}
{"Time":"2023-09-09T11:16:52.773171-07:00","Action":"output","Package":"github.com/ddworken/hishtory/client","Test":"TestParam/testCustomColumns/zsh","Output":"          \t\"                                                                \",\n"}
{"Time":"2023-09-09T11:16:52.773172-07:00","Action":"output","Package":"github.com/ddworken/hishtory/client","Test":"TestParam/testCustomColumns/zsh","Output":"          \t\"                                                         │\\n│\",\n"}
{"Time":"2023-09-09T11:16:52.773174-07:00","Action":"output","Package":"github.com/ddworken/hishtory/client","Test":"TestParam/testCustomColumns/zsh","Output":"        + \t\" \",\n"}
{"Time":"2023-09-09T11:16:52.773175-07:00","Action":"output","Package":"github.com/ddworken/hishtory/client","Test":"TestParam/testCustomColumns/zsh","Output":"          \t\"                                                                \",\n"}
{"Time":"2023-09-09T11:16:52.773177-07:00","Action":"output","Package":"github.com/ddworken/hishtory/client","Test":"TestParam/testCustomColumns/zsh","Output":"          \t\"                                                                \",\n"}
{"Time":"2023-09-09T11:16:52.773178-07:00","Action":"output","Package":"github.com/ddworken/hishtory/client","Test":"TestParam/testCustomColumns/zsh","Output":"          \t\"                                                         │\\n│\",\n"}
{"Time":"2023-09-09T11:16:52.773182-07:00","Action":"output","Package":"github.com/ddworken/hishtory/client","Test":"TestParam/testCustomColumns/zsh","Output":"        + \t\" \",\n"}
{"Time":"2023-09-09T11:16:52.773183-07:00","Action":"output","Package":"github.com/ddworken/hishtory/client","Test":"TestParam/testCustomColumns/zsh","Output":"          \t\"                                                                \",\n"}
{"Time":"2023-09-09T11:16:52.773185-07:00","Action":"output","Package":"github.com/ddworken/hishtory/client","Test":"TestParam/testCustomColumns/zsh","Output":"          \t\"                                                                \",\n"}
{"Time":"2023-09-09T11:16:52.77322-07:00","Action":"output","Package":"github.com/ddworken/hishtory/client","Test":"TestParam/testCustomColumns/zsh","Output":"          \t\"                                                         │\\n│\",\n"}
{"Time":"2023-09-09T11:16:52.773222-07:00","Action":"output","Package":"github.com/ddworken/hishtory/client","Test":"TestParam/testCustomColumns/zsh","Output":"        + \t\" \",\n"}
{"Time":"2023-09-09T11:16:52.773226-07:00","Action":"output","Package":"github.com/ddworken/hishtory/client","Test":"TestParam/testCustomColumns/zsh","Output":"          \t\"                                                                \",\n"}
{"Time":"2023-09-09T11:16:52.773228-07:00","Action":"output","Package":"github.com/ddworken/hishtory/client","Test":"TestParam/testCustomColumns/zsh","Output":"          \t\"                                                                \",\n"}
{"Time":"2023-09-09T11:16:52.77323-07:00","Action":"output","Package":"github.com/ddworken/hishtory/client","Test":"TestParam/testCustomColumns/zsh","Output":"          \t\"                                                         │\\n│\",\n"}
{"Time":"2023-09-09T11:16:52.773235-07:00","Action":"output","Package":"github.com/ddworken/hishtory/client","Test":"TestParam/testCustomColumns/zsh","Output":"        + \t\" \",\n"}
{"Time":"2023-09-09T11:16:52.773236-07:00","Action":"output","Package":"github.com/ddworken/hishtory/client","Test":"TestParam/testCustomColumns/zsh","Output":"          \t\"                                                                \",\n"}
{"Time":"2023-09-09T11:16:52.773238-07:00","Action":"output","Package":"github.com/ddworken/hishtory/client","Test":"TestParam/testCustomColumns/zsh","Output":"          \t\"                                                                \",\n"}
{"Time":"2023-09-09T11:16:52.773239-07:00","Action":"output","Package":"github.com/ddworken/hishtory/client","Test":"TestParam/testCustomColumns/zsh","Output":"          \t\"                                                         │\\n│\",\n"}
{"Time":"2023-09-09T11:16:52.773241-07:00","Action":"output","Package":"github.com/ddworken/hishtory/client","Test":"TestParam/testCustomColumns/zsh","Output":"        + \t\" \",\n"}
{"Time":"2023-09-09T11:16:52.773242-07:00","Action":"output","Package":"github.com/ddworken/hishtory/client","Test":"TestParam/testCustomColumns/zsh","Output":"          \t\"                                                                \",\n"}
{"Time":"2023-09-09T11:16:52.773244-07:00","Action":"output","Package":"github.com/ddworken/hishtory/client","Test":"TestParam/testCustomColumns/zsh","Output":"          \t\"                                                                \",\n"}
{"Time":"2023-09-09T11:16:52.773245-07:00","Action":"output","Package":"github.com/ddworken/hishtory/client","Test":"TestParam/testCustomColumns/zsh","Output":"          \t\"                                                         │\\n\\xe2\",\n"}
{"Time":"2023-09-09T11:16:52.773247-07:00","Action":"output","Package":"github.com/ddworken/hishtory/client","Test":"TestParam/testCustomColumns/zsh","Output":"        + \t\"\\x94\",\n"}
{"Time":"2023-09-09T11:16:52.773249-07:00","Action":"output","Package":"github.com/ddworken/hishtory/client","Test":"TestParam/testCustomColumns/zsh","Output":"          \t\"\\x94\",\n"}
{"Time":"2023-09-09T11:16:52.773251-07:00","Action":"output","Package":"github.com/ddworken/hishtory/client","Test":"TestParam/testCustomColumns/zsh","Output":"        + \t\"\\xe2\",\n"}
{"Time":"2023-09-09T11:16:52.773252-07:00","Action":"output","Package":"github.com/ddworken/hishtory/client","Test":"TestParam/testCustomColumns/zsh","Output":"          \t\"\\x94\",\n"}
{"Time":"2023-09-09T11:16:52.773253-07:00","Action":"output","Package":"github.com/ddworken/hishtory/client","Test":"TestParam/testCustomColumns/zsh","Output":"        + \t\"\\x80\",\n"}
{"Time":"2023-09-09T11:16:52.773255-07:00","Action":"output","Package":"github.com/ddworken/hishtory/client","Test":"TestParam/testCustomColumns/zsh","Output":"          \t\"─────────────────────\\xe2\",\n"}
{"Time":"2023-09-09T11:16:52.773256-07:00","Action":"output","Package":"github.com/ddworken/hishtory/client","Test":"TestParam/testCustomColumns/zsh","Output":"          \t\"\\x94\\x80────────────────────\\xe2\\x94\",\n"}
{"Time":"2023-09-09T11:16:52.773258-07:00","Action":"output","Package":"github.com/ddworken/hishtory/client","Test":"TestParam/testCustomColumns/zsh","Output":"          \t... // 483 identical bytes\n"}
{"Time":"2023-09-09T11:16:52.773259-07:00","Action":"output","Package":"github.com/ddworken/hishtory/client","Test":"TestParam/testCustomColumns/zsh","Output":"          }, \"\")\n"}
{"Time":"2023-09-09T11:16:52.773261-07:00","Action":"output","Package":"github.com/ddworken/hishtory/client","Test":"TestParam/testCustomColumns/zsh","Output":"        \n"}
{"Time":"2023-09-09T11:16:52.773266-07:00","Action":"output","Package":"github.com/ddworken/hishtory/client","Test":"TestParam/testCustomColumns/zsh","Output":"        actual=\n"}
{"Time":"2023-09-09T11:16:52.773267-07:00","Action":"output","Package":"github.com/ddworken/hishtory/client","Test":"TestParam/testCustomColumns/zsh","Output":"        david@Davids-MacBook-Air hishtory % hishtory tquery -pipefail\n"}
{"Time":"2023-09-09T11:16:52.773272-07:00","Action":"output","Package":"github.com/ddworken/hishtory/client","Test":"TestParam/testCustomColumns/zsh","Output":"        \n"}
{"Time":"2023-09-09T11:16:52.773274-07:00","Action":"output","Package":"github.com/ddworken/hishtory/client","Test":"TestParam/testCustomColumns/zsh","Output":"        \n"}
{"Time":"2023-09-09T11:16:52.773275-07:00","Action":"output","Package":"github.com/ddworken/hishtory/client","Test":"TestParam/testCustomColumns/zsh","Output":"        \n"}
{"Time":"2023-09-09T11:16:52.773277-07:00","Action":"output","Package":"github.com/ddworken/hishtory/client","Test":"TestParam/testCustomColumns/zsh","Output":"        Search Query: \u003e -pipefail\n"}
{"Time":"2023-09-09T11:16:52.773278-07:00","Action":"output","Package":"github.com/ddworken/hishtory/client","Test":"TestParam/testCustomColumns/zsh","Output":"        \n"}
{"Time":"2023-09-09T11:16:52.77328-07:00","Action":"output","Package":"github.com/ddworken/hishtory/client","Test":"TestParam/testCustomColumns/zsh","Output":"        ┌──────────────────────────────────────────────────────────────────────────────────────────────────────────────────────────────────────────────────────────────────────────────────────────┐\n"}
{"Time":"2023-09-09T11:16:52.77329-07:00","Action":"output","Package":"github.com/ddworken/hishtory/client","Test":"TestParam/testCustomColumns/zsh","Output":"        │ Exit Code  git_remote                            Command                                                                                                                                 │\n"}
{"Time":"2023-09-09T11:16:52.773303-07:00","Action":"output","Package":"github.com/ddworken/hishtory/client","Test":"TestParam/testCustomColumns/zsh","Output":"        │──────────────────────────────────────────────────────────────────────────────────────────────────────────────────────────────────────────────────────────────────────────────────────────│\n"}
{"Time":"2023-09-09T11:16:52.773306-07:00","Action":"output","Package":"github.com/ddworken/hishtory/client","Test":"TestParam/testCustomColumns/zsh","Output":"        │ 0          git@github.com:ddworken/hishtory.git  hishtory config-set displayed-columns 'Exit Code' git_remote Command                                                                    │\n"}
{"Time":"2023-09-09T11:16:52.773308-07:00","Action":"output","Package":"github.com/ddworken/hishtory/client","Test":"TestParam/testCustomColumns/zsh","Output":"        │ 0                                                echo bar                                                                                                                                │\n"}
{"Time":"2023-09-09T11:16:52.773309-07:00","Action":"output","Package":"github.com/ddworken/hishtory/client","Test":"TestParam/testCustomColumns/zsh","Output":"        │ 0                                                cd /                                                                                                                                    │\n"}
{"Time":"2023-09-09T11:16:52.773311-07:00","Action":"output","Package":"github.com/ddworken/hishtory/client","Test":"TestParam/testCustomColumns/zsh","Output":"        │ 0          git@github.com:ddworken/hishtory.git  echo foo                                                                                                                                │\n"}
{"Time":"2023-09-09T11:16:52.773313-07:00","Action":"output","Package":"github.com/ddworken/hishtory/client","Test":"TestParam/testCustomColumns/zsh","Output":"        │ 0          git@github.com:ddworken/hishtory.git  hishtory config-add custom-columns git_remote '(git remote -v 2\u003e/dev/null | grep origin 1\u003e/dev/null ) \u0026\u0026 git remote get-url origin || … │\n"}
{"Time":"2023-09-09T11:16:52.773315-07:00","Action":"output","Package":"github.com/ddworken/hishtory/client","Test":"TestParam/testCustomColumns/zsh","Output":"        │ 0                                                echo baz                                                                                                                                │\n"}
{"Time":"2023-09-09T11:16:52.773317-07:00","Action":"output","Package":"github.com/ddworken/hishtory/client","Test":"TestParam/testCustomColumns/zsh","Output":"        │ 0                                                cd /                                                                                                                                    │\n"}
{"Time":"2023-09-09T11:16:52.773318-07:00","Action":"output","Package":"github.com/ddworken/hishtory/client","Test":"TestParam/testCustomColumns/zsh","Output":"        │ 0                                                echo $FOOBAR world                                                                                                                      │\n"}
{"Time":"2023-09-09T11:16:52.77332-07:00","Action":"output","Package":"github.com/ddworken/hishtory/client","Test":"TestParam/testCustomColumns/zsh","Output":"        │ 0                                                export FOOBAR='hello'                                                                                                                   │\n"}
{"Time":"2023-09-09T11:16:52.773321-07:00","Action":"output","Package":"github.com/ddworken/hishtory/client","Test":"TestParam/testCustomColumns/zsh","Output":"        │                                                                                                                                                                                          │\n"}
{"Time":"2023-09-09T11:16:52.773323-07:00","Action":"output","Package":"github.com/ddworken/hishtory/client","Test":"TestParam/testCustomColumns/zsh","Output":"        │                                                                                                                                                                                          │\n"}
{"Time":"2023-09-09T11:16:52.773325-07:00","Action":"output","Package":"github.com/ddworken/hishtory/client","Test":"TestParam/testCustomColumns/zsh","Output":"        │                                                                                                                                                                                          │\n"}
{"Time":"2023-09-09T11:16:52.773326-07:00","Action":"output","Package":"github.com/ddworken/hishtory/client","Test":"TestParam/testCustomColumns/zsh","Output":"        │                                                                                                                                                                                          │\n"}
{"Time":"2023-09-09T11:16:52.773328-07:00","Action":"output","Package":"github.com/ddworken/hishtory/client","Test":"TestParam/testCustomColumns/zsh","Output":"        │                                                                                                                                                                                          │\n"}
{"Time":"2023-09-09T11:16:52.773335-07:00","Action":"output","Package":"github.com/ddworken/hishtory/client","Test":"TestParam/testCustomColumns/zsh","Output":"        │                                                                                                                                                                                          │\n"}
{"Time":"2023-09-09T11:16:52.773337-07:00","Action":"output","Package":"github.com/ddworken/hishtory/client","Test":"TestParam/testCustomColumns/zsh","Output":"        │                                                                                                                                                                                          │\n"}
{"Time":"2023-09-09T11:16:52.773339-07:00","Action":"output","Package":"github.com/ddworken/hishtory/client","Test":"TestParam/testCustomColumns/zsh","Output":"        │                                                                                                                                                                                          │\n"}
{"Time":"2023-09-09T11:16:52.77334-07:00","Action":"output","Package":"github.com/ddworken/hishtory/client","Test":"TestParam/testCustomColumns/zsh","Output":"        │                                                                                                                                                                                          │\n"}
{"Time":"2023-09-09T11:16:52.773342-07:00","Action":"output","Package":"github.com/ddworken/hishtory/client","Test":"TestParam/testCustomColumns/zsh","Output":"        │                                                                                                                                                                                          │\n"}
{"Time":"2023-09-09T11:16:52.773344-07:00","Action":"output","Package":"github.com/ddworken/hishtory/client","Test":"TestParam/testCustomColumns/zsh","Output":"        │                                                                                                                                                                                          │\n"}
{"Time":"2023-09-09T11:16:52.773355-07:00","Action":"output","Package":"github.com/ddworken/hishtory/client","Test":"TestParam/testCustomColumns/zsh","Output":"        └──────────────────────────────────────────────────────────────────────────────────────────────────────────────────────────────────────────────────────────────────────────────────────────┘\n"}
{"Time":"2023-09-09T11:16:52.773363-07:00","Action":"output","Package":"github.com/ddworken/hishtory/client","Test":"TestParam/testCustomColumns/zsh","Output":"        hiSHtory: Search your shell history  • ctrl+h help\n"}
{"Time":"2023-09-09T11:16:52.782395-07:00","Action":"run","Package":"github.com/ddworken/hishtory/client","Test":"TestParam/testUninstall/zsh"}
{"Time":"2023-09-09T11:16:52.78242-07:00","Action":"output","Package":"github.com/ddworken/hishtory/client","Test":"TestParam/testUninstall/zsh","Output":"=== RUN   TestParam/testUninstall/zsh\n"}
{"Time":"2023-09-09T11:16:58.105707-07:00","Action":"run","Package":"github.com/ddworken/hishtory/client","Test":"TestParam/testControlR/zsh/1"}
{"Time":"2023-09-09T11:16:58.105735-07:00","Action":"output","Package":"github.com/ddworken/hishtory/client","Test":"TestParam/testControlR/zsh/1","Output":"=== RUN   TestParam/testControlR/zsh/1\n"}
{"Time":"2023-09-09T11:17:03.417752-07:00","Action":"run","Package":"github.com/ddworken/hishtory/client","Test":"TestParam/testControlR/zsh/2"}
{"Time":"2023-09-09T11:17:03.417782-07:00","Action":"output","Package":"github.com/ddworken/hishtory/client","Test":"TestParam/testControlR/zsh/2","Output":"=== RUN   TestParam/testControlR/zsh/2\n"}
{"Time":"2023-09-09T11:17:08.727845-07:00","Action":"run","Package":"github.com/ddworken/hishtory/client","Test":"TestParam/testControlR/zsh/3"}
{"Time":"2023-09-09T11:17:08.72791-07:00","Action":"output","Package":"github.com/ddworken/hishtory/client","Test":"TestParam/testControlR/zsh/3","Output":"=== RUN   TestParam/testControlR/zsh/3\n"}
{"Time":"2023-09-09T11:17:14.004884-07:00","Action":"output","Package":"github.com/ddworken/hishtory/client","Test":"TestParam/testControlR/zsh/3","Output":"    client_test.go:2137: \n"}
{"Time":"2023-09-09T11:17:14.004901-07:00","Action":"output","Package":"github.com/ddworken/hishtory/client","Test":"TestParam/testControlR/zsh/3","Output":"        \tError Trace:\t/Users/david/code/hishtory/client_test.go:2137\n"}
{"Time":"2023-09-09T11:17:14.004903-07:00","Action":"output","Package":"github.com/ddworken/hishtory/client","Test":"TestParam/testControlR/zsh/3","Output":"        \t            \t\t\t\t/Users/david/code/hishtory/client_test.go:194\n"}
{"Time":"2023-09-09T11:17:14.004905-07:00","Action":"output","Package":"github.com/ddworken/hishtory/client","Test":"TestParam/testControlR/zsh/3","Output":"        \t            \t\t\t\t/Users/david/code/hishtory/client_test.go:221\n"}
{"Time":"2023-09-09T11:17:14.004908-07:00","Action":"output","Package":"github.com/ddworken/hishtory/client","Test":"TestParam/testControlR/zsh/3","Output":"        \tError:      \t\"Search Query: \u003e ls\\n\\n┌────────────────────────────────────────────────────────────────────────────────────────────────────────┐\\n│ Hostname        CWD         Timestamp                      Runtime  Exit Code  Command                 │\\n│────────────────────────────────────────────────────────────────────────────────────────────────────────│\\n│ localhost       /tmp/       Oct 17 2022 21:43:36 PDT       3s       2          echo 'bar' \u0026            │\\n│ localhost       /tmp/       Oct 17 2022 21:43:31 PDT       3s       2          echo 'aaaaaa bbbb'      │\\n│"}
{"Time":"2023-09-09T11:17:14.004921-07:00","Action":"output","Package":"github.com/ddworken/hishtory/client","Test":"TestParam/testControlR/zsh/3","Output":" localhost       /tmp/       Oct 17 2022 21:43:26 PDT       3s       2          ls ~/bar/               │\\n│ localhost       /tmp/       Oct 17 2022 21:43:21 PDT       3s       2          ls ~/foo/               │\\n│ server          /etc/       Oct 17 2022 21:43:16 PDT       3s       127        ls ~/                   │\\n│                                                                                                        │\\n│                                                                                                        │\\n│                                                                                                        │\\n│                                                                                                        │\\n│                                                                                                        │\\n│                                                                                                        │\\n│                "}
{"Time":"2023-09-09T11:17:14.004924-07:00","Action":"output","Package":"github.com/ddworken/hishtory/client","Test":"TestParam/testControlR/zsh/3","Output":"                                                                                        │\\n│                                                                                                        │\\n│                                                                                                        │\\n│                                                                                                        │\\n│                                                                                                        │\\n│                                                                                                        │\\n│                                                                                                        │\\n│                                                                                                        │\\n│                                                                                                        │\\n└──────────"}
{"Time":"2023-09-09T11:17:14.004927-07:00","Action":"output","Package":"github.com/ddworken/hishtory/client","Test":"TestParam/testControlR/zsh/3","Output":"──────────────────────────────────────────────────────────────────────────────────────────────┘\\nhiSHtory: Search your shell history  • ctrl+h help\" does not contain \"\\n\\n\\n\"\n"}
{"Time":"2023-09-09T11:17:14.004929-07:00","Action":"output","Package":"github.com/ddworken/hishtory/client","Test":"TestParam/testControlR/zsh/3","Output":"        \tTest:       \tTestParam/testControlR/zsh/3\n"}
{"Time":"2023-09-09T11:17:14.004932-07:00","Action":"output","Package":"github.com/ddworken/hishtory/client","Test":"TestParam/testControlR/zsh/3","Output":"        \tMessages:   \tfailed to find separator\n"}
{"Time":"2023-09-09T11:17:14.01251-07:00","Action":"run","Package":"github.com/ddworken/hishtory/client","Test":"TestParam/testControlR/offline/bash/1"}
{"Time":"2023-09-09T11:17:14.01253-07:00","Action":"output","Package":"github.com/ddworken/hishtory/client","Test":"TestParam/testControlR/offline/bash/1","Output":"=== RUN   TestParam/testControlR/offline/bash/1\n"}
{"Time":"2023-09-09T11:17:19.251079-07:00","Action":"run","Package":"github.com/ddworken/hishtory/client","Test":"TestParam/testControlR/offline/bash/2"}
{"Time":"2023-09-09T11:17:19.251095-07:00","Action":"output","Package":"github.com/ddworken/hishtory/client","Test":"TestParam/testControlR/offline/bash/2","Output":"=== RUN   TestParam/testControlR/offline/bash/2\n"}
{"Time":"2023-09-09T11:17:24.482489-07:00","Action":"run","Package":"github.com/ddworken/hishtory/client","Test":"TestParam/testControlR/offline/bash/3"}
{"Time":"2023-09-09T11:17:24.482521-07:00","Action":"output","Package":"github.com/ddworken/hishtory/client","Test":"TestParam/testControlR/offline/bash/3","Output":"=== RUN   TestParam/testControlR/offline/bash/3\n"}
{"Time":"2023-09-09T11:17:29.693362-07:00","Action":"output","Package":"github.com/ddworken/hishtory/client","Test":"TestParam/testControlR/offline/bash/3","Output":"    testutils.go:366: hishtory golden mismatch for testControlR-Initial at /Users/david/code/hishtory/client/client_test.go:2139 (-expected +got):\n"}
{"Time":"2023-09-09T11:17:29.693381-07:00","Action":"output","Package":"github.com/ddworken/hishtory/client","Test":"TestParam/testControlR/offline/bash/3","Output":"          string(\n"}
{"Time":"2023-09-09T11:17:29.693384-07:00","Action":"output","Package":"github.com/ddworken/hishtory/client","Test":"TestParam/testControlR/offline/bash/3","Output":"        - \t\"Search Query: \u003e ls\\n\\n┌─────────────────────────────────────────────────────────────────────────────\\xe2\\x94\"...,\n"}
{"Time":"2023-09-09T11:17:29.693404-07:00","Action":"output","Package":"github.com/ddworken/hishtory/client","Test":"TestParam/testControlR/offline/bash/3","Output":"        + \t\"\",\n"}
{"Time":"2023-09-09T11:17:29.693406-07:00","Action":"output","Package":"github.com/ddworken/hishtory/client","Test":"TestParam/testControlR/offline/bash/3","Output":"          )\n"}
{"Time":"2023-09-09T11:17:29.693408-07:00","Action":"output","Package":"github.com/ddworken/hishtory/client","Test":"TestParam/testControlR/offline/bash/3","Output":"        \n"}
{"Time":"2023-09-09T11:17:29.693409-07:00","Action":"output","Package":"github.com/ddworken/hishtory/client","Test":"TestParam/testControlR/offline/bash/3","Output":"        actual=\n"}
{"Time":"2023-09-09T11:17:29.700764-07:00","Action":"run","Package":"github.com/ddworken/hishtory/client","Test":"TestParam/testControlR/fish/1"}
{"Time":"2023-09-09T11:17:29.700789-07:00","Action":"output","Package":"github.com/ddworken/hishtory/client","Test":"TestParam/testControlR/fish/1","Output":"=== RUN   TestParam/testControlR/fish/1\n"}
{"Time":"2023-09-09T11:19:33.036683-07:00","Action":"run","Package":"github.com/ddworken/hishtory/client","Test":"TestParam/testTui/search/1"}
{"Time":"2023-09-09T11:19:33.036752-07:00","Action":"output","Package":"github.com/ddworken/hishtory/client","Test":"TestParam/testTui/search/1","Output":"=== RUN   TestParam/testTui/search/1\n"}
{"Time":"2023-09-09T11:19:38.756495-07:00","Action":"run","Package":"github.com/ddworken/hishtory/client","Test":"TestParam/testTui/search/2"}
{"Time":"2023-09-09T11:19:38.756513-07:00","Action":"output","Package":"github.com/ddworken/hishtory/client","Test":"TestParam/testTui/search/2","Output":"=== RUN   TestParam/testTui/search/2\n"}
{"Time":"2023-09-09T11:19:44.346106-07:00","Action":"run","Package":"github.com/ddworken/hishtory/client","Test":"TestParam/testTui/search/3"}
{"Time":"2023-09-09T11:19:44.346122-07:00","Action":"output","Package":"github.com/ddworken/hishtory/client","Test":"TestParam/testTui/search/3","Output":"=== RUN   TestParam/testTui/search/3\n"}
{"Time":"2023-09-09T11:19:49.94008-07:00","Action":"run","Package":"github.com/ddworken/hishtory/client","Test":"TestParam/testTui/search/4"}
{"Time":"2023-09-09T11:19:49.940097-07:00","Action":"output","Package":"github.com/ddworken/hishtory/client","Test":"TestParam/testTui/search/4","Output":"=== RUN   TestParam/testTui/search/4\n"}
{"Time":"2023-09-09T11:19:55.525606-07:00","Action":"run","Package":"github.com/ddworken/hishtory/client","Test":"TestParam/testTui/search/5"}
{"Time":"2023-09-09T11:19:55.525621-07:00","Action":"output","Package":"github.com/ddworken/hishtory/client","Test":"TestParam/testTui/search/5","Output":"=== RUN   TestParam/testTui/search/5\n"}
{"Time":"2023-09-09T11:20:01.096643-07:00","Action":"run","Package":"github.com/ddworken/hishtory/client","Test":"TestParam/testTui/search/6"}
{"Time":"2023-09-09T11:20:01.096659-07:00","Action":"output","Package":"github.com/ddworken/hishtory/client","Test":"TestParam/testTui/search/6","Output":"=== RUN   TestParam/testTui/search/6\n"}
{"Time":"2023-09-09T11:20:06.686121-07:00","Action":"run","Package":"github.com/ddworken/hishtory/client","Test":"TestParam/testTui/search/7"}
{"Time":"2023-09-09T11:20:06.68614-07:00","Action":"output","Package":"github.com/ddworken/hishtory/client","Test":"TestParam/testTui/search/7","Output":"=== RUN   TestParam/testTui/search/7\n"}
{"Time":"2023-09-09T11:20:12.217919-07:00","Action":"output","Package":"github.com/ddworken/hishtory/client","Test":"TestParam/testTui/search/7","Output":"    testutils.go:366: hishtory golden mismatch for TestTui-Search at /Users/david/code/hishtory/client/client_test.go:1940 (-expected +got):\n"}
{"Time":"2023-09-09T11:20:12.217941-07:00","Action":"output","Package":"github.com/ddworken/hishtory/client","Test":"TestParam/testTui/search/7","Output":"          strings.Join({\n"}
{"Time":"2023-09-09T11:20:12.217949-07:00","Action":"output","Package":"github.com/ddworken/hishtory/client","Test":"TestParam/testTui/search/7","Output":"          \t... // 3 identical lines\n"}
{"Time":"2023-09-09T11:20:12.217951-07:00","Action":"output","Package":"github.com/ddworken/hishtory/client","Test":"TestParam/testTui/search/7","Output":"          \t\"│ Hostname        CWD         Timestamp                      Runtime  Exit Code  Command                 │\",\n"}
{"Time":"2023-09-09T11:20:12.217963-07:00","Action":"output","Package":"github.com/ddworken/hishtory/client","Test":"TestParam/testTui/search/7","Output":"          \t\"│────────────────────────────────────────────────────────────────────────────────────────────────────────│\",\n"}
{"Time":"2023-09-09T11:20:12.217969-07:00","Action":"output","Package":"github.com/ddworken/hishtory/client","Test":"TestParam/testTui/search/7","Output":"        - \t\"│ localhost       /tmp/       Oct 17 2022 21:43:16 PDT       3s       2          ls ~/                   │\",\n"}
{"Time":"2023-09-09T11:20:12.217976-07:00","Action":"output","Package":"github.com/ddworken/hishtory/client","Test":"TestParam/testTui/search/7","Output":"        - \t\"│                                                                                                        │\",\n"}
{"Time":"2023-09-09T11:20:12.217978-07:00","Action":"output","Package":"github.com/ddworken/hishtory/client","Test":"TestParam/testTui/search/7","Output":"        + \t\"│ localhost       /tmp/       Oct 17 2022 21:43:21 PDT       3s       2          echo 'aaaaaa bbbb'      │\",\n"}
{"Time":"2023-09-09T11:20:12.21798-07:00","Action":"output","Package":"github.com/ddworken/hishtory/client","Test":"TestParam/testTui/search/7","Output":"        + \t\"│ localhost       /tmp/       Oct 17 2022 21:43:16 PDT       3s       2          ls ~/                   │\",\n"}
{"Time":"2023-09-09T11:20:12.217982-07:00","Action":"output","Package":"github.com/ddworken/hishtory/client","Test":"TestParam/testTui/search/7","Output":"          \t\"│                                                                                                        │\",\n"}
{"Time":"2023-09-09T11:20:12.217983-07:00","Action":"output","Package":"github.com/ddworken/hishtory/client","Test":"TestParam/testTui/search/7","Output":"          \t\"│                                                                                                        │\",\n"}
{"Time":"2023-09-09T11:20:12.217985-07:00","Action":"output","Package":"github.com/ddworken/hishtory/client","Test":"TestParam/testTui/search/7","Output":"          \t... // 18 identical lines\n"}
{"Time":"2023-09-09T11:20:12.217986-07:00","Action":"output","Package":"github.com/ddworken/hishtory/client","Test":"TestParam/testTui/search/7","Output":"          }, \"\\n\")\n"}
{"Time":"2023-09-09T11:20:12.217988-07:00","Action":"output","Package":"github.com/ddworken/hishtory/client","Test":"TestParam/testTui/search/7","Output":"        \n"}
{"Time":"2023-09-09T11:20:12.217991-07:00","Action":"output","Package":"github.com/ddworken/hishtory/client","Test":"TestParam/testTui/search/7","Output":"        actual=\n"}
{"Time":"2023-09-09T11:20:12.217993-07:00","Action":"output","Package":"github.com/ddworken/hishtory/client","Test":"TestParam/testTui/search/7","Output":"        Search Query: \u003e ls\n"}
{"Time":"2023-09-09T11:20:12.217994-07:00","Action":"output","Package":"github.com/ddworken/hishtory/client","Test":"TestParam/testTui/search/7","Output":"        \n"}
{"Time":"2023-09-09T11:20:12.217999-07:00","Action":"output","Package":"github.com/ddworken/hishtory/client","Test":"TestParam/testTui/search/7","Output":"        ┌────────────────────────────────────────────────────────────────────────────────────────────────────────┐\n"}
{"Time":"2023-09-09T11:20:12.218001-07:00","Action":"output","Package":"github.com/ddworken/hishtory/client","Test":"TestParam/testTui/search/7","Output":"        │ Hostname        CWD         Timestamp                      Runtime  Exit Code  Command                 │\n"}
{"Time":"2023-09-09T11:20:12.218003-07:00","Action":"output","Package":"github.com/ddworken/hishtory/client","Test":"TestParam/testTui/search/7","Output":"        │────────────────────────────────────────────────────────────────────────────────────────────────────────│\n"}
{"Time":"2023-09-09T11:20:12.218005-07:00","Action":"output","Package":"github.com/ddworken/hishtory/client","Test":"TestParam/testTui/search/7","Output":"        │ localhost       /tmp/       Oct 17 2022 21:43:21 PDT       3s       2          echo 'aaaaaa bbbb'      │\n"}
{"Time":"2023-09-09T11:20:12.218006-07:00","Action":"output","Package":"github.com/ddworken/hishtory/client","Test":"TestParam/testTui/search/7","Output":"        │ localhost       /tmp/       Oct 17 2022 21:43:16 PDT       3s       2          ls ~/                   │\n"}
{"Time":"2023-09-09T11:20:12.218008-07:00","Action":"output","Package":"github.com/ddworken/hishtory/client","Test":"TestParam/testTui/search/7","Output":"        │                                                                                                        │\n"}
{"Time":"2023-09-09T11:20:12.218009-07:00","Action":"output","Package":"github.com/ddworken/hishtory/client","Test":"TestParam/testTui/search/7","Output":"        │                                                                                                        │\n"}
{"Time":"2023-09-09T11:20:12.218011-07:00","Action":"output","Package":"github.com/ddworken/hishtory/client","Test":"TestParam/testTui/search/7","Output":"        │                                                                                                        │\n"}
{"Time":"2023-09-09T11:20:12.218012-07:00","Action":"output","Package":"github.com/ddworken/hishtory/client","Test":"TestParam/testTui/search/7","Output":"        │                                                                                                        │\n"}
{"Time":"2023-09-09T11:20:12.218013-07:00","Action":"output","Package":"github.com/ddworken/hishtory/client","Test":"TestParam/testTui/search/7","Output":"        │                                                                                                        │\n"}
{"Time":"2023-09-09T11:20:12.218015-07:00","Action":"output","Package":"github.com/ddworken/hishtory/client","Test":"TestParam/testTui/search/7","Output":"        │                                                                                                        │\n"}
{"Time":"2023-09-09T11:20:12.218016-07:00","Action":"output","Package":"github.com/ddworken/hishtory/client","Test":"TestParam/testTui/search/7","Output":"        │                                                                                                        │\n"}
{"Time":"2023-09-09T11:20:12.218018-07:00","Action":"output","Package":"github.com/ddworken/hishtory/client","Test":"TestParam/testTui/search/7","Output":"        │                                                                                                        │\n"}
{"Time":"2023-09-09T11:20:12.218019-07:00","Action":"output","Package":"github.com/ddworken/hishtory/client","Test":"TestParam/testTui/search/7","Output":"        │                                                                                                        │\n"}
{"Time":"2023-09-09T11:20:12.218021-07:00","Action":"output","Package":"github.com/ddworken/hishtory/client","Test":"TestParam/testTui/search/7","Output":"        │                                                                                                        │\n"}
{"Time":"2023-09-09T11:20:12.218022-07:00","Action":"output","Package":"github.com/ddworken/hishtory/client","Test":"TestParam/testTui/search/7","Output":"        │                                                                                                        │\n"}
{"Time":"2023-09-09T11:20:12.218024-07:00","Action":"output","Package":"github.com/ddworken/hishtory/client","Test":"TestParam/testTui/search/7","Output":"        │                                                                                                        │\n"}
{"Time":"2023-09-09T11:20:12.218025-07:00","Action":"output","Package":"github.com/ddworken/hishtory/client","Test":"TestParam/testTui/search/7","Output":"        │                                                                                                        │\n"}
{"Time":"2023-09-09T11:20:12.218027-07:00","Action":"output","Package":"github.com/ddworken/hishtory/client","Test":"TestParam/testTui/search/7","Output":"        │                                                                                                        │\n"}
{"Time":"2023-09-09T11:20:12.218036-07:00","Action":"output","Package":"github.com/ddworken/hishtory/client","Test":"TestParam/testTui/search/7","Output":"        │                                                                                                        │\n"}
{"Time":"2023-09-09T11:20:12.218041-07:00","Action":"output","Package":"github.com/ddworken/hishtory/client","Test":"TestParam/testTui/search/7","Output":"        │                                                                                                        │\n"}
{"Time":"2023-09-09T11:20:12.218043-07:00","Action":"output","Package":"github.com/ddworken/hishtory/client","Test":"TestParam/testTui/search/7","Output":"        │                                                                                                        │\n"}
{"Time":"2023-09-09T11:20:12.218044-07:00","Action":"output","Package":"github.com/ddworken/hishtory/client","Test":"TestParam/testTui/search/7","Output":"        │                                                                                                        │\n"}
{"Time":"2023-09-09T11:20:12.21805-07:00","Action":"output","Package":"github.com/ddworken/hishtory/client","Test":"TestParam/testTui/search/7","Output":"        └────────────────────────────────────────────────────────────────────────────────────────────────────────┘\n"}
{"Time":"2023-09-09T11:20:12.218052-07:00","Action":"output","Package":"github.com/ddworken/hishtory/client","Test":"TestParam/testTui/search/7","Output":"        hiSHtory: Search your shell history  • ctrl+h help\n"}
{"Time":"2023-09-09T11:20:12.225341-07:00","Action":"run","Package":"github.com/ddworken/hishtory/client","Test":"TestParam/testTui/general/1"}
{"Time":"2023-09-09T11:20:12.225364-07:00","Action":"output","Package":"github.com/ddworken/hishtory/client","Test":"TestParam/testTui/general/1","Output":"=== RUN   TestParam/testTui/general/1\n"}
{"Time":"2023-09-09T11:20:41.104751-07:00","Action":"run","Package":"github.com/ddworken/hishtory/client","Test":"TestParam/testTui/scroll/1"}
{"Time":"2023-09-09T11:20:41.104848-07:00","Action":"output","Package":"github.com/ddworken/hishtory/client","Test":"TestParam/testTui/scroll/1","Output":"=== RUN   TestParam/testTui/scroll/1\n"}
{"Time":"2023-09-09T11:20:51.663335-07:00","Action":"run","Package":"github.com/ddworken/hishtory/client","Test":"TestParam/testTui/scroll/2"}
{"Time":"2023-09-09T11:20:51.663381-07:00","Action":"output","Package":"github.com/ddworken/hishtory/client","Test":"TestParam/testTui/scroll/2","Output":"=== RUN   TestParam/testTui/scroll/2\n"}
{"Time":"2023-09-09T11:21:02.074542-07:00","Action":"run","Package":"github.com/ddworken/hishtory/client","Test":"TestParam/testTui/scroll/3"}
{"Time":"2023-09-09T11:21:02.074573-07:00","Action":"output","Package":"github.com/ddworken/hishtory/client","Test":"TestParam/testTui/scroll/3","Output":"=== RUN   TestParam/testTui/scroll/3\n"}
{"Time":"2023-09-09T11:21:12.469281-07:00","Action":"output","Package":"github.com/ddworken/hishtory/client","Test":"TestParam/testTui/scroll/3","Output":"    testutils.go:366: hishtory golden mismatch for TestTui-RightScroll at /Users/david/code/hishtory/client/client_test.go:1865 (-expected +got):\n"}
{"Time":"2023-09-09T11:21:12.469302-07:00","Action":"output","Package":"github.com/ddworken/hishtory/client","Test":"TestParam/testTui/scroll/3","Output":"          strings.Join({\n"}
{"Time":"2023-09-09T11:21:12.46931-07:00","Action":"output","Package":"github.com/ddworken/hishtory/client","Test":"TestParam/testTui/scroll/3","Output":"          \t\"Search Query: \u003e ls\",\n"}
{"Time":"2023-09-09T11:21:12.469312-07:00","Action":"output","Package":"github.com/ddworken/hishtory/client","Test":"TestParam/testTui/scroll/3","Output":"          \t\"\",\n"}
{"Time":"2023-09-09T11:21:12.469314-07:00","Action":"output","Package":"github.com/ddworken/hishtory/client","Test":"TestParam/testTui/scroll/3","Output":"        - \t\"┌────────────────────────────────────────────────────────────────────────────────────────────────────────────────────────────────────────────────────────────────────────────────────────────────┐\",\n"}
{"Time":"2023-09-09T11:21:12.469321-07:00","Action":"output","Package":"github.com/ddworken/hishtory/client","Test":"TestParam/testTui/scroll/3","Output":"        - \t\"│ Hostname   CWD    Timestamp                 Runtime  Exit Code  Command                                                                                                                        │\",\n"}
{"Time":"2023-09-09T11:21:12.469328-07:00","Action":"output","Package":"github.com/ddworken/hishtory/client","Test":"TestParam/testTui/scroll/3","Output":"        - \t\"│────────────────────────────────────────────────────────────────────────────────────────────────────────────────────────────────────────────────────────────────────────────────────────────────│\",\n"}
{"Time":"2023-09-09T11:21:12.46933-07:00","Action":"output","Package":"github.com/ddworken/hishtory/client","Test":"TestParam/testTui/scroll/3","Output":"        - \t\"│ localhost  /tmp/  Oct 17 2022 21:43:26 PDT  3s       2          …567890qwertyuiopasdfghjklzxxcvbnm0987654321_0_1234567890qwertyuiopasdfghjklzxxcvbnm0987654321_1_1234567890qwertyuiopasdfghjk… │\",\n"}
{"Time":"2023-09-09T11:21:12.469332-07:00","Action":"output","Package":"github.com/ddworken/hishtory/client","Test":"TestParam/testTui/scroll/3","Output":"        - \t\"│ localhost  /tmp/  Oct 17 2022 21:43:21 PDT  3s       2          …aa bbbb'                                                                                                                      │\",\n"}
{"Time":"2023-09-09T11:21:12.469334-07:00","Action":"output","Package":"github.com/ddworken/hishtory/client","Test":"TestParam/testTui/scroll/3","Output":"        - \t\"│ localhost  /tmp/  Oct 17 2022 21:43:16 PDT  3s       2          …                                                                                                                              │\",\n"}
{"Time":"2023-09-09T11:21:12.469335-07:00","Action":"output","Package":"github.com/ddworken/hishtory/client","Test":"TestParam/testTui/scroll/3","Output":"        - \t\"│                                                                                                                                                                                                │\",\n"}
{"Time":"2023-09-09T11:21:12.469337-07:00","Action":"output","Package":"github.com/ddworken/hishtory/client","Test":"TestParam/testTui/scroll/3","Output":"        - \t\"│                                                                                                                                                                                                │\",\n"}
{"Time":"2023-09-09T11:21:12.469338-07:00","Action":"output","Package":"github.com/ddworken/hishtory/client","Test":"TestParam/testTui/scroll/3","Output":"        - \t\"│                                                                                                                                                                                                │\",\n"}
{"Time":"2023-09-09T11:21:12.46934-07:00","Action":"output","Package":"github.com/ddworken/hishtory/client","Test":"TestParam/testTui/scroll/3","Output":"        - \t\"│                                                                                                                                                                                                │\",\n"}
{"Time":"2023-09-09T11:21:12.469341-07:00","Action":"output","Package":"github.com/ddworken/hishtory/client","Test":"TestParam/testTui/scroll/3","Output":"        - \t\"│                                                                                                                                                                                                │\",\n"}
{"Time":"2023-09-09T11:21:12.469343-07:00","Action":"output","Package":"github.com/ddworken/hishtory/client","Test":"TestParam/testTui/scroll/3","Output":"        - \t\"│                                                                                                                                                                                                │\",\n"}
{"Time":"2023-09-09T11:21:12.469344-07:00","Action":"output","Package":"github.com/ddworken/hishtory/client","Test":"TestParam/testTui/scroll/3","Output":"        - \t\"│                                                                                                                                                                                                │\",\n"}
{"Time":"2023-09-09T11:21:12.469351-07:00","Action":"output","Package":"github.com/ddworken/hishtory/client","Test":"TestParam/testTui/scroll/3","Output":"        - \t\"│                                                                                                                                                                                                │\",\n"}
{"Time":"2023-09-09T11:21:12.469353-07:00","Action":"output","Package":"github.com/ddworken/hishtory/client","Test":"TestParam/testTui/scroll/3","Output":"        - \t\"│                                                                                                                                                                                                │\",\n"}
{"Time":"2023-09-09T11:21:12.469355-07:00","Action":"output","Package":"github.com/ddworken/hishtory/client","Test":"TestParam/testTui/scroll/3","Output":"        - \t\"│                                                                                                                                                                                                │\",\n"}
{"Time":"2023-09-09T11:21:12.469357-07:00","Action":"output","Package":"github.com/ddworken/hishtory/client","Test":"TestParam/testTui/scroll/3","Output":"        - \t\"│                                                                                                                                                                                                │\",\n"}
{"Time":"2023-09-09T11:21:12.469358-07:00","Action":"output","Package":"github.com/ddworken/hishtory/client","Test":"TestParam/testTui/scroll/3","Output":"        - \t\"│                                                                                                                                                                                                │\",\n"}
{"Time":"2023-09-09T11:21:12.46936-07:00","Action":"output","Package":"github.com/ddworken/hishtory/client","Test":"TestParam/testTui/scroll/3","Output":"        - \t\"│                                                                                                                                                                                                │\",\n"}
{"Time":"2023-09-09T11:21:12.469361-07:00","Action":"output","Package":"github.com/ddworken/hishtory/client","Test":"TestParam/testTui/scroll/3","Output":"        - \t\"│                                                                                                                                                                                                │\",\n"}
{"Time":"2023-09-09T11:21:12.469363-07:00","Action":"output","Package":"github.com/ddworken/hishtory/client","Test":"TestParam/testTui/scroll/3","Output":"        - \t\"│                                                                                                                                                                                                │\",\n"}
{"Time":"2023-09-09T11:21:12.469364-07:00","Action":"output","Package":"github.com/ddworken/hishtory/client","Test":"TestParam/testTui/scroll/3","Output":"        - \t\"│                                                                                                                                                                                                │\",\n"}
{"Time":"2023-09-09T11:21:12.46937-07:00","Action":"output","Package":"github.com/ddworken/hishtory/client","Test":"TestParam/testTui/scroll/3","Output":"        - \t\"│                                                                                                                                                                                                │\",\n"}
{"Time":"2023-09-09T11:21:12.469371-07:00","Action":"output","Package":"github.com/ddworken/hishtory/client","Test":"TestParam/testTui/scroll/3","Output":"        - \t\"└────────────────────────────────────────────────────────────────────────────────────────────────────────────────────────────────────────────────────────────────────────────────────────────────┘\",\n"}
{"Time":"2023-09-09T11:21:12.469377-07:00","Action":"output","Package":"github.com/ddworken/hishtory/client","Test":"TestParam/testTui/scroll/3","Output":"        + \t\"┌────────────────────────────────────────────────────────────────────────────────────────────────────────┐\",\n"}
{"Time":"2023-09-09T11:21:12.469381-07:00","Action":"output","Package":"github.com/ddworken/hishtory/client","Test":"TestParam/testTui/scroll/3","Output":"        + \t\"│ Hostname        CWD         Timestamp                      Runtime  Exit Code  Command                 │\",\n"}
{"Time":"2023-09-09T11:21:12.469386-07:00","Action":"output","Package":"github.com/ddworken/hishtory/client","Test":"TestParam/testTui/scroll/3","Output":"        + \t\"│────────────────────────────────────────────────────────────────────────────────────────────────────────│\",\n"}
{"Time":"2023-09-09T11:21:12.469388-07:00","Action":"output","Package":"github.com/ddworken/hishtory/client","Test":"TestParam/testTui/scroll/3","Output":"        + \t\"│ localhost       /tmp/       Oct 17 2022 21:43:21 PDT       3s       2          echo 'aaaaaa bbbb'      │\",\n"}
{"Time":"2023-09-09T11:21:12.46939-07:00","Action":"output","Package":"github.com/ddworken/hishtory/client","Test":"TestParam/testTui/scroll/3","Output":"        + \t\"│ localhost       /tmp/       Oct 17 2022 21:43:16 PDT       3s       2          ls ~/                   │\",\n"}
{"Time":"2023-09-09T11:21:12.469392-07:00","Action":"output","Package":"github.com/ddworken/hishtory/client","Test":"TestParam/testTui/scroll/3","Output":"        + \t\"│                                                                                                        │\",\n"}
{"Time":"2023-09-09T11:21:12.469393-07:00","Action":"output","Package":"github.com/ddworken/hishtory/client","Test":"TestParam/testTui/scroll/3","Output":"        + \t\"│                                                                                                        │\",\n"}
{"Time":"2023-09-09T11:21:12.469395-07:00","Action":"output","Package":"github.com/ddworken/hishtory/client","Test":"TestParam/testTui/scroll/3","Output":"        + \t\"│                                                                                                        │\",\n"}
{"Time":"2023-09-09T11:21:12.469396-07:00","Action":"output","Package":"github.com/ddworken/hishtory/client","Test":"TestParam/testTui/scroll/3","Output":"        + \t\"│                                                                                                        │\",\n"}
{"Time":"2023-09-09T11:21:12.469398-07:00","Action":"output","Package":"github.com/ddworken/hishtory/client","Test":"TestParam/testTui/scroll/3","Output":"        + \t\"│                                                                                                        │\",\n"}
{"Time":"2023-09-09T11:21:12.4694-07:00","Action":"output","Package":"github.com/ddworken/hishtory/client","Test":"TestParam/testTui/scroll/3","Output":"        + \t\"│                                                                                                        │\",\n"}
{"Time":"2023-09-09T11:21:12.469402-07:00","Action":"output","Package":"github.com/ddworken/hishtory/client","Test":"TestParam/testTui/scroll/3","Output":"        + \t\"│                                                                                                        │\",\n"}
{"Time":"2023-09-09T11:21:12.469403-07:00","Action":"output","Package":"github.com/ddworken/hishtory/client","Test":"TestParam/testTui/scroll/3","Output":"        + \t\"│                                                                                                        │\",\n"}
{"Time":"2023-09-09T11:21:12.469405-07:00","Action":"output","Package":"github.com/ddworken/hishtory/client","Test":"TestParam/testTui/scroll/3","Output":"        + \t\"│                                                                                                        │\",\n"}
{"Time":"2023-09-09T11:21:12.469407-07:00","Action":"output","Package":"github.com/ddworken/hishtory/client","Test":"TestParam/testTui/scroll/3","Output":"        + \t\"│                                                                                                        │\",\n"}
{"Time":"2023-09-09T11:21:12.469409-07:00","Action":"output","Package":"github.com/ddworken/hishtory/client","Test":"TestParam/testTui/scroll/3","Output":"        + \t\"│                                                                                                        │\",\n"}
{"Time":"2023-09-09T11:21:12.46941-07:00","Action":"output","Package":"github.com/ddworken/hishtory/client","Test":"TestParam/testTui/scroll/3","Output":"        + \t\"│                                                                                                        │\",\n"}
{"Time":"2023-09-09T11:21:12.469412-07:00","Action":"output","Package":"github.com/ddworken/hishtory/client","Test":"TestParam/testTui/scroll/3","Output":"        + \t\"│                                                                                                        │\",\n"}
{"Time":"2023-09-09T11:21:12.469414-07:00","Action":"output","Package":"github.com/ddworken/hishtory/client","Test":"TestParam/testTui/scroll/3","Output":"        + \t\"│                                                                                                        │\",\n"}
{"Time":"2023-09-09T11:21:12.469419-07:00","Action":"output","Package":"github.com/ddworken/hishtory/client","Test":"TestParam/testTui/scroll/3","Output":"        + \t\"│                                                                                                        │\",\n"}
{"Time":"2023-09-09T11:21:12.469424-07:00","Action":"output","Package":"github.com/ddworken/hishtory/client","Test":"TestParam/testTui/scroll/3","Output":"        + \t\"│                                                                                                        │\",\n"}
{"Time":"2023-09-09T11:21:12.469425-07:00","Action":"output","Package":"github.com/ddworken/hishtory/client","Test":"TestParam/testTui/scroll/3","Output":"        + \t\"│                                                                                                        │\",\n"}
{"Time":"2023-09-09T11:21:12.469427-07:00","Action":"output","Package":"github.com/ddworken/hishtory/client","Test":"TestParam/testTui/scroll/3","Output":"        + \t\"│                                                                                                        │\",\n"}
{"Time":"2023-09-09T11:21:12.469429-07:00","Action":"output","Package":"github.com/ddworken/hishtory/client","Test":"TestParam/testTui/scroll/3","Output":"        + \t\"└────────────────────────────────────────────────────────────────────────────────────────────────────────┘\",\n"}
{"Time":"2023-09-09T11:21:12.469431-07:00","Action":"output","Package":"github.com/ddworken/hishtory/client","Test":"TestParam/testTui/scroll/3","Output":"          \t... // 1 identical line\n"}
{"Time":"2023-09-09T11:21:12.469435-07:00","Action":"output","Package":"github.com/ddworken/hishtory/client","Test":"TestParam/testTui/scroll/3","Output":"          }, \"\\n\")\n"}
{"Time":"2023-09-09T11:21:12.46944-07:00","Action":"output","Package":"github.com/ddworken/hishtory/client","Test":"TestParam/testTui/scroll/3","Output":"        \n"}
{"Time":"2023-09-09T11:21:12.469445-07:00","Action":"output","Package":"github.com/ddworken/hishtory/client","Test":"TestParam/testTui/scroll/3","Output":"        actual=\n"}
{"Time":"2023-09-09T11:21:12.469448-07:00","Action":"output","Package":"github.com/ddworken/hishtory/client","Test":"TestParam/testTui/scroll/3","Output":"        Search Query: \u003e ls\n"}
{"Time":"2023-09-09T11:21:12.469451-07:00","Action":"output","Package":"github.com/ddworken/hishtory/client","Test":"TestParam/testTui/scroll/3","Output":"        \n"}
{"Time":"2023-09-09T11:21:12.469452-07:00","Action":"output","Package":"github.com/ddworken/hishtory/client","Test":"TestParam/testTui/scroll/3","Output":"        ┌────────────────────────────────────────────────────────────────────────────────────────────────────────┐\n"}
{"Time":"2023-09-09T11:21:12.469454-07:00","Action":"output","Package":"github.com/ddworken/hishtory/client","Test":"TestParam/testTui/scroll/3","Output":"        │ Hostname        CWD         Timestamp                      Runtime  Exit Code  Command                 │\n"}
{"Time":"2023-09-09T11:21:12.469456-07:00","Action":"output","Package":"github.com/ddworken/hishtory/client","Test":"TestParam/testTui/scroll/3","Output":"        │────────────────────────────────────────────────────────────────────────────────────────────────────────│\n"}
{"Time":"2023-09-09T11:21:12.469458-07:00","Action":"output","Package":"github.com/ddworken/hishtory/client","Test":"TestParam/testTui/scroll/3","Output":"        │ localhost       /tmp/       Oct 17 2022 21:43:21 PDT       3s       2          echo 'aaaaaa bbbb'      │\n"}
{"Time":"2023-09-09T11:21:12.46946-07:00","Action":"output","Package":"github.com/ddworken/hishtory/client","Test":"TestParam/testTui/scroll/3","Output":"        │ localhost       /tmp/       Oct 17 2022 21:43:16 PDT       3s       2          ls ~/                   │\n"}
{"Time":"2023-09-09T11:21:12.469462-07:00","Action":"output","Package":"github.com/ddworken/hishtory/client","Test":"TestParam/testTui/scroll/3","Output":"        │                                                                                                        │\n"}
{"Time":"2023-09-09T11:21:12.469464-07:00","Action":"output","Package":"github.com/ddworken/hishtory/client","Test":"TestParam/testTui/scroll/3","Output":"        │                                                                                                        │\n"}
{"Time":"2023-09-09T11:21:12.469466-07:00","Action":"output","Package":"github.com/ddworken/hishtory/client","Test":"TestParam/testTui/scroll/3","Output":"        │                                                                                                        │\n"}
{"Time":"2023-09-09T11:21:12.469468-07:00","Action":"output","Package":"github.com/ddworken/hishtory/client","Test":"TestParam/testTui/scroll/3","Output":"        │                                                                                                        │\n"}
{"Time":"2023-09-09T11:21:12.469473-07:00","Action":"output","Package":"github.com/ddworken/hishtory/client","Test":"TestParam/testTui/scroll/3","Output":"        │                                                                                                        │\n"}
{"Time":"2023-09-09T11:21:12.469475-07:00","Action":"output","Package":"github.com/ddworken/hishtory/client","Test":"TestParam/testTui/scroll/3","Output":"        │                                                                                                        │\n"}
{"Time":"2023-09-09T11:21:12.469477-07:00","Action":"output","Package":"github.com/ddworken/hishtory/client","Test":"TestParam/testTui/scroll/3","Output":"        │                                                                                                        │\n"}
{"Time":"2023-09-09T11:21:12.46948-07:00","Action":"output","Package":"github.com/ddworken/hishtory/client","Test":"TestParam/testTui/scroll/3","Output":"        │                                                                                                        │\n"}
{"Time":"2023-09-09T11:21:12.469483-07:00","Action":"output","Package":"github.com/ddworken/hishtory/client","Test":"TestParam/testTui/scroll/3","Output":"        │                                                                                                        │\n"}
{"Time":"2023-09-09T11:21:12.469484-07:00","Action":"output","Package":"github.com/ddworken/hishtory/client","Test":"TestParam/testTui/scroll/3","Output":"        │                                                                                                        │\n"}
{"Time":"2023-09-09T11:21:12.469486-07:00","Action":"output","Package":"github.com/ddworken/hishtory/client","Test":"TestParam/testTui/scroll/3","Output":"        │                                                                                                        │\n"}
{"Time":"2023-09-09T11:21:12.469489-07:00","Action":"output","Package":"github.com/ddworken/hishtory/client","Test":"TestParam/testTui/scroll/3","Output":"        │                                                                                                        │\n"}
{"Time":"2023-09-09T11:21:12.469495-07:00","Action":"output","Package":"github.com/ddworken/hishtory/client","Test":"TestParam/testTui/scroll/3","Output":"        │                                                                                                        │\n"}
{"Time":"2023-09-09T11:21:12.469498-07:00","Action":"output","Package":"github.com/ddworken/hishtory/client","Test":"TestParam/testTui/scroll/3","Output":"        │                                                                                                        │\n"}
{"Time":"2023-09-09T11:21:12.469503-07:00","Action":"output","Package":"github.com/ddworken/hishtory/client","Test":"TestParam/testTui/scroll/3","Output":"        │                                                                                                        │\n"}
{"Time":"2023-09-09T11:21:12.469506-07:00","Action":"output","Package":"github.com/ddworken/hishtory/client","Test":"TestParam/testTui/scroll/3","Output":"        │                                                                                                        │\n"}
{"Time":"2023-09-09T11:21:12.469508-07:00","Action":"output","Package":"github.com/ddworken/hishtory/client","Test":"TestParam/testTui/scroll/3","Output":"        │                                                                                                        │\n"}
{"Time":"2023-09-09T11:21:12.469509-07:00","Action":"output","Package":"github.com/ddworken/hishtory/client","Test":"TestParam/testTui/scroll/3","Output":"        │                                                                                                        │\n"}
{"Time":"2023-09-09T11:21:12.469511-07:00","Action":"output","Package":"github.com/ddworken/hishtory/client","Test":"TestParam/testTui/scroll/3","Output":"        └────────────────────────────────────────────────────────────────────────────────────────────────────────┘\n"}
{"Time":"2023-09-09T11:21:12.469514-07:00","Action":"output","Package":"github.com/ddworken/hishtory/client","Test":"TestParam/testTui/scroll/3","Output":"        hiSHtory: Search your shell history  • ctrl+h help\n"}
{"Time":"2023-09-09T11:21:12.477402-07:00","Action":"run","Package":"github.com/ddworken/hishtory/client","Test":"TestParam/testTui/resize/1"}
{"Time":"2023-09-09T11:21:12.477422-07:00","Action":"output","Package":"github.com/ddworken/hishtory/client","Test":"TestParam/testTui/resize/1","Output":"=== RUN   TestParam/testTui/resize/1\n"}
{"Time":"2023-09-09T11:21:27.306225-07:00","Action":"run","Package":"github.com/ddworken/hishtory/client","Test":"TestParam/testTui/delete/1"}
{"Time":"2023-09-09T11:21:27.30625-07:00","Action":"output","Package":"github.com/ddworken/hishtory/client","Test":"TestParam/testTui/delete/1","Output":"=== RUN   TestParam/testTui/delete/1\n"}
{"Time":"2023-09-09T11:21:47.527154-07:00","Action":"output","Package":"github.com/ddworken/hishtory/client","Test":"TestParam","Output":"--- FAIL: TestParam (593.66s)\n"}
{"Time":"2023-09-09T11:21:47.52721-07:00","Action":"output","Package":"github.com/ddworken/hishtory/client","Test":"TestParam/testRepeatedCommandThenQuery/bash","Output":"    --- PASS: TestParam/testRepeatedCommandThenQuery/bash (8.12s)\n"}
{"Time":"2023-09-09T11:21:47.527221-07:00","Action":"pass","Package":"github.com/ddworken/hishtory/client","Test":"TestParam/testRepeatedCommandThenQuery/bash","Elapsed":8.12}
{"Time":"2023-09-09T11:21:47.527228-07:00","Action":"output","Package":"github.com/ddworken/hishtory/client","Test":"TestParam/testRepeatedCommandAndQuery/bash","Output":"    --- PASS: TestParam/testRepeatedCommandAndQuery/bash (8.87s)\n"}
{"Time":"2023-09-09T11:21:47.527233-07:00","Action":"pass","Package":"github.com/ddworken/hishtory/client","Test":"TestParam/testRepeatedCommandAndQuery/bash","Elapsed":8.87}
{"Time":"2023-09-09T11:21:47.527235-07:00","Action":"output","Package":"github.com/ddworken/hishtory/client","Test":"TestParam/testRepeatedEnableDisable/bash","Output":"    --- PASS: TestParam/testRepeatedEnableDisable/bash (33.12s)\n"}
{"Time":"2023-09-09T11:21:47.527236-07:00","Action":"pass","Package":"github.com/ddworken/hishtory/client","Test":"TestParam/testRepeatedEnableDisable/bash","Elapsed":33.12}
{"Time":"2023-09-09T11:21:47.527243-07:00","Action":"output","Package":"github.com/ddworken/hishtory/client","Test":"TestParam/testExcludeHiddenCommand/bash","Output":"    --- PASS: TestParam/testExcludeHiddenCommand/bash (1.42s)\n"}
{"Time":"2023-09-09T11:21:47.527245-07:00","Action":"pass","Package":"github.com/ddworken/hishtory/client","Test":"TestParam/testExcludeHiddenCommand/bash","Elapsed":1.42}
{"Time":"2023-09-09T11:21:47.527247-07:00","Action":"output","Package":"github.com/ddworken/hishtory/client","Test":"TestParam/testUpdate/bash","Output":"    --- PASS: TestParam/testUpdate/bash (7.81s)\n"}
{"Time":"2023-09-09T11:21:47.52725-07:00","Action":"pass","Package":"github.com/ddworken/hishtory/client","Test":"TestParam/testUpdate/bash","Elapsed":7.81}
{"Time":"2023-09-09T11:21:47.527254-07:00","Action":"output","Package":"github.com/ddworken/hishtory/client","Test":"TestParam/testAdvancedQuery/bash","Output":"    --- PASS: TestParam/testAdvancedQuery/bash (5.06s)\n"}
{"Time":"2023-09-09T11:21:47.527256-07:00","Action":"pass","Package":"github.com/ddworken/hishtory/client","Test":"TestParam/testAdvancedQuery/bash","Elapsed":5.06}
{"Time":"2023-09-09T11:21:47.527258-07:00","Action":"output","Package":"github.com/ddworken/hishtory/client","Test":"TestParam/testIntegration/bash","Output":"    --- PASS: TestParam/testIntegration/bash (2.58s)\n"}
{"Time":"2023-09-09T11:21:47.52726-07:00","Action":"pass","Package":"github.com/ddworken/hishtory/client","Test":"TestParam/testIntegration/bash","Elapsed":2.58}
{"Time":"2023-09-09T11:21:47.527261-07:00","Action":"output","Package":"github.com/ddworken/hishtory/client","Test":"TestParam/testIntegration/offline/bash","Output":"    --- PASS: TestParam/testIntegration/offline/bash (2.40s)\n"}
{"Time":"2023-09-09T11:21:47.527263-07:00","Action":"pass","Package":"github.com/ddworken/hishtory/client","Test":"TestParam/testIntegration/offline/bash","Elapsed":2.4}
{"Time":"2023-09-09T11:21:47.527264-07:00","Action":"output","Package":"github.com/ddworken/hishtory/client","Test":"TestParam/testIntegrationWithNewDevice/bash","Output":"    --- PASS: TestParam/testIntegrationWithNewDevice/bash (6.15s)\n"}
{"Time":"2023-09-09T11:21:47.52727-07:00","Action":"pass","Package":"github.com/ddworken/hishtory/client","Test":"TestParam/testIntegrationWithNewDevice/bash","Elapsed":6.15}
{"Time":"2023-09-09T11:21:47.527272-07:00","Action":"output","Package":"github.com/ddworken/hishtory/client","Test":"TestParam/testHishtoryBackgroundSaving/bash","Output":"    --- SKIP: TestParam/testHishtoryBackgroundSaving/bash (0.00s)\n"}
{"Time":"2023-09-09T11:21:47.527277-07:00","Action":"skip","Package":"github.com/ddworken/hishtory/client","Test":"TestParam/testHishtoryBackgroundSaving/bash","Elapsed":0}
{"Time":"2023-09-09T11:21:47.527278-07:00","Action":"output","Package":"github.com/ddworken/hishtory/client","Test":"TestParam/testDisplayTable/bash","Output":"    --- PASS: TestParam/testDisplayTable/bash (3.23s)\n"}
{"Time":"2023-09-09T11:21:47.52728-07:00","Action":"pass","Package":"github.com/ddworken/hishtory/client","Test":"TestParam/testDisplayTable/bash","Elapsed":3.23}
{"Time":"2023-09-09T11:21:47.527282-07:00","Action":"output","Package":"github.com/ddworken/hishtory/client","Test":"TestParam/testTableDisplayCwd/bash","Output":"    --- PASS: TestParam/testTableDisplayCwd/bash (1.17s)\n"}
{"Time":"2023-09-09T11:21:47.527284-07:00","Action":"pass","Package":"github.com/ddworken/hishtory/client","Test":"TestParam/testTableDisplayCwd/bash","Elapsed":1.17}
{"Time":"2023-09-09T11:21:47.527286-07:00","Action":"output","Package":"github.com/ddworken/hishtory/client","Test":"TestParam/testTimestampsAreReasonablyCorrect/bash","Output":"    --- PASS: TestParam/testTimestampsAreReasonablyCorrect/bash (0.87s)\n"}
{"Time":"2023-09-09T11:21:47.527288-07:00","Action":"pass","Package":"github.com/ddworken/hishtory/client","Test":"TestParam/testTimestampsAreReasonablyCorrect/bash","Elapsed":0.87}
{"Time":"2023-09-09T11:21:47.527289-07:00","Action":"output","Package":"github.com/ddworken/hishtory/client","Test":"TestParam/testRequestAndReceiveDbDump/bash","Output":"    --- PASS: TestParam/testRequestAndReceiveDbDump/bash (3.16s)\n"}
{"Time":"2023-09-09T11:21:47.527292-07:00","Action":"pass","Package":"github.com/ddworken/hishtory/client","Test":"TestParam/testRequestAndReceiveDbDump/bash","Elapsed":3.16}
{"Time":"2023-09-09T11:21:47.527294-07:00","Action":"output","Package":"github.com/ddworken/hishtory/client","Test":"TestParam/testInstallViaPythonScript/bash","Output":"    --- PASS: TestParam/testInstallViaPythonScript/bash (4.74s)\n"}
{"Time":"2023-09-09T11:21:47.527295-07:00","Action":"pass","Package":"github.com/ddworken/hishtory/client","Test":"TestParam/testInstallViaPythonScript/bash","Elapsed":4.74}
{"Time":"2023-09-09T11:21:47.527297-07:00","Action":"output","Package":"github.com/ddworken/hishtory/client","Test":"TestParam/testExportWithQuery/bash","Output":"    --- PASS: TestParam/testExportWithQuery/bash (3.56s)\n"}
{"Time":"2023-09-09T11:21:47.527299-07:00","Action":"pass","Package":"github.com/ddworken/hishtory/client","Test":"TestParam/testExportWithQuery/bash","Elapsed":3.56}
{"Time":"2023-09-09T11:21:47.5273-07:00","Action":"output","Package":"github.com/ddworken/hishtory/client","Test":"TestParam/testHelpCommand/bash","Output":"    --- PASS: TestParam/testHelpCommand/bash (0.89s)\n"}
{"Time":"2023-09-09T11:21:47.527301-07:00","Action":"pass","Package":"github.com/ddworken/hishtory/client","Test":"TestParam/testHelpCommand/bash","Elapsed":0.89}
{"Time":"2023-09-09T11:21:47.527303-07:00","Action":"output","Package":"github.com/ddworken/hishtory/client","Test":"TestParam/testReuploadHistoryEntries/bash","Output":"    --- PASS: TestParam/testReuploadHistoryEntries/bash (2.97s)\n"}
{"Time":"2023-09-09T11:21:47.527304-07:00","Action":"pass","Package":"github.com/ddworken/hishtory/client","Test":"TestParam/testReuploadHistoryEntries/bash","Elapsed":2.97}
{"Time":"2023-09-09T11:21:47.527306-07:00","Action":"output","Package":"github.com/ddworken/hishtory/client","Test":"TestParam/testHishtoryOffline/bash","Output":"    --- PASS: TestParam/testHishtoryOffline/bash (2.95s)\n"}
{"Time":"2023-09-09T11:21:47.527307-07:00","Action":"pass","Package":"github.com/ddworken/hishtory/client","Test":"TestParam/testHishtoryOffline/bash","Elapsed":2.95}
{"Time":"2023-09-09T11:21:47.527308-07:00","Action":"output","Package":"github.com/ddworken/hishtory/client","Test":"TestParam/testInitialHistoryImport/bash","Output":"    --- PASS: TestParam/testInitialHistoryImport/bash (5.59s)\n"}
{"Time":"2023-09-09T11:21:47.52731-07:00","Action":"pass","Package":"github.com/ddworken/hishtory/client","Test":"TestParam/testInitialHistoryImport/bash","Elapsed":5.59}
{"Time":"2023-09-09T11:21:47.527311-07:00","Action":"output","Package":"github.com/ddworken/hishtory/client","Test":"TestParam/testLocalRedaction/bash","Output":"    --- PASS: TestParam/testLocalRedaction/bash (2.26s)\n"}
{"Time":"2023-09-09T11:21:47.527313-07:00","Action":"pass","Package":"github.com/ddworken/hishtory/client","Test":"TestParam/testLocalRedaction/bash","Elapsed":2.26}
{"Time":"2023-09-09T11:21:47.527314-07:00","Action":"output","Package":"github.com/ddworken/hishtory/client","Test":"TestParam/testLocalRedaction/offline/bash","Output":"    --- PASS: TestParam/testLocalRedaction/offline/bash (2.21s)\n"}
{"Time":"2023-09-09T11:21:47.527316-07:00","Action":"pass","Package":"github.com/ddworken/hishtory/client","Test":"TestParam/testLocalRedaction/offline/bash","Elapsed":2.21}
{"Time":"2023-09-09T11:21:47.527317-07:00","Action":"output","Package":"github.com/ddworken/hishtory/client","Test":"TestParam/testRemoteRedaction/bash","Output":"    --- PASS: TestParam/testRemoteRedaction/bash (3.15s)\n"}
{"Time":"2023-09-09T11:21:47.527319-07:00","Action":"pass","Package":"github.com/ddworken/hishtory/client","Test":"TestParam/testRemoteRedaction/bash","Elapsed":3.15}
{"Time":"2023-09-09T11:21:47.52732-07:00","Action":"output","Package":"github.com/ddworken/hishtory/client","Test":"TestParam/testMultipleUsers/bash","Output":"    --- PASS: TestParam/testMultipleUsers/bash (8.52s)\n"}
{"Time":"2023-09-09T11:21:47.527322-07:00","Action":"pass","Package":"github.com/ddworken/hishtory/client","Test":"TestParam/testMultipleUsers/bash","Elapsed":8.52}
{"Time":"2023-09-09T11:21:47.527323-07:00","Action":"output","Package":"github.com/ddworken/hishtory/client","Test":"TestParam/testConfigGetSet/bash","Output":"    --- PASS: TestParam/testConfigGetSet/bash (2.85s)\n"}
{"Time":"2023-09-09T11:21:47.527325-07:00","Action":"pass","Package":"github.com/ddworken/hishtory/client","Test":"TestParam/testConfigGetSet/bash","Elapsed":2.85}
{"Time":"2023-09-09T11:21:47.527326-07:00","Action":"output","Package":"github.com/ddworken/hishtory/client","Test":"TestParam/testHandleUpgradedFeatures/bash","Output":"    --- PASS: TestParam/testHandleUpgradedFeatures/bash (2.24s)\n"}
{"Time":"2023-09-09T11:21:47.527328-07:00","Action":"pass","Package":"github.com/ddworken/hishtory/client","Test":"TestParam/testHandleUpgradedFeatures/bash","Elapsed":2.24}
{"Time":"2023-09-09T11:21:47.52733-07:00","Action":"output","Package":"github.com/ddworken/hishtory/client","Test":"TestParam/testCustomColumns/bash","Output":"    --- PASS: TestParam/testCustomColumns/bash (6.57s)\n"}
{"Time":"2023-09-09T11:21:47.527332-07:00","Action":"pass","Package":"github.com/ddworken/hishtory/client","Test":"TestParam/testCustomColumns/bash","Elapsed":6.57}
{"Time":"2023-09-09T11:21:47.527334-07:00","Action":"output","Package":"github.com/ddworken/hishtory/client","Test":"TestParam/testUninstall/bash","Output":"    --- PASS: TestParam/testUninstall/bash (5.53s)\n"}
{"Time":"2023-09-09T11:21:47.527336-07:00","Action":"pass","Package":"github.com/ddworken/hishtory/client","Test":"TestParam/testUninstall/bash","Elapsed":5.53}
{"Time":"2023-09-09T11:21:47.527338-07:00","Action":"output","Package":"github.com/ddworken/hishtory/client","Test":"TestParam/testControlR/bash/1","Output":"    --- SKIP: TestParam/testControlR/bash/1 (5.28s)\n"}
{"Time":"2023-09-09T11:21:47.52734-07:00","Action":"skip","Package":"github.com/ddworken/hishtory/client","Test":"TestParam/testControlR/bash/1","Elapsed":5.28}
{"Time":"2023-09-09T11:21:47.527342-07:00","Action":"output","Package":"github.com/ddworken/hishtory/client","Test":"TestParam/testControlR/bash/2","Output":"    --- SKIP: TestParam/testControlR/bash/2 (5.30s)\n"}
{"Time":"2023-09-09T11:21:47.527349-07:00","Action":"skip","Package":"github.com/ddworken/hishtory/client","Test":"TestParam/testControlR/bash/2","Elapsed":5.3}
{"Time":"2023-09-09T11:21:47.527352-07:00","Action":"output","Package":"github.com/ddworken/hishtory/client","Test":"TestParam/testControlR/bash/3","Output":"    --- FAIL: TestParam/testControlR/bash/3 (5.28s)\n"}
{"Time":"2023-09-09T11:21:47.527353-07:00","Action":"fail","Package":"github.com/ddworken/hishtory/client","Test":"TestParam/testControlR/bash/3","Elapsed":5.28}
{"Time":"2023-09-09T11:21:47.527356-07:00","Action":"output","Package":"github.com/ddworken/hishtory/client","Test":"TestParam/testRepeatedCommandThenQuery/zsh","Output":"    --- PASS: TestParam/testRepeatedCommandThenQuery/zsh (6.24s)\n"}
{"Time":"2023-09-09T11:21:47.527357-07:00","Action":"pass","Package":"github.com/ddworken/hishtory/client","Test":"TestParam/testRepeatedCommandThenQuery/zsh","Elapsed":6.24}
{"Time":"2023-09-09T11:21:47.527359-07:00","Action":"output","Package":"github.com/ddworken/hishtory/client","Test":"TestParam/testRepeatedCommandAndQuery/zsh","Output":"    --- PASS: TestParam/testRepeatedCommandAndQuery/zsh (10.54s)\n"}
{"Time":"2023-09-09T11:21:47.52736-07:00","Action":"pass","Package":"github.com/ddworken/hishtory/client","Test":"TestParam/testRepeatedCommandAndQuery/zsh","Elapsed":10.54}
{"Time":"2023-09-09T11:21:47.527362-07:00","Action":"output","Package":"github.com/ddworken/hishtory/client","Test":"TestParam/testRepeatedEnableDisable/zsh","Output":"    --- PASS: TestParam/testRepeatedEnableDisable/zsh (35.47s)\n"}
{"Time":"2023-09-09T11:21:47.527364-07:00","Action":"pass","Package":"github.com/ddworken/hishtory/client","Test":"TestParam/testRepeatedEnableDisable/zsh","Elapsed":35.47}
{"Time":"2023-09-09T11:21:47.527365-07:00","Action":"output","Package":"github.com/ddworken/hishtory/client","Test":"TestParam/testExcludeHiddenCommand/zsh","Output":"    --- PASS: TestParam/testExcludeHiddenCommand/zsh (1.63s)\n"}
{"Time":"2023-09-09T11:21:47.527372-07:00","Action":"pass","Package":"github.com/ddworken/hishtory/client","Test":"TestParam/testExcludeHiddenCommand/zsh","Elapsed":1.63}
{"Time":"2023-09-09T11:21:47.527374-07:00","Action":"output","Package":"github.com/ddworken/hishtory/client","Test":"TestParam/testUpdate/zsh","Output":"    --- PASS: TestParam/testUpdate/zsh (9.04s)\n"}
{"Time":"2023-09-09T11:21:47.527376-07:00","Action":"pass","Package":"github.com/ddworken/hishtory/client","Test":"TestParam/testUpdate/zsh","Elapsed":9.04}
{"Time":"2023-09-09T11:21:47.527378-07:00","Action":"output","Package":"github.com/ddworken/hishtory/client","Test":"TestParam/testAdvancedQuery/zsh","Output":"    --- PASS: TestParam/testAdvancedQuery/zsh (6.31s)\n"}
{"Time":"2023-09-09T11:21:47.527381-07:00","Action":"pass","Package":"github.com/ddworken/hishtory/client","Test":"TestParam/testAdvancedQuery/zsh","Elapsed":6.31}
{"Time":"2023-09-09T11:21:47.527383-07:00","Action":"output","Package":"github.com/ddworken/hishtory/client","Test":"TestParam/testIntegration/zsh","Output":"    --- PASS: TestParam/testIntegration/zsh (2.99s)\n"}
{"Time":"2023-09-09T11:21:47.527384-07:00","Action":"pass","Package":"github.com/ddworken/hishtory/client","Test":"TestParam/testIntegration/zsh","Elapsed":2.99}
{"Time":"2023-09-09T11:21:47.527391-07:00","Action":"output","Package":"github.com/ddworken/hishtory/client","Test":"TestParam/testIntegration/offline/zsh","Output":"    --- PASS: TestParam/testIntegration/offline/zsh (2.66s)\n"}
{"Time":"2023-09-09T11:21:47.527394-07:00","Action":"pass","Package":"github.com/ddworken/hishtory/client","Test":"TestParam/testIntegration/offline/zsh","Elapsed":2.66}
{"Time":"2023-09-09T11:21:47.527395-07:00","Action":"output","Package":"github.com/ddworken/hishtory/client","Test":"TestParam/testIntegrationWithNewDevice/zsh","Output":"    --- PASS: TestParam/testIntegrationWithNewDevice/zsh (7.13s)\n"}
{"Time":"2023-09-09T11:21:47.5274-07:00","Action":"pass","Package":"github.com/ddworken/hishtory/client","Test":"TestParam/testIntegrationWithNewDevice/zsh","Elapsed":7.13}
{"Time":"2023-09-09T11:21:47.527401-07:00","Action":"output","Package":"github.com/ddworken/hishtory/client","Test":"TestParam/testHishtoryBackgroundSaving/zsh","Output":"    --- SKIP: TestParam/testHishtoryBackgroundSaving/zsh (0.00s)\n"}
{"Time":"2023-09-09T11:21:47.527403-07:00","Action":"skip","Package":"github.com/ddworken/hishtory/client","Test":"TestParam/testHishtoryBackgroundSaving/zsh","Elapsed":0}
{"Time":"2023-09-09T11:21:47.527405-07:00","Action":"output","Package":"github.com/ddworken/hishtory/client","Test":"TestParam/testDisplayTable/zsh","Output":"    --- PASS: TestParam/testDisplayTable/zsh (3.98s)\n"}
{"Time":"2023-09-09T11:21:47.52741-07:00","Action":"pass","Package":"github.com/ddworken/hishtory/client","Test":"TestParam/testDisplayTable/zsh","Elapsed":3.98}
{"Time":"2023-09-09T11:21:47.527412-07:00","Action":"output","Package":"github.com/ddworken/hishtory/client","Test":"TestParam/testTableDisplayCwd/zsh","Output":"    --- PASS: TestParam/testTableDisplayCwd/zsh (1.34s)\n"}
{"Time":"2023-09-09T11:21:47.527413-07:00","Action":"pass","Package":"github.com/ddworken/hishtory/client","Test":"TestParam/testTableDisplayCwd/zsh","Elapsed":1.34}
{"Time":"2023-09-09T11:21:47.527415-07:00","Action":"output","Package":"github.com/ddworken/hishtory/client","Test":"TestParam/testTimestampsAreReasonablyCorrect/zsh","Output":"    --- PASS: TestParam/testTimestampsAreReasonablyCorrect/zsh (0.98s)\n"}
{"Time":"2023-09-09T11:21:47.527417-07:00","Action":"pass","Package":"github.com/ddworken/hishtory/client","Test":"TestParam/testTimestampsAreReasonablyCorrect/zsh","Elapsed":0.98}
{"Time":"2023-09-09T11:21:47.527419-07:00","Action":"output","Package":"github.com/ddworken/hishtory/client","Test":"TestParam/testRequestAndReceiveDbDump/zsh","Output":"    --- PASS: TestParam/testRequestAndReceiveDbDump/zsh (3.51s)\n"}
{"Time":"2023-09-09T11:21:47.527421-07:00","Action":"pass","Package":"github.com/ddworken/hishtory/client","Test":"TestParam/testRequestAndReceiveDbDump/zsh","Elapsed":3.51}
{"Time":"2023-09-09T11:21:47.527423-07:00","Action":"output","Package":"github.com/ddworken/hishtory/client","Test":"TestParam/testInstallViaPythonScript/zsh","Output":"    --- PASS: TestParam/testInstallViaPythonScript/zsh (4.49s)\n"}
{"Time":"2023-09-09T11:21:47.527425-07:00","Action":"pass","Package":"github.com/ddworken/hishtory/client","Test":"TestParam/testInstallViaPythonScript/zsh","Elapsed":4.49}
{"Time":"2023-09-09T11:21:47.527427-07:00","Action":"output","Package":"github.com/ddworken/hishtory/client","Test":"TestParam/testExportWithQuery/zsh","Output":"    --- PASS: TestParam/testExportWithQuery/zsh (3.73s)\n"}
{"Time":"2023-09-09T11:21:47.527429-07:00","Action":"pass","Package":"github.com/ddworken/hishtory/client","Test":"TestParam/testExportWithQuery/zsh","Elapsed":3.73}
{"Time":"2023-09-09T11:21:47.527431-07:00","Action":"output","Package":"github.com/ddworken/hishtory/client","Test":"TestParam/testHelpCommand/zsh","Output":"    --- PASS: TestParam/testHelpCommand/zsh (1.00s)\n"}
{"Time":"2023-09-09T11:21:47.527432-07:00","Action":"pass","Package":"github.com/ddworken/hishtory/client","Test":"TestParam/testHelpCommand/zsh","Elapsed":1}
{"Time":"2023-09-09T11:21:47.527434-07:00","Action":"output","Package":"github.com/ddworken/hishtory/client","Test":"TestParam/testReuploadHistoryEntries/zsh","Output":"    --- PASS: TestParam/testReuploadHistoryEntries/zsh (3.31s)\n"}
{"Time":"2023-09-09T11:21:47.527436-07:00","Action":"pass","Package":"github.com/ddworken/hishtory/client","Test":"TestParam/testReuploadHistoryEntries/zsh","Elapsed":3.31}
{"Time":"2023-09-09T11:21:47.527441-07:00","Action":"output","Package":"github.com/ddworken/hishtory/client","Test":"TestParam/testHishtoryOffline/zsh","Output":"    --- PASS: TestParam/testHishtoryOffline/zsh (4.07s)\n"}
{"Time":"2023-09-09T11:21:47.527443-07:00","Action":"pass","Package":"github.com/ddworken/hishtory/client","Test":"TestParam/testHishtoryOffline/zsh","Elapsed":4.07}
{"Time":"2023-09-09T11:21:47.52745-07:00","Action":"output","Package":"github.com/ddworken/hishtory/client","Test":"TestParam/testInitialHistoryImport/zsh","Output":"    --- PASS: TestParam/testInitialHistoryImport/zsh (5.95s)\n"}
{"Time":"2023-09-09T11:21:47.527451-07:00","Action":"pass","Package":"github.com/ddworken/hishtory/client","Test":"TestParam/testInitialHistoryImport/zsh","Elapsed":5.95}
{"Time":"2023-09-09T11:21:47.527457-07:00","Action":"output","Package":"github.com/ddworken/hishtory/client","Test":"TestParam/testLocalRedaction/zsh","Output":"    --- PASS: TestParam/testLocalRedaction/zsh (2.72s)\n"}
{"Time":"2023-09-09T11:21:47.527459-07:00","Action":"pass","Package":"github.com/ddworken/hishtory/client","Test":"TestParam/testLocalRedaction/zsh","Elapsed":2.72}
{"Time":"2023-09-09T11:21:47.52746-07:00","Action":"output","Package":"github.com/ddworken/hishtory/client","Test":"TestParam/testLocalRedaction/offline/zsh","Output":"    --- PASS: TestParam/testLocalRedaction/offline/zsh (2.60s)\n"}
{"Time":"2023-09-09T11:21:47.527462-07:00","Action":"pass","Package":"github.com/ddworken/hishtory/client","Test":"TestParam/testLocalRedaction/offline/zsh","Elapsed":2.6}
{"Time":"2023-09-09T11:21:47.527464-07:00","Action":"output","Package":"github.com/ddworken/hishtory/client","Test":"TestParam/testRemoteRedaction/zsh","Output":"    --- PASS: TestParam/testRemoteRedaction/zsh (3.44s)\n"}
{"Time":"2023-09-09T11:21:47.527465-07:00","Action":"pass","Package":"github.com/ddworken/hishtory/client","Test":"TestParam/testRemoteRedaction/zsh","Elapsed":3.44}
{"Time":"2023-09-09T11:21:47.527467-07:00","Action":"output","Package":"github.com/ddworken/hishtory/client","Test":"TestParam/testMultipleUsers/zsh","Output":"    --- PASS: TestParam/testMultipleUsers/zsh (9.50s)\n"}
{"Time":"2023-09-09T11:21:47.527472-07:00","Action":"pass","Package":"github.com/ddworken/hishtory/client","Test":"TestParam/testMultipleUsers/zsh","Elapsed":9.5}
{"Time":"2023-09-09T11:21:47.527477-07:00","Action":"output","Package":"github.com/ddworken/hishtory/client","Test":"TestParam/testConfigGetSet/zsh","Output":"    --- PASS: TestParam/testConfigGetSet/zsh (3.36s)\n"}
{"Time":"2023-09-09T11:21:47.527482-07:00","Action":"pass","Package":"github.com/ddworken/hishtory/client","Test":"TestParam/testConfigGetSet/zsh","Elapsed":3.36}
{"Time":"2023-09-09T11:21:47.527483-07:00","Action":"output","Package":"github.com/ddworken/hishtory/client","Test":"TestParam/testHandleUpgradedFeatures/zsh","Output":"    --- PASS: TestParam/testHandleUpgradedFeatures/zsh (2.48s)\n"}
{"Time":"2023-09-09T11:21:47.527485-07:00","Action":"pass","Package":"github.com/ddworken/hishtory/client","Test":"TestParam/testHandleUpgradedFeatures/zsh","Elapsed":2.48}
{"Time":"2023-09-09T11:21:47.527486-07:00","Action":"output","Package":"github.com/ddworken/hishtory/client","Test":"TestParam/testCustomColumns/zsh","Output":"    --- FAIL: TestParam/testCustomColumns/zsh (6.61s)\n"}
{"Time":"2023-09-09T11:21:47.527487-07:00","Action":"fail","Package":"github.com/ddworken/hishtory/client","Test":"TestParam/testCustomColumns/zsh","Elapsed":6.61}
{"Time":"2023-09-09T11:21:47.527493-07:00","Action":"output","Package":"github.com/ddworken/hishtory/client","Test":"TestParam/testUninstall/zsh","Output":"    --- PASS: TestParam/testUninstall/zsh (5.32s)\n"}
{"Time":"2023-09-09T11:21:47.527494-07:00","Action":"pass","Package":"github.com/ddworken/hishtory/client","Test":"TestParam/testUninstall/zsh","Elapsed":5.32}
{"Time":"2023-09-09T11:21:47.527496-07:00","Action":"output","Package":"github.com/ddworken/hishtory/client","Test":"TestParam/testControlR/zsh/1","Output":"    --- SKIP: TestParam/testControlR/zsh/1 (5.31s)\n"}
{"Time":"2023-09-09T11:21:47.527497-07:00","Action":"skip","Package":"github.com/ddworken/hishtory/client","Test":"TestParam/testControlR/zsh/1","Elapsed":5.31}
{"Time":"2023-09-09T11:21:47.527499-07:00","Action":"output","Package":"github.com/ddworken/hishtory/client","Test":"TestParam/testControlR/zsh/2","Output":"    --- SKIP: TestParam/testControlR/zsh/2 (5.31s)\n"}
{"Time":"2023-09-09T11:21:47.527502-07:00","Action":"skip","Package":"github.com/ddworken/hishtory/client","Test":"TestParam/testControlR/zsh/2","Elapsed":5.31}
{"Time":"2023-09-09T11:21:47.527504-07:00","Action":"output","Package":"github.com/ddworken/hishtory/client","Test":"TestParam/testControlR/zsh/3","Output":"    --- FAIL: TestParam/testControlR/zsh/3 (5.28s)\n"}
{"Time":"2023-09-09T11:21:47.527508-07:00","Action":"fail","Package":"github.com/ddworken/hishtory/client","Test":"TestParam/testControlR/zsh/3","Elapsed":5.28}
{"Time":"2023-09-09T11:21:47.527514-07:00","Action":"output","Package":"github.com/ddworken/hishtory/client","Test":"TestParam/testControlR/offline/bash/1","Output":"    --- SKIP: TestParam/testControlR/offline/bash/1 (5.24s)\n"}
{"Time":"2023-09-09T11:21:47.527517-07:00","Action":"skip","Package":"github.com/ddworken/hishtory/client","Test":"TestParam/testControlR/offline/bash/1","Elapsed":5.24}
{"Time":"2023-09-09T11:21:47.527518-07:00","Action":"output","Package":"github.com/ddworken/hishtory/client","Test":"TestParam/testControlR/offline/bash/2","Output":"    --- SKIP: TestParam/testControlR/offline/bash/2 (5.23s)\n"}
{"Time":"2023-09-09T11:21:47.527523-07:00","Action":"skip","Package":"github.com/ddworken/hishtory/client","Test":"TestParam/testControlR/offline/bash/2","Elapsed":5.23}
{"Time":"2023-09-09T11:21:47.527524-07:00","Action":"output","Package":"github.com/ddworken/hishtory/client","Test":"TestParam/testControlR/offline/bash/3","Output":"    --- FAIL: TestParam/testControlR/offline/bash/3 (5.22s)\n"}
{"Time":"2023-09-09T11:21:47.527526-07:00","Action":"fail","Package":"github.com/ddworken/hishtory/client","Test":"TestParam/testControlR/offline/bash/3","Elapsed":5.22}
{"Time":"2023-09-09T11:21:47.527527-07:00","Action":"output","Package":"github.com/ddworken/hishtory/client","Test":"TestParam/testControlR/fish/1","Output":"    --- PASS: TestParam/testControlR/fish/1 (123.34s)\n"}
{"Time":"2023-09-09T11:21:47.527529-07:00","Action":"pass","Package":"github.com/ddworken/hishtory/client","Test":"TestParam/testControlR/fish/1","Elapsed":123.34}
{"Time":"2023-09-09T11:21:47.52753-07:00","Action":"output","Package":"github.com/ddworken/hishtory/client","Test":"TestParam/testTui/search/1","Output":"    --- SKIP: TestParam/testTui/search/1 (5.72s)\n"}
{"Time":"2023-09-09T11:21:47.527532-07:00","Action":"skip","Package":"github.com/ddworken/hishtory/client","Test":"TestParam/testTui/search/1","Elapsed":5.72}
{"Time":"2023-09-09T11:21:47.527538-07:00","Action":"output","Package":"github.com/ddworken/hishtory/client","Test":"TestParam/testTui/search/2","Output":"    --- SKIP: TestParam/testTui/search/2 (5.59s)\n"}
{"Time":"2023-09-09T11:21:47.52754-07:00","Action":"skip","Package":"github.com/ddworken/hishtory/client","Test":"TestParam/testTui/search/2","Elapsed":5.59}
{"Time":"2023-09-09T11:21:47.527541-07:00","Action":"output","Package":"github.com/ddworken/hishtory/client","Test":"TestParam/testTui/search/3","Output":"    --- SKIP: TestParam/testTui/search/3 (5.59s)\n"}
{"Time":"2023-09-09T11:21:47.527543-07:00","Action":"skip","Package":"github.com/ddworken/hishtory/client","Test":"TestParam/testTui/search/3","Elapsed":5.59}
{"Time":"2023-09-09T11:21:47.527544-07:00","Action":"output","Package":"github.com/ddworken/hishtory/client","Test":"TestParam/testTui/search/4","Output":"    --- SKIP: TestParam/testTui/search/4 (5.59s)\n"}
{"Time":"2023-09-09T11:21:47.527545-07:00","Action":"skip","Package":"github.com/ddworken/hishtory/client","Test":"TestParam/testTui/search/4","Elapsed":5.59}
{"Time":"2023-09-09T11:21:47.527547-07:00","Action":"output","Package":"github.com/ddworken/hishtory/client","Test":"TestParam/testTui/search/5","Output":"    --- SKIP: TestParam/testTui/search/5 (5.57s)\n"}
{"Time":"2023-09-09T11:21:47.527549-07:00","Action":"skip","Package":"github.com/ddworken/hishtory/client","Test":"TestParam/testTui/search/5","Elapsed":5.57}
{"Time":"2023-09-09T11:21:47.52755-07:00","Action":"output","Package":"github.com/ddworken/hishtory/client","Test":"TestParam/testTui/search/6","Output":"    --- SKIP: TestParam/testTui/search/6 (5.59s)\n"}
{"Time":"2023-09-09T11:21:47.527551-07:00","Action":"skip","Package":"github.com/ddworken/hishtory/client","Test":"TestParam/testTui/search/6","Elapsed":5.59}
{"Time":"2023-09-09T11:21:47.527555-07:00","Action":"output","Package":"github.com/ddworken/hishtory/client","Test":"TestParam/testTui/search/7","Output":"    --- FAIL: TestParam/testTui/search/7 (5.54s)\n"}
{"Time":"2023-09-09T11:21:47.527557-07:00","Action":"fail","Package":"github.com/ddworken/hishtory/client","Test":"TestParam/testTui/search/7","Elapsed":5.54}
{"Time":"2023-09-09T11:21:47.527558-07:00","Action":"output","Package":"github.com/ddworken/hishtory/client","Test":"TestParam/testTui/general/1","Output":"    --- PASS: TestParam/testTui/general/1 (28.88s)\n"}
{"Time":"2023-09-09T11:21:47.527561-07:00","Action":"pass","Package":"github.com/ddworken/hishtory/client","Test":"TestParam/testTui/general/1","Elapsed":28.88}
{"Time":"2023-09-09T11:21:47.527566-07:00","Action":"output","Package":"github.com/ddworken/hishtory/client","Test":"TestParam/testTui/scroll/1","Output":"    --- SKIP: TestParam/testTui/scroll/1 (10.56s)\n"}
{"Time":"2023-09-09T11:21:47.527576-07:00","Action":"skip","Package":"github.com/ddworken/hishtory/client","Test":"TestParam/testTui/scroll/1","Elapsed":10.56}
{"Time":"2023-09-09T11:21:47.527577-07:00","Action":"output","Package":"github.com/ddworken/hishtory/client","Test":"TestParam/testTui/scroll/2","Output":"    --- SKIP: TestParam/testTui/scroll/2 (10.41s)\n"}
{"Time":"2023-09-09T11:21:47.527579-07:00","Action":"skip","Package":"github.com/ddworken/hishtory/client","Test":"TestParam/testTui/scroll/2","Elapsed":10.41}
{"Time":"2023-09-09T11:21:47.52758-07:00","Action":"output","Package":"github.com/ddworken/hishtory/client","Test":"TestParam/testTui/scroll/3","Output":"    --- FAIL: TestParam/testTui/scroll/3 (10.40s)\n"}
{"Time":"2023-09-09T11:21:47.527581-07:00","Action":"fail","Package":"github.com/ddworken/hishtory/client","Test":"TestParam/testTui/scroll/3","Elapsed":10.4}
{"Time":"2023-09-09T11:21:47.527587-07:00","Action":"output","Package":"github.com/ddworken/hishtory/client","Test":"TestParam/testTui/resize/1","Output":"    --- PASS: TestParam/testTui/resize/1 (14.83s)\n"}
{"Time":"2023-09-09T11:21:47.527588-07:00","Action":"pass","Package":"github.com/ddworken/hishtory/client","Test":"TestParam/testTui/resize/1","Elapsed":14.83}
{"Time":"2023-09-09T11:21:47.52759-07:00","Action":"output","Package":"github.com/ddworken/hishtory/client","Test":"TestParam/testTui/delete/1","Output":"    --- PASS: TestParam/testTui/delete/1 (20.22s)\n"}
{"Time":"2023-09-09T11:21:47.527591-07:00","Action":"pass","Package":"github.com/ddworken/hishtory/client","Test":"TestParam/testTui/delete/1","Elapsed":20.22}
{"Time":"2023-09-09T11:21:47.527593-07:00","Action":"fail","Package":"github.com/ddworken/hishtory/client","Test":"TestParam","Elapsed":593.66}
{"Time":"2023-09-09T11:21:47.527594-07:00","Action":"run","Package":"github.com/ddworken/hishtory/client","Test":"TestInstallViaPythonScriptWithCustomHishtoryPath"}
{"Time":"2023-09-09T11:21:47.527596-07:00","Action":"output","Package":"github.com/ddworken/hishtory/client","Test":"TestInstallViaPythonScriptWithCustomHishtoryPath","Output":"=== RUN   TestInstallViaPythonScriptWithCustomHishtoryPath\n"}
{"Time":"2023-09-09T11:21:52.364348-07:00","Action":"output","Package":"github.com/ddworken/hishtory/client","Test":"TestInstallViaPythonScriptWithCustomHishtoryPath","Output":"--- PASS: TestInstallViaPythonScriptWithCustomHishtoryPath (4.84s)\n"}
{"Time":"2023-09-09T11:21:52.364374-07:00","Action":"pass","Package":"github.com/ddworken/hishtory/client","Test":"TestInstallViaPythonScriptWithCustomHishtoryPath","Elapsed":4.84}
{"Time":"2023-09-09T11:21:52.364378-07:00","Action":"run","Package":"github.com/ddworken/hishtory/client","Test":"TestStripBashTimePrefix"}
{"Time":"2023-09-09T11:21:52.36438-07:00","Action":"output","Package":"github.com/ddworken/hishtory/client","Test":"TestStripBashTimePrefix","Output":"=== RUN   TestStripBashTimePrefix\n"}
{"Time":"2023-09-09T11:21:53.631641-07:00","Action":"output","Package":"github.com/ddworken/hishtory/client","Test":"TestStripBashTimePrefix","Output":"--- PASS: TestStripBashTimePrefix (1.27s)\n"}
{"Time":"2023-09-09T11:21:53.63166-07:00","Action":"pass","Package":"github.com/ddworken/hishtory/client","Test":"TestStripBashTimePrefix","Elapsed":1.27}
{"Time":"2023-09-09T11:21:53.631672-07:00","Action":"run","Package":"github.com/ddworken/hishtory/client","Test":"TestFish"}
{"Time":"2023-09-09T11:21:53.631675-07:00","Action":"output","Package":"github.com/ddworken/hishtory/client","Test":"TestFish","Output":"=== RUN   TestFish\n"}
{"Time":"2023-09-09T11:22:03.878324-07:00","Action":"output","Package":"github.com/ddworken/hishtory/client","Test":"TestFish","Output":"--- PASS: TestFish (10.25s)\n"}
{"Time":"2023-09-09T11:22:03.878345-07:00","Action":"pass","Package":"github.com/ddworken/hishtory/client","Test":"TestFish","Elapsed":10.25}
{"Time":"2023-09-09T11:22:03.87835-07:00","Action":"run","Package":"github.com/ddworken/hishtory/client","Test":"TestTimestampFormat"}
{"Time":"2023-09-09T11:22:03.878352-07:00","Action":"output","Package":"github.com/ddworken/hishtory/client","Test":"TestTimestampFormat","Output":"=== RUN   TestTimestampFormat\n"}
{"Time":"2023-09-09T11:22:09.620935-07:00","Action":"output","Package":"github.com/ddworken/hishtory/client","Test":"TestTimestampFormat","Output":"--- PASS: TestTimestampFormat (5.74s)\n"}
{"Time":"2023-09-09T11:22:09.620951-07:00","Action":"pass","Package":"github.com/ddworken/hishtory/client","Test":"TestTimestampFormat","Elapsed":5.74}
{"Time":"2023-09-09T11:22:09.620956-07:00","Action":"run","Package":"github.com/ddworken/hishtory/client","Test":"TestZDotDir"}
{"Time":"2023-09-09T11:22:09.620958-07:00","Action":"output","Package":"github.com/ddworken/hishtory/client","Test":"TestZDotDir","Output":"=== RUN   TestZDotDir\n"}
{"Time":"2023-09-09T11:22:10.607788-07:00","Action":"output","Package":"github.com/ddworken/hishtory/client","Test":"TestZDotDir","Output":"--- PASS: TestZDotDir (0.99s)\n"}
{"Time":"2023-09-09T11:22:10.607809-07:00","Action":"pass","Package":"github.com/ddworken/hishtory/client","Test":"TestZDotDir","Elapsed":0.99}
{"Time":"2023-09-09T11:22:10.607814-07:00","Action":"run","Package":"github.com/ddworken/hishtory/client","Test":"TestRemoveDuplicateRows"}
{"Time":"2023-09-09T11:22:10.607816-07:00","Action":"output","Package":"github.com/ddworken/hishtory/client","Test":"TestRemoveDuplicateRows","Output":"=== RUN   TestRemoveDuplicateRows\n"}
{"Time":"2023-09-09T11:22:26.408376-07:00","Action":"output","Package":"github.com/ddworken/hishtory/client","Test":"TestRemoveDuplicateRows","Output":"--- PASS: TestRemoveDuplicateRows (15.80s)\n"}
{"Time":"2023-09-09T11:22:26.408398-07:00","Action":"pass","Package":"github.com/ddworken/hishtory/client","Test":"TestRemoveDuplicateRows","Elapsed":15.8}
{"Time":"2023-09-09T11:22:26.408403-07:00","Action":"run","Package":"github.com/ddworken/hishtory/client","Test":"TestSetConfigNoCorruption"}
{"Time":"2023-09-09T11:22:26.408412-07:00","Action":"output","Package":"github.com/ddworken/hishtory/client","Test":"TestSetConfigNoCorruption","Output":"=== RUN   TestSetConfigNoCorruption\n"}
{"Time":"2023-09-09T11:22:26.520769-07:00","Action":"output","Package":"github.com/ddworken/hishtory/client","Test":"TestSetConfigNoCorruption","Output":"--- PASS: TestSetConfigNoCorruption (0.11s)\n"}
{"Time":"2023-09-09T11:22:26.520792-07:00","Action":"pass","Package":"github.com/ddworken/hishtory/client","Test":"TestSetConfigNoCorruption","Elapsed":0.11}
{"Time":"2023-09-09T11:22:26.520796-07:00","Action":"run","Package":"github.com/ddworken/hishtory/client","Test":"FuzzTestMultipleUsers"}
{"Time":"2023-09-09T11:22:26.520799-07:00","Action":"output","Package":"github.com/ddworken/hishtory/client","Test":"FuzzTestMultipleUsers","Output":"=== RUN   FuzzTestMultipleUsers\n"}
{"Time":"2023-09-09T11:22:34.547686-07:00","Action":"run","Package":"github.com/ddworken/hishtory/client","Test":"FuzzTestMultipleUsers/seed#0"}
{"Time":"2023-09-09T11:22:34.547781-07:00","Action":"output","Package":"github.com/ddworken/hishtory/client","Test":"FuzzTestMultipleUsers/seed#0","Output":"=== RUN   FuzzTestMultipleUsers/seed#0\n"}
{"Time":"2023-09-09T11:22:36.545183-07:00","Action":"run","Package":"github.com/ddworken/hishtory/client","Test":"FuzzTestMultipleUsers/seed#1"}
{"Time":"2023-09-09T11:22:36.545201-07:00","Action":"output","Package":"github.com/ddworken/hishtory/client","Test":"FuzzTestMultipleUsers/seed#1","Output":"=== RUN   FuzzTestMultipleUsers/seed#1\n"}
{"Time":"2023-09-09T11:22:38.446601-07:00","Action":"run","Package":"github.com/ddworken/hishtory/client","Test":"FuzzTestMultipleUsers/seed#2"}
{"Time":"2023-09-09T11:22:38.446623-07:00","Action":"output","Package":"github.com/ddworken/hishtory/client","Test":"FuzzTestMultipleUsers/seed#2","Output":"=== RUN   FuzzTestMultipleUsers/seed#2\n"}
{"Time":"2023-09-09T11:22:40.718807-07:00","Action":"run","Package":"github.com/ddworken/hishtory/client","Test":"FuzzTestMultipleUsers/seed#3"}
{"Time":"2023-09-09T11:22:40.7191-07:00","Action":"output","Package":"github.com/ddworken/hishtory/client","Test":"FuzzTestMultipleUsers/seed#3","Output":"=== RUN   FuzzTestMultipleUsers/seed#3\n"}
{"Time":"2023-09-09T11:22:44.546244-07:00","Action":"run","Package":"github.com/ddworken/hishtory/client","Test":"FuzzTestMultipleUsers/seed#4"}
{"Time":"2023-09-09T11:22:44.546457-07:00","Action":"output","Package":"github.com/ddworken/hishtory/client","Test":"FuzzTestMultipleUsers/seed#4","Output":"=== RUN   FuzzTestMultipleUsers/seed#4\n"}
{"Time":"2023-09-09T11:22:52.170002-07:00","Action":"run","Package":"github.com/ddworken/hishtory/client","Test":"FuzzTestMultipleUsers/seed#5"}
{"Time":"2023-09-09T11:22:52.170314-07:00","Action":"output","Package":"github.com/ddworken/hishtory/client","Test":"FuzzTestMultipleUsers/seed#5","Output":"=== RUN   FuzzTestMultipleUsers/seed#5\n"}
{"Time":"2023-09-09T11:23:03.02485-07:00","Action":"run","Package":"github.com/ddworken/hishtory/client","Test":"FuzzTestMultipleUsers/seed#6"}
{"Time":"2023-09-09T11:23:03.024869-07:00","Action":"output","Package":"github.com/ddworken/hishtory/client","Test":"FuzzTestMultipleUsers/seed#6","Output":"=== RUN   FuzzTestMultipleUsers/seed#6\n"}
{"Time":"2023-09-09T11:23:09.374674-07:00","Action":"run","Package":"github.com/ddworken/hishtory/client","Test":"FuzzTestMultipleUsers/seed#7"}
{"Time":"2023-09-09T11:23:09.37469-07:00","Action":"output","Package":"github.com/ddworken/hishtory/client","Test":"FuzzTestMultipleUsers/seed#7","Output":"=== RUN   FuzzTestMultipleUsers/seed#7\n"}
{"Time":"2023-09-09T11:23:20.045763-07:00","Action":"run","Package":"github.com/ddworken/hishtory/client","Test":"FuzzTestMultipleUsers/seed#8"}
{"Time":"2023-09-09T11:23:20.045782-07:00","Action":"output","Package":"github.com/ddworken/hishtory/client","Test":"FuzzTestMultipleUsers/seed#8","Output":"=== RUN   FuzzTestMultipleUsers/seed#8\n"}
{"Time":"2023-09-09T11:23:22.76121-07:00","Action":"run","Package":"github.com/ddworken/hishtory/client","Test":"FuzzTestMultipleUsers/seed#9"}
{"Time":"2023-09-09T11:23:22.761226-07:00","Action":"output","Package":"github.com/ddworken/hishtory/client","Test":"FuzzTestMultipleUsers/seed#9","Output":"=== RUN   FuzzTestMultipleUsers/seed#9\n"}
{"Time":"2023-09-09T11:23:25.620475-07:00","Action":"run","Package":"github.com/ddworken/hishtory/client","Test":"FuzzTestMultipleUsers/seed#10"}
{"Time":"2023-09-09T11:23:25.620512-07:00","Action":"output","Package":"github.com/ddworken/hishtory/client","Test":"FuzzTestMultipleUsers/seed#10","Output":"=== RUN   FuzzTestMultipleUsers/seed#10\n"}
{"Time":"2023-09-09T11:23:47.660071-07:00","Action":"run","Package":"github.com/ddworken/hishtory/client","Test":"FuzzTestMultipleUsers/seed#11"}
{"Time":"2023-09-09T11:23:47.660087-07:00","Action":"output","Package":"github.com/ddworken/hishtory/client","Test":"FuzzTestMultipleUsers/seed#11","Output":"=== RUN   FuzzTestMultipleUsers/seed#11\n"}
{"Time":"2023-09-09T11:24:12.517166-07:00","Action":"run","Package":"github.com/ddworken/hishtory/client","Test":"FuzzTestMultipleUsers/seed#12"}
{"Time":"2023-09-09T11:24:12.517183-07:00","Action":"output","Package":"github.com/ddworken/hishtory/client","Test":"FuzzTestMultipleUsers/seed#12","Output":"=== RUN   FuzzTestMultipleUsers/seed#12\n"}
{"Time":"2023-09-09T11:24:37.845538-07:00","Action":"run","Package":"github.com/ddworken/hishtory/client","Test":"FuzzTestMultipleUsers/seed#13"}
{"Time":"2023-09-09T11:24:37.845556-07:00","Action":"output","Package":"github.com/ddworken/hishtory/client","Test":"FuzzTestMultipleUsers/seed#13","Output":"=== RUN   FuzzTestMultipleUsers/seed#13\n"}
{"Time":"2023-09-09T11:25:04.005928-07:00","Action":"run","Package":"github.com/ddworken/hishtory/client","Test":"FuzzTestMultipleUsers/seed#14"}
{"Time":"2023-09-09T11:25:04.006037-07:00","Action":"output","Package":"github.com/ddworken/hishtory/client","Test":"FuzzTestMultipleUsers/seed#14","Output":"=== RUN   FuzzTestMultipleUsers/seed#14\n"}
{"Time":"2023-09-09T11:25:06.12358-07:00","Action":"run","Package":"github.com/ddworken/hishtory/client","Test":"FuzzTestMultipleUsers/seed#15"}
{"Time":"2023-09-09T11:25:06.12363-07:00","Action":"output","Package":"github.com/ddworken/hishtory/client","Test":"FuzzTestMultipleUsers/seed#15","Output":"=== RUN   FuzzTestMultipleUsers/seed#15\n"}
{"Time":"2023-09-09T11:25:09.647487-07:00","Action":"run","Package":"github.com/ddworken/hishtory/client","Test":"FuzzTestMultipleUsers/seed#16"}
{"Time":"2023-09-09T11:25:09.647509-07:00","Action":"output","Package":"github.com/ddworken/hishtory/client","Test":"FuzzTestMultipleUsers/seed#16","Output":"=== RUN   FuzzTestMultipleUsers/seed#16\n"}
{"Time":"2023-09-09T11:25:19.325016-07:00","Action":"run","Package":"github.com/ddworken/hishtory/client","Test":"FuzzTestMultipleUsers/seed#17"}
{"Time":"2023-09-09T11:25:19.325036-07:00","Action":"output","Package":"github.com/ddworken/hishtory/client","Test":"FuzzTestMultipleUsers/seed#17","Output":"=== RUN   FuzzTestMultipleUsers/seed#17\n"}
{"Time":"2023-09-09T11:25:29.789023-07:00","Action":"output","Package":"github.com/ddworken/hishtory/client","Test":"FuzzTestMultipleUsers","Output":"--- PASS: FuzzTestMultipleUsers (183.27s)\n"}
{"Time":"2023-09-09T11:25:29.789045-07:00","Action":"output","Package":"github.com/ddworken/hishtory/client","Test":"FuzzTestMultipleUsers/seed#0","Output":"    --- PASS: FuzzTestMultipleUsers/seed#0 (2.00s)\n"}
{"Time":"2023-09-09T11:25:29.789058-07:00","Action":"pass","Package":"github.com/ddworken/hishtory/client","Test":"FuzzTestMultipleUsers/seed#0","Elapsed":2}
{"Time":"2023-09-09T11:25:29.789062-07:00","Action":"output","Package":"github.com/ddworken/hishtory/client","Test":"FuzzTestMultipleUsers/seed#1","Output":"    --- PASS: FuzzTestMultipleUsers/seed#1 (1.90s)\n"}
{"Time":"2023-09-09T11:25:29.789064-07:00","Action":"pass","Package":"github.com/ddworken/hishtory/client","Test":"FuzzTestMultipleUsers/seed#1","Elapsed":1.9}
{"Time":"2023-09-09T11:25:29.789066-07:00","Action":"output","Package":"github.com/ddworken/hishtory/client","Test":"FuzzTestMultipleUsers/seed#2","Output":"    --- PASS: FuzzTestMultipleUsers/seed#2 (2.27s)\n"}
{"Time":"2023-09-09T11:25:29.789068-07:00","Action":"pass","Package":"github.com/ddworken/hishtory/client","Test":"FuzzTestMultipleUsers/seed#2","Elapsed":2.27}
{"Time":"2023-09-09T11:25:29.789072-07:00","Action":"output","Package":"github.com/ddworken/hishtory/client","Test":"FuzzTestMultipleUsers/seed#3","Output":"    --- PASS: FuzzTestMultipleUsers/seed#3 (3.83s)\n"}
{"Time":"2023-09-09T11:25:29.789075-07:00","Action":"pass","Package":"github.com/ddworken/hishtory/client","Test":"FuzzTestMultipleUsers/seed#3","Elapsed":3.83}
{"Time":"2023-09-09T11:25:29.789076-07:00","Action":"output","Package":"github.com/ddworken/hishtory/client","Test":"FuzzTestMultipleUsers/seed#4","Output":"    --- PASS: FuzzTestMultipleUsers/seed#4 (7.62s)\n"}
{"Time":"2023-09-09T11:25:29.789078-07:00","Action":"pass","Package":"github.com/ddworken/hishtory/client","Test":"FuzzTestMultipleUsers/seed#4","Elapsed":7.62}
{"Time":"2023-09-09T11:25:29.789082-07:00","Action":"output","Package":"github.com/ddworken/hishtory/client","Test":"FuzzTestMultipleUsers/seed#5","Output":"    --- PASS: FuzzTestMultipleUsers/seed#5 (10.85s)\n"}
{"Time":"2023-09-09T11:25:29.789083-07:00","Action":"pass","Package":"github.com/ddworken/hishtory/client","Test":"FuzzTestMultipleUsers/seed#5","Elapsed":10.85}
{"Time":"2023-09-09T11:25:29.789089-07:00","Action":"output","Package":"github.com/ddworken/hishtory/client","Test":"FuzzTestMultipleUsers/seed#6","Output":"    --- PASS: FuzzTestMultipleUsers/seed#6 (6.35s)\n"}
{"Time":"2023-09-09T11:25:29.789093-07:00","Action":"pass","Package":"github.com/ddworken/hishtory/client","Test":"FuzzTestMultipleUsers/seed#6","Elapsed":6.35}
{"Time":"2023-09-09T11:25:29.789095-07:00","Action":"output","Package":"github.com/ddworken/hishtory/client","Test":"FuzzTestMultipleUsers/seed#7","Output":"    --- PASS: FuzzTestMultipleUsers/seed#7 (10.67s)\n"}
{"Time":"2023-09-09T11:25:29.789096-07:00","Action":"pass","Package":"github.com/ddworken/hishtory/client","Test":"FuzzTestMultipleUsers/seed#7","Elapsed":10.67}
{"Time":"2023-09-09T11:25:29.789098-07:00","Action":"output","Package":"github.com/ddworken/hishtory/client","Test":"FuzzTestMultipleUsers/seed#8","Output":"    --- PASS: FuzzTestMultipleUsers/seed#8 (2.72s)\n"}
{"Time":"2023-09-09T11:25:29.789107-07:00","Action":"pass","Package":"github.com/ddworken/hishtory/client","Test":"FuzzTestMultipleUsers/seed#8","Elapsed":2.72}
{"Time":"2023-09-09T11:25:29.789113-07:00","Action":"output","Package":"github.com/ddworken/hishtory/client","Test":"FuzzTestMultipleUsers/seed#9","Output":"    --- PASS: FuzzTestMultipleUsers/seed#9 (2.86s)\n"}
{"Time":"2023-09-09T11:25:29.789115-07:00","Action":"pass","Package":"github.com/ddworken/hishtory/client","Test":"FuzzTestMultipleUsers/seed#9","Elapsed":2.86}
{"Time":"2023-09-09T11:25:29.789121-07:00","Action":"output","Package":"github.com/ddworken/hishtory/client","Test":"FuzzTestMultipleUsers/seed#10","Output":"    --- PASS: FuzzTestMultipleUsers/seed#10 (22.04s)\n"}
{"Time":"2023-09-09T11:25:29.789129-07:00","Action":"pass","Package":"github.com/ddworken/hishtory/client","Test":"FuzzTestMultipleUsers/seed#10","Elapsed":22.04}
{"Time":"2023-09-09T11:25:29.789131-07:00","Action":"output","Package":"github.com/ddworken/hishtory/client","Test":"FuzzTestMultipleUsers/seed#11","Output":"    --- PASS: FuzzTestMultipleUsers/seed#11 (24.86s)\n"}
{"Time":"2023-09-09T11:25:29.789133-07:00","Action":"pass","Package":"github.com/ddworken/hishtory/client","Test":"FuzzTestMultipleUsers/seed#11","Elapsed":24.86}
{"Time":"2023-09-09T11:25:29.789134-07:00","Action":"output","Package":"github.com/ddworken/hishtory/client","Test":"FuzzTestMultipleUsers/seed#12","Output":"    --- PASS: FuzzTestMultipleUsers/seed#12 (25.33s)\n"}
{"Time":"2023-09-09T11:25:29.789136-07:00","Action":"pass","Package":"github.com/ddworken/hishtory/client","Test":"FuzzTestMultipleUsers/seed#12","Elapsed":25.33}
{"Time":"2023-09-09T11:25:29.789137-07:00","Action":"output","Package":"github.com/ddworken/hishtory/client","Test":"FuzzTestMultipleUsers/seed#13","Output":"    --- PASS: FuzzTestMultipleUsers/seed#13 (26.16s)\n"}
{"Time":"2023-09-09T11:25:29.789139-07:00","Action":"pass","Package":"github.com/ddworken/hishtory/client","Test":"FuzzTestMultipleUsers/seed#13","Elapsed":26.16}
{"Time":"2023-09-09T11:25:29.78914-07:00","Action":"output","Package":"github.com/ddworken/hishtory/client","Test":"FuzzTestMultipleUsers/seed#14","Output":"    --- PASS: FuzzTestMultipleUsers/seed#14 (2.12s)\n"}
{"Time":"2023-09-09T11:25:29.789141-07:00","Action":"pass","Package":"github.com/ddworken/hishtory/client","Test":"FuzzTestMultipleUsers/seed#14","Elapsed":2.12}
{"Time":"2023-09-09T11:25:29.789143-07:00","Action":"output","Package":"github.com/ddworken/hishtory/client","Test":"FuzzTestMultipleUsers/seed#15","Output":"    --- PASS: FuzzTestMultipleUsers/seed#15 (3.52s)\n"}
{"Time":"2023-09-09T11:25:29.789144-07:00","Action":"pass","Package":"github.com/ddworken/hishtory/client","Test":"FuzzTestMultipleUsers/seed#15","Elapsed":3.52}
{"Time":"2023-09-09T11:25:29.789145-07:00","Action":"output","Package":"github.com/ddworken/hishtory/client","Test":"FuzzTestMultipleUsers/seed#16","Output":"    --- PASS: FuzzTestMultipleUsers/seed#16 (9.68s)\n"}
{"Time":"2023-09-09T11:25:29.789147-07:00","Action":"pass","Package":"github.com/ddworken/hishtory/client","Test":"FuzzTestMultipleUsers/seed#16","Elapsed":9.68}
{"Time":"2023-09-09T11:25:29.789148-07:00","Action":"output","Package":"github.com/ddworken/hishtory/client","Test":"FuzzTestMultipleUsers/seed#17","Output":"    --- PASS: FuzzTestMultipleUsers/seed#17 (10.46s)\n"}
{"Time":"2023-09-09T11:25:29.78915-07:00","Action":"pass","Package":"github.com/ddworken/hishtory/client","Test":"FuzzTestMultipleUsers/seed#17","Elapsed":10.46}
{"Time":"2023-09-09T11:25:29.789151-07:00","Action":"pass","Package":"github.com/ddworken/hishtory/client","Test":"FuzzTestMultipleUsers","Elapsed":183.27}
{"Time":"2023-09-09T11:25:29.789152-07:00","Action":"output","Package":"github.com/ddworken/hishtory/client","Output":"FAIL\n"}
{"Time":"2023-09-09T11:25:29.794621-07:00","Action":"output","Package":"github.com/ddworken/hishtory/client","Output":"FAIL\tgithub.com/ddworken/hishtory/client\t825.516s\n"}
{"Time":"2023-09-09T11:25:29.794639-07:00","Action":"fail","Package":"github.com/ddworken/hishtory/client","Elapsed":825.517}
{"Time":"2023-09-09T11:25:33.544609-07:00","Action":"run","Package":"github.com/ddworken/hishtory/client/cmd","Test":"TestBuildHistoryEntry"}
{"Time":"2023-09-09T11:25:33.544677-07:00","Action":"output","Package":"github.com/ddworken/hishtory/client/cmd","Test":"TestBuildHistoryEntry","Output":"=== RUN   TestBuildHistoryEntry\n"}
{"Time":"2023-09-09T11:25:41.336769-07:00","Action":"output","Package":"github.com/ddworken/hishtory/client/cmd","Test":"TestBuildHistoryEntry","Output":"Setting secret hishtory key to 8e9e955c-38c0-4763-b682-ed90d77ae423\n"}
{"Time":"2023-09-09T11:25:41.382126-07:00","Action":"output","Package":"github.com/ddworken/hishtory/client/cmd","Test":"TestBuildHistoryEntry","Output":"--- PASS: TestBuildHistoryEntry (7.84s)\n"}
{"Time":"2023-09-09T11:25:41.382176-07:00","Action":"pass","Package":"github.com/ddworken/hishtory/client/cmd","Test":"TestBuildHistoryEntry","Elapsed":7.84}
{"Time":"2023-09-09T11:25:41.382189-07:00","Action":"run","Package":"github.com/ddworken/hishtory/client/cmd","Test":"TestBuildHistoryEntryWithTimestampStripping"}
{"Time":"2023-09-09T11:25:41.382196-07:00","Action":"output","Package":"github.com/ddworken/hishtory/client/cmd","Test":"TestBuildHistoryEntryWithTimestampStripping","Output":"=== RUN   TestBuildHistoryEntryWithTimestampStripping\n"}
{"Time":"2023-09-09T11:25:48.620197-07:00","Action":"output","Package":"github.com/ddworken/hishtory/client/cmd","Test":"TestBuildHistoryEntryWithTimestampStripping","Output":"Setting secret hishtory key to 8e68f2a7-7fec-436a-bffe-1f0545e7ec7d\n"}
{"Time":"2023-09-09T11:25:48.670708-07:00","Action":"output","Package":"github.com/ddworken/hishtory/client/cmd","Test":"TestBuildHistoryEntryWithTimestampStripping","Output":"--- PASS: TestBuildHistoryEntryWithTimestampStripping (7.29s)\n"}
{"Time":"2023-09-09T11:25:48.670737-07:00","Action":"pass","Package":"github.com/ddworken/hishtory/client/cmd","Test":"TestBuildHistoryEntryWithTimestampStripping","Elapsed":7.29}
{"Time":"2023-09-09T11:25:48.670745-07:00","Action":"run","Package":"github.com/ddworken/hishtory/client/cmd","Test":"TestParseCrossPlatformInt"}
{"Time":"2023-09-09T11:25:48.670748-07:00","Action":"output","Package":"github.com/ddworken/hishtory/client/cmd","Test":"TestParseCrossPlatformInt","Output":"=== RUN   TestParseCrossPlatformInt\n"}
{"Time":"2023-09-09T11:25:48.670755-07:00","Action":"output","Package":"github.com/ddworken/hishtory/client/cmd","Test":"TestParseCrossPlatformInt","Output":"--- PASS: TestParseCrossPlatformInt (0.00s)\n"}
{"Time":"2023-09-09T11:25:48.670759-07:00","Action":"pass","Package":"github.com/ddworken/hishtory/client/cmd","Test":"TestParseCrossPlatformInt","Elapsed":0}
{"Time":"2023-09-09T11:25:48.670762-07:00","Action":"run","Package":"github.com/ddworken/hishtory/client/cmd","Test":"TestBuildRegexFromTimeFormat"}
{"Time":"2023-09-09T11:25:48.670765-07:00","Action":"output","Package":"github.com/ddworken/hishtory/client/cmd","Test":"TestBuildRegexFromTimeFormat","Output":"=== RUN   TestBuildRegexFromTimeFormat\n"}
{"Time":"2023-09-09T11:25:48.670768-07:00","Action":"output","Package":"github.com/ddworken/hishtory/client/cmd","Test":"TestBuildRegexFromTimeFormat","Output":"--- PASS: TestBuildRegexFromTimeFormat (0.00s)\n"}
{"Time":"2023-09-09T11:25:48.670786-07:00","Action":"pass","Package":"github.com/ddworken/hishtory/client/cmd","Test":"TestBuildRegexFromTimeFormat","Elapsed":0}
{"Time":"2023-09-09T11:25:48.67079-07:00","Action":"run","Package":"github.com/ddworken/hishtory/client/cmd","Test":"TestGetLastCommand"}
{"Time":"2023-09-09T11:25:48.670795-07:00","Action":"output","Package":"github.com/ddworken/hishtory/client/cmd","Test":"TestGetLastCommand","Output":"=== RUN   TestGetLastCommand\n"}
{"Time":"2023-09-09T11:25:48.670804-07:00","Action":"output","Package":"github.com/ddworken/hishtory/client/cmd","Test":"TestGetLastCommand","Output":"--- PASS: TestGetLastCommand (0.00s)\n"}
{"Time":"2023-09-09T11:25:48.670807-07:00","Action":"pass","Package":"github.com/ddworken/hishtory/client/cmd","Test":"TestGetLastCommand","Elapsed":0}
{"Time":"2023-09-09T11:25:48.670809-07:00","Action":"run","Package":"github.com/ddworken/hishtory/client/cmd","Test":"TestMaybeSkipBashHistTimePrefix"}
{"Time":"2023-09-09T11:25:48.670812-07:00","Action":"output","Package":"github.com/ddworken/hishtory/client/cmd","Test":"TestMaybeSkipBashHistTimePrefix","Output":"=== RUN   TestMaybeSkipBashHistTimePrefix\n"}
{"Time":"2023-09-09T11:25:48.671437-07:00","Action":"output","Package":"github.com/ddworken/hishtory/client/cmd","Test":"TestMaybeSkipBashHistTimePrefix","Output":"--- PASS: TestMaybeSkipBashHistTimePrefix (0.00s)\n"}
{"Time":"2023-09-09T11:25:48.671444-07:00","Action":"pass","Package":"github.com/ddworken/hishtory/client/cmd","Test":"TestMaybeSkipBashHistTimePrefix","Elapsed":0}
{"Time":"2023-09-09T11:25:48.671448-07:00","Action":"output","Package":"github.com/ddworken/hishtory/client/cmd","Output":"PASS\n"}
{"Time":"2023-09-09T11:25:48.672832-07:00","Action":"output","Package":"github.com/ddworken/hishtory/client/cmd","Output":"ok  \tgithub.com/ddworken/hishtory/client/cmd\t15.540s\n"}
{"Time":"2023-09-09T11:25:48.683373-07:00","Action":"pass","Package":"github.com/ddworken/hishtory/client/cmd","Elapsed":15.551}
{"Time":"2023-09-09T11:25:48.948615-07:00","Action":"run","Package":"github.com/ddworken/hishtory/client/data","Test":"TestEncryptDecrypt"}
{"Time":"2023-09-09T11:25:48.948641-07:00","Action":"output","Package":"github.com/ddworken/hishtory/client/data","Test":"TestEncryptDecrypt","Output":"=== RUN   TestEncryptDecrypt\n"}
{"Time":"2023-09-09T11:25:48.948672-07:00","Action":"output","Package":"github.com/ddworken/hishtory/client/data","Test":"TestEncryptDecrypt","Output":"--- PASS: TestEncryptDecrypt (0.00s)\n"}
{"Time":"2023-09-09T11:25:48.948677-07:00","Action":"pass","Package":"github.com/ddworken/hishtory/client/data","Test":"TestEncryptDecrypt","Elapsed":0}
{"Time":"2023-09-09T11:25:48.948682-07:00","Action":"run","Package":"github.com/ddworken/hishtory/client/data","Test":"TestCustomColumnSerialization"}
{"Time":"2023-09-09T11:25:48.948684-07:00","Action":"output","Package":"github.com/ddworken/hishtory/client/data","Test":"TestCustomColumnSerialization","Output":"=== RUN   TestCustomColumnSerialization\n"}
{"Time":"2023-09-09T11:25:48.948695-07:00","Action":"output","Package":"github.com/ddworken/hishtory/client/data","Test":"TestCustomColumnSerialization","Output":"--- PASS: TestCustomColumnSerialization (0.00s)\n"}
{"Time":"2023-09-09T11:25:48.9487-07:00","Action":"pass","Package":"github.com/ddworken/hishtory/client/data","Test":"TestCustomColumnSerialization","Elapsed":0}
{"Time":"2023-09-09T11:25:48.948704-07:00","Action":"output","Package":"github.com/ddworken/hishtory/client/data","Output":"PASS\n"}
{"Time":"2023-09-09T11:25:48.948989-07:00","Action":"output","Package":"github.com/ddworken/hishtory/client/data","Output":"ok  \tgithub.com/ddworken/hishtory/client/data\t0.156s\n"}
{"Time":"2023-09-09T11:25:48.951574-07:00","Action":"pass","Package":"github.com/ddworken/hishtory/client/data","Elapsed":0.159}
{"Time":"2023-09-09T11:25:48.952061-07:00","Action":"output","Package":"github.com/ddworken/hishtory/client/hctx","Output":"?   \tgithub.com/ddworken/hishtory/client/hctx\t[no test files]\n"}
{"Time":"2023-09-09T11:25:48.952065-07:00","Action":"skip","Package":"github.com/ddworken/hishtory/client/hctx","Elapsed":0}
{"Time":"2023-09-09T11:25:50.707889-07:00","Action":"run","Package":"github.com/ddworken/hishtory/client/lib","Test":"TestSetup"}
{"Time":"2023-09-09T11:25:50.707965-07:00","Action":"output","Package":"github.com/ddworken/hishtory/client/lib","Test":"TestSetup","Output":"=== RUN   TestSetup\n"}
{"Time":"2023-09-09T11:25:57.925881-07:00","Action":"output","Package":"github.com/ddworken/hishtory/client/lib","Test":"TestSetup","Output":"Setting secret hishtory key to ebdbb4e6-3ea6-46ad-a645-94f51f022e63\n"}
{"Time":"2023-09-09T11:25:57.970131-07:00","Action":"output","Package":"github.com/ddworken/hishtory/client/lib","Test":"TestSetup","Output":"--- PASS: TestSetup (7.26s)\n"}
{"Time":"2023-09-09T11:25:57.970163-07:00","Action":"pass","Package":"github.com/ddworken/hishtory/client/lib","Test":"TestSetup","Elapsed":7.26}
{"Time":"2023-09-09T11:25:57.970182-07:00","Action":"run","Package":"github.com/ddworken/hishtory/client/lib","Test":"TestSetupOffline"}
{"Time":"2023-09-09T11:25:57.970186-07:00","Action":"output","Package":"github.com/ddworken/hishtory/client/lib","Test":"TestSetupOffline","Output":"=== RUN   TestSetupOffline\n"}
{"Time":"2023-09-09T11:26:05.199218-07:00","Action":"output","Package":"github.com/ddworken/hishtory/client/lib","Test":"TestSetupOffline","Output":"Setting secret hishtory key to 404fb0fe-a76f-485a-b36b-954d7ce4cefd\n"}
{"Time":"2023-09-09T11:26:05.232744-07:00","Action":"output","Package":"github.com/ddworken/hishtory/client/lib","Test":"TestSetupOffline","Output":"--- PASS: TestSetupOffline (7.26s)\n"}
{"Time":"2023-09-09T11:26:05.232786-07:00","Action":"pass","Package":"github.com/ddworken/hishtory/client/lib","Test":"TestSetupOffline","Elapsed":7.26}
{"Time":"2023-09-09T11:26:05.232798-07:00","Action":"run","Package":"github.com/ddworken/hishtory/client/lib","Test":"TestPersist"}
{"Time":"2023-09-09T11:26:05.232802-07:00","Action":"output","Package":"github.com/ddworken/hishtory/client/lib","Test":"TestPersist","Output":"=== RUN   TestPersist\n"}
{"Time":"2023-09-09T11:26:05.253588-07:00","Action":"output","Package":"github.com/ddworken/hishtory/client/lib","Test":"TestPersist","Output":"--- PASS: TestPersist (0.02s)\n"}
{"Time":"2023-09-09T11:26:05.253865-07:00","Action":"pass","Package":"github.com/ddworken/hishtory/client/lib","Test":"TestPersist","Elapsed":0.02}
{"Time":"2023-09-09T11:26:05.253874-07:00","Action":"run","Package":"github.com/ddworken/hishtory/client/lib","Test":"TestSearch"}
{"Time":"2023-09-09T11:26:05.253886-07:00","Action":"output","Package":"github.com/ddworken/hishtory/client/lib","Test":"TestSearch","Output":"=== RUN   TestSearch\n"}
{"Time":"2023-09-09T11:26:05.27103-07:00","Action":"output","Package":"github.com/ddworken/hishtory/client/lib","Test":"TestSearch","Output":"--- PASS: TestSearch (0.02s)\n"}
{"Time":"2023-09-09T11:26:05.271056-07:00","Action":"pass","Package":"github.com/ddworken/hishtory/client/lib","Test":"TestSearch","Elapsed":0.02}
{"Time":"2023-09-09T11:26:05.271062-07:00","Action":"run","Package":"github.com/ddworken/hishtory/client/lib","Test":"TestAddToDbIfNew"}
{"Time":"2023-09-09T11:26:05.271064-07:00","Action":"output","Package":"github.com/ddworken/hishtory/client/lib","Test":"TestAddToDbIfNew","Output":"=== RUN   TestAddToDbIfNew\n"}
{"Time":"2023-09-09T11:26:05.282562-07:00","Action":"output","Package":"github.com/ddworken/hishtory/client/lib","Test":"TestAddToDbIfNew","Output":"--- PASS: TestAddToDbIfNew (0.01s)\n"}
{"Time":"2023-09-09T11:26:05.282593-07:00","Action":"pass","Package":"github.com/ddworken/hishtory/client/lib","Test":"TestAddToDbIfNew","Elapsed":0.01}
{"Time":"2023-09-09T11:26:05.282603-07:00","Action":"run","Package":"github.com/ddworken/hishtory/client/lib","Test":"TestChunks"}
{"Time":"2023-09-09T11:26:05.282606-07:00","Action":"output","Package":"github.com/ddworken/hishtory/client/lib","Test":"TestChunks","Output":"=== RUN   TestChunks\n"}
{"Time":"2023-09-09T11:26:05.282626-07:00","Action":"output","Package":"github.com/ddworken/hishtory/client/lib","Test":"TestChunks","Output":"--- PASS: TestChunks (0.00s)\n"}
{"Time":"2023-09-09T11:26:05.282629-07:00","Action":"pass","Package":"github.com/ddworken/hishtory/client/lib","Test":"TestChunks","Elapsed":0}
{"Time":"2023-09-09T11:26:05.282631-07:00","Action":"run","Package":"github.com/ddworken/hishtory/client/lib","Test":"TestZshWeirdness"}
{"Time":"2023-09-09T11:26:05.282633-07:00","Action":"output","Package":"github.com/ddworken/hishtory/client/lib","Test":"TestZshWeirdness","Output":"=== RUN   TestZshWeirdness\n"}
{"Time":"2023-09-09T11:26:05.282697-07:00","Action":"output","Package":"github.com/ddworken/hishtory/client/lib","Test":"TestZshWeirdness","Output":"--- PASS: TestZshWeirdness (0.00s)\n"}
{"Time":"2023-09-09T11:26:05.282699-07:00","Action":"pass","Package":"github.com/ddworken/hishtory/client/lib","Test":"TestZshWeirdness","Elapsed":0}
{"Time":"2023-09-09T11:26:05.282701-07:00","Action":"run","Package":"github.com/ddworken/hishtory/client/lib","Test":"TestParseTimeGenerously"}
{"Time":"2023-09-09T11:26:05.282703-07:00","Action":"output","Package":"github.com/ddworken/hishtory/client/lib","Test":"TestParseTimeGenerously","Output":"=== RUN   TestParseTimeGenerously\n"}
{"Time":"2023-09-09T11:26:05.282783-07:00","Action":"output","Package":"github.com/ddworken/hishtory/client/lib","Test":"TestParseTimeGenerously","Output":"--- PASS: TestParseTimeGenerously (0.00s)\n"}
{"Time":"2023-09-09T11:26:05.28279-07:00","Action":"pass","Package":"github.com/ddworken/hishtory/client/lib","Test":"TestParseTimeGenerously","Elapsed":0}
{"Time":"2023-09-09T11:26:05.282805-07:00","Action":"run","Package":"github.com/ddworken/hishtory/client/lib","Test":"TestUnescape"}
{"Time":"2023-09-09T11:26:05.282807-07:00","Action":"output","Package":"github.com/ddworken/hishtory/client/lib","Test":"TestUnescape","Output":"=== RUN   TestUnescape\n"}
{"Time":"2023-09-09T11:26:05.28281-07:00","Action":"output","Package":"github.com/ddworken/hishtory/client/lib","Test":"TestUnescape","Output":"--- PASS: TestUnescape (0.00s)\n"}
{"Time":"2023-09-09T11:26:05.282812-07:00","Action":"pass","Package":"github.com/ddworken/hishtory/client/lib","Test":"TestUnescape","Elapsed":0}
{"Time":"2023-09-09T11:26:05.282813-07:00","Action":"run","Package":"github.com/ddworken/hishtory/client/lib","Test":"TestContainsUnescaped"}
{"Time":"2023-09-09T11:26:05.282815-07:00","Action":"output","Package":"github.com/ddworken/hishtory/client/lib","Test":"TestContainsUnescaped","Output":"=== RUN   TestContainsUnescaped\n"}
{"Time":"2023-09-09T11:26:05.282817-07:00","Action":"output","Package":"github.com/ddworken/hishtory/client/lib","Test":"TestContainsUnescaped","Output":"--- PASS: TestContainsUnescaped (0.00s)\n"}
{"Time":"2023-09-09T11:26:05.282818-07:00","Action":"pass","Package":"github.com/ddworken/hishtory/client/lib","Test":"TestContainsUnescaped","Elapsed":0}
{"Time":"2023-09-09T11:26:05.28282-07:00","Action":"run","Package":"github.com/ddworken/hishtory/client/lib","Test":"TestSplitEscaped"}
{"Time":"2023-09-09T11:26:05.282821-07:00","Action":"output","Package":"github.com/ddworken/hishtory/client/lib","Test":"TestSplitEscaped","Output":"=== RUN   TestSplitEscaped\n"}
{"Time":"2023-09-09T11:26:05.282829-07:00","Action":"output","Package":"github.com/ddworken/hishtory/client/lib","Test":"TestSplitEscaped","Output":"--- PASS: TestSplitEscaped (0.00s)\n"}
{"Time":"2023-09-09T11:26:05.282831-07:00","Action":"pass","Package":"github.com/ddworken/hishtory/client/lib","Test":"TestSplitEscaped","Elapsed":0}
{"Time":"2023-09-09T11:26:05.282833-07:00","Action":"output","Package":"github.com/ddworken/hishtory/client/lib","Output":"PASS\n"}
{"Time":"2023-09-09T11:26:05.28403-07:00","Action":"output","Package":"github.com/ddworken/hishtory/client/lib","Output":"ok  \tgithub.com/ddworken/hishtory/client/lib\t14.978s\n"}
{"Time":"2023-09-09T11:26:05.293064-07:00","Action":"pass","Package":"github.com/ddworken/hishtory/client/lib","Elapsed":14.987}
{"Time":"2023-09-09T11:26:05.635192-07:00","Action":"run","Package":"github.com/ddworken/hishtory/client/table","Test":"TestFromValues"}
{"Time":"2023-09-09T11:26:05.63522-07:00","Action":"output","Package":"github.com/ddworken/hishtory/client/table","Test":"TestFromValues","Output":"=== RUN   TestFromValues\n"}
{"Time":"2023-09-09T11:26:05.635413-07:00","Action":"output","Package":"github.com/ddworken/hishtory/client/table","Test":"TestFromValues","Output":"--- PASS: TestFromValues (0.00s)\n"}
{"Time":"2023-09-09T11:26:05.635422-07:00","Action":"pass","Package":"github.com/ddworken/hishtory/client/table","Test":"TestFromValues","Elapsed":0}
{"Time":"2023-09-09T11:26:05.635429-07:00","Action":"run","Package":"github.com/ddworken/hishtory/client/table","Test":"TestFromValuesWithTabSeparator"}
{"Time":"2023-09-09T11:26:05.63543-07:00","Action":"output","Package":"github.com/ddworken/hishtory/client/table","Test":"TestFromValuesWithTabSeparator","Output":"=== RUN   TestFromValuesWithTabSeparator\n"}
{"Time":"2023-09-09T11:26:05.635442-07:00","Action":"output","Package":"github.com/ddworken/hishtory/client/table","Test":"TestFromValuesWithTabSeparator","Output":"--- PASS: TestFromValuesWithTabSeparator (0.00s)\n"}
{"Time":"2023-09-09T11:26:05.635445-07:00","Action":"pass","Package":"github.com/ddworken/hishtory/client/table","Test":"TestFromValuesWithTabSeparator","Elapsed":0}
{"Time":"2023-09-09T11:26:05.635446-07:00","Action":"run","Package":"github.com/ddworken/hishtory/client/table","Test":"TestHScoll"}
{"Time":"2023-09-09T11:26:05.635448-07:00","Action":"output","Package":"github.com/ddworken/hishtory/client/table","Test":"TestHScoll","Output":"=== RUN   TestHScoll\n"}
{"Time":"2023-09-09T11:26:05.63629-07:00","Action":"output","Package":"github.com/ddworken/hishtory/client/table","Test":"TestHScoll","Output":"--- PASS: TestHScoll (0.00s)\n"}
{"Time":"2023-09-09T11:26:05.636307-07:00","Action":"pass","Package":"github.com/ddworken/hishtory/client/table","Test":"TestHScoll","Elapsed":0}
{"Time":"2023-09-09T11:26:05.63631-07:00","Action":"output","Package":"github.com/ddworken/hishtory/client/table","Output":"PASS\n"}
{"Time":"2023-09-09T11:26:05.636565-07:00","Action":"output","Package":"github.com/ddworken/hishtory/client/table","Output":"ok  \tgithub.com/ddworken/hishtory/client/table\t0.164s\n"}
{"Time":"2023-09-09T11:26:05.638575-07:00","Action":"pass","Package":"github.com/ddworken/hishtory/client/table","Elapsed":0.166}
{"Time":"2023-09-09T11:26:05.639144-07:00","Action":"output","Package":"github.com/ddworken/hishtory/shared","Output":"?   \tgithub.com/ddworken/hishtory/shared\t[no test files]\n"}
{"Time":"2023-09-09T11:26:05.639152-07:00","Action":"skip","Package":"github.com/ddworken/hishtory/shared","Elapsed":0}
{"Time":"2023-09-09T11:26:05.63916-07:00","Action":"output","Package":"github.com/ddworken/hishtory/shared/testutils","Output":"?   \tgithub.com/ddworken/hishtory/shared/testutils\t[no test files]\n"}
{"Time":"2023-09-09T11:26:05.639162-07:00","Action":"skip","Package":"github.com/ddworken/hishtory/shared/testutils","Elapsed":0}
{"Time":"2023-09-09T11:26:17.00027-07:00","Action":"run","Package":"github.com/ddworken/hishtory/client","Test":"TestParam"}
{"Time":"2023-09-09T11:26:17.000415-07:00","Action":"output","Package":"github.com/ddworken/hishtory/client","Test":"TestParam","Output":"=== RUN   TestParam\n"}
{"Time":"2023-09-09T11:26:17.002911-07:00","Action":"output","Package":"github.com/ddworken/hishtory/client","Test":"TestParam","Output":"--- PASS: TestParam (0.00s)\n"}
{"Time":"2023-09-09T11:26:17.002933-07:00","Action":"output","Package":"github.com/ddworken/hishtory/client","Test":"TestParam","Output":"testing: warning: no tests to run\n"}
{"Time":"2023-09-09T11:26:17.002936-07:00","Action":"pass","Package":"github.com/ddworken/hishtory/client","Test":"TestParam","Elapsed":0}
{"Time":"2023-09-09T11:26:17.002938-07:00","Action":"output","Package":"github.com/ddworken/hishtory/client","Output":"PASS\n"}
{"Time":"2023-09-09T11:26:17.003794-07:00","Action":"output","Package":"github.com/ddworken/hishtory/client","Output":"ok  \tgithub.com/ddworken/hishtory/client\t8.431s [no tests to run]\n"}
{"Time":"2023-09-09T11:26:17.005551-07:00","Action":"pass","Package":"github.com/ddworken/hishtory/client","Elapsed":8.433}
{"Time":"2023-09-09T11:26:27.344658-07:00","Action":"run","Package":"github.com/ddworken/hishtory/client","Test":"TestParam"}
{"Time":"2023-09-09T11:26:27.344756-07:00","Action":"output","Package":"github.com/ddworken/hishtory/client","Test":"TestParam","Output":"=== RUN   TestParam\n"}
{"Time":"2023-09-09T11:26:27.345154-07:00","Action":"run","Package":"github.com/ddworken/hishtory/client","Test":"TestParam/testCustomColumns/zsh"}
{"Time":"2023-09-09T11:26:27.345163-07:00","Action":"output","Package":"github.com/ddworken/hishtory/client","Test":"TestParam/testCustomColumns/zsh","Output":"=== RUN   TestParam/testCustomColumns/zsh\n"}
{"Time":"2023-09-09T11:26:34.404529-07:00","Action":"output","Package":"github.com/ddworken/hishtory/client","Test":"TestParam/testCustomColumns/zsh","Output":"    testutils.go:366: hishtory golden mismatch for testCustomColumns-tquery-zsh at /Users/david/code/hishtory/client/client_test.go:2337 (-expected +got):\n"}
{"Time":"2023-09-09T11:26:34.404562-07:00","Action":"output","Package":"github.com/ddworken/hishtory/client","Test":"TestParam/testCustomColumns/zsh","Output":"          strings.Join({\n"}
{"Time":"2023-09-09T11:26:34.404573-07:00","Action":"output","Package":"github.com/ddworken/hishtory/client","Test":"TestParam/testCustomColumns/zsh","Output":"          \t... // 524 identical bytes\n"}
{"Time":"2023-09-09T11:26:34.404576-07:00","Action":"output","Package":"github.com/ddworken/hishtory/client","Test":"TestParam/testCustomColumns/zsh","Output":"          \t\"─────────────────────\\xe2\",\n"}
{"Time":"2023-09-09T11:26:34.404579-07:00","Action":"output","Package":"github.com/ddworken/hishtory/client","Test":"TestParam/testCustomColumns/zsh","Output":"          \t\"\\x94\\x80────────────────────\\xe2\\x94\",\n"}
{"Time":"2023-09-09T11:26:34.404585-07:00","Action":"output","Package":"github.com/ddworken/hishtory/client","Test":"TestParam/testCustomColumns/zsh","Output":"        + \t\"\\x80\\xe2\\x94\",\n"}
{"Time":"2023-09-09T11:26:34.404587-07:00","Action":"output","Package":"github.com/ddworken/hishtory/client","Test":"TestParam/testCustomColumns/zsh","Output":"          \t\"\\x90\\n│ Exit Code  git_remote                            Command  \",\n"}
{"Time":"2023-09-09T11:26:34.404589-07:00","Action":"output","Package":"github.com/ddworken/hishtory/client","Test":"TestParam/testCustomColumns/zsh","Output":"          \t\"                                                                \",\n"}
{"Time":"2023-09-09T11:26:34.40459-07:00","Action":"output","Package":"github.com/ddworken/hishtory/client","Test":"TestParam/testCustomColumns/zsh","Output":"          \t\"                                                              \",\n"}
{"Time":"2023-09-09T11:26:34.404599-07:00","Action":"output","Package":"github.com/ddworken/hishtory/client","Test":"TestParam/testCustomColumns/zsh","Output":"        + \t\" \",\n"}
{"Time":"2023-09-09T11:26:34.404601-07:00","Action":"output","Package":"github.com/ddworken/hishtory/client","Test":"TestParam/testCustomColumns/zsh","Output":"          \t\"│\\n│───────────────────\",\n"}
{"Time":"2023-09-09T11:26:34.404604-07:00","Action":"output","Package":"github.com/ddworken/hishtory/client","Test":"TestParam/testCustomColumns/zsh","Output":"          \t\"─────────────────────\\xe2\",\n"}
{"Time":"2023-09-09T11:26:34.404605-07:00","Action":"output","Package":"github.com/ddworken/hishtory/client","Test":"TestParam/testCustomColumns/zsh","Output":"          \t... // 308 identical bytes\n"}
{"Time":"2023-09-09T11:26:34.404607-07:00","Action":"output","Package":"github.com/ddworken/hishtory/client","Test":"TestParam/testCustomColumns/zsh","Output":"          \t\"─────────────────────\\xe2\",\n"}
{"Time":"2023-09-09T11:26:34.404611-07:00","Action":"output","Package":"github.com/ddworken/hishtory/client","Test":"TestParam/testCustomColumns/zsh","Output":"          \t\"\\x94\\x80────────────────────\\xe2\\x94\",\n"}
{"Time":"2023-09-09T11:26:34.404614-07:00","Action":"output","Package":"github.com/ddworken/hishtory/client","Test":"TestParam/testCustomColumns/zsh","Output":"        + \t\"\\x80\\xe2\\x94\",\n"}
{"Time":"2023-09-09T11:26:34.404616-07:00","Action":"output","Package":"github.com/ddworken/hishtory/client","Test":"TestParam/testCustomColumns/zsh","Output":"          \t\"\\x82\\n│ 0          git@github.com:ddworken/hishtory.git  hishtory \",\n"}
{"Time":"2023-09-09T11:26:34.40462-07:00","Action":"output","Package":"github.com/ddworken/hishtory/client","Test":"TestParam/testCustomColumns/zsh","Output":"          \t\"config-set displayed-columns 'Exit Code' git_remote Command     \",\n"}
{"Time":"2023-09-09T11:26:34.404622-07:00","Action":"output","Package":"github.com/ddworken/hishtory/client","Test":"TestParam/testCustomColumns/zsh","Output":"          \t\"                                                              \",\n"}
{"Time":"2023-09-09T11:26:34.404624-07:00","Action":"output","Package":"github.com/ddworken/hishtory/client","Test":"TestParam/testCustomColumns/zsh","Output":"        + \t\" \",\n"}
{"Time":"2023-09-09T11:26:34.404625-07:00","Action":"output","Package":"github.com/ddworken/hishtory/client","Test":"TestParam/testCustomColumns/zsh","Output":"          \t\"│\\n│ 0                                                echo ba\",\n"}
{"Time":"2023-09-09T11:26:34.404627-07:00","Action":"output","Package":"github.com/ddworken/hishtory/client","Test":"TestParam/testCustomColumns/zsh","Output":"          \t\"r                                                               \",\n"}
{"Time":"2023-09-09T11:26:34.404631-07:00","Action":"output","Package":"github.com/ddworken/hishtory/client","Test":"TestParam/testCustomColumns/zsh","Output":"          \t\"                                                                \",\n"}
{"Time":"2023-09-09T11:26:34.404636-07:00","Action":"output","Package":"github.com/ddworken/hishtory/client","Test":"TestParam/testCustomColumns/zsh","Output":"        + \t\" \",\n"}
{"Time":"2023-09-09T11:26:34.404641-07:00","Action":"output","Package":"github.com/ddworken/hishtory/client","Test":"TestParam/testCustomColumns/zsh","Output":"          \t\"│\\n│ 0                                                cd /   \",\n"}
{"Time":"2023-09-09T11:26:34.404644-07:00","Action":"output","Package":"github.com/ddworken/hishtory/client","Test":"TestParam/testCustomColumns/zsh","Output":"          \t\"                                                                \",\n"}
{"Time":"2023-09-09T11:26:34.404647-07:00","Action":"output","Package":"github.com/ddworken/hishtory/client","Test":"TestParam/testCustomColumns/zsh","Output":"          \t\"                                                                \",\n"}
{"Time":"2023-09-09T11:26:34.404649-07:00","Action":"output","Package":"github.com/ddworken/hishtory/client","Test":"TestParam/testCustomColumns/zsh","Output":"        + \t\" \",\n"}
{"Time":"2023-09-09T11:26:34.404652-07:00","Action":"output","Package":"github.com/ddworken/hishtory/client","Test":"TestParam/testCustomColumns/zsh","Output":"          \t\"│\\n│ 0          git@github.com:ddworken/hishtory.git  echo fo\",\n"}
{"Time":"2023-09-09T11:26:34.404653-07:00","Action":"output","Package":"github.com/ddworken/hishtory/client","Test":"TestParam/testCustomColumns/zsh","Output":"          \t\"o                                                               \",\n"}
{"Time":"2023-09-09T11:26:34.404655-07:00","Action":"output","Package":"github.com/ddworken/hishtory/client","Test":"TestParam/testCustomColumns/zsh","Output":"          \t\"                                                                \",\n"}
{"Time":"2023-09-09T11:26:34.404659-07:00","Action":"output","Package":"github.com/ddworken/hishtory/client","Test":"TestParam/testCustomColumns/zsh","Output":"        + \t\" \",\n"}
{"Time":"2023-09-09T11:26:34.404668-07:00","Action":"output","Package":"github.com/ddworken/hishtory/client","Test":"TestParam/testCustomColumns/zsh","Output":"          \t\"│\\n│ 0          git@github.com:ddworken/hishtory.git  hishtor\",\n"}
{"Time":"2023-09-09T11:26:34.40467-07:00","Action":"output","Package":"github.com/ddworken/hishtory/client","Test":"TestParam/testCustomColumns/zsh","Output":"          \t\"y config-add custom-columns git_remote '(git remote -v 2\u003e/dev/nu\",\n"}
{"Time":"2023-09-09T11:26:34.404676-07:00","Action":"output","Package":"github.com/ddworken/hishtory/client","Test":"TestParam/testCustomColumns/zsh","Output":"          \t... // 131 identical bytes\n"}
{"Time":"2023-09-09T11:26:34.40468-07:00","Action":"output","Package":"github.com/ddworken/hishtory/client","Test":"TestParam/testCustomColumns/zsh","Output":"          \t\"z                                                               \",\n"}
{"Time":"2023-09-09T11:26:34.404692-07:00","Action":"output","Package":"github.com/ddworken/hishtory/client","Test":"TestParam/testCustomColumns/zsh","Output":"          \t\"                                                                \",\n"}
{"Time":"2023-09-09T11:26:34.404695-07:00","Action":"output","Package":"github.com/ddworken/hishtory/client","Test":"TestParam/testCustomColumns/zsh","Output":"        + \t\" \",\n"}
{"Time":"2023-09-09T11:26:34.404696-07:00","Action":"output","Package":"github.com/ddworken/hishtory/client","Test":"TestParam/testCustomColumns/zsh","Output":"          \t\"│\\n│ 0                                                cd /   \",\n"}
{"Time":"2023-09-09T11:26:34.404699-07:00","Action":"output","Package":"github.com/ddworken/hishtory/client","Test":"TestParam/testCustomColumns/zsh","Output":"          \t\"                                                                \",\n"}
{"Time":"2023-09-09T11:26:34.404701-07:00","Action":"output","Package":"github.com/ddworken/hishtory/client","Test":"TestParam/testCustomColumns/zsh","Output":"          \t\"                                                                \",\n"}
{"Time":"2023-09-09T11:26:34.404702-07:00","Action":"output","Package":"github.com/ddworken/hishtory/client","Test":"TestParam/testCustomColumns/zsh","Output":"        + \t\" \",\n"}
{"Time":"2023-09-09T11:26:34.404704-07:00","Action":"output","Package":"github.com/ddworken/hishtory/client","Test":"TestParam/testCustomColumns/zsh","Output":"          \t\"│\\n│ 0                                                echo $F\",\n"}
{"Time":"2023-09-09T11:26:34.404708-07:00","Action":"output","Package":"github.com/ddworken/hishtory/client","Test":"TestParam/testCustomColumns/zsh","Output":"          \t\"OOBAR world                                                     \",\n"}
{"Time":"2023-09-09T11:26:34.404709-07:00","Action":"output","Package":"github.com/ddworken/hishtory/client","Test":"TestParam/testCustomColumns/zsh","Output":"          \t\"                                                                \",\n"}
{"Time":"2023-09-09T11:26:34.404711-07:00","Action":"output","Package":"github.com/ddworken/hishtory/client","Test":"TestParam/testCustomColumns/zsh","Output":"        + \t\" \",\n"}
{"Time":"2023-09-09T11:26:34.404712-07:00","Action":"output","Package":"github.com/ddworken/hishtory/client","Test":"TestParam/testCustomColumns/zsh","Output":"          \t\"│\\n│ 0                                                export \",\n"}
{"Time":"2023-09-09T11:26:34.404716-07:00","Action":"output","Package":"github.com/ddworken/hishtory/client","Test":"TestParam/testCustomColumns/zsh","Output":"          \t\"FOOBAR='hello'\",\n"}
{"Time":"2023-09-09T11:26:34.404719-07:00","Action":"output","Package":"github.com/ddworken/hishtory/client","Test":"TestParam/testCustomColumns/zsh","Output":"        + \t\" \",\n"}
{"Time":"2023-09-09T11:26:34.404724-07:00","Action":"output","Package":"github.com/ddworken/hishtory/client","Test":"TestParam/testCustomColumns/zsh","Output":"          \t\"                                                                \",\n"}
{"Time":"2023-09-09T11:26:34.404726-07:00","Action":"output","Package":"github.com/ddworken/hishtory/client","Test":"TestParam/testCustomColumns/zsh","Output":"          \t\"                                                  │\\n│\",\n"}
{"Time":"2023-09-09T11:26:34.404729-07:00","Action":"output","Package":"github.com/ddworken/hishtory/client","Test":"TestParam/testCustomColumns/zsh","Output":"        + \t\" \",\n"}
{"Time":"2023-09-09T11:26:34.40473-07:00","Action":"output","Package":"github.com/ddworken/hishtory/client","Test":"TestParam/testCustomColumns/zsh","Output":"          \t\"                                                                \",\n"}
{"Time":"2023-09-09T11:26:34.404734-07:00","Action":"output","Package":"github.com/ddworken/hishtory/client","Test":"TestParam/testCustomColumns/zsh","Output":"          \t\"                                                                \",\n"}
{"Time":"2023-09-09T11:26:34.404736-07:00","Action":"output","Package":"github.com/ddworken/hishtory/client","Test":"TestParam/testCustomColumns/zsh","Output":"          \t\"                                                         │\\n│\",\n"}
{"Time":"2023-09-09T11:26:34.404737-07:00","Action":"output","Package":"github.com/ddworken/hishtory/client","Test":"TestParam/testCustomColumns/zsh","Output":"        + \t\" \",\n"}
{"Time":"2023-09-09T11:26:34.404739-07:00","Action":"output","Package":"github.com/ddworken/hishtory/client","Test":"TestParam/testCustomColumns/zsh","Output":"          \t\"                                                                \",\n"}
{"Time":"2023-09-09T11:26:34.40474-07:00","Action":"output","Package":"github.com/ddworken/hishtory/client","Test":"TestParam/testCustomColumns/zsh","Output":"          \t\"                                                                \",\n"}
{"Time":"2023-09-09T11:26:34.404742-07:00","Action":"output","Package":"github.com/ddworken/hishtory/client","Test":"TestParam/testCustomColumns/zsh","Output":"          \t\"                                                         │\\n│\",\n"}
{"Time":"2023-09-09T11:26:34.404743-07:00","Action":"output","Package":"github.com/ddworken/hishtory/client","Test":"TestParam/testCustomColumns/zsh","Output":"        + \t\" \",\n"}
{"Time":"2023-09-09T11:26:34.404745-07:00","Action":"output","Package":"github.com/ddworken/hishtory/client","Test":"TestParam/testCustomColumns/zsh","Output":"          \t\"                                                                \",\n"}
{"Time":"2023-09-09T11:26:34.404746-07:00","Action":"output","Package":"github.com/ddworken/hishtory/client","Test":"TestParam/testCustomColumns/zsh","Output":"          \t\"                                                                \",\n"}
{"Time":"2023-09-09T11:26:34.404748-07:00","Action":"output","Package":"github.com/ddworken/hishtory/client","Test":"TestParam/testCustomColumns/zsh","Output":"          \t\"                                                         │\\n│\",\n"}
{"Time":"2023-09-09T11:26:34.40475-07:00","Action":"output","Package":"github.com/ddworken/hishtory/client","Test":"TestParam/testCustomColumns/zsh","Output":"        + \t\" \",\n"}
{"Time":"2023-09-09T11:26:34.404751-07:00","Action":"output","Package":"github.com/ddworken/hishtory/client","Test":"TestParam/testCustomColumns/zsh","Output":"          \t\"                                                                \",\n"}
{"Time":"2023-09-09T11:26:34.404752-07:00","Action":"output","Package":"github.com/ddworken/hishtory/client","Test":"TestParam/testCustomColumns/zsh","Output":"          \t\"                                                                \",\n"}
{"Time":"2023-09-09T11:26:34.404755-07:00","Action":"output","Package":"github.com/ddworken/hishtory/client","Test":"TestParam/testCustomColumns/zsh","Output":"          \t\"                                                         │\\n│\",\n"}
{"Time":"2023-09-09T11:26:34.404757-07:00","Action":"output","Package":"github.com/ddworken/hishtory/client","Test":"TestParam/testCustomColumns/zsh","Output":"        + \t\" \",\n"}
{"Time":"2023-09-09T11:26:34.404758-07:00","Action":"output","Package":"github.com/ddworken/hishtory/client","Test":"TestParam/testCustomColumns/zsh","Output":"          \t\"                                                                \",\n"}
{"Time":"2023-09-09T11:26:34.40476-07:00","Action":"output","Package":"github.com/ddworken/hishtory/client","Test":"TestParam/testCustomColumns/zsh","Output":"          \t\"                                                                \",\n"}
{"Time":"2023-09-09T11:26:34.404761-07:00","Action":"output","Package":"github.com/ddworken/hishtory/client","Test":"TestParam/testCustomColumns/zsh","Output":"          \t\"                                                         │\\n│\",\n"}
{"Time":"2023-09-09T11:26:34.404763-07:00","Action":"output","Package":"github.com/ddworken/hishtory/client","Test":"TestParam/testCustomColumns/zsh","Output":"        + \t\" \",\n"}
{"Time":"2023-09-09T11:26:34.404764-07:00","Action":"output","Package":"github.com/ddworken/hishtory/client","Test":"TestParam/testCustomColumns/zsh","Output":"          \t\"                                                                \",\n"}
{"Time":"2023-09-09T11:26:34.404766-07:00","Action":"output","Package":"github.com/ddworken/hishtory/client","Test":"TestParam/testCustomColumns/zsh","Output":"          \t\"                                                                \",\n"}
{"Time":"2023-09-09T11:26:34.404769-07:00","Action":"output","Package":"github.com/ddworken/hishtory/client","Test":"TestParam/testCustomColumns/zsh","Output":"          \t\"                                                         │\\n│\",\n"}
{"Time":"2023-09-09T11:26:34.404772-07:00","Action":"output","Package":"github.com/ddworken/hishtory/client","Test":"TestParam/testCustomColumns/zsh","Output":"        + \t\" \",\n"}
{"Time":"2023-09-09T11:26:34.404775-07:00","Action":"output","Package":"github.com/ddworken/hishtory/client","Test":"TestParam/testCustomColumns/zsh","Output":"          \t\"                                                                \",\n"}
{"Time":"2023-09-09T11:26:34.404776-07:00","Action":"output","Package":"github.com/ddworken/hishtory/client","Test":"TestParam/testCustomColumns/zsh","Output":"          \t\"                                                                \",\n"}
{"Time":"2023-09-09T11:26:34.404778-07:00","Action":"output","Package":"github.com/ddworken/hishtory/client","Test":"TestParam/testCustomColumns/zsh","Output":"          \t\"                                                         │\\n│\",\n"}
{"Time":"2023-09-09T11:26:34.404779-07:00","Action":"output","Package":"github.com/ddworken/hishtory/client","Test":"TestParam/testCustomColumns/zsh","Output":"        + \t\" \",\n"}
{"Time":"2023-09-09T11:26:34.404781-07:00","Action":"output","Package":"github.com/ddworken/hishtory/client","Test":"TestParam/testCustomColumns/zsh","Output":"          \t\"                                                                \",\n"}
{"Time":"2023-09-09T11:26:34.404783-07:00","Action":"output","Package":"github.com/ddworken/hishtory/client","Test":"TestParam/testCustomColumns/zsh","Output":"          \t\"                                                                \",\n"}
{"Time":"2023-09-09T11:26:34.404784-07:00","Action":"output","Package":"github.com/ddworken/hishtory/client","Test":"TestParam/testCustomColumns/zsh","Output":"          \t\"                                                         │\\n│\",\n"}
{"Time":"2023-09-09T11:26:34.404787-07:00","Action":"output","Package":"github.com/ddworken/hishtory/client","Test":"TestParam/testCustomColumns/zsh","Output":"        + \t\" \",\n"}
{"Time":"2023-09-09T11:26:34.404792-07:00","Action":"output","Package":"github.com/ddworken/hishtory/client","Test":"TestParam/testCustomColumns/zsh","Output":"          \t\"                                                                \",\n"}
{"Time":"2023-09-09T11:26:34.404794-07:00","Action":"output","Package":"github.com/ddworken/hishtory/client","Test":"TestParam/testCustomColumns/zsh","Output":"          \t\"                                                                \",\n"}
{"Time":"2023-09-09T11:26:34.404795-07:00","Action":"output","Package":"github.com/ddworken/hishtory/client","Test":"TestParam/testCustomColumns/zsh","Output":"          \t\"                                                         │\\n│\",\n"}
{"Time":"2023-09-09T11:26:34.404797-07:00","Action":"output","Package":"github.com/ddworken/hishtory/client","Test":"TestParam/testCustomColumns/zsh","Output":"        + \t\" \",\n"}
{"Time":"2023-09-09T11:26:34.404798-07:00","Action":"output","Package":"github.com/ddworken/hishtory/client","Test":"TestParam/testCustomColumns/zsh","Output":"          \t\"                                                                \",\n"}
{"Time":"2023-09-09T11:26:34.404799-07:00","Action":"output","Package":"github.com/ddworken/hishtory/client","Test":"TestParam/testCustomColumns/zsh","Output":"          \t\"                                                                \",\n"}
{"Time":"2023-09-09T11:26:34.404801-07:00","Action":"output","Package":"github.com/ddworken/hishtory/client","Test":"TestParam/testCustomColumns/zsh","Output":"          \t\"                                                         │\\n│\",\n"}
{"Time":"2023-09-09T11:26:34.404802-07:00","Action":"output","Package":"github.com/ddworken/hishtory/client","Test":"TestParam/testCustomColumns/zsh","Output":"        + \t\" \",\n"}
{"Time":"2023-09-09T11:26:34.404804-07:00","Action":"output","Package":"github.com/ddworken/hishtory/client","Test":"TestParam/testCustomColumns/zsh","Output":"          \t\"                                                                \",\n"}
{"Time":"2023-09-09T11:26:34.404807-07:00","Action":"output","Package":"github.com/ddworken/hishtory/client","Test":"TestParam/testCustomColumns/zsh","Output":"          \t\"                                                                \",\n"}
{"Time":"2023-09-09T11:26:34.404808-07:00","Action":"output","Package":"github.com/ddworken/hishtory/client","Test":"TestParam/testCustomColumns/zsh","Output":"          \t\"                                                         │\\n\\xe2\",\n"}
{"Time":"2023-09-09T11:26:34.40481-07:00","Action":"output","Package":"github.com/ddworken/hishtory/client","Test":"TestParam/testCustomColumns/zsh","Output":"        + \t\"\\x94\",\n"}
{"Time":"2023-09-09T11:26:34.404811-07:00","Action":"output","Package":"github.com/ddworken/hishtory/client","Test":"TestParam/testCustomColumns/zsh","Output":"          \t\"\\x94\",\n"}
{"Time":"2023-09-09T11:26:34.404813-07:00","Action":"output","Package":"github.com/ddworken/hishtory/client","Test":"TestParam/testCustomColumns/zsh","Output":"        + \t\"\\xe2\",\n"}
{"Time":"2023-09-09T11:26:34.404814-07:00","Action":"output","Package":"github.com/ddworken/hishtory/client","Test":"TestParam/testCustomColumns/zsh","Output":"          \t\"\\x94\",\n"}
{"Time":"2023-09-09T11:26:34.404816-07:00","Action":"output","Package":"github.com/ddworken/hishtory/client","Test":"TestParam/testCustomColumns/zsh","Output":"        + \t\"\\x80\",\n"}
{"Time":"2023-09-09T11:26:34.404817-07:00","Action":"output","Package":"github.com/ddworken/hishtory/client","Test":"TestParam/testCustomColumns/zsh","Output":"          \t\"─────────────────────\\xe2\",\n"}
{"Time":"2023-09-09T11:26:34.404818-07:00","Action":"output","Package":"github.com/ddworken/hishtory/client","Test":"TestParam/testCustomColumns/zsh","Output":"          \t\"\\x94\\x80────────────────────\\xe2\\x94\",\n"}
{"Time":"2023-09-09T11:26:34.40482-07:00","Action":"output","Package":"github.com/ddworken/hishtory/client","Test":"TestParam/testCustomColumns/zsh","Output":"          \t... // 483 identical bytes\n"}
{"Time":"2023-09-09T11:26:34.404821-07:00","Action":"output","Package":"github.com/ddworken/hishtory/client","Test":"TestParam/testCustomColumns/zsh","Output":"          }, \"\")\n"}
{"Time":"2023-09-09T11:26:34.40486-07:00","Action":"output","Package":"github.com/ddworken/hishtory/client","Test":"TestParam/testCustomColumns/zsh","Output":"        \n"}
{"Time":"2023-09-09T11:26:34.404862-07:00","Action":"output","Package":"github.com/ddworken/hishtory/client","Test":"TestParam/testCustomColumns/zsh","Output":"        actual=\n"}
{"Time":"2023-09-09T11:26:34.404863-07:00","Action":"output","Package":"github.com/ddworken/hishtory/client","Test":"TestParam/testCustomColumns/zsh","Output":"        david@Davids-MacBook-Air hishtory % hishtory tquery -pipefail\n"}
{"Time":"2023-09-09T11:26:34.404867-07:00","Action":"output","Package":"github.com/ddworken/hishtory/client","Test":"TestParam/testCustomColumns/zsh","Output":"        \n"}
{"Time":"2023-09-09T11:26:34.404869-07:00","Action":"output","Package":"github.com/ddworken/hishtory/client","Test":"TestParam/testCustomColumns/zsh","Output":"        \n"}
{"Time":"2023-09-09T11:26:34.40487-07:00","Action":"output","Package":"github.com/ddworken/hishtory/client","Test":"TestParam/testCustomColumns/zsh","Output":"        \n"}
{"Time":"2023-09-09T11:26:34.404872-07:00","Action":"output","Package":"github.com/ddworken/hishtory/client","Test":"TestParam/testCustomColumns/zsh","Output":"        Search Query: \u003e -pipefail\n"}
{"Time":"2023-09-09T11:26:34.404873-07:00","Action":"output","Package":"github.com/ddworken/hishtory/client","Test":"TestParam/testCustomColumns/zsh","Output":"        \n"}
{"Time":"2023-09-09T11:26:34.404875-07:00","Action":"output","Package":"github.com/ddworken/hishtory/client","Test":"TestParam/testCustomColumns/zsh","Output":"        ┌──────────────────────────────────────────────────────────────────────────────────────────────────────────────────────────────────────────────────────────────────────────────────────────┐\n"}
{"Time":"2023-09-09T11:26:34.404882-07:00","Action":"output","Package":"github.com/ddworken/hishtory/client","Test":"TestParam/testCustomColumns/zsh","Output":"        │ Exit Code  git_remote                            Command                                                                                                                                 │\n"}
{"Time":"2023-09-09T11:26:34.40489-07:00","Action":"output","Package":"github.com/ddworken/hishtory/client","Test":"TestParam/testCustomColumns/zsh","Output":"        │──────────────────────────────────────────────────────────────────────────────────────────────────────────────────────────────────────────────────────────────────────────────────────────│\n"}
{"Time":"2023-09-09T11:26:34.404892-07:00","Action":"output","Package":"github.com/ddworken/hishtory/client","Test":"TestParam/testCustomColumns/zsh","Output":"        │ 0          git@github.com:ddworken/hishtory.git  hishtory config-set displayed-columns 'Exit Code' git_remote Command                                                                    │\n"}
{"Time":"2023-09-09T11:26:34.404894-07:00","Action":"output","Package":"github.com/ddworken/hishtory/client","Test":"TestParam/testCustomColumns/zsh","Output":"        │ 0                                                echo bar                                                                                                                                │\n"}
{"Time":"2023-09-09T11:26:34.404896-07:00","Action":"output","Package":"github.com/ddworken/hishtory/client","Test":"TestParam/testCustomColumns/zsh","Output":"        │ 0                                                cd /                                                                                                                                    │\n"}
{"Time":"2023-09-09T11:26:34.404897-07:00","Action":"output","Package":"github.com/ddworken/hishtory/client","Test":"TestParam/testCustomColumns/zsh","Output":"        │ 0          git@github.com:ddworken/hishtory.git  echo foo                                                                                                                                │\n"}
{"Time":"2023-09-09T11:26:34.404899-07:00","Action":"output","Package":"github.com/ddworken/hishtory/client","Test":"TestParam/testCustomColumns/zsh","Output":"        │ 0          git@github.com:ddworken/hishtory.git  hishtory config-add custom-columns git_remote '(git remote -v 2\u003e/dev/null | grep origin 1\u003e/dev/null ) \u0026\u0026 git remote get-url origin || … │\n"}
{"Time":"2023-09-09T11:26:34.404908-07:00","Action":"output","Package":"github.com/ddworken/hishtory/client","Test":"TestParam/testCustomColumns/zsh","Output":"        │ 0                                                echo baz                                                                                                                                │\n"}
{"Time":"2023-09-09T11:26:34.40491-07:00","Action":"output","Package":"github.com/ddworken/hishtory/client","Test":"TestParam/testCustomColumns/zsh","Output":"        │ 0                                                cd /                                                                                                                                    │\n"}
{"Time":"2023-09-09T11:26:34.404911-07:00","Action":"output","Package":"github.com/ddworken/hishtory/client","Test":"TestParam/testCustomColumns/zsh","Output":"        │ 0                                                echo $FOOBAR world                                                                                                                      │\n"}
{"Time":"2023-09-09T11:26:34.404913-07:00","Action":"output","Package":"github.com/ddworken/hishtory/client","Test":"TestParam/testCustomColumns/zsh","Output":"        │ 0                                                export FOOBAR='hello'                                                                                                                   │\n"}
{"Time":"2023-09-09T11:26:34.404915-07:00","Action":"output","Package":"github.com/ddworken/hishtory/client","Test":"TestParam/testCustomColumns/zsh","Output":"        │                                                                                                                                                                                          │\n"}
{"Time":"2023-09-09T11:26:34.404916-07:00","Action":"output","Package":"github.com/ddworken/hishtory/client","Test":"TestParam/testCustomColumns/zsh","Output":"        │                                                                                                                                                                                          │\n"}
{"Time":"2023-09-09T11:26:34.404918-07:00","Action":"output","Package":"github.com/ddworken/hishtory/client","Test":"TestParam/testCustomColumns/zsh","Output":"        │                                                                                                                                                                                          │\n"}
{"Time":"2023-09-09T11:26:34.404923-07:00","Action":"output","Package":"github.com/ddworken/hishtory/client","Test":"TestParam/testCustomColumns/zsh","Output":"        │                                                                                                                                                                                          │\n"}
{"Time":"2023-09-09T11:26:34.404925-07:00","Action":"output","Package":"github.com/ddworken/hishtory/client","Test":"TestParam/testCustomColumns/zsh","Output":"        │                                                                                                                                                                                          │\n"}
{"Time":"2023-09-09T11:26:34.404927-07:00","Action":"output","Package":"github.com/ddworken/hishtory/client","Test":"TestParam/testCustomColumns/zsh","Output":"        │                                                                                                                                                                                          │\n"}
{"Time":"2023-09-09T11:26:34.404928-07:00","Action":"output","Package":"github.com/ddworken/hishtory/client","Test":"TestParam/testCustomColumns/zsh","Output":"        │                                                                                                                                                                                          │\n"}
{"Time":"2023-09-09T11:26:34.40493-07:00","Action":"output","Package":"github.com/ddworken/hishtory/client","Test":"TestParam/testCustomColumns/zsh","Output":"        │                                                                                                                                                                                          │\n"}
{"Time":"2023-09-09T11:26:34.404932-07:00","Action":"output","Package":"github.com/ddworken/hishtory/client","Test":"TestParam/testCustomColumns/zsh","Output":"        │                                                                                                                                                                                          │\n"}
{"Time":"2023-09-09T11:26:34.404934-07:00","Action":"output","Package":"github.com/ddworken/hishtory/client","Test":"TestParam/testCustomColumns/zsh","Output":"        │                                                                                                                                                                                          │\n"}
{"Time":"2023-09-09T11:26:34.404935-07:00","Action":"output","Package":"github.com/ddworken/hishtory/client","Test":"TestParam/testCustomColumns/zsh","Output":"        │                                                                                                                                                                                          │\n"}
{"Time":"2023-09-09T11:26:34.404943-07:00","Action":"output","Package":"github.com/ddworken/hishtory/client","Test":"TestParam/testCustomColumns/zsh","Output":"        └──────────────────────────────────────────────────────────────────────────────────────────────────────────────────────────────────────────────────────────────────────────────────────────┘\n"}
{"Time":"2023-09-09T11:26:34.404946-07:00","Action":"output","Package":"github.com/ddworken/hishtory/client","Test":"TestParam/testCustomColumns/zsh","Output":"        hiSHtory: Search your shell history  • ctrl+h help\n"}
{"Time":"2023-09-09T11:26:34.415328-07:00","Action":"output","Package":"github.com/ddworken/hishtory/client","Test":"TestParam","Output":"--- FAIL: TestParam (7.07s)\n"}
{"Time":"2023-09-09T11:26:34.415359-07:00","Action":"output","Package":"github.com/ddworken/hishtory/client","Test":"TestParam/testCustomColumns/zsh","Output":"    --- FAIL: TestParam/testCustomColumns/zsh (7.07s)\n"}
{"Time":"2023-09-09T11:26:34.415362-07:00","Action":"fail","Package":"github.com/ddworken/hishtory/client","Test":"TestParam/testCustomColumns/zsh","Elapsed":7.07}
{"Time":"2023-09-09T11:26:34.415369-07:00","Action":"fail","Package":"github.com/ddworken/hishtory/client","Test":"TestParam","Elapsed":7.07}
{"Time":"2023-09-09T11:26:34.415371-07:00","Action":"output","Package":"github.com/ddworken/hishtory/client","Output":"FAIL\n"}
{"Time":"2023-09-09T11:26:34.416187-07:00","Action":"output","Package":"github.com/ddworken/hishtory/client","Output":"FAIL\tgithub.com/ddworken/hishtory/client\t15.362s\n"}
{"Time":"2023-09-09T11:26:34.416194-07:00","Action":"fail","Package":"github.com/ddworken/hishtory/client","Elapsed":15.363}
{"Time":"2023-09-09T11:26:44.670166-07:00","Action":"run","Package":"github.com/ddworken/hishtory/client","Test":"TestParam"}
{"Time":"2023-09-09T11:26:44.670266-07:00","Action":"output","Package":"github.com/ddworken/hishtory/client","Test":"TestParam","Output":"=== RUN   TestParam\n"}
{"Time":"2023-09-09T11:26:44.672708-07:00","Action":"output","Package":"github.com/ddworken/hishtory/client","Test":"TestParam","Output":"--- PASS: TestParam (0.00s)\n"}
{"Time":"2023-09-09T11:26:44.672728-07:00","Action":"output","Package":"github.com/ddworken/hishtory/client","Test":"TestParam","Output":"testing: warning: no tests to run\n"}
{"Time":"2023-09-09T11:26:44.672734-07:00","Action":"pass","Package":"github.com/ddworken/hishtory/client","Test":"TestParam","Elapsed":0}
{"Time":"2023-09-09T11:26:44.672737-07:00","Action":"output","Package":"github.com/ddworken/hishtory/client","Output":"PASS\n"}
{"Time":"2023-09-09T11:26:44.673507-07:00","Action":"output","Package":"github.com/ddworken/hishtory/client","Output":"ok  \tgithub.com/ddworken/hishtory/client\t8.239s [no tests to run]\n"}
{"Time":"2023-09-09T11:26:44.675172-07:00","Action":"pass","Package":"github.com/ddworken/hishtory/client","Elapsed":8.241}
{"Time":"2023-09-09T11:26:54.916779-07:00","Action":"run","Package":"github.com/ddworken/hishtory/client","Test":"TestParam"}
{"Time":"2023-09-09T11:26:54.916873-07:00","Action":"output","Package":"github.com/ddworken/hishtory/client","Test":"TestParam","Output":"=== RUN   TestParam\n"}
{"Time":"2023-09-09T11:26:54.920139-07:00","Action":"output","Package":"github.com/ddworken/hishtory/client","Test":"TestParam","Output":"--- PASS: TestParam (0.00s)\n"}
{"Time":"2023-09-09T11:26:54.920144-07:00","Action":"output","Package":"github.com/ddworken/hishtory/client","Test":"TestParam","Output":"testing: warning: no tests to run\n"}
{"Time":"2023-09-09T11:26:54.920145-07:00","Action":"pass","Package":"github.com/ddworken/hishtory/client","Test":"TestParam","Elapsed":0}
{"Time":"2023-09-09T11:26:54.92015-07:00","Action":"output","Package":"github.com/ddworken/hishtory/client","Output":"PASS\n"}
{"Time":"2023-09-09T11:26:54.921132-07:00","Action":"output","Package":"github.com/ddworken/hishtory/client","Output":"ok  \tgithub.com/ddworken/hishtory/client\t8.222s [no tests to run]\n"}
{"Time":"2023-09-09T11:26:54.923145-07:00","Action":"pass","Package":"github.com/ddworken/hishtory/client","Elapsed":8.224}
{"Time":"2023-09-09T11:27:06.119866-07:00","Action":"run","Package":"github.com/ddworken/hishtory/client","Test":"TestParam"}
{"Time":"2023-09-09T11:27:06.120272-07:00","Action":"output","Package":"github.com/ddworken/hishtory/client","Test":"TestParam","Output":"=== RUN   TestParam\n"}
{"Time":"2023-09-09T11:27:06.123364-07:00","Action":"output","Package":"github.com/ddworken/hishtory/client","Test":"TestParam","Output":"--- PASS: TestParam (0.00s)\n"}
{"Time":"2023-09-09T11:27:06.123413-07:00","Action":"output","Package":"github.com/ddworken/hishtory/client","Test":"TestParam","Output":"testing: warning: no tests to run\n"}
{"Time":"2023-09-09T11:27:06.123419-07:00","Action":"pass","Package":"github.com/ddworken/hishtory/client","Test":"TestParam","Elapsed":0}
{"Time":"2023-09-09T11:27:06.123434-07:00","Action":"output","Package":"github.com/ddworken/hishtory/client","Output":"PASS\n"}
{"Time":"2023-09-09T11:27:06.125009-07:00","Action":"output","Package":"github.com/ddworken/hishtory/client","Output":"ok  \tgithub.com/ddworken/hishtory/client\t9.206s [no tests to run]\n"}
{"Time":"2023-09-09T11:27:06.127797-07:00","Action":"pass","Package":"github.com/ddworken/hishtory/client","Elapsed":9.209}
{"Time":"2023-09-09T11:27:20.155648-07:00","Action":"run","Package":"github.com/ddworken/hishtory/client","Test":"TestParam"}
{"Time":"2023-09-09T11:27:20.155728-07:00","Action":"output","Package":"github.com/ddworken/hishtory/client","Test":"TestParam","Output":"=== RUN   TestParam\n"}
{"Time":"2023-09-09T11:27:20.158377-07:00","Action":"output","Package":"github.com/ddworken/hishtory/client","Test":"TestParam","Output":"--- PASS: TestParam (0.00s)\n"}
{"Time":"2023-09-09T11:27:20.158385-07:00","Action":"output","Package":"github.com/ddworken/hishtory/client","Test":"TestParam","Output":"testing: warning: no tests to run\n"}
{"Time":"2023-09-09T11:27:20.158387-07:00","Action":"pass","Package":"github.com/ddworken/hishtory/client","Test":"TestParam","Elapsed":0}
{"Time":"2023-09-09T11:27:20.15839-07:00","Action":"output","Package":"github.com/ddworken/hishtory/client","Output":"PASS\n"}
{"Time":"2023-09-09T11:27:20.159332-07:00","Action":"output","Package":"github.com/ddworken/hishtory/client","Output":"ok  \tgithub.com/ddworken/hishtory/client\t8.802s [no tests to run]\n"}
{"Time":"2023-09-09T11:27:20.161475-07:00","Action":"pass","Package":"github.com/ddworken/hishtory/client","Elapsed":8.805}
{"Time":"2023-09-09T11:27:30.836088-07:00","Action":"run","Package":"github.com/ddworken/hishtory/client","Test":"TestParam"}
{"Time":"2023-09-09T11:27:30.836229-07:00","Action":"output","Package":"github.com/ddworken/hishtory/client","Test":"TestParam","Output":"=== RUN   TestParam\n"}
{"Time":"2023-09-09T11:27:30.8365-07:00","Action":"run","Package":"github.com/ddworken/hishtory/client","Test":"TestParam/testCustomColumns/zsh"}
{"Time":"2023-09-09T11:27:30.836512-07:00","Action":"output","Package":"github.com/ddworken/hishtory/client","Test":"TestParam/testCustomColumns/zsh","Output":"=== RUN   TestParam/testCustomColumns/zsh\n"}
{"Time":"2023-09-09T11:27:37.914372-07:00","Action":"output","Package":"github.com/ddworken/hishtory/client","Test":"TestParam/testCustomColumns/zsh","Output":"    testutils.go:366: hishtory golden mismatch for testCustomColumns-tquery-zsh at /Users/david/code/hishtory/client/client_test.go:2337 (-expected +got):\n"}
{"Time":"2023-09-09T11:27:37.914396-07:00","Action":"output","Package":"github.com/ddworken/hishtory/client","Test":"TestParam/testCustomColumns/zsh","Output":"          strings.Join({\n"}
{"Time":"2023-09-09T11:27:37.914406-07:00","Action":"output","Package":"github.com/ddworken/hishtory/client","Test":"TestParam/testCustomColumns/zsh","Output":"          \t... // 524 identical bytes\n"}
{"Time":"2023-09-09T11:27:37.914409-07:00","Action":"output","Package":"github.com/ddworken/hishtory/client","Test":"TestParam/testCustomColumns/zsh","Output":"          \t\"─────────────────────\\xe2\",\n"}
{"Time":"2023-09-09T11:27:37.914418-07:00","Action":"output","Package":"github.com/ddworken/hishtory/client","Test":"TestParam/testCustomColumns/zsh","Output":"          \t\"\\x94\\x80────────────────────\\xe2\\x94\",\n"}
{"Time":"2023-09-09T11:27:37.914428-07:00","Action":"output","Package":"github.com/ddworken/hishtory/client","Test":"TestParam/testCustomColumns/zsh","Output":"        + \t\"\\x80\\xe2\\x94\",\n"}
{"Time":"2023-09-09T11:27:37.914435-07:00","Action":"output","Package":"github.com/ddworken/hishtory/client","Test":"TestParam/testCustomColumns/zsh","Output":"          \t\"\\x90\\n│ Exit Code  git_remote                            Command  \",\n"}
{"Time":"2023-09-09T11:27:37.914437-07:00","Action":"output","Package":"github.com/ddworken/hishtory/client","Test":"TestParam/testCustomColumns/zsh","Output":"          \t\"                                                                \",\n"}
{"Time":"2023-09-09T11:27:37.914438-07:00","Action":"output","Package":"github.com/ddworken/hishtory/client","Test":"TestParam/testCustomColumns/zsh","Output":"          \t\"                                                              \",\n"}
{"Time":"2023-09-09T11:27:37.914441-07:00","Action":"output","Package":"github.com/ddworken/hishtory/client","Test":"TestParam/testCustomColumns/zsh","Output":"        + \t\" \",\n"}
{"Time":"2023-09-09T11:27:37.914443-07:00","Action":"output","Package":"github.com/ddworken/hishtory/client","Test":"TestParam/testCustomColumns/zsh","Output":"          \t\"│\\n│───────────────────\",\n"}
{"Time":"2023-09-09T11:27:37.914444-07:00","Action":"output","Package":"github.com/ddworken/hishtory/client","Test":"TestParam/testCustomColumns/zsh","Output":"          \t\"─────────────────────\\xe2\",\n"}
{"Time":"2023-09-09T11:27:37.914446-07:00","Action":"output","Package":"github.com/ddworken/hishtory/client","Test":"TestParam/testCustomColumns/zsh","Output":"          \t... // 308 identical bytes\n"}
{"Time":"2023-09-09T11:27:37.914448-07:00","Action":"output","Package":"github.com/ddworken/hishtory/client","Test":"TestParam/testCustomColumns/zsh","Output":"          \t\"─────────────────────\\xe2\",\n"}
{"Time":"2023-09-09T11:27:37.91445-07:00","Action":"output","Package":"github.com/ddworken/hishtory/client","Test":"TestParam/testCustomColumns/zsh","Output":"          \t\"\\x94\\x80────────────────────\\xe2\\x94\",\n"}
{"Time":"2023-09-09T11:27:37.914455-07:00","Action":"output","Package":"github.com/ddworken/hishtory/client","Test":"TestParam/testCustomColumns/zsh","Output":"        + \t\"\\x80\\xe2\\x94\",\n"}
{"Time":"2023-09-09T11:27:37.914456-07:00","Action":"output","Package":"github.com/ddworken/hishtory/client","Test":"TestParam/testCustomColumns/zsh","Output":"          \t\"\\x82\\n│ 0          git@github.com:ddworken/hishtory.git  hishtory \",\n"}
{"Time":"2023-09-09T11:27:37.91446-07:00","Action":"output","Package":"github.com/ddworken/hishtory/client","Test":"TestParam/testCustomColumns/zsh","Output":"          \t\"config-set displayed-columns 'Exit Code' git_remote Command     \",\n"}
{"Time":"2023-09-09T11:27:37.914461-07:00","Action":"output","Package":"github.com/ddworken/hishtory/client","Test":"TestParam/testCustomColumns/zsh","Output":"          \t\"                                                              \",\n"}
{"Time":"2023-09-09T11:27:37.914469-07:00","Action":"output","Package":"github.com/ddworken/hishtory/client","Test":"TestParam/testCustomColumns/zsh","Output":"        + \t\" \",\n"}
{"Time":"2023-09-09T11:27:37.914473-07:00","Action":"output","Package":"github.com/ddworken/hishtory/client","Test":"TestParam/testCustomColumns/zsh","Output":"          \t\"│\\n│ 0                                                echo ba\",\n"}
{"Time":"2023-09-09T11:27:37.914475-07:00","Action":"output","Package":"github.com/ddworken/hishtory/client","Test":"TestParam/testCustomColumns/zsh","Output":"          \t\"r                                                               \",\n"}
{"Time":"2023-09-09T11:27:37.91448-07:00","Action":"output","Package":"github.com/ddworken/hishtory/client","Test":"TestParam/testCustomColumns/zsh","Output":"          \t\"                                                                \",\n"}
{"Time":"2023-09-09T11:27:37.914484-07:00","Action":"output","Package":"github.com/ddworken/hishtory/client","Test":"TestParam/testCustomColumns/zsh","Output":"        + \t\" \",\n"}
{"Time":"2023-09-09T11:27:37.914487-07:00","Action":"output","Package":"github.com/ddworken/hishtory/client","Test":"TestParam/testCustomColumns/zsh","Output":"          \t\"│\\n│ 0                                                cd /   \",\n"}
{"Time":"2023-09-09T11:27:37.914492-07:00","Action":"output","Package":"github.com/ddworken/hishtory/client","Test":"TestParam/testCustomColumns/zsh","Output":"          \t\"                                                                \",\n"}
{"Time":"2023-09-09T11:27:37.914494-07:00","Action":"output","Package":"github.com/ddworken/hishtory/client","Test":"TestParam/testCustomColumns/zsh","Output":"          \t\"                                                                \",\n"}
{"Time":"2023-09-09T11:27:37.914496-07:00","Action":"output","Package":"github.com/ddworken/hishtory/client","Test":"TestParam/testCustomColumns/zsh","Output":"        + \t\" \",\n"}
{"Time":"2023-09-09T11:27:37.914498-07:00","Action":"output","Package":"github.com/ddworken/hishtory/client","Test":"TestParam/testCustomColumns/zsh","Output":"          \t\"│\\n│ 0          git@github.com:ddworken/hishtory.git  echo fo\",\n"}
{"Time":"2023-09-09T11:27:37.9145-07:00","Action":"output","Package":"github.com/ddworken/hishtory/client","Test":"TestParam/testCustomColumns/zsh","Output":"          \t\"o                                                               \",\n"}
{"Time":"2023-09-09T11:27:37.914502-07:00","Action":"output","Package":"github.com/ddworken/hishtory/client","Test":"TestParam/testCustomColumns/zsh","Output":"          \t\"                                                                \",\n"}
{"Time":"2023-09-09T11:27:37.914504-07:00","Action":"output","Package":"github.com/ddworken/hishtory/client","Test":"TestParam/testCustomColumns/zsh","Output":"        + \t\" \",\n"}
{"Time":"2023-09-09T11:27:37.914506-07:00","Action":"output","Package":"github.com/ddworken/hishtory/client","Test":"TestParam/testCustomColumns/zsh","Output":"          \t\"│\\n│ 0          git@github.com:ddworken/hishtory.git  hishtor\",\n"}
{"Time":"2023-09-09T11:27:37.914511-07:00","Action":"output","Package":"github.com/ddworken/hishtory/client","Test":"TestParam/testCustomColumns/zsh","Output":"          \t\"y config-add custom-columns git_remote '(git remote -v 2\u003e/dev/nu\",\n"}
{"Time":"2023-09-09T11:27:37.914513-07:00","Action":"output","Package":"github.com/ddworken/hishtory/client","Test":"TestParam/testCustomColumns/zsh","Output":"          \t... // 131 identical bytes\n"}
{"Time":"2023-09-09T11:27:37.914517-07:00","Action":"output","Package":"github.com/ddworken/hishtory/client","Test":"TestParam/testCustomColumns/zsh","Output":"          \t\"z                                                               \",\n"}
{"Time":"2023-09-09T11:27:37.914531-07:00","Action":"output","Package":"github.com/ddworken/hishtory/client","Test":"TestParam/testCustomColumns/zsh","Output":"          \t\"                                                                \",\n"}
{"Time":"2023-09-09T11:27:37.914537-07:00","Action":"output","Package":"github.com/ddworken/hishtory/client","Test":"TestParam/testCustomColumns/zsh","Output":"        + \t\" \",\n"}
{"Time":"2023-09-09T11:27:37.914545-07:00","Action":"output","Package":"github.com/ddworken/hishtory/client","Test":"TestParam/testCustomColumns/zsh","Output":"          \t\"│\\n│ 0                                                cd /   \",\n"}
{"Time":"2023-09-09T11:27:37.914548-07:00","Action":"output","Package":"github.com/ddworken/hishtory/client","Test":"TestParam/testCustomColumns/zsh","Output":"          \t\"                                                                \",\n"}
{"Time":"2023-09-09T11:27:37.914553-07:00","Action":"output","Package":"github.com/ddworken/hishtory/client","Test":"TestParam/testCustomColumns/zsh","Output":"          \t\"                                                                \",\n"}
{"Time":"2023-09-09T11:27:37.914559-07:00","Action":"output","Package":"github.com/ddworken/hishtory/client","Test":"TestParam/testCustomColumns/zsh","Output":"        + \t\" \",\n"}
{"Time":"2023-09-09T11:27:37.914561-07:00","Action":"output","Package":"github.com/ddworken/hishtory/client","Test":"TestParam/testCustomColumns/zsh","Output":"          \t\"│\\n│ 0                                                echo $F\",\n"}
{"Time":"2023-09-09T11:27:37.914565-07:00","Action":"output","Package":"github.com/ddworken/hishtory/client","Test":"TestParam/testCustomColumns/zsh","Output":"          \t\"OOBAR world                                                     \",\n"}
{"Time":"2023-09-09T11:27:37.914567-07:00","Action":"output","Package":"github.com/ddworken/hishtory/client","Test":"TestParam/testCustomColumns/zsh","Output":"          \t\"                                                                \",\n"}
{"Time":"2023-09-09T11:27:37.91457-07:00","Action":"output","Package":"github.com/ddworken/hishtory/client","Test":"TestParam/testCustomColumns/zsh","Output":"        + \t\" \",\n"}
{"Time":"2023-09-09T11:27:37.914575-07:00","Action":"output","Package":"github.com/ddworken/hishtory/client","Test":"TestParam/testCustomColumns/zsh","Output":"          \t\"│\\n│ 0                                                export \",\n"}
{"Time":"2023-09-09T11:27:37.91458-07:00","Action":"output","Package":"github.com/ddworken/hishtory/client","Test":"TestParam/testCustomColumns/zsh","Output":"          \t\"FOOBAR='hello'\",\n"}
{"Time":"2023-09-09T11:27:37.914582-07:00","Action":"output","Package":"github.com/ddworken/hishtory/client","Test":"TestParam/testCustomColumns/zsh","Output":"        + \t\" \",\n"}
{"Time":"2023-09-09T11:27:37.914589-07:00","Action":"output","Package":"github.com/ddworken/hishtory/client","Test":"TestParam/testCustomColumns/zsh","Output":"          \t\"                                                                \",\n"}
{"Time":"2023-09-09T11:27:37.91459-07:00","Action":"output","Package":"github.com/ddworken/hishtory/client","Test":"TestParam/testCustomColumns/zsh","Output":"          \t\"                                                  │\\n│\",\n"}
{"Time":"2023-09-09T11:27:37.914595-07:00","Action":"output","Package":"github.com/ddworken/hishtory/client","Test":"TestParam/testCustomColumns/zsh","Output":"        + \t\" \",\n"}
{"Time":"2023-09-09T11:27:37.914597-07:00","Action":"output","Package":"github.com/ddworken/hishtory/client","Test":"TestParam/testCustomColumns/zsh","Output":"          \t\"                                                                \",\n"}
{"Time":"2023-09-09T11:27:37.914598-07:00","Action":"output","Package":"github.com/ddworken/hishtory/client","Test":"TestParam/testCustomColumns/zsh","Output":"          \t\"                                                                \",\n"}
{"Time":"2023-09-09T11:27:37.9146-07:00","Action":"output","Package":"github.com/ddworken/hishtory/client","Test":"TestParam/testCustomColumns/zsh","Output":"          \t\"                                                         │\\n│\",\n"}
{"Time":"2023-09-09T11:27:37.914605-07:00","Action":"output","Package":"github.com/ddworken/hishtory/client","Test":"TestParam/testCustomColumns/zsh","Output":"        + \t\" \",\n"}
{"Time":"2023-09-09T11:27:37.914608-07:00","Action":"output","Package":"github.com/ddworken/hishtory/client","Test":"TestParam/testCustomColumns/zsh","Output":"          \t\"                                                                \",\n"}
{"Time":"2023-09-09T11:27:37.91461-07:00","Action":"output","Package":"github.com/ddworken/hishtory/client","Test":"TestParam/testCustomColumns/zsh","Output":"          \t\"                                                                \",\n"}
{"Time":"2023-09-09T11:27:37.914613-07:00","Action":"output","Package":"github.com/ddworken/hishtory/client","Test":"TestParam/testCustomColumns/zsh","Output":"          \t\"                                                         │\\n│\",\n"}
{"Time":"2023-09-09T11:27:37.914619-07:00","Action":"output","Package":"github.com/ddworken/hishtory/client","Test":"TestParam/testCustomColumns/zsh","Output":"        + \t\" \",\n"}
{"Time":"2023-09-09T11:27:37.914626-07:00","Action":"output","Package":"github.com/ddworken/hishtory/client","Test":"TestParam/testCustomColumns/zsh","Output":"          \t\"                                                                \",\n"}
{"Time":"2023-09-09T11:27:37.91463-07:00","Action":"output","Package":"github.com/ddworken/hishtory/client","Test":"TestParam/testCustomColumns/zsh","Output":"          \t\"                                                                \",\n"}
{"Time":"2023-09-09T11:27:37.914632-07:00","Action":"output","Package":"github.com/ddworken/hishtory/client","Test":"TestParam/testCustomColumns/zsh","Output":"          \t\"                                                         │\\n│\",\n"}
{"Time":"2023-09-09T11:27:37.914637-07:00","Action":"output","Package":"github.com/ddworken/hishtory/client","Test":"TestParam/testCustomColumns/zsh","Output":"        + \t\" \",\n"}
{"Time":"2023-09-09T11:27:37.914638-07:00","Action":"output","Package":"github.com/ddworken/hishtory/client","Test":"TestParam/testCustomColumns/zsh","Output":"          \t\"                                                                \",\n"}
{"Time":"2023-09-09T11:27:37.914643-07:00","Action":"output","Package":"github.com/ddworken/hishtory/client","Test":"TestParam/testCustomColumns/zsh","Output":"          \t\"                                                                \",\n"}
{"Time":"2023-09-09T11:27:37.914645-07:00","Action":"output","Package":"github.com/ddworken/hishtory/client","Test":"TestParam/testCustomColumns/zsh","Output":"          \t\"                                                         │\\n│\",\n"}
{"Time":"2023-09-09T11:27:37.914646-07:00","Action":"output","Package":"github.com/ddworken/hishtory/client","Test":"TestParam/testCustomColumns/zsh","Output":"        + \t\" \",\n"}
{"Time":"2023-09-09T11:27:37.914652-07:00","Action":"output","Package":"github.com/ddworken/hishtory/client","Test":"TestParam/testCustomColumns/zsh","Output":"          \t\"                                                                \",\n"}
{"Time":"2023-09-09T11:27:37.914653-07:00","Action":"output","Package":"github.com/ddworken/hishtory/client","Test":"TestParam/testCustomColumns/zsh","Output":"          \t\"                                                                \",\n"}
{"Time":"2023-09-09T11:27:37.914655-07:00","Action":"output","Package":"github.com/ddworken/hishtory/client","Test":"TestParam/testCustomColumns/zsh","Output":"          \t\"                                                         │\\n│\",\n"}
{"Time":"2023-09-09T11:27:37.914657-07:00","Action":"output","Package":"github.com/ddworken/hishtory/client","Test":"TestParam/testCustomColumns/zsh","Output":"        + \t\" \",\n"}
{"Time":"2023-09-09T11:27:37.914661-07:00","Action":"output","Package":"github.com/ddworken/hishtory/client","Test":"TestParam/testCustomColumns/zsh","Output":"          \t\"                                                                \",\n"}
{"Time":"2023-09-09T11:27:37.914662-07:00","Action":"output","Package":"github.com/ddworken/hishtory/client","Test":"TestParam/testCustomColumns/zsh","Output":"          \t\"                                                                \",\n"}
{"Time":"2023-09-09T11:27:37.914664-07:00","Action":"output","Package":"github.com/ddworken/hishtory/client","Test":"TestParam/testCustomColumns/zsh","Output":"          \t\"                                                         │\\n│\",\n"}
{"Time":"2023-09-09T11:27:37.914703-07:00","Action":"output","Package":"github.com/ddworken/hishtory/client","Test":"TestParam/testCustomColumns/zsh","Output":"        + \t\" \",\n"}
{"Time":"2023-09-09T11:27:37.914705-07:00","Action":"output","Package":"github.com/ddworken/hishtory/client","Test":"TestParam/testCustomColumns/zsh","Output":"          \t\"                                                                \",\n"}
{"Time":"2023-09-09T11:27:37.914706-07:00","Action":"output","Package":"github.com/ddworken/hishtory/client","Test":"TestParam/testCustomColumns/zsh","Output":"          \t\"                                                                \",\n"}
{"Time":"2023-09-09T11:27:37.914708-07:00","Action":"output","Package":"github.com/ddworken/hishtory/client","Test":"TestParam/testCustomColumns/zsh","Output":"          \t\"                                                         │\\n│\",\n"}
{"Time":"2023-09-09T11:27:37.91471-07:00","Action":"output","Package":"github.com/ddworken/hishtory/client","Test":"TestParam/testCustomColumns/zsh","Output":"        + \t\" \",\n"}
{"Time":"2023-09-09T11:27:37.914711-07:00","Action":"output","Package":"github.com/ddworken/hishtory/client","Test":"TestParam/testCustomColumns/zsh","Output":"          \t\"                                                                \",\n"}
{"Time":"2023-09-09T11:27:37.914713-07:00","Action":"output","Package":"github.com/ddworken/hishtory/client","Test":"TestParam/testCustomColumns/zsh","Output":"          \t\"                                                                \",\n"}
{"Time":"2023-09-09T11:27:37.914715-07:00","Action":"output","Package":"github.com/ddworken/hishtory/client","Test":"TestParam/testCustomColumns/zsh","Output":"          \t\"                                                         │\\n│\",\n"}
{"Time":"2023-09-09T11:27:37.914716-07:00","Action":"output","Package":"github.com/ddworken/hishtory/client","Test":"TestParam/testCustomColumns/zsh","Output":"        + \t\" \",\n"}
{"Time":"2023-09-09T11:27:37.914718-07:00","Action":"output","Package":"github.com/ddworken/hishtory/client","Test":"TestParam/testCustomColumns/zsh","Output":"          \t\"                                                                \",\n"}
{"Time":"2023-09-09T11:27:37.914719-07:00","Action":"output","Package":"github.com/ddworken/hishtory/client","Test":"TestParam/testCustomColumns/zsh","Output":"          \t\"                                                                \",\n"}
{"Time":"2023-09-09T11:27:37.914721-07:00","Action":"output","Package":"github.com/ddworken/hishtory/client","Test":"TestParam/testCustomColumns/zsh","Output":"          \t\"                                                         │\\n│\",\n"}
{"Time":"2023-09-09T11:27:37.914722-07:00","Action":"output","Package":"github.com/ddworken/hishtory/client","Test":"TestParam/testCustomColumns/zsh","Output":"        + \t\" \",\n"}
{"Time":"2023-09-09T11:27:37.914723-07:00","Action":"output","Package":"github.com/ddworken/hishtory/client","Test":"TestParam/testCustomColumns/zsh","Output":"          \t\"                                                                \",\n"}
{"Time":"2023-09-09T11:27:37.914725-07:00","Action":"output","Package":"github.com/ddworken/hishtory/client","Test":"TestParam/testCustomColumns/zsh","Output":"          \t\"                                                                \",\n"}
{"Time":"2023-09-09T11:27:37.914726-07:00","Action":"output","Package":"github.com/ddworken/hishtory/client","Test":"TestParam/testCustomColumns/zsh","Output":"          \t\"                                                         │\\n│\",\n"}
{"Time":"2023-09-09T11:27:37.914728-07:00","Action":"output","Package":"github.com/ddworken/hishtory/client","Test":"TestParam/testCustomColumns/zsh","Output":"        + \t\" \",\n"}
{"Time":"2023-09-09T11:27:37.914729-07:00","Action":"output","Package":"github.com/ddworken/hishtory/client","Test":"TestParam/testCustomColumns/zsh","Output":"          \t\"                                                                \",\n"}
{"Time":"2023-09-09T11:27:37.914731-07:00","Action":"output","Package":"github.com/ddworken/hishtory/client","Test":"TestParam/testCustomColumns/zsh","Output":"          \t\"                                                                \",\n"}
{"Time":"2023-09-09T11:27:37.914732-07:00","Action":"output","Package":"github.com/ddworken/hishtory/client","Test":"TestParam/testCustomColumns/zsh","Output":"          \t\"                                                         │\\n\\xe2\",\n"}
{"Time":"2023-09-09T11:27:37.914734-07:00","Action":"output","Package":"github.com/ddworken/hishtory/client","Test":"TestParam/testCustomColumns/zsh","Output":"        + \t\"\\x94\",\n"}
{"Time":"2023-09-09T11:27:37.914736-07:00","Action":"output","Package":"github.com/ddworken/hishtory/client","Test":"TestParam/testCustomColumns/zsh","Output":"          \t\"\\x94\",\n"}
{"Time":"2023-09-09T11:27:37.914737-07:00","Action":"output","Package":"github.com/ddworken/hishtory/client","Test":"TestParam/testCustomColumns/zsh","Output":"        + \t\"\\xe2\",\n"}
{"Time":"2023-09-09T11:27:37.914739-07:00","Action":"output","Package":"github.com/ddworken/hishtory/client","Test":"TestParam/testCustomColumns/zsh","Output":"          \t\"\\x94\",\n"}
{"Time":"2023-09-09T11:27:37.91474-07:00","Action":"output","Package":"github.com/ddworken/hishtory/client","Test":"TestParam/testCustomColumns/zsh","Output":"        + \t\"\\x80\",\n"}
{"Time":"2023-09-09T11:27:37.914742-07:00","Action":"output","Package":"github.com/ddworken/hishtory/client","Test":"TestParam/testCustomColumns/zsh","Output":"          \t\"─────────────────────\\xe2\",\n"}
{"Time":"2023-09-09T11:27:37.914743-07:00","Action":"output","Package":"github.com/ddworken/hishtory/client","Test":"TestParam/testCustomColumns/zsh","Output":"          \t\"\\x94\\x80────────────────────\\xe2\\x94\",\n"}
{"Time":"2023-09-09T11:27:37.914745-07:00","Action":"output","Package":"github.com/ddworken/hishtory/client","Test":"TestParam/testCustomColumns/zsh","Output":"          \t... // 483 identical bytes\n"}
{"Time":"2023-09-09T11:27:37.914746-07:00","Action":"output","Package":"github.com/ddworken/hishtory/client","Test":"TestParam/testCustomColumns/zsh","Output":"          }, \"\")\n"}
{"Time":"2023-09-09T11:27:37.914748-07:00","Action":"output","Package":"github.com/ddworken/hishtory/client","Test":"TestParam/testCustomColumns/zsh","Output":"        \n"}
{"Time":"2023-09-09T11:27:37.914751-07:00","Action":"output","Package":"github.com/ddworken/hishtory/client","Test":"TestParam/testCustomColumns/zsh","Output":"        actual=\n"}
{"Time":"2023-09-09T11:27:37.914753-07:00","Action":"output","Package":"github.com/ddworken/hishtory/client","Test":"TestParam/testCustomColumns/zsh","Output":"        david@Davids-MacBook-Air hishtory % hishtory tquery -pipefail\n"}
{"Time":"2023-09-09T11:27:37.914757-07:00","Action":"output","Package":"github.com/ddworken/hishtory/client","Test":"TestParam/testCustomColumns/zsh","Output":"        \n"}
{"Time":"2023-09-09T11:27:37.914758-07:00","Action":"output","Package":"github.com/ddworken/hishtory/client","Test":"TestParam/testCustomColumns/zsh","Output":"        \n"}
{"Time":"2023-09-09T11:27:37.91476-07:00","Action":"output","Package":"github.com/ddworken/hishtory/client","Test":"TestParam/testCustomColumns/zsh","Output":"        \n"}
{"Time":"2023-09-09T11:27:37.914761-07:00","Action":"output","Package":"github.com/ddworken/hishtory/client","Test":"TestParam/testCustomColumns/zsh","Output":"        Search Query: \u003e -pipefail\n"}
{"Time":"2023-09-09T11:27:37.914763-07:00","Action":"output","Package":"github.com/ddworken/hishtory/client","Test":"TestParam/testCustomColumns/zsh","Output":"        \n"}
{"Time":"2023-09-09T11:27:37.914765-07:00","Action":"output","Package":"github.com/ddworken/hishtory/client","Test":"TestParam/testCustomColumns/zsh","Output":"        ┌──────────────────────────────────────────────────────────────────────────────────────────────────────────────────────────────────────────────────────────────────────────────────────────┐\n"}
{"Time":"2023-09-09T11:27:37.914771-07:00","Action":"output","Package":"github.com/ddworken/hishtory/client","Test":"TestParam/testCustomColumns/zsh","Output":"        │ Exit Code  git_remote                            Command                                                                                                                                 │\n"}
{"Time":"2023-09-09T11:27:37.914777-07:00","Action":"output","Package":"github.com/ddworken/hishtory/client","Test":"TestParam/testCustomColumns/zsh","Output":"        │──────────────────────────────────────────────────────────────────────────────────────────────────────────────────────────────────────────────────────────────────────────────────────────│\n"}
{"Time":"2023-09-09T11:27:37.91478-07:00","Action":"output","Package":"github.com/ddworken/hishtory/client","Test":"TestParam/testCustomColumns/zsh","Output":"        │ 0          git@github.com:ddworken/hishtory.git  hishtory config-set displayed-columns 'Exit Code' git_remote Command                                                                    │\n"}
{"Time":"2023-09-09T11:27:37.914782-07:00","Action":"output","Package":"github.com/ddworken/hishtory/client","Test":"TestParam/testCustomColumns/zsh","Output":"        │ 0                                                echo bar                                                                                                                                │\n"}
{"Time":"2023-09-09T11:27:37.914783-07:00","Action":"output","Package":"github.com/ddworken/hishtory/client","Test":"TestParam/testCustomColumns/zsh","Output":"        │ 0                                                cd /                                                                                                                                    │\n"}
{"Time":"2023-09-09T11:27:37.914785-07:00","Action":"output","Package":"github.com/ddworken/hishtory/client","Test":"TestParam/testCustomColumns/zsh","Output":"        │ 0          git@github.com:ddworken/hishtory.git  echo foo                                                                                                                                │\n"}
{"Time":"2023-09-09T11:27:37.914786-07:00","Action":"output","Package":"github.com/ddworken/hishtory/client","Test":"TestParam/testCustomColumns/zsh","Output":"        │ 0          git@github.com:ddworken/hishtory.git  hishtory config-add custom-columns git_remote '(git remote -v 2\u003e/dev/null | grep origin 1\u003e/dev/null ) \u0026\u0026 git remote get-url origin || … │\n"}
{"Time":"2023-09-09T11:27:37.914797-07:00","Action":"output","Package":"github.com/ddworken/hishtory/client","Test":"TestParam/testCustomColumns/zsh","Output":"        │ 0                                                echo baz                                                                                                                                │\n"}
{"Time":"2023-09-09T11:27:37.914799-07:00","Action":"output","Package":"github.com/ddworken/hishtory/client","Test":"TestParam/testCustomColumns/zsh","Output":"        │ 0                                                cd /                                                                                                                                    │\n"}
{"Time":"2023-09-09T11:27:37.9148-07:00","Action":"output","Package":"github.com/ddworken/hishtory/client","Test":"TestParam/testCustomColumns/zsh","Output":"        │ 0                                                echo $FOOBAR world                                                                                                                      │\n"}
{"Time":"2023-09-09T11:27:37.914802-07:00","Action":"output","Package":"github.com/ddworken/hishtory/client","Test":"TestParam/testCustomColumns/zsh","Output":"        │ 0                                                export FOOBAR='hello'                                                                                                                   │\n"}
{"Time":"2023-09-09T11:27:37.914803-07:00","Action":"output","Package":"github.com/ddworken/hishtory/client","Test":"TestParam/testCustomColumns/zsh","Output":"        │                                                                                                                                                                                          │\n"}
{"Time":"2023-09-09T11:27:37.914805-07:00","Action":"output","Package":"github.com/ddworken/hishtory/client","Test":"TestParam/testCustomColumns/zsh","Output":"        │                                                                                                                                                                                          │\n"}
{"Time":"2023-09-09T11:27:37.914807-07:00","Action":"output","Package":"github.com/ddworken/hishtory/client","Test":"TestParam/testCustomColumns/zsh","Output":"        │                                                                                                                                                                                          │\n"}
{"Time":"2023-09-09T11:27:37.914808-07:00","Action":"output","Package":"github.com/ddworken/hishtory/client","Test":"TestParam/testCustomColumns/zsh","Output":"        │                                                                                                                                                                                          │\n"}
{"Time":"2023-09-09T11:27:37.91481-07:00","Action":"output","Package":"github.com/ddworken/hishtory/client","Test":"TestParam/testCustomColumns/zsh","Output":"        │                                                                                                                                                                                          │\n"}
{"Time":"2023-09-09T11:27:37.914812-07:00","Action":"output","Package":"github.com/ddworken/hishtory/client","Test":"TestParam/testCustomColumns/zsh","Output":"        │                                                                                                                                                                                          │\n"}
{"Time":"2023-09-09T11:27:37.914813-07:00","Action":"output","Package":"github.com/ddworken/hishtory/client","Test":"TestParam/testCustomColumns/zsh","Output":"        │                                                                                                                                                                                          │\n"}
{"Time":"2023-09-09T11:27:37.914815-07:00","Action":"output","Package":"github.com/ddworken/hishtory/client","Test":"TestParam/testCustomColumns/zsh","Output":"        │                                                                                                                                                                                          │\n"}
{"Time":"2023-09-09T11:27:37.914816-07:00","Action":"output","Package":"github.com/ddworken/hishtory/client","Test":"TestParam/testCustomColumns/zsh","Output":"        │                                                                                                                                                                                          │\n"}
{"Time":"2023-09-09T11:27:37.914818-07:00","Action":"output","Package":"github.com/ddworken/hishtory/client","Test":"TestParam/testCustomColumns/zsh","Output":"        │                                                                                                                                                                                          │\n"}
{"Time":"2023-09-09T11:27:37.914823-07:00","Action":"output","Package":"github.com/ddworken/hishtory/client","Test":"TestParam/testCustomColumns/zsh","Output":"        │                                                                                                                                                                                          │\n"}
{"Time":"2023-09-09T11:27:37.91483-07:00","Action":"output","Package":"github.com/ddworken/hishtory/client","Test":"TestParam/testCustomColumns/zsh","Output":"        └──────────────────────────────────────────────────────────────────────────────────────────────────────────────────────────────────────────────────────────────────────────────────────────┘\n"}
{"Time":"2023-09-09T11:27:37.914832-07:00","Action":"output","Package":"github.com/ddworken/hishtory/client","Test":"TestParam/testCustomColumns/zsh","Output":"        hiSHtory: Search your shell history  • ctrl+h help\n"}
{"Time":"2023-09-09T11:27:37.925973-07:00","Action":"output","Package":"github.com/ddworken/hishtory/client","Test":"TestParam","Output":"--- FAIL: TestParam (7.09s)\n"}
{"Time":"2023-09-09T11:27:37.925996-07:00","Action":"output","Package":"github.com/ddworken/hishtory/client","Test":"TestParam/testCustomColumns/zsh","Output":"    --- FAIL: TestParam/testCustomColumns/zsh (7.09s)\n"}
{"Time":"2023-09-09T11:27:37.925999-07:00","Action":"fail","Package":"github.com/ddworken/hishtory/client","Test":"TestParam/testCustomColumns/zsh","Elapsed":7.09}
{"Time":"2023-09-09T11:27:37.926006-07:00","Action":"fail","Package":"github.com/ddworken/hishtory/client","Test":"TestParam","Elapsed":7.09}
{"Time":"2023-09-09T11:27:37.926008-07:00","Action":"output","Package":"github.com/ddworken/hishtory/client","Output":"FAIL\n"}
{"Time":"2023-09-09T11:27:37.926799-07:00","Action":"output","Package":"github.com/ddworken/hishtory/client","Output":"FAIL\tgithub.com/ddworken/hishtory/client\t15.402s\n"}
{"Time":"2023-09-09T11:27:37.926805-07:00","Action":"fail","Package":"github.com/ddworken/hishtory/client","Elapsed":15.403}
{"Time":"2023-09-09T11:27:49.319128-07:00","Action":"run","Package":"github.com/ddworken/hishtory/client","Test":"TestParam"}
{"Time":"2023-09-09T11:27:49.319214-07:00","Action":"output","Package":"github.com/ddworken/hishtory/client","Test":"TestParam","Output":"=== RUN   TestParam\n"}
{"Time":"2023-09-09T11:27:49.319597-07:00","Action":"run","Package":"github.com/ddworken/hishtory/client","Test":"TestParam/testCustomColumns/zsh"}
{"Time":"2023-09-09T11:27:49.31961-07:00","Action":"output","Package":"github.com/ddworken/hishtory/client","Test":"TestParam/testCustomColumns/zsh","Output":"=== RUN   TestParam/testCustomColumns/zsh\n"}
{"Time":"2023-09-09T11:27:56.47922-07:00","Action":"output","Package":"github.com/ddworken/hishtory/client","Test":"TestParam/testCustomColumns/zsh","Output":"    testutils.go:366: hishtory golden mismatch for testCustomColumns-tquery-zsh at /Users/david/code/hishtory/client/client_test.go:2337 (-expected +got):\n"}
{"Time":"2023-09-09T11:27:56.479245-07:00","Action":"output","Package":"github.com/ddworken/hishtory/client","Test":"TestParam/testCustomColumns/zsh","Output":"          strings.Join({\n"}
{"Time":"2023-09-09T11:27:56.479256-07:00","Action":"output","Package":"github.com/ddworken/hishtory/client","Test":"TestParam/testCustomColumns/zsh","Output":"          \t... // 524 identical bytes\n"}
{"Time":"2023-09-09T11:27:56.479258-07:00","Action":"output","Package":"github.com/ddworken/hishtory/client","Test":"TestParam/testCustomColumns/zsh","Output":"          \t\"─────────────────────\\xe2\",\n"}
{"Time":"2023-09-09T11:27:56.479261-07:00","Action":"output","Package":"github.com/ddworken/hishtory/client","Test":"TestParam/testCustomColumns/zsh","Output":"          \t\"\\x94\\x80────────────────────\\xe2\\x94\",\n"}
{"Time":"2023-09-09T11:27:56.479275-07:00","Action":"output","Package":"github.com/ddworken/hishtory/client","Test":"TestParam/testCustomColumns/zsh","Output":"        + \t\"\\x80\\xe2\\x94\",\n"}
{"Time":"2023-09-09T11:27:56.479277-07:00","Action":"output","Package":"github.com/ddworken/hishtory/client","Test":"TestParam/testCustomColumns/zsh","Output":"          \t\"\\x90\\n│ Exit Code  git_remote                            Command  \",\n"}
{"Time":"2023-09-09T11:27:56.479278-07:00","Action":"output","Package":"github.com/ddworken/hishtory/client","Test":"TestParam/testCustomColumns/zsh","Output":"          \t\"                                                                \",\n"}
{"Time":"2023-09-09T11:27:56.479282-07:00","Action":"output","Package":"github.com/ddworken/hishtory/client","Test":"TestParam/testCustomColumns/zsh","Output":"          \t\"                                                              \",\n"}
{"Time":"2023-09-09T11:27:56.479284-07:00","Action":"output","Package":"github.com/ddworken/hishtory/client","Test":"TestParam/testCustomColumns/zsh","Output":"        + \t\" \",\n"}
{"Time":"2023-09-09T11:27:56.479286-07:00","Action":"output","Package":"github.com/ddworken/hishtory/client","Test":"TestParam/testCustomColumns/zsh","Output":"          \t\"│\\n│───────────────────\",\n"}
{"Time":"2023-09-09T11:27:56.479288-07:00","Action":"output","Package":"github.com/ddworken/hishtory/client","Test":"TestParam/testCustomColumns/zsh","Output":"          \t\"─────────────────────\\xe2\",\n"}
{"Time":"2023-09-09T11:27:56.479291-07:00","Action":"output","Package":"github.com/ddworken/hishtory/client","Test":"TestParam/testCustomColumns/zsh","Output":"          \t... // 308 identical bytes\n"}
{"Time":"2023-09-09T11:27:56.479294-07:00","Action":"output","Package":"github.com/ddworken/hishtory/client","Test":"TestParam/testCustomColumns/zsh","Output":"          \t\"─────────────────────\\xe2\",\n"}
{"Time":"2023-09-09T11:27:56.4793-07:00","Action":"output","Package":"github.com/ddworken/hishtory/client","Test":"TestParam/testCustomColumns/zsh","Output":"          \t\"\\x94\\x80────────────────────\\xe2\\x94\",\n"}
{"Time":"2023-09-09T11:27:56.479306-07:00","Action":"output","Package":"github.com/ddworken/hishtory/client","Test":"TestParam/testCustomColumns/zsh","Output":"        + \t\"\\x80\\xe2\\x94\",\n"}
{"Time":"2023-09-09T11:27:56.479307-07:00","Action":"output","Package":"github.com/ddworken/hishtory/client","Test":"TestParam/testCustomColumns/zsh","Output":"          \t\"\\x82\\n│ 0          git@github.com:ddworken/hishtory.git  hishtory \",\n"}
{"Time":"2023-09-09T11:27:56.479314-07:00","Action":"output","Package":"github.com/ddworken/hishtory/client","Test":"TestParam/testCustomColumns/zsh","Output":"          \t\"config-set displayed-columns 'Exit Code' git_remote Command     \",\n"}
{"Time":"2023-09-09T11:27:56.479319-07:00","Action":"output","Package":"github.com/ddworken/hishtory/client","Test":"TestParam/testCustomColumns/zsh","Output":"          \t\"                                                              \",\n"}
{"Time":"2023-09-09T11:27:56.479324-07:00","Action":"output","Package":"github.com/ddworken/hishtory/client","Test":"TestParam/testCustomColumns/zsh","Output":"        + \t\" \",\n"}
{"Time":"2023-09-09T11:27:56.479327-07:00","Action":"output","Package":"github.com/ddworken/hishtory/client","Test":"TestParam/testCustomColumns/zsh","Output":"          \t\"│\\n│ 0                                                echo ba\",\n"}
{"Time":"2023-09-09T11:27:56.479331-07:00","Action":"output","Package":"github.com/ddworken/hishtory/client","Test":"TestParam/testCustomColumns/zsh","Output":"          \t\"r                                                               \",\n"}
{"Time":"2023-09-09T11:27:56.479334-07:00","Action":"output","Package":"github.com/ddworken/hishtory/client","Test":"TestParam/testCustomColumns/zsh","Output":"          \t\"                                                                \",\n"}
{"Time":"2023-09-09T11:27:56.479343-07:00","Action":"output","Package":"github.com/ddworken/hishtory/client","Test":"TestParam/testCustomColumns/zsh","Output":"        + \t\" \",\n"}
{"Time":"2023-09-09T11:27:56.479344-07:00","Action":"output","Package":"github.com/ddworken/hishtory/client","Test":"TestParam/testCustomColumns/zsh","Output":"          \t\"│\\n│ 0                                                cd /   \",\n"}
{"Time":"2023-09-09T11:27:56.479348-07:00","Action":"output","Package":"github.com/ddworken/hishtory/client","Test":"TestParam/testCustomColumns/zsh","Output":"          \t\"                                                                \",\n"}
{"Time":"2023-09-09T11:27:56.479349-07:00","Action":"output","Package":"github.com/ddworken/hishtory/client","Test":"TestParam/testCustomColumns/zsh","Output":"          \t\"                                                                \",\n"}
{"Time":"2023-09-09T11:27:56.479352-07:00","Action":"output","Package":"github.com/ddworken/hishtory/client","Test":"TestParam/testCustomColumns/zsh","Output":"        + \t\" \",\n"}
{"Time":"2023-09-09T11:27:56.479354-07:00","Action":"output","Package":"github.com/ddworken/hishtory/client","Test":"TestParam/testCustomColumns/zsh","Output":"          \t\"│\\n│ 0          git@github.com:ddworken/hishtory.git  echo fo\",\n"}
{"Time":"2023-09-09T11:27:56.479355-07:00","Action":"output","Package":"github.com/ddworken/hishtory/client","Test":"TestParam/testCustomColumns/zsh","Output":"          \t\"o                                                               \",\n"}
{"Time":"2023-09-09T11:27:56.47936-07:00","Action":"output","Package":"github.com/ddworken/hishtory/client","Test":"TestParam/testCustomColumns/zsh","Output":"          \t\"                                                                \",\n"}
{"Time":"2023-09-09T11:27:56.479361-07:00","Action":"output","Package":"github.com/ddworken/hishtory/client","Test":"TestParam/testCustomColumns/zsh","Output":"        + \t\" \",\n"}
{"Time":"2023-09-09T11:27:56.479363-07:00","Action":"output","Package":"github.com/ddworken/hishtory/client","Test":"TestParam/testCustomColumns/zsh","Output":"          \t\"│\\n│ 0          git@github.com:ddworken/hishtory.git  hishtor\",\n"}
{"Time":"2023-09-09T11:27:56.479365-07:00","Action":"output","Package":"github.com/ddworken/hishtory/client","Test":"TestParam/testCustomColumns/zsh","Output":"          \t\"y config-add custom-columns git_remote '(git remote -v 2\u003e/dev/nu\",\n"}
{"Time":"2023-09-09T11:27:56.479374-07:00","Action":"output","Package":"github.com/ddworken/hishtory/client","Test":"TestParam/testCustomColumns/zsh","Output":"          \t... // 131 identical bytes\n"}
{"Time":"2023-09-09T11:27:56.479376-07:00","Action":"output","Package":"github.com/ddworken/hishtory/client","Test":"TestParam/testCustomColumns/zsh","Output":"          \t\"z                                                               \",\n"}
{"Time":"2023-09-09T11:27:56.479377-07:00","Action":"output","Package":"github.com/ddworken/hishtory/client","Test":"TestParam/testCustomColumns/zsh","Output":"          \t\"                                                                \",\n"}
{"Time":"2023-09-09T11:27:56.479381-07:00","Action":"output","Package":"github.com/ddworken/hishtory/client","Test":"TestParam/testCustomColumns/zsh","Output":"        + \t\" \",\n"}
{"Time":"2023-09-09T11:27:56.479384-07:00","Action":"output","Package":"github.com/ddworken/hishtory/client","Test":"TestParam/testCustomColumns/zsh","Output":"          \t\"│\\n│ 0                                                cd /   \",\n"}
{"Time":"2023-09-09T11:27:56.479385-07:00","Action":"output","Package":"github.com/ddworken/hishtory/client","Test":"TestParam/testCustomColumns/zsh","Output":"          \t\"                                                                \",\n"}
{"Time":"2023-09-09T11:27:56.479389-07:00","Action":"output","Package":"github.com/ddworken/hishtory/client","Test":"TestParam/testCustomColumns/zsh","Output":"          \t\"                                                                \",\n"}
{"Time":"2023-09-09T11:27:56.47939-07:00","Action":"output","Package":"github.com/ddworken/hishtory/client","Test":"TestParam/testCustomColumns/zsh","Output":"        + \t\" \",\n"}
{"Time":"2023-09-09T11:27:56.479393-07:00","Action":"output","Package":"github.com/ddworken/hishtory/client","Test":"TestParam/testCustomColumns/zsh","Output":"          \t\"│\\n│ 0                                                echo $F\",\n"}
{"Time":"2023-09-09T11:27:56.479394-07:00","Action":"output","Package":"github.com/ddworken/hishtory/client","Test":"TestParam/testCustomColumns/zsh","Output":"          \t\"OOBAR world                                                     \",\n"}
{"Time":"2023-09-09T11:27:56.479397-07:00","Action":"output","Package":"github.com/ddworken/hishtory/client","Test":"TestParam/testCustomColumns/zsh","Output":"          \t\"                                                                \",\n"}
{"Time":"2023-09-09T11:27:56.479404-07:00","Action":"output","Package":"github.com/ddworken/hishtory/client","Test":"TestParam/testCustomColumns/zsh","Output":"        + \t\" \",\n"}
{"Time":"2023-09-09T11:27:56.479408-07:00","Action":"output","Package":"github.com/ddworken/hishtory/client","Test":"TestParam/testCustomColumns/zsh","Output":"          \t\"│\\n│ 0                                                export \",\n"}
{"Time":"2023-09-09T11:27:56.479411-07:00","Action":"output","Package":"github.com/ddworken/hishtory/client","Test":"TestParam/testCustomColumns/zsh","Output":"          \t\"FOOBAR='hello'                                                  \",\n"}
{"Time":"2023-09-09T11:27:56.479412-07:00","Action":"output","Package":"github.com/ddworken/hishtory/client","Test":"TestParam/testCustomColumns/zsh","Output":"          \t\"                                                                \",\n"}
{"Time":"2023-09-09T11:27:56.479415-07:00","Action":"output","Package":"github.com/ddworken/hishtory/client","Test":"TestParam/testCustomColumns/zsh","Output":"        + \t\" \",\n"}
{"Time":"2023-09-09T11:27:56.479416-07:00","Action":"output","Package":"github.com/ddworken/hishtory/client","Test":"TestParam/testCustomColumns/zsh","Output":"          \t\"│\\n│\",\n"}
{"Time":"2023-09-09T11:27:56.479418-07:00","Action":"output","Package":"github.com/ddworken/hishtory/client","Test":"TestParam/testCustomColumns/zsh","Output":"        + \t\" \",\n"}
{"Time":"2023-09-09T11:27:56.479422-07:00","Action":"output","Package":"github.com/ddworken/hishtory/client","Test":"TestParam/testCustomColumns/zsh","Output":"          \t\"                                                                \",\n"}
{"Time":"2023-09-09T11:27:56.479424-07:00","Action":"output","Package":"github.com/ddworken/hishtory/client","Test":"TestParam/testCustomColumns/zsh","Output":"          \t\"                                                                \",\n"}
{"Time":"2023-09-09T11:27:56.479426-07:00","Action":"output","Package":"github.com/ddworken/hishtory/client","Test":"TestParam/testCustomColumns/zsh","Output":"          \t\"                                                         │\\n│\",\n"}
{"Time":"2023-09-09T11:27:56.479428-07:00","Action":"output","Package":"github.com/ddworken/hishtory/client","Test":"TestParam/testCustomColumns/zsh","Output":"        + \t\" \",\n"}
{"Time":"2023-09-09T11:27:56.47943-07:00","Action":"output","Package":"github.com/ddworken/hishtory/client","Test":"TestParam/testCustomColumns/zsh","Output":"          \t\"                                                                \",\n"}
{"Time":"2023-09-09T11:27:56.479432-07:00","Action":"output","Package":"github.com/ddworken/hishtory/client","Test":"TestParam/testCustomColumns/zsh","Output":"          \t\"                                                                \",\n"}
{"Time":"2023-09-09T11:27:56.479434-07:00","Action":"output","Package":"github.com/ddworken/hishtory/client","Test":"TestParam/testCustomColumns/zsh","Output":"          \t\"                                                         │\\n│\",\n"}
{"Time":"2023-09-09T11:27:56.479436-07:00","Action":"output","Package":"github.com/ddworken/hishtory/client","Test":"TestParam/testCustomColumns/zsh","Output":"        + \t\" \",\n"}
{"Time":"2023-09-09T11:27:56.479446-07:00","Action":"output","Package":"github.com/ddworken/hishtory/client","Test":"TestParam/testCustomColumns/zsh","Output":"          \t\"                                                                \",\n"}
{"Time":"2023-09-09T11:27:56.479449-07:00","Action":"output","Package":"github.com/ddworken/hishtory/client","Test":"TestParam/testCustomColumns/zsh","Output":"          \t\"                                                                \",\n"}
{"Time":"2023-09-09T11:27:56.479451-07:00","Action":"output","Package":"github.com/ddworken/hishtory/client","Test":"TestParam/testCustomColumns/zsh","Output":"          \t\"                                                         │\\n│\",\n"}
{"Time":"2023-09-09T11:27:56.479453-07:00","Action":"output","Package":"github.com/ddworken/hishtory/client","Test":"TestParam/testCustomColumns/zsh","Output":"        + \t\" \",\n"}
{"Time":"2023-09-09T11:27:56.479455-07:00","Action":"output","Package":"github.com/ddworken/hishtory/client","Test":"TestParam/testCustomColumns/zsh","Output":"          \t\"                                                                \",\n"}
{"Time":"2023-09-09T11:27:56.479461-07:00","Action":"output","Package":"github.com/ddworken/hishtory/client","Test":"TestParam/testCustomColumns/zsh","Output":"          \t\"                                                                \",\n"}
{"Time":"2023-09-09T11:27:56.479462-07:00","Action":"output","Package":"github.com/ddworken/hishtory/client","Test":"TestParam/testCustomColumns/zsh","Output":"          \t\"                                                         │\\n│\",\n"}
{"Time":"2023-09-09T11:27:56.479464-07:00","Action":"output","Package":"github.com/ddworken/hishtory/client","Test":"TestParam/testCustomColumns/zsh","Output":"        + \t\" \",\n"}
{"Time":"2023-09-09T11:27:56.479465-07:00","Action":"output","Package":"github.com/ddworken/hishtory/client","Test":"TestParam/testCustomColumns/zsh","Output":"          \t\"                                                                \",\n"}
{"Time":"2023-09-09T11:27:56.479466-07:00","Action":"output","Package":"github.com/ddworken/hishtory/client","Test":"TestParam/testCustomColumns/zsh","Output":"          \t\"                                                                \",\n"}
{"Time":"2023-09-09T11:27:56.47947-07:00","Action":"output","Package":"github.com/ddworken/hishtory/client","Test":"TestParam/testCustomColumns/zsh","Output":"          \t\"                                                         │\\n│\",\n"}
{"Time":"2023-09-09T11:27:56.479471-07:00","Action":"output","Package":"github.com/ddworken/hishtory/client","Test":"TestParam/testCustomColumns/zsh","Output":"        + \t\" \",\n"}
{"Time":"2023-09-09T11:27:56.479473-07:00","Action":"output","Package":"github.com/ddworken/hishtory/client","Test":"TestParam/testCustomColumns/zsh","Output":"          \t\"                                                                \",\n"}
{"Time":"2023-09-09T11:27:56.479474-07:00","Action":"output","Package":"github.com/ddworken/hishtory/client","Test":"TestParam/testCustomColumns/zsh","Output":"          \t\"                                                                \",\n"}
{"Time":"2023-09-09T11:27:56.479476-07:00","Action":"output","Package":"github.com/ddworken/hishtory/client","Test":"TestParam/testCustomColumns/zsh","Output":"          \t\"                                                         │\\n│\",\n"}
{"Time":"2023-09-09T11:27:56.479477-07:00","Action":"output","Package":"github.com/ddworken/hishtory/client","Test":"TestParam/testCustomColumns/zsh","Output":"        + \t\" \",\n"}
{"Time":"2023-09-09T11:27:56.479497-07:00","Action":"output","Package":"github.com/ddworken/hishtory/client","Test":"TestParam/testCustomColumns/zsh","Output":"          \t\"                                                                \",\n"}
{"Time":"2023-09-09T11:27:56.479498-07:00","Action":"output","Package":"github.com/ddworken/hishtory/client","Test":"TestParam/testCustomColumns/zsh","Output":"          \t\"                                                                \",\n"}
{"Time":"2023-09-09T11:27:56.4795-07:00","Action":"output","Package":"github.com/ddworken/hishtory/client","Test":"TestParam/testCustomColumns/zsh","Output":"          \t\"                                                         │\\n│\",\n"}
{"Time":"2023-09-09T11:27:56.479507-07:00","Action":"output","Package":"github.com/ddworken/hishtory/client","Test":"TestParam/testCustomColumns/zsh","Output":"        + \t\" \",\n"}
{"Time":"2023-09-09T11:27:56.479508-07:00","Action":"output","Package":"github.com/ddworken/hishtory/client","Test":"TestParam/testCustomColumns/zsh","Output":"          \t\"                                                                \",\n"}
{"Time":"2023-09-09T11:27:56.47951-07:00","Action":"output","Package":"github.com/ddworken/hishtory/client","Test":"TestParam/testCustomColumns/zsh","Output":"          \t\"                                                                \",\n"}
{"Time":"2023-09-09T11:27:56.479514-07:00","Action":"output","Package":"github.com/ddworken/hishtory/client","Test":"TestParam/testCustomColumns/zsh","Output":"          \t\"                                                         │\\n│\",\n"}
{"Time":"2023-09-09T11:27:56.479516-07:00","Action":"output","Package":"github.com/ddworken/hishtory/client","Test":"TestParam/testCustomColumns/zsh","Output":"        + \t\" \",\n"}
{"Time":"2023-09-09T11:27:56.47952-07:00","Action":"output","Package":"github.com/ddworken/hishtory/client","Test":"TestParam/testCustomColumns/zsh","Output":"          \t\"                                                                \",\n"}
{"Time":"2023-09-09T11:27:56.479521-07:00","Action":"output","Package":"github.com/ddworken/hishtory/client","Test":"TestParam/testCustomColumns/zsh","Output":"          \t\"                                                                \",\n"}
{"Time":"2023-09-09T11:27:56.479523-07:00","Action":"output","Package":"github.com/ddworken/hishtory/client","Test":"TestParam/testCustomColumns/zsh","Output":"          \t\"                                                         │\\n│\",\n"}
{"Time":"2023-09-09T11:27:56.479524-07:00","Action":"output","Package":"github.com/ddworken/hishtory/client","Test":"TestParam/testCustomColumns/zsh","Output":"        + \t\" \",\n"}
{"Time":"2023-09-09T11:27:56.479526-07:00","Action":"output","Package":"github.com/ddworken/hishtory/client","Test":"TestParam/testCustomColumns/zsh","Output":"          \t\"                                                                \",\n"}
{"Time":"2023-09-09T11:27:56.479528-07:00","Action":"output","Package":"github.com/ddworken/hishtory/client","Test":"TestParam/testCustomColumns/zsh","Output":"          \t\"                                                                \",\n"}
{"Time":"2023-09-09T11:27:56.479529-07:00","Action":"output","Package":"github.com/ddworken/hishtory/client","Test":"TestParam/testCustomColumns/zsh","Output":"          \t\"                                                         │\\n│\",\n"}
{"Time":"2023-09-09T11:27:56.479534-07:00","Action":"output","Package":"github.com/ddworken/hishtory/client","Test":"TestParam/testCustomColumns/zsh","Output":"        + \t\" \",\n"}
{"Time":"2023-09-09T11:27:56.479535-07:00","Action":"output","Package":"github.com/ddworken/hishtory/client","Test":"TestParam/testCustomColumns/zsh","Output":"          \t\"                                                                \",\n"}
{"Time":"2023-09-09T11:27:56.479537-07:00","Action":"output","Package":"github.com/ddworken/hishtory/client","Test":"TestParam/testCustomColumns/zsh","Output":"          \t\"                                                                \",\n"}
{"Time":"2023-09-09T11:27:56.479541-07:00","Action":"output","Package":"github.com/ddworken/hishtory/client","Test":"TestParam/testCustomColumns/zsh","Output":"          \t\"                                                         │\\n\\xe2\",\n"}
{"Time":"2023-09-09T11:27:56.479542-07:00","Action":"output","Package":"github.com/ddworken/hishtory/client","Test":"TestParam/testCustomColumns/zsh","Output":"        + \t\"\\x94\",\n"}
{"Time":"2023-09-09T11:27:56.479544-07:00","Action":"output","Package":"github.com/ddworken/hishtory/client","Test":"TestParam/testCustomColumns/zsh","Output":"          \t\"\\x94\",\n"}
{"Time":"2023-09-09T11:27:56.479545-07:00","Action":"output","Package":"github.com/ddworken/hishtory/client","Test":"TestParam/testCustomColumns/zsh","Output":"        + \t\"\\xe2\",\n"}
{"Time":"2023-09-09T11:27:56.479547-07:00","Action":"output","Package":"github.com/ddworken/hishtory/client","Test":"TestParam/testCustomColumns/zsh","Output":"          \t\"\\x94\",\n"}
{"Time":"2023-09-09T11:27:56.479548-07:00","Action":"output","Package":"github.com/ddworken/hishtory/client","Test":"TestParam/testCustomColumns/zsh","Output":"        + \t\"\\x80\",\n"}
{"Time":"2023-09-09T11:27:56.479549-07:00","Action":"output","Package":"github.com/ddworken/hishtory/client","Test":"TestParam/testCustomColumns/zsh","Output":"          \t\"─────────────────────\\xe2\",\n"}
{"Time":"2023-09-09T11:27:56.479551-07:00","Action":"output","Package":"github.com/ddworken/hishtory/client","Test":"TestParam/testCustomColumns/zsh","Output":"          \t\"\\x94\\x80────────────────────\\xe2\\x94\",\n"}
{"Time":"2023-09-09T11:27:56.479558-07:00","Action":"output","Package":"github.com/ddworken/hishtory/client","Test":"TestParam/testCustomColumns/zsh","Output":"          \t... // 483 identical bytes\n"}
{"Time":"2023-09-09T11:27:56.47956-07:00","Action":"output","Package":"github.com/ddworken/hishtory/client","Test":"TestParam/testCustomColumns/zsh","Output":"          }, \"\")\n"}
{"Time":"2023-09-09T11:27:56.479568-07:00","Action":"output","Package":"github.com/ddworken/hishtory/client","Test":"TestParam/testCustomColumns/zsh","Output":"        \n"}
{"Time":"2023-09-09T11:27:56.479569-07:00","Action":"output","Package":"github.com/ddworken/hishtory/client","Test":"TestParam/testCustomColumns/zsh","Output":"        actual=\n"}
{"Time":"2023-09-09T11:27:56.479575-07:00","Action":"output","Package":"github.com/ddworken/hishtory/client","Test":"TestParam/testCustomColumns/zsh","Output":"        david@Davids-MacBook-Air hishtory % hishtory tquery -pipefail\n"}
{"Time":"2023-09-09T11:27:56.479577-07:00","Action":"output","Package":"github.com/ddworken/hishtory/client","Test":"TestParam/testCustomColumns/zsh","Output":"        \n"}
{"Time":"2023-09-09T11:27:56.479579-07:00","Action":"output","Package":"github.com/ddworken/hishtory/client","Test":"TestParam/testCustomColumns/zsh","Output":"        \n"}
{"Time":"2023-09-09T11:27:56.47958-07:00","Action":"output","Package":"github.com/ddworken/hishtory/client","Test":"TestParam/testCustomColumns/zsh","Output":"        \n"}
{"Time":"2023-09-09T11:27:56.479587-07:00","Action":"output","Package":"github.com/ddworken/hishtory/client","Test":"TestParam/testCustomColumns/zsh","Output":"        Search Query: \u003e -pipefail\n"}
{"Time":"2023-09-09T11:27:56.479588-07:00","Action":"output","Package":"github.com/ddworken/hishtory/client","Test":"TestParam/testCustomColumns/zsh","Output":"        \n"}
{"Time":"2023-09-09T11:27:56.47959-07:00","Action":"output","Package":"github.com/ddworken/hishtory/client","Test":"TestParam/testCustomColumns/zsh","Output":"        ┌──────────────────────────────────────────────────────────────────────────────────────────────────────────────────────────────────────────────────────────────────────────────────────────┐\n"}
{"Time":"2023-09-09T11:27:56.479599-07:00","Action":"output","Package":"github.com/ddworken/hishtory/client","Test":"TestParam/testCustomColumns/zsh","Output":"        │ Exit Code  git_remote                            Command                                                                                                                                 │\n"}
{"Time":"2023-09-09T11:27:56.479606-07:00","Action":"output","Package":"github.com/ddworken/hishtory/client","Test":"TestParam/testCustomColumns/zsh","Output":"        │──────────────────────────────────────────────────────────────────────────────────────────────────────────────────────────────────────────────────────────────────────────────────────────│\n"}
{"Time":"2023-09-09T11:27:56.479609-07:00","Action":"output","Package":"github.com/ddworken/hishtory/client","Test":"TestParam/testCustomColumns/zsh","Output":"        │ 0          git@github.com:ddworken/hishtory.git  hishtory config-set displayed-columns 'Exit Code' git_remote Command                                                                    │\n"}
{"Time":"2023-09-09T11:27:56.479612-07:00","Action":"output","Package":"github.com/ddworken/hishtory/client","Test":"TestParam/testCustomColumns/zsh","Output":"        │ 0                                                echo bar                                                                                                                                │\n"}
{"Time":"2023-09-09T11:27:56.479618-07:00","Action":"output","Package":"github.com/ddworken/hishtory/client","Test":"TestParam/testCustomColumns/zsh","Output":"        │ 0                                                cd /                                                                                                                                    │\n"}
{"Time":"2023-09-09T11:27:56.47962-07:00","Action":"output","Package":"github.com/ddworken/hishtory/client","Test":"TestParam/testCustomColumns/zsh","Output":"        │ 0          git@github.com:ddworken/hishtory.git  echo foo                                                                                                                                │\n"}
{"Time":"2023-09-09T11:27:56.479622-07:00","Action":"output","Package":"github.com/ddworken/hishtory/client","Test":"TestParam/testCustomColumns/zsh","Output":"        │ 0          git@github.com:ddworken/hishtory.git  hishtory config-add custom-columns git_remote '(git remote -v 2\u003e/dev/null | grep origin 1\u003e/dev/null ) \u0026\u0026 git remote get-url origin || … │\n"}
{"Time":"2023-09-09T11:27:56.47963-07:00","Action":"output","Package":"github.com/ddworken/hishtory/client","Test":"TestParam/testCustomColumns/zsh","Output":"        │ 0                                                echo baz                                                                                                                                │\n"}
{"Time":"2023-09-09T11:27:56.479632-07:00","Action":"output","Package":"github.com/ddworken/hishtory/client","Test":"TestParam/testCustomColumns/zsh","Output":"        │ 0                                                cd /                                                                                                                                    │\n"}
{"Time":"2023-09-09T11:27:56.479634-07:00","Action":"output","Package":"github.com/ddworken/hishtory/client","Test":"TestParam/testCustomColumns/zsh","Output":"        │ 0                                                echo $FOOBAR world                                                                                                                      │\n"}
{"Time":"2023-09-09T11:27:56.479635-07:00","Action":"output","Package":"github.com/ddworken/hishtory/client","Test":"TestParam/testCustomColumns/zsh","Output":"        │ 0                                                export FOOBAR='hello'                                                                                                                   │\n"}
{"Time":"2023-09-09T11:27:56.479637-07:00","Action":"output","Package":"github.com/ddworken/hishtory/client","Test":"TestParam/testCustomColumns/zsh","Output":"        │                                                                                                                                                                                          │\n"}
{"Time":"2023-09-09T11:27:56.479638-07:00","Action":"output","Package":"github.com/ddworken/hishtory/client","Test":"TestParam/testCustomColumns/zsh","Output":"        │                                                                                                                                                                                          │\n"}
{"Time":"2023-09-09T11:27:56.479641-07:00","Action":"output","Package":"github.com/ddworken/hishtory/client","Test":"TestParam/testCustomColumns/zsh","Output":"        │                                                                                                                                                                                          │\n"}
{"Time":"2023-09-09T11:27:56.479643-07:00","Action":"output","Package":"github.com/ddworken/hishtory/client","Test":"TestParam/testCustomColumns/zsh","Output":"        │                                                                                                                                                                                          │\n"}
{"Time":"2023-09-09T11:27:56.479645-07:00","Action":"output","Package":"github.com/ddworken/hishtory/client","Test":"TestParam/testCustomColumns/zsh","Output":"        │                                                                                                                                                                                          │\n"}
{"Time":"2023-09-09T11:27:56.479646-07:00","Action":"output","Package":"github.com/ddworken/hishtory/client","Test":"TestParam/testCustomColumns/zsh","Output":"        │                                                                                                                                                                                          │\n"}
{"Time":"2023-09-09T11:27:56.479648-07:00","Action":"output","Package":"github.com/ddworken/hishtory/client","Test":"TestParam/testCustomColumns/zsh","Output":"        │                                                                                                                                                                                          │\n"}
{"Time":"2023-09-09T11:27:56.479649-07:00","Action":"output","Package":"github.com/ddworken/hishtory/client","Test":"TestParam/testCustomColumns/zsh","Output":"        │                                                                                                                                                                                          │\n"}
{"Time":"2023-09-09T11:27:56.479651-07:00","Action":"output","Package":"github.com/ddworken/hishtory/client","Test":"TestParam/testCustomColumns/zsh","Output":"        │                                                                                                                                                                                          │\n"}
{"Time":"2023-09-09T11:27:56.479652-07:00","Action":"output","Package":"github.com/ddworken/hishtory/client","Test":"TestParam/testCustomColumns/zsh","Output":"        │                                                                                                                                                                                          │\n"}
{"Time":"2023-09-09T11:27:56.479654-07:00","Action":"output","Package":"github.com/ddworken/hishtory/client","Test":"TestParam/testCustomColumns/zsh","Output":"        │                                                                                                                                                                                          │\n"}
{"Time":"2023-09-09T11:27:56.479658-07:00","Action":"output","Package":"github.com/ddworken/hishtory/client","Test":"TestParam/testCustomColumns/zsh","Output":"        └──────────────────────────────────────────────────────────────────────────────────────────────────────────────────────────────────────────────────────────────────────────────────────────┘\n"}
{"Time":"2023-09-09T11:27:56.47966-07:00","Action":"output","Package":"github.com/ddworken/hishtory/client","Test":"TestParam/testCustomColumns/zsh","Output":"        hiSHtory: Search your shell history  • ctrl+h help\n"}
{"Time":"2023-09-09T11:27:56.488965-07:00","Action":"output","Package":"github.com/ddworken/hishtory/client","Test":"TestParam","Output":"--- FAIL: TestParam (7.17s)\n"}
{"Time":"2023-09-09T11:27:56.488984-07:00","Action":"output","Package":"github.com/ddworken/hishtory/client","Test":"TestParam/testCustomColumns/zsh","Output":"    --- FAIL: TestParam/testCustomColumns/zsh (7.17s)\n"}
{"Time":"2023-09-09T11:27:56.488987-07:00","Action":"fail","Package":"github.com/ddworken/hishtory/client","Test":"TestParam/testCustomColumns/zsh","Elapsed":7.17}
{"Time":"2023-09-09T11:27:56.488996-07:00","Action":"fail","Package":"github.com/ddworken/hishtory/client","Test":"TestParam","Elapsed":7.17}
{"Time":"2023-09-09T11:27:56.488998-07:00","Action":"output","Package":"github.com/ddworken/hishtory/client","Output":"FAIL\n"}
{"Time":"2023-09-09T11:27:56.490099-07:00","Action":"output","Package":"github.com/ddworken/hishtory/client","Output":"FAIL\tgithub.com/ddworken/hishtory/client\t15.668s\n"}
{"Time":"2023-09-09T11:27:56.490107-07:00","Action":"fail","Package":"github.com/ddworken/hishtory/client","Elapsed":15.668}
{"Time":"2023-09-09T11:28:08.092484-07:00","Action":"run","Package":"github.com/ddworken/hishtory/client","Test":"TestParam"}
{"Time":"2023-09-09T11:28:08.092619-07:00","Action":"output","Package":"github.com/ddworken/hishtory/client","Test":"TestParam","Output":"=== RUN   TestParam\n"}
{"Time":"2023-09-09T11:28:08.09354-07:00","Action":"run","Package":"github.com/ddworken/hishtory/client","Test":"TestParam/testCustomColumns/zsh"}
{"Time":"2023-09-09T11:28:08.093553-07:00","Action":"output","Package":"github.com/ddworken/hishtory/client","Test":"TestParam/testCustomColumns/zsh","Output":"=== RUN   TestParam/testCustomColumns/zsh\n"}
{"Time":"2023-09-09T11:28:15.199944-07:00","Action":"output","Package":"github.com/ddworken/hishtory/client","Test":"TestParam/testCustomColumns/zsh","Output":"    testutils.go:366: hishtory golden mismatch for testCustomColumns-tquery-zsh at /Users/david/code/hishtory/client/client_test.go:2337 (-expected +got):\n"}
{"Time":"2023-09-09T11:28:15.19997-07:00","Action":"output","Package":"github.com/ddworken/hishtory/client","Test":"TestParam/testCustomColumns/zsh","Output":"          strings.Join({\n"}
{"Time":"2023-09-09T11:28:15.199979-07:00","Action":"output","Package":"github.com/ddworken/hishtory/client","Test":"TestParam/testCustomColumns/zsh","Output":"          \t... // 524 identical bytes\n"}
{"Time":"2023-09-09T11:28:15.199981-07:00","Action":"output","Package":"github.com/ddworken/hishtory/client","Test":"TestParam/testCustomColumns/zsh","Output":"          \t\"─────────────────────\\xe2\",\n"}
{"Time":"2023-09-09T11:28:15.19999-07:00","Action":"output","Package":"github.com/ddworken/hishtory/client","Test":"TestParam/testCustomColumns/zsh","Output":"          \t\"\\x94\\x80────────────────────\\xe2\\x94\",\n"}
{"Time":"2023-09-09T11:28:15.200006-07:00","Action":"output","Package":"github.com/ddworken/hishtory/client","Test":"TestParam/testCustomColumns/zsh","Output":"        + \t\"\\x80\\xe2\\x94\",\n"}
{"Time":"2023-09-09T11:28:15.200009-07:00","Action":"output","Package":"github.com/ddworken/hishtory/client","Test":"TestParam/testCustomColumns/zsh","Output":"          \t\"\\x90\\n│ Exit Code  git_remote                            Command  \",\n"}
{"Time":"2023-09-09T11:28:15.200013-07:00","Action":"output","Package":"github.com/ddworken/hishtory/client","Test":"TestParam/testCustomColumns/zsh","Output":"          \t\"                                                                \",\n"}
{"Time":"2023-09-09T11:28:15.200019-07:00","Action":"output","Package":"github.com/ddworken/hishtory/client","Test":"TestParam/testCustomColumns/zsh","Output":"          \t\"                                                              \",\n"}
{"Time":"2023-09-09T11:28:15.200021-07:00","Action":"output","Package":"github.com/ddworken/hishtory/client","Test":"TestParam/testCustomColumns/zsh","Output":"        + \t\" \",\n"}
{"Time":"2023-09-09T11:28:15.200023-07:00","Action":"output","Package":"github.com/ddworken/hishtory/client","Test":"TestParam/testCustomColumns/zsh","Output":"          \t\"│\\n│───────────────────\",\n"}
{"Time":"2023-09-09T11:28:15.200024-07:00","Action":"output","Package":"github.com/ddworken/hishtory/client","Test":"TestParam/testCustomColumns/zsh","Output":"          \t\"─────────────────────\\xe2\",\n"}
{"Time":"2023-09-09T11:28:15.200029-07:00","Action":"output","Package":"github.com/ddworken/hishtory/client","Test":"TestParam/testCustomColumns/zsh","Output":"          \t... // 308 identical bytes\n"}
{"Time":"2023-09-09T11:28:15.200037-07:00","Action":"output","Package":"github.com/ddworken/hishtory/client","Test":"TestParam/testCustomColumns/zsh","Output":"          \t\"─────────────────────\\xe2\",\n"}
{"Time":"2023-09-09T11:28:15.200041-07:00","Action":"output","Package":"github.com/ddworken/hishtory/client","Test":"TestParam/testCustomColumns/zsh","Output":"          \t\"\\x94\\x80────────────────────\\xe2\\x94\",\n"}
{"Time":"2023-09-09T11:28:15.200043-07:00","Action":"output","Package":"github.com/ddworken/hishtory/client","Test":"TestParam/testCustomColumns/zsh","Output":"        + \t\"\\x80\\xe2\\x94\",\n"}
{"Time":"2023-09-09T11:28:15.200046-07:00","Action":"output","Package":"github.com/ddworken/hishtory/client","Test":"TestParam/testCustomColumns/zsh","Output":"          \t\"\\x82\\n│ 0          git@github.com:ddworken/hishtory.git  hishtory \",\n"}
{"Time":"2023-09-09T11:28:15.20005-07:00","Action":"output","Package":"github.com/ddworken/hishtory/client","Test":"TestParam/testCustomColumns/zsh","Output":"          \t\"config-set displayed-columns 'Exit Code' git_remote Command     \",\n"}
{"Time":"2023-09-09T11:28:15.200051-07:00","Action":"output","Package":"github.com/ddworken/hishtory/client","Test":"TestParam/testCustomColumns/zsh","Output":"          \t\"                                                              \",\n"}
{"Time":"2023-09-09T11:28:15.200056-07:00","Action":"output","Package":"github.com/ddworken/hishtory/client","Test":"TestParam/testCustomColumns/zsh","Output":"        + \t\" \",\n"}
{"Time":"2023-09-09T11:28:15.20006-07:00","Action":"output","Package":"github.com/ddworken/hishtory/client","Test":"TestParam/testCustomColumns/zsh","Output":"          \t\"│\\n│ 0                                                echo ba\",\n"}
{"Time":"2023-09-09T11:28:15.200062-07:00","Action":"output","Package":"github.com/ddworken/hishtory/client","Test":"TestParam/testCustomColumns/zsh","Output":"          \t\"r                                                               \",\n"}
{"Time":"2023-09-09T11:28:15.200065-07:00","Action":"output","Package":"github.com/ddworken/hishtory/client","Test":"TestParam/testCustomColumns/zsh","Output":"          \t\"                                                                \",\n"}
{"Time":"2023-09-09T11:28:15.200066-07:00","Action":"output","Package":"github.com/ddworken/hishtory/client","Test":"TestParam/testCustomColumns/zsh","Output":"        + \t\" \",\n"}
{"Time":"2023-09-09T11:28:15.200068-07:00","Action":"output","Package":"github.com/ddworken/hishtory/client","Test":"TestParam/testCustomColumns/zsh","Output":"          \t\"│\\n│ 0                                                cd /   \",\n"}
{"Time":"2023-09-09T11:28:15.200074-07:00","Action":"output","Package":"github.com/ddworken/hishtory/client","Test":"TestParam/testCustomColumns/zsh","Output":"          \t\"                                                                \",\n"}
{"Time":"2023-09-09T11:28:15.200076-07:00","Action":"output","Package":"github.com/ddworken/hishtory/client","Test":"TestParam/testCustomColumns/zsh","Output":"          \t\"                                                                \",\n"}
{"Time":"2023-09-09T11:28:15.200078-07:00","Action":"output","Package":"github.com/ddworken/hishtory/client","Test":"TestParam/testCustomColumns/zsh","Output":"        + \t\" \",\n"}
{"Time":"2023-09-09T11:28:15.20008-07:00","Action":"output","Package":"github.com/ddworken/hishtory/client","Test":"TestParam/testCustomColumns/zsh","Output":"          \t\"│\\n│ 0          git@github.com:ddworken/hishtory.git  echo fo\",\n"}
{"Time":"2023-09-09T11:28:15.200082-07:00","Action":"output","Package":"github.com/ddworken/hishtory/client","Test":"TestParam/testCustomColumns/zsh","Output":"          \t\"o                                                               \",\n"}
{"Time":"2023-09-09T11:28:15.200084-07:00","Action":"output","Package":"github.com/ddworken/hishtory/client","Test":"TestParam/testCustomColumns/zsh","Output":"          \t\"                                                                \",\n"}
{"Time":"2023-09-09T11:28:15.200088-07:00","Action":"output","Package":"github.com/ddworken/hishtory/client","Test":"TestParam/testCustomColumns/zsh","Output":"        + \t\" \",\n"}
{"Time":"2023-09-09T11:28:15.200091-07:00","Action":"output","Package":"github.com/ddworken/hishtory/client","Test":"TestParam/testCustomColumns/zsh","Output":"          \t\"│\\n│ 0          git@github.com:ddworken/hishtory.git  hishtor\",\n"}
{"Time":"2023-09-09T11:28:15.200092-07:00","Action":"output","Package":"github.com/ddworken/hishtory/client","Test":"TestParam/testCustomColumns/zsh","Output":"          \t\"y config-add custom-columns git_remote '(git remote -v 2\u003e/dev/nu\",\n"}
{"Time":"2023-09-09T11:28:15.200094-07:00","Action":"output","Package":"github.com/ddworken/hishtory/client","Test":"TestParam/testCustomColumns/zsh","Output":"          \t... // 131 identical bytes\n"}
{"Time":"2023-09-09T11:28:15.200096-07:00","Action":"output","Package":"github.com/ddworken/hishtory/client","Test":"TestParam/testCustomColumns/zsh","Output":"          \t\"z                                                               \",\n"}
{"Time":"2023-09-09T11:28:15.200101-07:00","Action":"output","Package":"github.com/ddworken/hishtory/client","Test":"TestParam/testCustomColumns/zsh","Output":"          \t\"                                                                \",\n"}
{"Time":"2023-09-09T11:28:15.200108-07:00","Action":"output","Package":"github.com/ddworken/hishtory/client","Test":"TestParam/testCustomColumns/zsh","Output":"        + \t\" \",\n"}
{"Time":"2023-09-09T11:28:15.20011-07:00","Action":"output","Package":"github.com/ddworken/hishtory/client","Test":"TestParam/testCustomColumns/zsh","Output":"          \t\"│\\n│ 0                                                cd /   \",\n"}
{"Time":"2023-09-09T11:28:15.200114-07:00","Action":"output","Package":"github.com/ddworken/hishtory/client","Test":"TestParam/testCustomColumns/zsh","Output":"          \t\"                                                                \",\n"}
{"Time":"2023-09-09T11:28:15.200118-07:00","Action":"output","Package":"github.com/ddworken/hishtory/client","Test":"TestParam/testCustomColumns/zsh","Output":"          \t\"                                                                \",\n"}
{"Time":"2023-09-09T11:28:15.200121-07:00","Action":"output","Package":"github.com/ddworken/hishtory/client","Test":"TestParam/testCustomColumns/zsh","Output":"        + \t\" \",\n"}
{"Time":"2023-09-09T11:28:15.200123-07:00","Action":"output","Package":"github.com/ddworken/hishtory/client","Test":"TestParam/testCustomColumns/zsh","Output":"          \t\"│\\n│ 0                                                echo $F\",\n"}
{"Time":"2023-09-09T11:28:15.200125-07:00","Action":"output","Package":"github.com/ddworken/hishtory/client","Test":"TestParam/testCustomColumns/zsh","Output":"          \t\"OOBAR world                                                     \",\n"}
{"Time":"2023-09-09T11:28:15.200127-07:00","Action":"output","Package":"github.com/ddworken/hishtory/client","Test":"TestParam/testCustomColumns/zsh","Output":"          \t\"                                                                \",\n"}
{"Time":"2023-09-09T11:28:15.200128-07:00","Action":"output","Package":"github.com/ddworken/hishtory/client","Test":"TestParam/testCustomColumns/zsh","Output":"        + \t\" \",\n"}
{"Time":"2023-09-09T11:28:15.20013-07:00","Action":"output","Package":"github.com/ddworken/hishtory/client","Test":"TestParam/testCustomColumns/zsh","Output":"          \t\"│\\n│ 0                                                export \",\n"}
{"Time":"2023-09-09T11:28:15.200134-07:00","Action":"output","Package":"github.com/ddworken/hishtory/client","Test":"TestParam/testCustomColumns/zsh","Output":"          \t\"FOOBAR='hello'\",\n"}
{"Time":"2023-09-09T11:28:15.200136-07:00","Action":"output","Package":"github.com/ddworken/hishtory/client","Test":"TestParam/testCustomColumns/zsh","Output":"        + \t\" \",\n"}
{"Time":"2023-09-09T11:28:15.200139-07:00","Action":"output","Package":"github.com/ddworken/hishtory/client","Test":"TestParam/testCustomColumns/zsh","Output":"          \t\"                                                                \",\n"}
{"Time":"2023-09-09T11:28:15.200141-07:00","Action":"output","Package":"github.com/ddworken/hishtory/client","Test":"TestParam/testCustomColumns/zsh","Output":"          \t\"                                                  │\\n│\",\n"}
{"Time":"2023-09-09T11:28:15.200143-07:00","Action":"output","Package":"github.com/ddworken/hishtory/client","Test":"TestParam/testCustomColumns/zsh","Output":"        + \t\" \",\n"}
{"Time":"2023-09-09T11:28:15.200145-07:00","Action":"output","Package":"github.com/ddworken/hishtory/client","Test":"TestParam/testCustomColumns/zsh","Output":"          \t\"                                                                \",\n"}
{"Time":"2023-09-09T11:28:15.200149-07:00","Action":"output","Package":"github.com/ddworken/hishtory/client","Test":"TestParam/testCustomColumns/zsh","Output":"          \t\"                                                                \",\n"}
{"Time":"2023-09-09T11:28:15.200152-07:00","Action":"output","Package":"github.com/ddworken/hishtory/client","Test":"TestParam/testCustomColumns/zsh","Output":"          \t\"                                                         │\\n│\",\n"}
{"Time":"2023-09-09T11:28:15.200155-07:00","Action":"output","Package":"github.com/ddworken/hishtory/client","Test":"TestParam/testCustomColumns/zsh","Output":"        + \t\" \",\n"}
{"Time":"2023-09-09T11:28:15.200162-07:00","Action":"output","Package":"github.com/ddworken/hishtory/client","Test":"TestParam/testCustomColumns/zsh","Output":"          \t\"                                                                \",\n"}
{"Time":"2023-09-09T11:28:15.200165-07:00","Action":"output","Package":"github.com/ddworken/hishtory/client","Test":"TestParam/testCustomColumns/zsh","Output":"          \t\"                                                                \",\n"}
{"Time":"2023-09-09T11:28:15.200167-07:00","Action":"output","Package":"github.com/ddworken/hishtory/client","Test":"TestParam/testCustomColumns/zsh","Output":"          \t\"                                                         │\\n│\",\n"}
{"Time":"2023-09-09T11:28:15.200169-07:00","Action":"output","Package":"github.com/ddworken/hishtory/client","Test":"TestParam/testCustomColumns/zsh","Output":"        + \t\" \",\n"}
{"Time":"2023-09-09T11:28:15.20017-07:00","Action":"output","Package":"github.com/ddworken/hishtory/client","Test":"TestParam/testCustomColumns/zsh","Output":"          \t\"                                                                \",\n"}
{"Time":"2023-09-09T11:28:15.200173-07:00","Action":"output","Package":"github.com/ddworken/hishtory/client","Test":"TestParam/testCustomColumns/zsh","Output":"          \t\"                                                                \",\n"}
{"Time":"2023-09-09T11:28:15.200176-07:00","Action":"output","Package":"github.com/ddworken/hishtory/client","Test":"TestParam/testCustomColumns/zsh","Output":"          \t\"                                                         │\\n│\",\n"}
{"Time":"2023-09-09T11:28:15.200183-07:00","Action":"output","Package":"github.com/ddworken/hishtory/client","Test":"TestParam/testCustomColumns/zsh","Output":"        + \t\" \",\n"}
{"Time":"2023-09-09T11:28:15.200185-07:00","Action":"output","Package":"github.com/ddworken/hishtory/client","Test":"TestParam/testCustomColumns/zsh","Output":"          \t\"                                                                \",\n"}
{"Time":"2023-09-09T11:28:15.20019-07:00","Action":"output","Package":"github.com/ddworken/hishtory/client","Test":"TestParam/testCustomColumns/zsh","Output":"          \t\"                                                                \",\n"}
{"Time":"2023-09-09T11:28:15.200191-07:00","Action":"output","Package":"github.com/ddworken/hishtory/client","Test":"TestParam/testCustomColumns/zsh","Output":"          \t\"                                                         │\\n│\",\n"}
{"Time":"2023-09-09T11:28:15.200194-07:00","Action":"output","Package":"github.com/ddworken/hishtory/client","Test":"TestParam/testCustomColumns/zsh","Output":"        + \t\" \",\n"}
{"Time":"2023-09-09T11:28:15.200196-07:00","Action":"output","Package":"github.com/ddworken/hishtory/client","Test":"TestParam/testCustomColumns/zsh","Output":"          \t\"                                                                \",\n"}
{"Time":"2023-09-09T11:28:15.200199-07:00","Action":"output","Package":"github.com/ddworken/hishtory/client","Test":"TestParam/testCustomColumns/zsh","Output":"          \t\"                                                                \",\n"}
{"Time":"2023-09-09T11:28:15.2002-07:00","Action":"output","Package":"github.com/ddworken/hishtory/client","Test":"TestParam/testCustomColumns/zsh","Output":"          \t\"                                                         │\\n│\",\n"}
{"Time":"2023-09-09T11:28:15.200202-07:00","Action":"output","Package":"github.com/ddworken/hishtory/client","Test":"TestParam/testCustomColumns/zsh","Output":"        + \t\" \",\n"}
{"Time":"2023-09-09T11:28:15.200203-07:00","Action":"output","Package":"github.com/ddworken/hishtory/client","Test":"TestParam/testCustomColumns/zsh","Output":"          \t\"                                                                \",\n"}
{"Time":"2023-09-09T11:28:15.200205-07:00","Action":"output","Package":"github.com/ddworken/hishtory/client","Test":"TestParam/testCustomColumns/zsh","Output":"          \t\"                                                                \",\n"}
{"Time":"2023-09-09T11:28:15.200207-07:00","Action":"output","Package":"github.com/ddworken/hishtory/client","Test":"TestParam/testCustomColumns/zsh","Output":"          \t\"                                                         │\\n│\",\n"}
{"Time":"2023-09-09T11:28:15.200232-07:00","Action":"output","Package":"github.com/ddworken/hishtory/client","Test":"TestParam/testCustomColumns/zsh","Output":"        + \t\" \",\n"}
{"Time":"2023-09-09T11:28:15.200233-07:00","Action":"output","Package":"github.com/ddworken/hishtory/client","Test":"TestParam/testCustomColumns/zsh","Output":"          \t\"                                                                \",\n"}
{"Time":"2023-09-09T11:28:15.200235-07:00","Action":"output","Package":"github.com/ddworken/hishtory/client","Test":"TestParam/testCustomColumns/zsh","Output":"          \t\"                                                                \",\n"}
{"Time":"2023-09-09T11:28:15.200236-07:00","Action":"output","Package":"github.com/ddworken/hishtory/client","Test":"TestParam/testCustomColumns/zsh","Output":"          \t\"                                                         │\\n│\",\n"}
{"Time":"2023-09-09T11:28:15.200238-07:00","Action":"output","Package":"github.com/ddworken/hishtory/client","Test":"TestParam/testCustomColumns/zsh","Output":"        + \t\" \",\n"}
{"Time":"2023-09-09T11:28:15.200239-07:00","Action":"output","Package":"github.com/ddworken/hishtory/client","Test":"TestParam/testCustomColumns/zsh","Output":"          \t\"                                                                \",\n"}
{"Time":"2023-09-09T11:28:15.200242-07:00","Action":"output","Package":"github.com/ddworken/hishtory/client","Test":"TestParam/testCustomColumns/zsh","Output":"          \t\"                                                                \",\n"}
{"Time":"2023-09-09T11:28:15.200248-07:00","Action":"output","Package":"github.com/ddworken/hishtory/client","Test":"TestParam/testCustomColumns/zsh","Output":"          \t\"                                                         │\\n│\",\n"}
{"Time":"2023-09-09T11:28:15.20025-07:00","Action":"output","Package":"github.com/ddworken/hishtory/client","Test":"TestParam/testCustomColumns/zsh","Output":"        + \t\" \",\n"}
{"Time":"2023-09-09T11:28:15.200253-07:00","Action":"output","Package":"github.com/ddworken/hishtory/client","Test":"TestParam/testCustomColumns/zsh","Output":"          \t\"                                                                \",\n"}
{"Time":"2023-09-09T11:28:15.200254-07:00","Action":"output","Package":"github.com/ddworken/hishtory/client","Test":"TestParam/testCustomColumns/zsh","Output":"          \t\"                                                                \",\n"}
{"Time":"2023-09-09T11:28:15.200257-07:00","Action":"output","Package":"github.com/ddworken/hishtory/client","Test":"TestParam/testCustomColumns/zsh","Output":"          \t\"                                                         │\\n│\",\n"}
{"Time":"2023-09-09T11:28:15.200262-07:00","Action":"output","Package":"github.com/ddworken/hishtory/client","Test":"TestParam/testCustomColumns/zsh","Output":"        + \t\" \",\n"}
{"Time":"2023-09-09T11:28:15.200263-07:00","Action":"output","Package":"github.com/ddworken/hishtory/client","Test":"TestParam/testCustomColumns/zsh","Output":"          \t\"                                                                \",\n"}
{"Time":"2023-09-09T11:28:15.200265-07:00","Action":"output","Package":"github.com/ddworken/hishtory/client","Test":"TestParam/testCustomColumns/zsh","Output":"          \t\"                                                                \",\n"}
{"Time":"2023-09-09T11:28:15.200268-07:00","Action":"output","Package":"github.com/ddworken/hishtory/client","Test":"TestParam/testCustomColumns/zsh","Output":"          \t\"                                                         │\\n│\",\n"}
{"Time":"2023-09-09T11:28:15.20027-07:00","Action":"output","Package":"github.com/ddworken/hishtory/client","Test":"TestParam/testCustomColumns/zsh","Output":"        + \t\" \",\n"}
{"Time":"2023-09-09T11:28:15.200271-07:00","Action":"output","Package":"github.com/ddworken/hishtory/client","Test":"TestParam/testCustomColumns/zsh","Output":"          \t\"                                                                \",\n"}
{"Time":"2023-09-09T11:28:15.200276-07:00","Action":"output","Package":"github.com/ddworken/hishtory/client","Test":"TestParam/testCustomColumns/zsh","Output":"          \t\"                                                                \",\n"}
{"Time":"2023-09-09T11:28:15.200277-07:00","Action":"output","Package":"github.com/ddworken/hishtory/client","Test":"TestParam/testCustomColumns/zsh","Output":"          \t\"                                                         │\\n\\xe2\",\n"}
{"Time":"2023-09-09T11:28:15.200279-07:00","Action":"output","Package":"github.com/ddworken/hishtory/client","Test":"TestParam/testCustomColumns/zsh","Output":"        + \t\"\\x94\",\n"}
{"Time":"2023-09-09T11:28:15.20028-07:00","Action":"output","Package":"github.com/ddworken/hishtory/client","Test":"TestParam/testCustomColumns/zsh","Output":"          \t\"\\x94\",\n"}
{"Time":"2023-09-09T11:28:15.200282-07:00","Action":"output","Package":"github.com/ddworken/hishtory/client","Test":"TestParam/testCustomColumns/zsh","Output":"        + \t\"\\xe2\",\n"}
{"Time":"2023-09-09T11:28:15.200284-07:00","Action":"output","Package":"github.com/ddworken/hishtory/client","Test":"TestParam/testCustomColumns/zsh","Output":"          \t\"\\x94\",\n"}
{"Time":"2023-09-09T11:28:15.200286-07:00","Action":"output","Package":"github.com/ddworken/hishtory/client","Test":"TestParam/testCustomColumns/zsh","Output":"        + \t\"\\x80\",\n"}
{"Time":"2023-09-09T11:28:15.200287-07:00","Action":"output","Package":"github.com/ddworken/hishtory/client","Test":"TestParam/testCustomColumns/zsh","Output":"          \t\"─────────────────────\\xe2\",\n"}
{"Time":"2023-09-09T11:28:15.200289-07:00","Action":"output","Package":"github.com/ddworken/hishtory/client","Test":"TestParam/testCustomColumns/zsh","Output":"          \t\"\\x94\\x80────────────────────\\xe2\\x94\",\n"}
{"Time":"2023-09-09T11:28:15.200293-07:00","Action":"output","Package":"github.com/ddworken/hishtory/client","Test":"TestParam/testCustomColumns/zsh","Output":"          \t... // 483 identical bytes\n"}
{"Time":"2023-09-09T11:28:15.200295-07:00","Action":"output","Package":"github.com/ddworken/hishtory/client","Test":"TestParam/testCustomColumns/zsh","Output":"          }, \"\")\n"}
{"Time":"2023-09-09T11:28:15.200296-07:00","Action":"output","Package":"github.com/ddworken/hishtory/client","Test":"TestParam/testCustomColumns/zsh","Output":"        \n"}
{"Time":"2023-09-09T11:28:15.200298-07:00","Action":"output","Package":"github.com/ddworken/hishtory/client","Test":"TestParam/testCustomColumns/zsh","Output":"        actual=\n"}
{"Time":"2023-09-09T11:28:15.2003-07:00","Action":"output","Package":"github.com/ddworken/hishtory/client","Test":"TestParam/testCustomColumns/zsh","Output":"        david@Davids-MacBook-Air hishtory % hishtory tquery -pipefail\n"}
{"Time":"2023-09-09T11:28:15.200303-07:00","Action":"output","Package":"github.com/ddworken/hishtory/client","Test":"TestParam/testCustomColumns/zsh","Output":"        \n"}
{"Time":"2023-09-09T11:28:15.200304-07:00","Action":"output","Package":"github.com/ddworken/hishtory/client","Test":"TestParam/testCustomColumns/zsh","Output":"        \n"}
{"Time":"2023-09-09T11:28:15.200306-07:00","Action":"output","Package":"github.com/ddworken/hishtory/client","Test":"TestParam/testCustomColumns/zsh","Output":"        \n"}
{"Time":"2023-09-09T11:28:15.200313-07:00","Action":"output","Package":"github.com/ddworken/hishtory/client","Test":"TestParam/testCustomColumns/zsh","Output":"        Search Query: \u003e -pipefail\n"}
{"Time":"2023-09-09T11:28:15.200314-07:00","Action":"output","Package":"github.com/ddworken/hishtory/client","Test":"TestParam/testCustomColumns/zsh","Output":"        \n"}
{"Time":"2023-09-09T11:28:15.200316-07:00","Action":"output","Package":"github.com/ddworken/hishtory/client","Test":"TestParam/testCustomColumns/zsh","Output":"        ┌──────────────────────────────────────────────────────────────────────────────────────────────────────────────────────────────────────────────────────────────────────────────────────────┐\n"}
{"Time":"2023-09-09T11:28:15.200321-07:00","Action":"output","Package":"github.com/ddworken/hishtory/client","Test":"TestParam/testCustomColumns/zsh","Output":"        │ Exit Code  git_remote                            Command                                                                                                                                 │\n"}
{"Time":"2023-09-09T11:28:15.200328-07:00","Action":"output","Package":"github.com/ddworken/hishtory/client","Test":"TestParam/testCustomColumns/zsh","Output":"        │──────────────────────────────────────────────────────────────────────────────────────────────────────────────────────────────────────────────────────────────────────────────────────────│\n"}
{"Time":"2023-09-09T11:28:15.200331-07:00","Action":"output","Package":"github.com/ddworken/hishtory/client","Test":"TestParam/testCustomColumns/zsh","Output":"        │ 0          git@github.com:ddworken/hishtory.git  hishtory config-set displayed-columns 'Exit Code' git_remote Command                                                                    │\n"}
{"Time":"2023-09-09T11:28:15.200332-07:00","Action":"output","Package":"github.com/ddworken/hishtory/client","Test":"TestParam/testCustomColumns/zsh","Output":"        │ 0                                                echo bar                                                                                                                                │\n"}
{"Time":"2023-09-09T11:28:15.200334-07:00","Action":"output","Package":"github.com/ddworken/hishtory/client","Test":"TestParam/testCustomColumns/zsh","Output":"        │ 0                                                cd /                                                                                                                                    │\n"}
{"Time":"2023-09-09T11:28:15.200336-07:00","Action":"output","Package":"github.com/ddworken/hishtory/client","Test":"TestParam/testCustomColumns/zsh","Output":"        │ 0          git@github.com:ddworken/hishtory.git  echo foo                                                                                                                                │\n"}
{"Time":"2023-09-09T11:28:15.200342-07:00","Action":"output","Package":"github.com/ddworken/hishtory/client","Test":"TestParam/testCustomColumns/zsh","Output":"        │ 0          git@github.com:ddworken/hishtory.git  hishtory config-add custom-columns git_remote '(git remote -v 2\u003e/dev/null | grep origin 1\u003e/dev/null ) \u0026\u0026 git remote get-url origin || … │\n"}
{"Time":"2023-09-09T11:28:15.200347-07:00","Action":"output","Package":"github.com/ddworken/hishtory/client","Test":"TestParam/testCustomColumns/zsh","Output":"        │ 0                                                echo baz                                                                                                                                │\n"}
{"Time":"2023-09-09T11:28:15.20035-07:00","Action":"output","Package":"github.com/ddworken/hishtory/client","Test":"TestParam/testCustomColumns/zsh","Output":"        │ 0                                                cd /                                                                                                                                    │\n"}
{"Time":"2023-09-09T11:28:15.200352-07:00","Action":"output","Package":"github.com/ddworken/hishtory/client","Test":"TestParam/testCustomColumns/zsh","Output":"        │ 0                                                echo $FOOBAR world                                                                                                                      │\n"}
{"Time":"2023-09-09T11:28:15.200355-07:00","Action":"output","Package":"github.com/ddworken/hishtory/client","Test":"TestParam/testCustomColumns/zsh","Output":"        │ 0                                                export FOOBAR='hello'                                                                                                                   │\n"}
{"Time":"2023-09-09T11:28:15.200357-07:00","Action":"output","Package":"github.com/ddworken/hishtory/client","Test":"TestParam/testCustomColumns/zsh","Output":"        │                                                                                                                                                                                          │\n"}
{"Time":"2023-09-09T11:28:15.200359-07:00","Action":"output","Package":"github.com/ddworken/hishtory/client","Test":"TestParam/testCustomColumns/zsh","Output":"        │                                                                                                                                                                                          │\n"}
{"Time":"2023-09-09T11:28:15.20036-07:00","Action":"output","Package":"github.com/ddworken/hishtory/client","Test":"TestParam/testCustomColumns/zsh","Output":"        │                                                                                                                                                                                          │\n"}
{"Time":"2023-09-09T11:28:15.200362-07:00","Action":"output","Package":"github.com/ddworken/hishtory/client","Test":"TestParam/testCustomColumns/zsh","Output":"        │                                                                                                                                                                                          │\n"}
{"Time":"2023-09-09T11:28:15.200364-07:00","Action":"output","Package":"github.com/ddworken/hishtory/client","Test":"TestParam/testCustomColumns/zsh","Output":"        │                                                                                                                                                                                          │\n"}
{"Time":"2023-09-09T11:28:15.200365-07:00","Action":"output","Package":"github.com/ddworken/hishtory/client","Test":"TestParam/testCustomColumns/zsh","Output":"        │                                                                                                                                                                                          │\n"}
{"Time":"2023-09-09T11:28:15.200367-07:00","Action":"output","Package":"github.com/ddworken/hishtory/client","Test":"TestParam/testCustomColumns/zsh","Output":"        │                                                                                                                                                                                          │\n"}
{"Time":"2023-09-09T11:28:15.200368-07:00","Action":"output","Package":"github.com/ddworken/hishtory/client","Test":"TestParam/testCustomColumns/zsh","Output":"        │                                                                                                                                                                                          │\n"}
{"Time":"2023-09-09T11:28:15.20037-07:00","Action":"output","Package":"github.com/ddworken/hishtory/client","Test":"TestParam/testCustomColumns/zsh","Output":"        │                                                                                                                                                                                          │\n"}
{"Time":"2023-09-09T11:28:15.200371-07:00","Action":"output","Package":"github.com/ddworken/hishtory/client","Test":"TestParam/testCustomColumns/zsh","Output":"        │                                                                                                                                                                                          │\n"}
{"Time":"2023-09-09T11:28:15.200373-07:00","Action":"output","Package":"github.com/ddworken/hishtory/client","Test":"TestParam/testCustomColumns/zsh","Output":"        │                                                                                                                                                                                          │\n"}
{"Time":"2023-09-09T11:28:15.200377-07:00","Action":"output","Package":"github.com/ddworken/hishtory/client","Test":"TestParam/testCustomColumns/zsh","Output":"        └──────────────────────────────────────────────────────────────────────────────────────────────────────────────────────────────────────────────────────────────────────────────────────────┘\n"}
{"Time":"2023-09-09T11:28:15.200379-07:00","Action":"output","Package":"github.com/ddworken/hishtory/client","Test":"TestParam/testCustomColumns/zsh","Output":"        hiSHtory: Search your shell history  • ctrl+h help\n"}
{"Time":"2023-09-09T11:28:15.211228-07:00","Action":"output","Package":"github.com/ddworken/hishtory/client","Test":"TestParam","Output":"--- FAIL: TestParam (7.12s)\n"}
{"Time":"2023-09-09T11:28:15.211241-07:00","Action":"output","Package":"github.com/ddworken/hishtory/client","Test":"TestParam/testCustomColumns/zsh","Output":"    --- FAIL: TestParam/testCustomColumns/zsh (7.12s)\n"}
{"Time":"2023-09-09T11:28:15.211244-07:00","Action":"fail","Package":"github.com/ddworken/hishtory/client","Test":"TestParam/testCustomColumns/zsh","Elapsed":7.12}
{"Time":"2023-09-09T11:28:15.211251-07:00","Action":"fail","Package":"github.com/ddworken/hishtory/client","Test":"TestParam","Elapsed":7.12}
{"Time":"2023-09-09T11:28:15.211253-07:00","Action":"output","Package":"github.com/ddworken/hishtory/client","Output":"FAIL\n"}
{"Time":"2023-09-09T11:28:15.212233-07:00","Action":"output","Package":"github.com/ddworken/hishtory/client","Output":"FAIL\tgithub.com/ddworken/hishtory/client\t15.687s\n"}
{"Time":"2023-09-09T11:28:15.212249-07:00","Action":"fail","Package":"github.com/ddworken/hishtory/client","Elapsed":15.687}
{"Time":"2023-09-09T11:28:25.828368-07:00","Action":"run","Package":"github.com/ddworken/hishtory/client","Test":"TestParam"}
{"Time":"2023-09-09T11:28:25.828457-07:00","Action":"output","Package":"github.com/ddworken/hishtory/client","Test":"TestParam","Output":"=== RUN   TestParam\n"}
{"Time":"2023-09-09T11:28:25.828815-07:00","Action":"run","Package":"github.com/ddworken/hishtory/client","Test":"TestParam/testCustomColumns/zsh"}
{"Time":"2023-09-09T11:28:25.828826-07:00","Action":"output","Package":"github.com/ddworken/hishtory/client","Test":"TestParam/testCustomColumns/zsh","Output":"=== RUN   TestParam/testCustomColumns/zsh\n"}
{"Time":"2023-09-09T11:28:32.942299-07:00","Action":"output","Package":"github.com/ddworken/hishtory/client","Test":"TestParam/testCustomColumns/zsh","Output":"    testutils.go:366: hishtory golden mismatch for testCustomColumns-tquery-zsh at /Users/david/code/hishtory/client/client_test.go:2337 (-expected +got):\n"}
{"Time":"2023-09-09T11:28:32.942325-07:00","Action":"output","Package":"github.com/ddworken/hishtory/client","Test":"TestParam/testCustomColumns/zsh","Output":"          strings.Join({\n"}
{"Time":"2023-09-09T11:28:32.942332-07:00","Action":"output","Package":"github.com/ddworken/hishtory/client","Test":"TestParam/testCustomColumns/zsh","Output":"          \t... // 524 identical bytes\n"}
{"Time":"2023-09-09T11:28:32.942335-07:00","Action":"output","Package":"github.com/ddworken/hishtory/client","Test":"TestParam/testCustomColumns/zsh","Output":"          \t\"─────────────────────\\xe2\",\n"}
{"Time":"2023-09-09T11:28:32.942337-07:00","Action":"output","Package":"github.com/ddworken/hishtory/client","Test":"TestParam/testCustomColumns/zsh","Output":"          \t\"\\x94\\x80────────────────────\\xe2\\x94\",\n"}
{"Time":"2023-09-09T11:28:32.942345-07:00","Action":"output","Package":"github.com/ddworken/hishtory/client","Test":"TestParam/testCustomColumns/zsh","Output":"        + \t\"\\x80\\xe2\\x94\",\n"}
{"Time":"2023-09-09T11:28:32.942346-07:00","Action":"output","Package":"github.com/ddworken/hishtory/client","Test":"TestParam/testCustomColumns/zsh","Output":"          \t\"\\x90\\n│ Exit Code  git_remote                            Command  \",\n"}
{"Time":"2023-09-09T11:28:32.942348-07:00","Action":"output","Package":"github.com/ddworken/hishtory/client","Test":"TestParam/testCustomColumns/zsh","Output":"          \t\"                                                                \",\n"}
{"Time":"2023-09-09T11:28:32.94235-07:00","Action":"output","Package":"github.com/ddworken/hishtory/client","Test":"TestParam/testCustomColumns/zsh","Output":"          \t\"                                                              \",\n"}
{"Time":"2023-09-09T11:28:32.942352-07:00","Action":"output","Package":"github.com/ddworken/hishtory/client","Test":"TestParam/testCustomColumns/zsh","Output":"        + \t\" \",\n"}
{"Time":"2023-09-09T11:28:32.942354-07:00","Action":"output","Package":"github.com/ddworken/hishtory/client","Test":"TestParam/testCustomColumns/zsh","Output":"          \t\"│\\n│───────────────────\",\n"}
{"Time":"2023-09-09T11:28:32.942355-07:00","Action":"output","Package":"github.com/ddworken/hishtory/client","Test":"TestParam/testCustomColumns/zsh","Output":"          \t\"─────────────────────\\xe2\",\n"}
{"Time":"2023-09-09T11:28:32.942357-07:00","Action":"output","Package":"github.com/ddworken/hishtory/client","Test":"TestParam/testCustomColumns/zsh","Output":"          \t... // 308 identical bytes\n"}
{"Time":"2023-09-09T11:28:32.942359-07:00","Action":"output","Package":"github.com/ddworken/hishtory/client","Test":"TestParam/testCustomColumns/zsh","Output":"          \t\"─────────────────────\\xe2\",\n"}
{"Time":"2023-09-09T11:28:32.94236-07:00","Action":"output","Package":"github.com/ddworken/hishtory/client","Test":"TestParam/testCustomColumns/zsh","Output":"          \t\"\\x94\\x80────────────────────\\xe2\\x94\",\n"}
{"Time":"2023-09-09T11:28:32.942362-07:00","Action":"output","Package":"github.com/ddworken/hishtory/client","Test":"TestParam/testCustomColumns/zsh","Output":"        + \t\"\\x80\\xe2\\x94\",\n"}
{"Time":"2023-09-09T11:28:32.942363-07:00","Action":"output","Package":"github.com/ddworken/hishtory/client","Test":"TestParam/testCustomColumns/zsh","Output":"          \t\"\\x82\\n│ 0          git@github.com:ddworken/hishtory.git  hishtory \",\n"}
{"Time":"2023-09-09T11:28:32.942365-07:00","Action":"output","Package":"github.com/ddworken/hishtory/client","Test":"TestParam/testCustomColumns/zsh","Output":"          \t\"config-set displayed-columns 'Exit Code' git_remote Command     \",\n"}
{"Time":"2023-09-09T11:28:32.942366-07:00","Action":"output","Package":"github.com/ddworken/hishtory/client","Test":"TestParam/testCustomColumns/zsh","Output":"          \t\"                                                              \",\n"}
{"Time":"2023-09-09T11:28:32.942368-07:00","Action":"output","Package":"github.com/ddworken/hishtory/client","Test":"TestParam/testCustomColumns/zsh","Output":"        + \t\" \",\n"}
{"Time":"2023-09-09T11:28:32.942369-07:00","Action":"output","Package":"github.com/ddworken/hishtory/client","Test":"TestParam/testCustomColumns/zsh","Output":"          \t\"│\\n│ 0                                                echo ba\",\n"}
{"Time":"2023-09-09T11:28:32.942371-07:00","Action":"output","Package":"github.com/ddworken/hishtory/client","Test":"TestParam/testCustomColumns/zsh","Output":"          \t\"r                                                               \",\n"}
{"Time":"2023-09-09T11:28:32.942384-07:00","Action":"output","Package":"github.com/ddworken/hishtory/client","Test":"TestParam/testCustomColumns/zsh","Output":"          \t\"                                                                \",\n"}
{"Time":"2023-09-09T11:28:32.942386-07:00","Action":"output","Package":"github.com/ddworken/hishtory/client","Test":"TestParam/testCustomColumns/zsh","Output":"        + \t\" \",\n"}
{"Time":"2023-09-09T11:28:32.942387-07:00","Action":"output","Package":"github.com/ddworken/hishtory/client","Test":"TestParam/testCustomColumns/zsh","Output":"          \t\"│\\n│ 0                                                cd /   \",\n"}
{"Time":"2023-09-09T11:28:32.942388-07:00","Action":"output","Package":"github.com/ddworken/hishtory/client","Test":"TestParam/testCustomColumns/zsh","Output":"          \t\"                                                                \",\n"}
{"Time":"2023-09-09T11:28:32.94239-07:00","Action":"output","Package":"github.com/ddworken/hishtory/client","Test":"TestParam/testCustomColumns/zsh","Output":"          \t\"                                                                \",\n"}
{"Time":"2023-09-09T11:28:32.942391-07:00","Action":"output","Package":"github.com/ddworken/hishtory/client","Test":"TestParam/testCustomColumns/zsh","Output":"        + \t\" \",\n"}
{"Time":"2023-09-09T11:28:32.942393-07:00","Action":"output","Package":"github.com/ddworken/hishtory/client","Test":"TestParam/testCustomColumns/zsh","Output":"          \t\"│\\n│ 0          git@github.com:ddworken/hishtory.git  echo fo\",\n"}
{"Time":"2023-09-09T11:28:32.942394-07:00","Action":"output","Package":"github.com/ddworken/hishtory/client","Test":"TestParam/testCustomColumns/zsh","Output":"          \t\"o                                                               \",\n"}
{"Time":"2023-09-09T11:28:32.942396-07:00","Action":"output","Package":"github.com/ddworken/hishtory/client","Test":"TestParam/testCustomColumns/zsh","Output":"          \t\"                                                                \",\n"}
{"Time":"2023-09-09T11:28:32.942397-07:00","Action":"output","Package":"github.com/ddworken/hishtory/client","Test":"TestParam/testCustomColumns/zsh","Output":"        + \t\" \",\n"}
{"Time":"2023-09-09T11:28:32.942399-07:00","Action":"output","Package":"github.com/ddworken/hishtory/client","Test":"TestParam/testCustomColumns/zsh","Output":"          \t\"│\\n│ 0          git@github.com:ddworken/hishtory.git  hishtor\",\n"}
{"Time":"2023-09-09T11:28:32.9424-07:00","Action":"output","Package":"github.com/ddworken/hishtory/client","Test":"TestParam/testCustomColumns/zsh","Output":"          \t\"y config-add custom-columns git_remote '(git remote -v 2\u003e/dev/nu\",\n"}
{"Time":"2023-09-09T11:28:32.942402-07:00","Action":"output","Package":"github.com/ddworken/hishtory/client","Test":"TestParam/testCustomColumns/zsh","Output":"          \t... // 131 identical bytes\n"}
{"Time":"2023-09-09T11:28:32.942403-07:00","Action":"output","Package":"github.com/ddworken/hishtory/client","Test":"TestParam/testCustomColumns/zsh","Output":"          \t\"z                                                               \",\n"}
{"Time":"2023-09-09T11:28:32.942411-07:00","Action":"output","Package":"github.com/ddworken/hishtory/client","Test":"TestParam/testCustomColumns/zsh","Output":"          \t\"                                                                \",\n"}
{"Time":"2023-09-09T11:28:32.942412-07:00","Action":"output","Package":"github.com/ddworken/hishtory/client","Test":"TestParam/testCustomColumns/zsh","Output":"        + \t\" \",\n"}
{"Time":"2023-09-09T11:28:32.942414-07:00","Action":"output","Package":"github.com/ddworken/hishtory/client","Test":"TestParam/testCustomColumns/zsh","Output":"          \t\"│\\n│ 0                                                cd /   \",\n"}
{"Time":"2023-09-09T11:28:32.942415-07:00","Action":"output","Package":"github.com/ddworken/hishtory/client","Test":"TestParam/testCustomColumns/zsh","Output":"          \t\"                                                                \",\n"}
{"Time":"2023-09-09T11:28:32.942417-07:00","Action":"output","Package":"github.com/ddworken/hishtory/client","Test":"TestParam/testCustomColumns/zsh","Output":"          \t\"                                                                \",\n"}
{"Time":"2023-09-09T11:28:32.942418-07:00","Action":"output","Package":"github.com/ddworken/hishtory/client","Test":"TestParam/testCustomColumns/zsh","Output":"        + \t\" \",\n"}
{"Time":"2023-09-09T11:28:32.94242-07:00","Action":"output","Package":"github.com/ddworken/hishtory/client","Test":"TestParam/testCustomColumns/zsh","Output":"          \t\"│\\n│ 0                                                echo $F\",\n"}
{"Time":"2023-09-09T11:28:32.942421-07:00","Action":"output","Package":"github.com/ddworken/hishtory/client","Test":"TestParam/testCustomColumns/zsh","Output":"          \t\"OOBAR world                                                     \",\n"}
{"Time":"2023-09-09T11:28:32.942423-07:00","Action":"output","Package":"github.com/ddworken/hishtory/client","Test":"TestParam/testCustomColumns/zsh","Output":"          \t\"                                                                \",\n"}
{"Time":"2023-09-09T11:28:32.942424-07:00","Action":"output","Package":"github.com/ddworken/hishtory/client","Test":"TestParam/testCustomColumns/zsh","Output":"        + \t\" \",\n"}
{"Time":"2023-09-09T11:28:32.942425-07:00","Action":"output","Package":"github.com/ddworken/hishtory/client","Test":"TestParam/testCustomColumns/zsh","Output":"          \t\"│\\n│ 0                                                export \",\n"}
{"Time":"2023-09-09T11:28:32.942427-07:00","Action":"output","Package":"github.com/ddworken/hishtory/client","Test":"TestParam/testCustomColumns/zsh","Output":"          \t\"FOOBAR='hello'                                                  \",\n"}
{"Time":"2023-09-09T11:28:32.942428-07:00","Action":"output","Package":"github.com/ddworken/hishtory/client","Test":"TestParam/testCustomColumns/zsh","Output":"          \t\"                                                                \",\n"}
{"Time":"2023-09-09T11:28:32.94243-07:00","Action":"output","Package":"github.com/ddworken/hishtory/client","Test":"TestParam/testCustomColumns/zsh","Output":"        + \t\" \",\n"}
{"Time":"2023-09-09T11:28:32.942431-07:00","Action":"output","Package":"github.com/ddworken/hishtory/client","Test":"TestParam/testCustomColumns/zsh","Output":"          \t\"│\\n│\",\n"}
{"Time":"2023-09-09T11:28:32.942433-07:00","Action":"output","Package":"github.com/ddworken/hishtory/client","Test":"TestParam/testCustomColumns/zsh","Output":"        + \t\" \",\n"}
{"Time":"2023-09-09T11:28:32.942435-07:00","Action":"output","Package":"github.com/ddworken/hishtory/client","Test":"TestParam/testCustomColumns/zsh","Output":"          \t\"                                                                \",\n"}
{"Time":"2023-09-09T11:28:32.942436-07:00","Action":"output","Package":"github.com/ddworken/hishtory/client","Test":"TestParam/testCustomColumns/zsh","Output":"          \t\"                                                                \",\n"}
{"Time":"2023-09-09T11:28:32.942438-07:00","Action":"output","Package":"github.com/ddworken/hishtory/client","Test":"TestParam/testCustomColumns/zsh","Output":"          \t\"                                                         │\\n│\",\n"}
{"Time":"2023-09-09T11:28:32.942439-07:00","Action":"output","Package":"github.com/ddworken/hishtory/client","Test":"TestParam/testCustomColumns/zsh","Output":"        + \t\" \",\n"}
{"Time":"2023-09-09T11:28:32.942441-07:00","Action":"output","Package":"github.com/ddworken/hishtory/client","Test":"TestParam/testCustomColumns/zsh","Output":"          \t\"                                                                \",\n"}
{"Time":"2023-09-09T11:28:32.942442-07:00","Action":"output","Package":"github.com/ddworken/hishtory/client","Test":"TestParam/testCustomColumns/zsh","Output":"          \t\"                                                                \",\n"}
{"Time":"2023-09-09T11:28:32.942444-07:00","Action":"output","Package":"github.com/ddworken/hishtory/client","Test":"TestParam/testCustomColumns/zsh","Output":"          \t\"                                                         │\\n│\",\n"}
{"Time":"2023-09-09T11:28:32.942445-07:00","Action":"output","Package":"github.com/ddworken/hishtory/client","Test":"TestParam/testCustomColumns/zsh","Output":"        + \t\" \",\n"}
{"Time":"2023-09-09T11:28:32.942447-07:00","Action":"output","Package":"github.com/ddworken/hishtory/client","Test":"TestParam/testCustomColumns/zsh","Output":"          \t\"                                                                \",\n"}
{"Time":"2023-09-09T11:28:32.942448-07:00","Action":"output","Package":"github.com/ddworken/hishtory/client","Test":"TestParam/testCustomColumns/zsh","Output":"          \t\"                                                                \",\n"}
{"Time":"2023-09-09T11:28:32.94245-07:00","Action":"output","Package":"github.com/ddworken/hishtory/client","Test":"TestParam/testCustomColumns/zsh","Output":"          \t\"                                                         │\\n│\",\n"}
{"Time":"2023-09-09T11:28:32.942451-07:00","Action":"output","Package":"github.com/ddworken/hishtory/client","Test":"TestParam/testCustomColumns/zsh","Output":"        + \t\" \",\n"}
{"Time":"2023-09-09T11:28:32.942453-07:00","Action":"output","Package":"github.com/ddworken/hishtory/client","Test":"TestParam/testCustomColumns/zsh","Output":"          \t\"                                                                \",\n"}
{"Time":"2023-09-09T11:28:32.942455-07:00","Action":"output","Package":"github.com/ddworken/hishtory/client","Test":"TestParam/testCustomColumns/zsh","Output":"          \t\"                                                                \",\n"}
{"Time":"2023-09-09T11:28:32.942456-07:00","Action":"output","Package":"github.com/ddworken/hishtory/client","Test":"TestParam/testCustomColumns/zsh","Output":"          \t\"                                                         │\\n│\",\n"}
{"Time":"2023-09-09T11:28:32.942458-07:00","Action":"output","Package":"github.com/ddworken/hishtory/client","Test":"TestParam/testCustomColumns/zsh","Output":"        + \t\" \",\n"}
{"Time":"2023-09-09T11:28:32.94246-07:00","Action":"output","Package":"github.com/ddworken/hishtory/client","Test":"TestParam/testCustomColumns/zsh","Output":"          \t\"                                                                \",\n"}
{"Time":"2023-09-09T11:28:32.942461-07:00","Action":"output","Package":"github.com/ddworken/hishtory/client","Test":"TestParam/testCustomColumns/zsh","Output":"          \t\"                                                                \",\n"}
{"Time":"2023-09-09T11:28:32.942463-07:00","Action":"output","Package":"github.com/ddworken/hishtory/client","Test":"TestParam/testCustomColumns/zsh","Output":"          \t\"                                                         │\\n│\",\n"}
{"Time":"2023-09-09T11:28:32.942464-07:00","Action":"output","Package":"github.com/ddworken/hishtory/client","Test":"TestParam/testCustomColumns/zsh","Output":"        + \t\" \",\n"}
{"Time":"2023-09-09T11:28:32.942466-07:00","Action":"output","Package":"github.com/ddworken/hishtory/client","Test":"TestParam/testCustomColumns/zsh","Output":"          \t\"                                                                \",\n"}
{"Time":"2023-09-09T11:28:32.942467-07:00","Action":"output","Package":"github.com/ddworken/hishtory/client","Test":"TestParam/testCustomColumns/zsh","Output":"          \t\"                                                                \",\n"}
{"Time":"2023-09-09T11:28:32.942469-07:00","Action":"output","Package":"github.com/ddworken/hishtory/client","Test":"TestParam/testCustomColumns/zsh","Output":"          \t\"                                                         │\\n│\",\n"}
{"Time":"2023-09-09T11:28:32.94247-07:00","Action":"output","Package":"github.com/ddworken/hishtory/client","Test":"TestParam/testCustomColumns/zsh","Output":"        + \t\" \",\n"}
{"Time":"2023-09-09T11:28:32.942471-07:00","Action":"output","Package":"github.com/ddworken/hishtory/client","Test":"TestParam/testCustomColumns/zsh","Output":"          \t\"                                                                \",\n"}
{"Time":"2023-09-09T11:28:32.942473-07:00","Action":"output","Package":"github.com/ddworken/hishtory/client","Test":"TestParam/testCustomColumns/zsh","Output":"          \t\"                                                                \",\n"}
{"Time":"2023-09-09T11:28:32.942474-07:00","Action":"output","Package":"github.com/ddworken/hishtory/client","Test":"TestParam/testCustomColumns/zsh","Output":"          \t\"                                                         │\\n│\",\n"}
{"Time":"2023-09-09T11:28:32.942476-07:00","Action":"output","Package":"github.com/ddworken/hishtory/client","Test":"TestParam/testCustomColumns/zsh","Output":"        + \t\" \",\n"}
{"Time":"2023-09-09T11:28:32.942477-07:00","Action":"output","Package":"github.com/ddworken/hishtory/client","Test":"TestParam/testCustomColumns/zsh","Output":"          \t\"                                                                \",\n"}
{"Time":"2023-09-09T11:28:32.942479-07:00","Action":"output","Package":"github.com/ddworken/hishtory/client","Test":"TestParam/testCustomColumns/zsh","Output":"          \t\"                                                                \",\n"}
{"Time":"2023-09-09T11:28:32.94248-07:00","Action":"output","Package":"github.com/ddworken/hishtory/client","Test":"TestParam/testCustomColumns/zsh","Output":"          \t\"                                                         │\\n│\",\n"}
{"Time":"2023-09-09T11:28:32.942482-07:00","Action":"output","Package":"github.com/ddworken/hishtory/client","Test":"TestParam/testCustomColumns/zsh","Output":"        + \t\" \",\n"}
{"Time":"2023-09-09T11:28:32.942483-07:00","Action":"output","Package":"github.com/ddworken/hishtory/client","Test":"TestParam/testCustomColumns/zsh","Output":"          \t\"                                                                \",\n"}
{"Time":"2023-09-09T11:28:32.942485-07:00","Action":"output","Package":"github.com/ddworken/hishtory/client","Test":"TestParam/testCustomColumns/zsh","Output":"          \t\"                                                                \",\n"}
{"Time":"2023-09-09T11:28:32.942486-07:00","Action":"output","Package":"github.com/ddworken/hishtory/client","Test":"TestParam/testCustomColumns/zsh","Output":"          \t\"                                                         │\\n│\",\n"}
{"Time":"2023-09-09T11:28:32.942488-07:00","Action":"output","Package":"github.com/ddworken/hishtory/client","Test":"TestParam/testCustomColumns/zsh","Output":"        + \t\" \",\n"}
{"Time":"2023-09-09T11:28:32.94249-07:00","Action":"output","Package":"github.com/ddworken/hishtory/client","Test":"TestParam/testCustomColumns/zsh","Output":"          \t\"                                                                \",\n"}
{"Time":"2023-09-09T11:28:32.942491-07:00","Action":"output","Package":"github.com/ddworken/hishtory/client","Test":"TestParam/testCustomColumns/zsh","Output":"          \t\"                                                                \",\n"}
{"Time":"2023-09-09T11:28:32.942493-07:00","Action":"output","Package":"github.com/ddworken/hishtory/client","Test":"TestParam/testCustomColumns/zsh","Output":"          \t\"                                                         │\\n│\",\n"}
{"Time":"2023-09-09T11:28:32.942494-07:00","Action":"output","Package":"github.com/ddworken/hishtory/client","Test":"TestParam/testCustomColumns/zsh","Output":"        + \t\" \",\n"}
{"Time":"2023-09-09T11:28:32.942496-07:00","Action":"output","Package":"github.com/ddworken/hishtory/client","Test":"TestParam/testCustomColumns/zsh","Output":"          \t\"                                                                \",\n"}
{"Time":"2023-09-09T11:28:32.942497-07:00","Action":"output","Package":"github.com/ddworken/hishtory/client","Test":"TestParam/testCustomColumns/zsh","Output":"          \t\"                                                                \",\n"}
{"Time":"2023-09-09T11:28:32.942499-07:00","Action":"output","Package":"github.com/ddworken/hishtory/client","Test":"TestParam/testCustomColumns/zsh","Output":"          \t\"                                                         │\\n\\xe2\",\n"}
{"Time":"2023-09-09T11:28:32.942501-07:00","Action":"output","Package":"github.com/ddworken/hishtory/client","Test":"TestParam/testCustomColumns/zsh","Output":"        + \t\"\\x94\",\n"}
{"Time":"2023-09-09T11:28:32.942502-07:00","Action":"output","Package":"github.com/ddworken/hishtory/client","Test":"TestParam/testCustomColumns/zsh","Output":"          \t\"\\x94\",\n"}
{"Time":"2023-09-09T11:28:32.942504-07:00","Action":"output","Package":"github.com/ddworken/hishtory/client","Test":"TestParam/testCustomColumns/zsh","Output":"        + \t\"\\xe2\",\n"}
{"Time":"2023-09-09T11:28:32.942505-07:00","Action":"output","Package":"github.com/ddworken/hishtory/client","Test":"TestParam/testCustomColumns/zsh","Output":"          \t\"\\x94\",\n"}
{"Time":"2023-09-09T11:28:32.942507-07:00","Action":"output","Package":"github.com/ddworken/hishtory/client","Test":"TestParam/testCustomColumns/zsh","Output":"        + \t\"\\x80\",\n"}
{"Time":"2023-09-09T11:28:32.942508-07:00","Action":"output","Package":"github.com/ddworken/hishtory/client","Test":"TestParam/testCustomColumns/zsh","Output":"          \t\"─────────────────────\\xe2\",\n"}
{"Time":"2023-09-09T11:28:32.94251-07:00","Action":"output","Package":"github.com/ddworken/hishtory/client","Test":"TestParam/testCustomColumns/zsh","Output":"          \t\"\\x94\\x80────────────────────\\xe2\\x94\",\n"}
{"Time":"2023-09-09T11:28:32.942511-07:00","Action":"output","Package":"github.com/ddworken/hishtory/client","Test":"TestParam/testCustomColumns/zsh","Output":"          \t... // 483 identical bytes\n"}
{"Time":"2023-09-09T11:28:32.942526-07:00","Action":"output","Package":"github.com/ddworken/hishtory/client","Test":"TestParam/testCustomColumns/zsh","Output":"          }, \"\")\n"}
{"Time":"2023-09-09T11:28:32.942528-07:00","Action":"output","Package":"github.com/ddworken/hishtory/client","Test":"TestParam/testCustomColumns/zsh","Output":"        \n"}
{"Time":"2023-09-09T11:28:32.942551-07:00","Action":"output","Package":"github.com/ddworken/hishtory/client","Test":"TestParam/testCustomColumns/zsh","Output":"        actual=\n"}
{"Time":"2023-09-09T11:28:32.942553-07:00","Action":"output","Package":"github.com/ddworken/hishtory/client","Test":"TestParam/testCustomColumns/zsh","Output":"        david@Davids-MacBook-Air hishtory % hishtory tquery -pipefail\n"}
{"Time":"2023-09-09T11:28:32.942556-07:00","Action":"output","Package":"github.com/ddworken/hishtory/client","Test":"TestParam/testCustomColumns/zsh","Output":"        \n"}
{"Time":"2023-09-09T11:28:32.942557-07:00","Action":"output","Package":"github.com/ddworken/hishtory/client","Test":"TestParam/testCustomColumns/zsh","Output":"        \n"}
{"Time":"2023-09-09T11:28:32.942559-07:00","Action":"output","Package":"github.com/ddworken/hishtory/client","Test":"TestParam/testCustomColumns/zsh","Output":"        \n"}
{"Time":"2023-09-09T11:28:32.94256-07:00","Action":"output","Package":"github.com/ddworken/hishtory/client","Test":"TestParam/testCustomColumns/zsh","Output":"        Search Query: \u003e -pipefail\n"}
{"Time":"2023-09-09T11:28:32.942562-07:00","Action":"output","Package":"github.com/ddworken/hishtory/client","Test":"TestParam/testCustomColumns/zsh","Output":"        \n"}
{"Time":"2023-09-09T11:28:32.942563-07:00","Action":"output","Package":"github.com/ddworken/hishtory/client","Test":"TestParam/testCustomColumns/zsh","Output":"        ┌──────────────────────────────────────────────────────────────────────────────────────────────────────────────────────────────────────────────────────────────────────────────────────────┐\n"}
{"Time":"2023-09-09T11:28:32.942569-07:00","Action":"output","Package":"github.com/ddworken/hishtory/client","Test":"TestParam/testCustomColumns/zsh","Output":"        │ Exit Code  git_remote                            Command                                                                                                                                 │\n"}
{"Time":"2023-09-09T11:28:32.942578-07:00","Action":"output","Package":"github.com/ddworken/hishtory/client","Test":"TestParam/testCustomColumns/zsh","Output":"        │──────────────────────────────────────────────────────────────────────────────────────────────────────────────────────────────────────────────────────────────────────────────────────────│\n"}
{"Time":"2023-09-09T11:28:32.94258-07:00","Action":"output","Package":"github.com/ddworken/hishtory/client","Test":"TestParam/testCustomColumns/zsh","Output":"        │ 0          git@github.com:ddworken/hishtory.git  hishtory config-set displayed-columns 'Exit Code' git_remote Command                                                                    │\n"}
{"Time":"2023-09-09T11:28:32.942582-07:00","Action":"output","Package":"github.com/ddworken/hishtory/client","Test":"TestParam/testCustomColumns/zsh","Output":"        │ 0                                                echo bar                                                                                                                                │\n"}
{"Time":"2023-09-09T11:28:32.942586-07:00","Action":"output","Package":"github.com/ddworken/hishtory/client","Test":"TestParam/testCustomColumns/zsh","Output":"        │ 0                                                cd /                                                                                                                                    │\n"}
{"Time":"2023-09-09T11:28:32.942588-07:00","Action":"output","Package":"github.com/ddworken/hishtory/client","Test":"TestParam/testCustomColumns/zsh","Output":"        │ 0          git@github.com:ddworken/hishtory.git  echo foo                                                                                                                                │\n"}
{"Time":"2023-09-09T11:28:32.94259-07:00","Action":"output","Package":"github.com/ddworken/hishtory/client","Test":"TestParam/testCustomColumns/zsh","Output":"        │ 0          git@github.com:ddworken/hishtory.git  hishtory config-add custom-columns git_remote '(git remote -v 2\u003e/dev/null | grep origin 1\u003e/dev/null ) \u0026\u0026 git remote get-url origin || … │\n"}
{"Time":"2023-09-09T11:28:32.942595-07:00","Action":"output","Package":"github.com/ddworken/hishtory/client","Test":"TestParam/testCustomColumns/zsh","Output":"        │ 0                                                echo baz                                                                                                                                │\n"}
{"Time":"2023-09-09T11:28:32.942597-07:00","Action":"output","Package":"github.com/ddworken/hishtory/client","Test":"TestParam/testCustomColumns/zsh","Output":"        │ 0                                                cd /                                                                                                                                    │\n"}
{"Time":"2023-09-09T11:28:32.942599-07:00","Action":"output","Package":"github.com/ddworken/hishtory/client","Test":"TestParam/testCustomColumns/zsh","Output":"        │ 0                                                echo $FOOBAR world                                                                                                                      │\n"}
{"Time":"2023-09-09T11:28:32.9426-07:00","Action":"output","Package":"github.com/ddworken/hishtory/client","Test":"TestParam/testCustomColumns/zsh","Output":"        │ 0                                                export FOOBAR='hello'                                                                                                                   │\n"}
{"Time":"2023-09-09T11:28:32.942602-07:00","Action":"output","Package":"github.com/ddworken/hishtory/client","Test":"TestParam/testCustomColumns/zsh","Output":"        │                                                                                                                                                                                          │\n"}
{"Time":"2023-09-09T11:28:32.942603-07:00","Action":"output","Package":"github.com/ddworken/hishtory/client","Test":"TestParam/testCustomColumns/zsh","Output":"        │                                                                                                                                                                                          │\n"}
{"Time":"2023-09-09T11:28:32.942605-07:00","Action":"output","Package":"github.com/ddworken/hishtory/client","Test":"TestParam/testCustomColumns/zsh","Output":"        │                                                                                                                                                                                          │\n"}
{"Time":"2023-09-09T11:28:32.942607-07:00","Action":"output","Package":"github.com/ddworken/hishtory/client","Test":"TestParam/testCustomColumns/zsh","Output":"        │                                                                                                                                                                                          │\n"}
{"Time":"2023-09-09T11:28:32.942608-07:00","Action":"output","Package":"github.com/ddworken/hishtory/client","Test":"TestParam/testCustomColumns/zsh","Output":"        │                                                                                                                                                                                          │\n"}
{"Time":"2023-09-09T11:28:32.942619-07:00","Action":"output","Package":"github.com/ddworken/hishtory/client","Test":"TestParam/testCustomColumns/zsh","Output":"        │                                                                                                                                                                                          │\n"}
{"Time":"2023-09-09T11:28:32.942621-07:00","Action":"output","Package":"github.com/ddworken/hishtory/client","Test":"TestParam/testCustomColumns/zsh","Output":"        │                                                                                                                                                                                          │\n"}
{"Time":"2023-09-09T11:28:32.942625-07:00","Action":"output","Package":"github.com/ddworken/hishtory/client","Test":"TestParam/testCustomColumns/zsh","Output":"        │                                                                                                                                                                                          │\n"}
{"Time":"2023-09-09T11:28:32.942626-07:00","Action":"output","Package":"github.com/ddworken/hishtory/client","Test":"TestParam/testCustomColumns/zsh","Output":"        │                                                                                                                                                                                          │\n"}
{"Time":"2023-09-09T11:28:32.94263-07:00","Action":"output","Package":"github.com/ddworken/hishtory/client","Test":"TestParam/testCustomColumns/zsh","Output":"        │                                                                                                                                                                                          │\n"}
{"Time":"2023-09-09T11:28:32.942636-07:00","Action":"output","Package":"github.com/ddworken/hishtory/client","Test":"TestParam/testCustomColumns/zsh","Output":"        │                                                                                                                                                                                          │\n"}
{"Time":"2023-09-09T11:28:32.942645-07:00","Action":"output","Package":"github.com/ddworken/hishtory/client","Test":"TestParam/testCustomColumns/zsh","Output":"        └──────────────────────────────────────────────────────────────────────────────────────────────────────────────────────────────────────────────────────────────────────────────────────────┘\n"}
{"Time":"2023-09-09T11:28:32.942648-07:00","Action":"output","Package":"github.com/ddworken/hishtory/client","Test":"TestParam/testCustomColumns/zsh","Output":"        hiSHtory: Search your shell history  • ctrl+h help\n"}
{"Time":"2023-09-09T11:28:32.951342-07:00","Action":"output","Package":"github.com/ddworken/hishtory/client","Test":"TestParam","Output":"--- FAIL: TestParam (7.12s)\n"}
{"Time":"2023-09-09T11:28:32.951364-07:00","Action":"output","Package":"github.com/ddworken/hishtory/client","Test":"TestParam/testCustomColumns/zsh","Output":"    --- FAIL: TestParam/testCustomColumns/zsh (7.12s)\n"}
{"Time":"2023-09-09T11:28:32.951368-07:00","Action":"fail","Package":"github.com/ddworken/hishtory/client","Test":"TestParam/testCustomColumns/zsh","Elapsed":7.12}
{"Time":"2023-09-09T11:28:32.951374-07:00","Action":"fail","Package":"github.com/ddworken/hishtory/client","Test":"TestParam","Elapsed":7.12}
{"Time":"2023-09-09T11:28:32.951381-07:00","Action":"output","Package":"github.com/ddworken/hishtory/client","Output":"FAIL\n"}
{"Time":"2023-09-09T11:28:32.952173-07:00","Action":"output","Package":"github.com/ddworken/hishtory/client","Output":"FAIL\tgithub.com/ddworken/hishtory/client\t15.491s\n"}
{"Time":"2023-09-09T11:28:32.952188-07:00","Action":"fail","Package":"github.com/ddworken/hishtory/client","Elapsed":15.491}
{"Time":"2023-09-09T11:28:43.517995-07:00","Action":"run","Package":"github.com/ddworken/hishtory/client","Test":"TestParam"}
{"Time":"2023-09-09T11:28:43.518097-07:00","Action":"output","Package":"github.com/ddworken/hishtory/client","Test":"TestParam","Output":"=== RUN   TestParam\n"}
{"Time":"2023-09-09T11:28:43.518449-07:00","Action":"run","Package":"github.com/ddworken/hishtory/client","Test":"TestParam/testCustomColumns/zsh"}
{"Time":"2023-09-09T11:28:43.518464-07:00","Action":"output","Package":"github.com/ddworken/hishtory/client","Test":"TestParam/testCustomColumns/zsh","Output":"=== RUN   TestParam/testCustomColumns/zsh\n"}
{"Time":"2023-09-09T11:28:50.578303-07:00","Action":"output","Package":"github.com/ddworken/hishtory/client","Test":"TestParam/testCustomColumns/zsh","Output":"    testutils.go:366: hishtory golden mismatch for testCustomColumns-tquery-zsh at /Users/david/code/hishtory/client/client_test.go:2337 (-expected +got):\n"}
{"Time":"2023-09-09T11:28:50.578328-07:00","Action":"output","Package":"github.com/ddworken/hishtory/client","Test":"TestParam/testCustomColumns/zsh","Output":"          strings.Join({\n"}
{"Time":"2023-09-09T11:28:50.578342-07:00","Action":"output","Package":"github.com/ddworken/hishtory/client","Test":"TestParam/testCustomColumns/zsh","Output":"          \t... // 524 identical bytes\n"}
{"Time":"2023-09-09T11:28:50.578355-07:00","Action":"output","Package":"github.com/ddworken/hishtory/client","Test":"TestParam/testCustomColumns/zsh","Output":"          \t\"─────────────────────\\xe2\",\n"}
{"Time":"2023-09-09T11:28:50.578362-07:00","Action":"output","Package":"github.com/ddworken/hishtory/client","Test":"TestParam/testCustomColumns/zsh","Output":"          \t\"\\x94\\x80────────────────────\\xe2\\x94\",\n"}
{"Time":"2023-09-09T11:28:50.578378-07:00","Action":"output","Package":"github.com/ddworken/hishtory/client","Test":"TestParam/testCustomColumns/zsh","Output":"        + \t\"\\x80\\xe2\\x94\",\n"}
{"Time":"2023-09-09T11:28:50.57838-07:00","Action":"output","Package":"github.com/ddworken/hishtory/client","Test":"TestParam/testCustomColumns/zsh","Output":"          \t\"\\x90\\n│ Exit Code  git_remote                            Command  \",\n"}
{"Time":"2023-09-09T11:28:50.578383-07:00","Action":"output","Package":"github.com/ddworken/hishtory/client","Test":"TestParam/testCustomColumns/zsh","Output":"          \t\"                                                                \",\n"}
{"Time":"2023-09-09T11:28:50.578388-07:00","Action":"output","Package":"github.com/ddworken/hishtory/client","Test":"TestParam/testCustomColumns/zsh","Output":"          \t\"                                                              \",\n"}
{"Time":"2023-09-09T11:28:50.578393-07:00","Action":"output","Package":"github.com/ddworken/hishtory/client","Test":"TestParam/testCustomColumns/zsh","Output":"        + \t\" \",\n"}
{"Time":"2023-09-09T11:28:50.578395-07:00","Action":"output","Package":"github.com/ddworken/hishtory/client","Test":"TestParam/testCustomColumns/zsh","Output":"          \t\"│\\n│───────────────────\",\n"}
{"Time":"2023-09-09T11:28:50.578399-07:00","Action":"output","Package":"github.com/ddworken/hishtory/client","Test":"TestParam/testCustomColumns/zsh","Output":"          \t\"─────────────────────\\xe2\",\n"}
{"Time":"2023-09-09T11:28:50.578403-07:00","Action":"output","Package":"github.com/ddworken/hishtory/client","Test":"TestParam/testCustomColumns/zsh","Output":"          \t... // 308 identical bytes\n"}
{"Time":"2023-09-09T11:28:50.578407-07:00","Action":"output","Package":"github.com/ddworken/hishtory/client","Test":"TestParam/testCustomColumns/zsh","Output":"          \t\"─────────────────────\\xe2\",\n"}
{"Time":"2023-09-09T11:28:50.578414-07:00","Action":"output","Package":"github.com/ddworken/hishtory/client","Test":"TestParam/testCustomColumns/zsh","Output":"          \t\"\\x94\\x80────────────────────\\xe2\\x94\",\n"}
{"Time":"2023-09-09T11:28:50.578415-07:00","Action":"output","Package":"github.com/ddworken/hishtory/client","Test":"TestParam/testCustomColumns/zsh","Output":"        + \t\"\\x80\\xe2\\x94\",\n"}
{"Time":"2023-09-09T11:28:50.578417-07:00","Action":"output","Package":"github.com/ddworken/hishtory/client","Test":"TestParam/testCustomColumns/zsh","Output":"          \t\"\\x82\\n│ 0          git@github.com:ddworken/hishtory.git  hishtory \",\n"}
{"Time":"2023-09-09T11:28:50.578419-07:00","Action":"output","Package":"github.com/ddworken/hishtory/client","Test":"TestParam/testCustomColumns/zsh","Output":"          \t\"config-set displayed-columns 'Exit Code' git_remote Command     \",\n"}
{"Time":"2023-09-09T11:28:50.57842-07:00","Action":"output","Package":"github.com/ddworken/hishtory/client","Test":"TestParam/testCustomColumns/zsh","Output":"          \t\"                                                              \",\n"}
{"Time":"2023-09-09T11:28:50.578428-07:00","Action":"output","Package":"github.com/ddworken/hishtory/client","Test":"TestParam/testCustomColumns/zsh","Output":"        + \t\" \",\n"}
{"Time":"2023-09-09T11:28:50.578429-07:00","Action":"output","Package":"github.com/ddworken/hishtory/client","Test":"TestParam/testCustomColumns/zsh","Output":"          \t\"│\\n│ 0                                                echo ba\",\n"}
{"Time":"2023-09-09T11:28:50.578432-07:00","Action":"output","Package":"github.com/ddworken/hishtory/client","Test":"TestParam/testCustomColumns/zsh","Output":"          \t\"r                                                               \",\n"}
{"Time":"2023-09-09T11:28:50.578436-07:00","Action":"output","Package":"github.com/ddworken/hishtory/client","Test":"TestParam/testCustomColumns/zsh","Output":"          \t\"                                                                \",\n"}
{"Time":"2023-09-09T11:28:50.57844-07:00","Action":"output","Package":"github.com/ddworken/hishtory/client","Test":"TestParam/testCustomColumns/zsh","Output":"        + \t\" \",\n"}
{"Time":"2023-09-09T11:28:50.578442-07:00","Action":"output","Package":"github.com/ddworken/hishtory/client","Test":"TestParam/testCustomColumns/zsh","Output":"          \t\"│\\n│ 0                                                cd /   \",\n"}
{"Time":"2023-09-09T11:28:50.578444-07:00","Action":"output","Package":"github.com/ddworken/hishtory/client","Test":"TestParam/testCustomColumns/zsh","Output":"          \t\"                                                                \",\n"}
{"Time":"2023-09-09T11:28:50.578445-07:00","Action":"output","Package":"github.com/ddworken/hishtory/client","Test":"TestParam/testCustomColumns/zsh","Output":"          \t\"                                                                \",\n"}
{"Time":"2023-09-09T11:28:50.578447-07:00","Action":"output","Package":"github.com/ddworken/hishtory/client","Test":"TestParam/testCustomColumns/zsh","Output":"        + \t\" \",\n"}
{"Time":"2023-09-09T11:28:50.578451-07:00","Action":"output","Package":"github.com/ddworken/hishtory/client","Test":"TestParam/testCustomColumns/zsh","Output":"          \t\"│\\n│ 0          git@github.com:ddworken/hishtory.git  echo fo\",\n"}
{"Time":"2023-09-09T11:28:50.578457-07:00","Action":"output","Package":"github.com/ddworken/hishtory/client","Test":"TestParam/testCustomColumns/zsh","Output":"          \t\"o                                                               \",\n"}
{"Time":"2023-09-09T11:28:50.578459-07:00","Action":"output","Package":"github.com/ddworken/hishtory/client","Test":"TestParam/testCustomColumns/zsh","Output":"          \t\"                                                                \",\n"}
{"Time":"2023-09-09T11:28:50.578461-07:00","Action":"output","Package":"github.com/ddworken/hishtory/client","Test":"TestParam/testCustomColumns/zsh","Output":"        + \t\" \",\n"}
{"Time":"2023-09-09T11:28:50.578462-07:00","Action":"output","Package":"github.com/ddworken/hishtory/client","Test":"TestParam/testCustomColumns/zsh","Output":"          \t\"│\\n│ 0          git@github.com:ddworken/hishtory.git  hishtor\",\n"}
{"Time":"2023-09-09T11:28:50.578464-07:00","Action":"output","Package":"github.com/ddworken/hishtory/client","Test":"TestParam/testCustomColumns/zsh","Output":"          \t\"y config-add custom-columns git_remote '(git remote -v 2\u003e/dev/nu\",\n"}
{"Time":"2023-09-09T11:28:50.578467-07:00","Action":"output","Package":"github.com/ddworken/hishtory/client","Test":"TestParam/testCustomColumns/zsh","Output":"          \t... // 131 identical bytes\n"}
{"Time":"2023-09-09T11:28:50.578468-07:00","Action":"output","Package":"github.com/ddworken/hishtory/client","Test":"TestParam/testCustomColumns/zsh","Output":"          \t\"z                                                               \",\n"}
{"Time":"2023-09-09T11:28:50.578473-07:00","Action":"output","Package":"github.com/ddworken/hishtory/client","Test":"TestParam/testCustomColumns/zsh","Output":"          \t\"                                                                \",\n"}
{"Time":"2023-09-09T11:28:50.578474-07:00","Action":"output","Package":"github.com/ddworken/hishtory/client","Test":"TestParam/testCustomColumns/zsh","Output":"        + \t\" \",\n"}
{"Time":"2023-09-09T11:28:50.578476-07:00","Action":"output","Package":"github.com/ddworken/hishtory/client","Test":"TestParam/testCustomColumns/zsh","Output":"          \t\"│\\n│ 0                                                cd /   \",\n"}
{"Time":"2023-09-09T11:28:50.578477-07:00","Action":"output","Package":"github.com/ddworken/hishtory/client","Test":"TestParam/testCustomColumns/zsh","Output":"          \t\"                                                                \",\n"}
{"Time":"2023-09-09T11:28:50.578479-07:00","Action":"output","Package":"github.com/ddworken/hishtory/client","Test":"TestParam/testCustomColumns/zsh","Output":"          \t\"                                                                \",\n"}
{"Time":"2023-09-09T11:28:50.578483-07:00","Action":"output","Package":"github.com/ddworken/hishtory/client","Test":"TestParam/testCustomColumns/zsh","Output":"        + \t\" \",\n"}
{"Time":"2023-09-09T11:28:50.578485-07:00","Action":"output","Package":"github.com/ddworken/hishtory/client","Test":"TestParam/testCustomColumns/zsh","Output":"          \t\"│\\n│ 0                                                echo $F\",\n"}
{"Time":"2023-09-09T11:28:50.578487-07:00","Action":"output","Package":"github.com/ddworken/hishtory/client","Test":"TestParam/testCustomColumns/zsh","Output":"          \t\"OOBAR world                                                     \",\n"}
{"Time":"2023-09-09T11:28:50.578492-07:00","Action":"output","Package":"github.com/ddworken/hishtory/client","Test":"TestParam/testCustomColumns/zsh","Output":"          \t\"                                                                \",\n"}
{"Time":"2023-09-09T11:28:50.578493-07:00","Action":"output","Package":"github.com/ddworken/hishtory/client","Test":"TestParam/testCustomColumns/zsh","Output":"        + \t\" \",\n"}
{"Time":"2023-09-09T11:28:50.578495-07:00","Action":"output","Package":"github.com/ddworken/hishtory/client","Test":"TestParam/testCustomColumns/zsh","Output":"          \t\"│\\n│ 0                                                export \",\n"}
{"Time":"2023-09-09T11:28:50.578496-07:00","Action":"output","Package":"github.com/ddworken/hishtory/client","Test":"TestParam/testCustomColumns/zsh","Output":"          \t\"FOOBAR='hello'\",\n"}
{"Time":"2023-09-09T11:28:50.578498-07:00","Action":"output","Package":"github.com/ddworken/hishtory/client","Test":"TestParam/testCustomColumns/zsh","Output":"        + \t\" \",\n"}
{"Time":"2023-09-09T11:28:50.5785-07:00","Action":"output","Package":"github.com/ddworken/hishtory/client","Test":"TestParam/testCustomColumns/zsh","Output":"          \t\"                                                                \",\n"}
{"Time":"2023-09-09T11:28:50.578501-07:00","Action":"output","Package":"github.com/ddworken/hishtory/client","Test":"TestParam/testCustomColumns/zsh","Output":"          \t\"                                                  │\\n│\",\n"}
{"Time":"2023-09-09T11:28:50.578503-07:00","Action":"output","Package":"github.com/ddworken/hishtory/client","Test":"TestParam/testCustomColumns/zsh","Output":"        + \t\" \",\n"}
{"Time":"2023-09-09T11:28:50.578504-07:00","Action":"output","Package":"github.com/ddworken/hishtory/client","Test":"TestParam/testCustomColumns/zsh","Output":"          \t\"                                                                \",\n"}
{"Time":"2023-09-09T11:28:50.578506-07:00","Action":"output","Package":"github.com/ddworken/hishtory/client","Test":"TestParam/testCustomColumns/zsh","Output":"          \t\"                                                                \",\n"}
{"Time":"2023-09-09T11:28:50.578508-07:00","Action":"output","Package":"github.com/ddworken/hishtory/client","Test":"TestParam/testCustomColumns/zsh","Output":"          \t\"                                                         │\\n│\",\n"}
{"Time":"2023-09-09T11:28:50.578509-07:00","Action":"output","Package":"github.com/ddworken/hishtory/client","Test":"TestParam/testCustomColumns/zsh","Output":"        + \t\" \",\n"}
{"Time":"2023-09-09T11:28:50.578511-07:00","Action":"output","Package":"github.com/ddworken/hishtory/client","Test":"TestParam/testCustomColumns/zsh","Output":"          \t\"                                                                \",\n"}
{"Time":"2023-09-09T11:28:50.578512-07:00","Action":"output","Package":"github.com/ddworken/hishtory/client","Test":"TestParam/testCustomColumns/zsh","Output":"          \t\"                                                                \",\n"}
{"Time":"2023-09-09T11:28:50.578513-07:00","Action":"output","Package":"github.com/ddworken/hishtory/client","Test":"TestParam/testCustomColumns/zsh","Output":"          \t\"                                                         │\\n│\",\n"}
{"Time":"2023-09-09T11:28:50.578515-07:00","Action":"output","Package":"github.com/ddworken/hishtory/client","Test":"TestParam/testCustomColumns/zsh","Output":"        + \t\" \",\n"}
{"Time":"2023-09-09T11:28:50.578516-07:00","Action":"output","Package":"github.com/ddworken/hishtory/client","Test":"TestParam/testCustomColumns/zsh","Output":"          \t\"                                                                \",\n"}
{"Time":"2023-09-09T11:28:50.578518-07:00","Action":"output","Package":"github.com/ddworken/hishtory/client","Test":"TestParam/testCustomColumns/zsh","Output":"          \t\"                                                                \",\n"}
{"Time":"2023-09-09T11:28:50.578524-07:00","Action":"output","Package":"github.com/ddworken/hishtory/client","Test":"TestParam/testCustomColumns/zsh","Output":"          \t\"                                                         │\\n│\",\n"}
{"Time":"2023-09-09T11:28:50.578526-07:00","Action":"output","Package":"github.com/ddworken/hishtory/client","Test":"TestParam/testCustomColumns/zsh","Output":"        + \t\" \",\n"}
{"Time":"2023-09-09T11:28:50.578527-07:00","Action":"output","Package":"github.com/ddworken/hishtory/client","Test":"TestParam/testCustomColumns/zsh","Output":"          \t\"                                                                \",\n"}
{"Time":"2023-09-09T11:28:50.57853-07:00","Action":"output","Package":"github.com/ddworken/hishtory/client","Test":"TestParam/testCustomColumns/zsh","Output":"          \t\"                                                                \",\n"}
{"Time":"2023-09-09T11:28:50.578532-07:00","Action":"output","Package":"github.com/ddworken/hishtory/client","Test":"TestParam/testCustomColumns/zsh","Output":"          \t\"                                                         │\\n│\",\n"}
{"Time":"2023-09-09T11:28:50.578533-07:00","Action":"output","Package":"github.com/ddworken/hishtory/client","Test":"TestParam/testCustomColumns/zsh","Output":"        + \t\" \",\n"}
{"Time":"2023-09-09T11:28:50.57854-07:00","Action":"output","Package":"github.com/ddworken/hishtory/client","Test":"TestParam/testCustomColumns/zsh","Output":"          \t\"                                                                \",\n"}
{"Time":"2023-09-09T11:28:50.578542-07:00","Action":"output","Package":"github.com/ddworken/hishtory/client","Test":"TestParam/testCustomColumns/zsh","Output":"          \t\"                                                                \",\n"}
{"Time":"2023-09-09T11:28:50.578543-07:00","Action":"output","Package":"github.com/ddworken/hishtory/client","Test":"TestParam/testCustomColumns/zsh","Output":"          \t\"                                                         │\\n│\",\n"}
{"Time":"2023-09-09T11:28:50.578545-07:00","Action":"output","Package":"github.com/ddworken/hishtory/client","Test":"TestParam/testCustomColumns/zsh","Output":"        + \t\" \",\n"}
{"Time":"2023-09-09T11:28:50.578547-07:00","Action":"output","Package":"github.com/ddworken/hishtory/client","Test":"TestParam/testCustomColumns/zsh","Output":"          \t\"                                                                \",\n"}
{"Time":"2023-09-09T11:28:50.578548-07:00","Action":"output","Package":"github.com/ddworken/hishtory/client","Test":"TestParam/testCustomColumns/zsh","Output":"          \t\"                                                                \",\n"}
{"Time":"2023-09-09T11:28:50.578555-07:00","Action":"output","Package":"github.com/ddworken/hishtory/client","Test":"TestParam/testCustomColumns/zsh","Output":"          \t\"                                                         │\\n│\",\n"}
{"Time":"2023-09-09T11:28:50.578557-07:00","Action":"output","Package":"github.com/ddworken/hishtory/client","Test":"TestParam/testCustomColumns/zsh","Output":"        + \t\" \",\n"}
{"Time":"2023-09-09T11:28:50.578558-07:00","Action":"output","Package":"github.com/ddworken/hishtory/client","Test":"TestParam/testCustomColumns/zsh","Output":"          \t\"                                                                \",\n"}
{"Time":"2023-09-09T11:28:50.57856-07:00","Action":"output","Package":"github.com/ddworken/hishtory/client","Test":"TestParam/testCustomColumns/zsh","Output":"          \t\"                                                                \",\n"}
{"Time":"2023-09-09T11:28:50.578562-07:00","Action":"output","Package":"github.com/ddworken/hishtory/client","Test":"TestParam/testCustomColumns/zsh","Output":"          \t\"                                                         │\\n│\",\n"}
{"Time":"2023-09-09T11:28:50.578563-07:00","Action":"output","Package":"github.com/ddworken/hishtory/client","Test":"TestParam/testCustomColumns/zsh","Output":"        + \t\" \",\n"}
{"Time":"2023-09-09T11:28:50.578565-07:00","Action":"output","Package":"github.com/ddworken/hishtory/client","Test":"TestParam/testCustomColumns/zsh","Output":"          \t\"                                                                \",\n"}
{"Time":"2023-09-09T11:28:50.578568-07:00","Action":"output","Package":"github.com/ddworken/hishtory/client","Test":"TestParam/testCustomColumns/zsh","Output":"          \t\"                                                                \",\n"}
{"Time":"2023-09-09T11:28:50.578574-07:00","Action":"output","Package":"github.com/ddworken/hishtory/client","Test":"TestParam/testCustomColumns/zsh","Output":"          \t\"                                                         │\\n│\",\n"}
{"Time":"2023-09-09T11:28:50.578575-07:00","Action":"output","Package":"github.com/ddworken/hishtory/client","Test":"TestParam/testCustomColumns/zsh","Output":"        + \t\" \",\n"}
{"Time":"2023-09-09T11:28:50.578577-07:00","Action":"output","Package":"github.com/ddworken/hishtory/client","Test":"TestParam/testCustomColumns/zsh","Output":"          \t\"                                                                \",\n"}
{"Time":"2023-09-09T11:28:50.578578-07:00","Action":"output","Package":"github.com/ddworken/hishtory/client","Test":"TestParam/testCustomColumns/zsh","Output":"          \t\"                                                                \",\n"}
{"Time":"2023-09-09T11:28:50.57858-07:00","Action":"output","Package":"github.com/ddworken/hishtory/client","Test":"TestParam/testCustomColumns/zsh","Output":"          \t\"                                                         │\\n│\",\n"}
{"Time":"2023-09-09T11:28:50.578581-07:00","Action":"output","Package":"github.com/ddworken/hishtory/client","Test":"TestParam/testCustomColumns/zsh","Output":"        + \t\" \",\n"}
{"Time":"2023-09-09T11:28:50.578583-07:00","Action":"output","Package":"github.com/ddworken/hishtory/client","Test":"TestParam/testCustomColumns/zsh","Output":"          \t\"                                                                \",\n"}
{"Time":"2023-09-09T11:28:50.578584-07:00","Action":"output","Package":"github.com/ddworken/hishtory/client","Test":"TestParam/testCustomColumns/zsh","Output":"          \t\"                                                                \",\n"}
{"Time":"2023-09-09T11:28:50.578586-07:00","Action":"output","Package":"github.com/ddworken/hishtory/client","Test":"TestParam/testCustomColumns/zsh","Output":"          \t\"                                                         │\\n│\",\n"}
{"Time":"2023-09-09T11:28:50.578588-07:00","Action":"output","Package":"github.com/ddworken/hishtory/client","Test":"TestParam/testCustomColumns/zsh","Output":"        + \t\" \",\n"}
{"Time":"2023-09-09T11:28:50.578589-07:00","Action":"output","Package":"github.com/ddworken/hishtory/client","Test":"TestParam/testCustomColumns/zsh","Output":"          \t\"                                                                \",\n"}
{"Time":"2023-09-09T11:28:50.578591-07:00","Action":"output","Package":"github.com/ddworken/hishtory/client","Test":"TestParam/testCustomColumns/zsh","Output":"          \t\"                                                                \",\n"}
{"Time":"2023-09-09T11:28:50.578592-07:00","Action":"output","Package":"github.com/ddworken/hishtory/client","Test":"TestParam/testCustomColumns/zsh","Output":"          \t\"                                                         │\\n\\xe2\",\n"}
{"Time":"2023-09-09T11:28:50.578594-07:00","Action":"output","Package":"github.com/ddworken/hishtory/client","Test":"TestParam/testCustomColumns/zsh","Output":"        + \t\"\\x94\",\n"}
{"Time":"2023-09-09T11:28:50.578598-07:00","Action":"output","Package":"github.com/ddworken/hishtory/client","Test":"TestParam/testCustomColumns/zsh","Output":"          \t\"\\x94\",\n"}
{"Time":"2023-09-09T11:28:50.578599-07:00","Action":"output","Package":"github.com/ddworken/hishtory/client","Test":"TestParam/testCustomColumns/zsh","Output":"        + \t\"\\xe2\",\n"}
{"Time":"2023-09-09T11:28:50.578601-07:00","Action":"output","Package":"github.com/ddworken/hishtory/client","Test":"TestParam/testCustomColumns/zsh","Output":"          \t\"\\x94\",\n"}
{"Time":"2023-09-09T11:28:50.578602-07:00","Action":"output","Package":"github.com/ddworken/hishtory/client","Test":"TestParam/testCustomColumns/zsh","Output":"        + \t\"\\x80\",\n"}
{"Time":"2023-09-09T11:28:50.578604-07:00","Action":"output","Package":"github.com/ddworken/hishtory/client","Test":"TestParam/testCustomColumns/zsh","Output":"          \t\"─────────────────────\\xe2\",\n"}
{"Time":"2023-09-09T11:28:50.578625-07:00","Action":"output","Package":"github.com/ddworken/hishtory/client","Test":"TestParam/testCustomColumns/zsh","Output":"          \t\"\\x94\\x80────────────────────\\xe2\\x94\",\n"}
{"Time":"2023-09-09T11:28:50.578632-07:00","Action":"output","Package":"github.com/ddworken/hishtory/client","Test":"TestParam/testCustomColumns/zsh","Output":"          \t... // 483 identical bytes\n"}
{"Time":"2023-09-09T11:28:50.578634-07:00","Action":"output","Package":"github.com/ddworken/hishtory/client","Test":"TestParam/testCustomColumns/zsh","Output":"          }, \"\")\n"}
{"Time":"2023-09-09T11:28:50.578635-07:00","Action":"output","Package":"github.com/ddworken/hishtory/client","Test":"TestParam/testCustomColumns/zsh","Output":"        \n"}
{"Time":"2023-09-09T11:28:50.578637-07:00","Action":"output","Package":"github.com/ddworken/hishtory/client","Test":"TestParam/testCustomColumns/zsh","Output":"        actual=\n"}
{"Time":"2023-09-09T11:28:50.578643-07:00","Action":"output","Package":"github.com/ddworken/hishtory/client","Test":"TestParam/testCustomColumns/zsh","Output":"        david@Davids-MacBook-Air hishtory % hishtory tquery -pipefail\n"}
{"Time":"2023-09-09T11:28:50.578645-07:00","Action":"output","Package":"github.com/ddworken/hishtory/client","Test":"TestParam/testCustomColumns/zsh","Output":"        \n"}
{"Time":"2023-09-09T11:28:50.578646-07:00","Action":"output","Package":"github.com/ddworken/hishtory/client","Test":"TestParam/testCustomColumns/zsh","Output":"        \n"}
{"Time":"2023-09-09T11:28:50.578647-07:00","Action":"output","Package":"github.com/ddworken/hishtory/client","Test":"TestParam/testCustomColumns/zsh","Output":"        \n"}
{"Time":"2023-09-09T11:28:50.578649-07:00","Action":"output","Package":"github.com/ddworken/hishtory/client","Test":"TestParam/testCustomColumns/zsh","Output":"        Search Query: \u003e -pipefail\n"}
{"Time":"2023-09-09T11:28:50.57865-07:00","Action":"output","Package":"github.com/ddworken/hishtory/client","Test":"TestParam/testCustomColumns/zsh","Output":"        \n"}
{"Time":"2023-09-09T11:28:50.578652-07:00","Action":"output","Package":"github.com/ddworken/hishtory/client","Test":"TestParam/testCustomColumns/zsh","Output":"        ┌──────────────────────────────────────────────────────────────────────────────────────────────────────────────────────────────────────────────────────────────────────────────────────────┐\n"}
{"Time":"2023-09-09T11:28:50.578659-07:00","Action":"output","Package":"github.com/ddworken/hishtory/client","Test":"TestParam/testCustomColumns/zsh","Output":"        │ Exit Code  git_remote                            Command                                                                                                                                 │\n"}
{"Time":"2023-09-09T11:28:50.578664-07:00","Action":"output","Package":"github.com/ddworken/hishtory/client","Test":"TestParam/testCustomColumns/zsh","Output":"        │──────────────────────────────────────────────────────────────────────────────────────────────────────────────────────────────────────────────────────────────────────────────────────────│\n"}
{"Time":"2023-09-09T11:28:50.578666-07:00","Action":"output","Package":"github.com/ddworken/hishtory/client","Test":"TestParam/testCustomColumns/zsh","Output":"        │ 0          git@github.com:ddworken/hishtory.git  hishtory config-set displayed-columns 'Exit Code' git_remote Command                                                                    │\n"}
{"Time":"2023-09-09T11:28:50.578671-07:00","Action":"output","Package":"github.com/ddworken/hishtory/client","Test":"TestParam/testCustomColumns/zsh","Output":"        │ 0                                                echo bar                                                                                                                                │\n"}
{"Time":"2023-09-09T11:28:50.578672-07:00","Action":"output","Package":"github.com/ddworken/hishtory/client","Test":"TestParam/testCustomColumns/zsh","Output":"        │ 0                                                cd /                                                                                                                                    │\n"}
{"Time":"2023-09-09T11:28:50.578674-07:00","Action":"output","Package":"github.com/ddworken/hishtory/client","Test":"TestParam/testCustomColumns/zsh","Output":"        │ 0          git@github.com:ddworken/hishtory.git  echo foo                                                                                                                                │\n"}
{"Time":"2023-09-09T11:28:50.578675-07:00","Action":"output","Package":"github.com/ddworken/hishtory/client","Test":"TestParam/testCustomColumns/zsh","Output":"        │ 0          git@github.com:ddworken/hishtory.git  hishtory config-add custom-columns git_remote '(git remote -v 2\u003e/dev/null | grep origin 1\u003e/dev/null ) \u0026\u0026 git remote get-url origin || … │\n"}
{"Time":"2023-09-09T11:28:50.578682-07:00","Action":"output","Package":"github.com/ddworken/hishtory/client","Test":"TestParam/testCustomColumns/zsh","Output":"        │ 0                                                echo baz                                                                                                                                │\n"}
{"Time":"2023-09-09T11:28:50.578683-07:00","Action":"output","Package":"github.com/ddworken/hishtory/client","Test":"TestParam/testCustomColumns/zsh","Output":"        │ 0                                                cd /                                                                                                                                    │\n"}
{"Time":"2023-09-09T11:28:50.578685-07:00","Action":"output","Package":"github.com/ddworken/hishtory/client","Test":"TestParam/testCustomColumns/zsh","Output":"        │ 0                                                echo $FOOBAR world                                                                                                                      │\n"}
{"Time":"2023-09-09T11:28:50.578686-07:00","Action":"output","Package":"github.com/ddworken/hishtory/client","Test":"TestParam/testCustomColumns/zsh","Output":"        │ 0                                                export FOOBAR='hello'                                                                                                                   │\n"}
{"Time":"2023-09-09T11:28:50.578688-07:00","Action":"output","Package":"github.com/ddworken/hishtory/client","Test":"TestParam/testCustomColumns/zsh","Output":"        │                                                                                                                                                                                          │\n"}
{"Time":"2023-09-09T11:28:50.578689-07:00","Action":"output","Package":"github.com/ddworken/hishtory/client","Test":"TestParam/testCustomColumns/zsh","Output":"        │                                                                                                                                                                                          │\n"}
{"Time":"2023-09-09T11:28:50.578691-07:00","Action":"output","Package":"github.com/ddworken/hishtory/client","Test":"TestParam/testCustomColumns/zsh","Output":"        │                                                                                                                                                                                          │\n"}
{"Time":"2023-09-09T11:28:50.578696-07:00","Action":"output","Package":"github.com/ddworken/hishtory/client","Test":"TestParam/testCustomColumns/zsh","Output":"        │                                                                                                                                                                                          │\n"}
{"Time":"2023-09-09T11:28:50.578697-07:00","Action":"output","Package":"github.com/ddworken/hishtory/client","Test":"TestParam/testCustomColumns/zsh","Output":"        │                                                                                                                                                                                          │\n"}
{"Time":"2023-09-09T11:28:50.578699-07:00","Action":"output","Package":"github.com/ddworken/hishtory/client","Test":"TestParam/testCustomColumns/zsh","Output":"        │                                                                                                                                                                                          │\n"}
{"Time":"2023-09-09T11:28:50.578701-07:00","Action":"output","Package":"github.com/ddworken/hishtory/client","Test":"TestParam/testCustomColumns/zsh","Output":"        │                                                                                                                                                                                          │\n"}
{"Time":"2023-09-09T11:28:50.578702-07:00","Action":"output","Package":"github.com/ddworken/hishtory/client","Test":"TestParam/testCustomColumns/zsh","Output":"        │                                                                                                                                                                                          │\n"}
{"Time":"2023-09-09T11:28:50.578704-07:00","Action":"output","Package":"github.com/ddworken/hishtory/client","Test":"TestParam/testCustomColumns/zsh","Output":"        │                                                                                                                                                                                          │\n"}
{"Time":"2023-09-09T11:28:50.578706-07:00","Action":"output","Package":"github.com/ddworken/hishtory/client","Test":"TestParam/testCustomColumns/zsh","Output":"        │                                                                                                                                                                                          │\n"}
{"Time":"2023-09-09T11:28:50.578712-07:00","Action":"output","Package":"github.com/ddworken/hishtory/client","Test":"TestParam/testCustomColumns/zsh","Output":"        │                                                                                                                                                                                          │\n"}
{"Time":"2023-09-09T11:28:50.578716-07:00","Action":"output","Package":"github.com/ddworken/hishtory/client","Test":"TestParam/testCustomColumns/zsh","Output":"        └──────────────────────────────────────────────────────────────────────────────────────────────────────────────────────────────────────────────────────────────────────────────────────────┘\n"}
{"Time":"2023-09-09T11:28:50.578718-07:00","Action":"output","Package":"github.com/ddworken/hishtory/client","Test":"TestParam/testCustomColumns/zsh","Output":"        hiSHtory: Search your shell history  • ctrl+h help\n"}
{"Time":"2023-09-09T11:28:50.58764-07:00","Action":"output","Package":"github.com/ddworken/hishtory/client","Test":"TestParam","Output":"--- FAIL: TestParam (7.07s)\n"}
{"Time":"2023-09-09T11:28:50.587669-07:00","Action":"output","Package":"github.com/ddworken/hishtory/client","Test":"TestParam/testCustomColumns/zsh","Output":"    --- FAIL: TestParam/testCustomColumns/zsh (7.07s)\n"}
{"Time":"2023-09-09T11:28:50.587673-07:00","Action":"fail","Package":"github.com/ddworken/hishtory/client","Test":"TestParam/testCustomColumns/zsh","Elapsed":7.07}
{"Time":"2023-09-09T11:28:50.58768-07:00","Action":"fail","Package":"github.com/ddworken/hishtory/client","Test":"TestParam","Elapsed":7.07}
{"Time":"2023-09-09T11:28:50.587681-07:00","Action":"output","Package":"github.com/ddworken/hishtory/client","Output":"FAIL\n"}
{"Time":"2023-09-09T11:28:50.588565-07:00","Action":"output","Package":"github.com/ddworken/hishtory/client","Output":"FAIL\tgithub.com/ddworken/hishtory/client\t15.500s\n"}
{"Time":"2023-09-09T11:28:50.588575-07:00","Action":"fail","Package":"github.com/ddworken/hishtory/client","Elapsed":15.5}
{"Time":"2023-09-09T11:29:00.910836-07:00","Action":"run","Package":"github.com/ddworken/hishtory/client","Test":"TestParam"}
{"Time":"2023-09-09T11:29:00.910991-07:00","Action":"output","Package":"github.com/ddworken/hishtory/client","Test":"TestParam","Output":"=== RUN   TestParam\n"}
{"Time":"2023-09-09T11:29:00.91135-07:00","Action":"run","Package":"github.com/ddworken/hishtory/client","Test":"TestParam/testCustomColumns/zsh"}
{"Time":"2023-09-09T11:29:00.911364-07:00","Action":"output","Package":"github.com/ddworken/hishtory/client","Test":"TestParam/testCustomColumns/zsh","Output":"=== RUN   TestParam/testCustomColumns/zsh\n"}
{"Time":"2023-09-09T11:29:07.920889-07:00","Action":"output","Package":"github.com/ddworken/hishtory/client","Test":"TestParam/testCustomColumns/zsh","Output":"    testutils.go:366: hishtory golden mismatch for testCustomColumns-tquery-zsh at /Users/david/code/hishtory/client/client_test.go:2337 (-expected +got):\n"}
{"Time":"2023-09-09T11:29:07.920916-07:00","Action":"output","Package":"github.com/ddworken/hishtory/client","Test":"TestParam/testCustomColumns/zsh","Output":"          strings.Join({\n"}
{"Time":"2023-09-09T11:29:07.920928-07:00","Action":"output","Package":"github.com/ddworken/hishtory/client","Test":"TestParam/testCustomColumns/zsh","Output":"          \t... // 524 identical bytes\n"}
{"Time":"2023-09-09T11:29:07.92093-07:00","Action":"output","Package":"github.com/ddworken/hishtory/client","Test":"TestParam/testCustomColumns/zsh","Output":"          \t\"─────────────────────\\xe2\",\n"}
{"Time":"2023-09-09T11:29:07.920932-07:00","Action":"output","Package":"github.com/ddworken/hishtory/client","Test":"TestParam/testCustomColumns/zsh","Output":"          \t\"\\x94\\x80────────────────────\\xe2\\x94\",\n"}
{"Time":"2023-09-09T11:29:07.920948-07:00","Action":"output","Package":"github.com/ddworken/hishtory/client","Test":"TestParam/testCustomColumns/zsh","Output":"        + \t\"\\x80\\xe2\\x94\",\n"}
{"Time":"2023-09-09T11:29:07.92095-07:00","Action":"output","Package":"github.com/ddworken/hishtory/client","Test":"TestParam/testCustomColumns/zsh","Output":"          \t\"\\x90\\n│ Exit Code  git_remote                            Command  \",\n"}
{"Time":"2023-09-09T11:29:07.920952-07:00","Action":"output","Package":"github.com/ddworken/hishtory/client","Test":"TestParam/testCustomColumns/zsh","Output":"          \t\"                                                                \",\n"}
{"Time":"2023-09-09T11:29:07.920953-07:00","Action":"output","Package":"github.com/ddworken/hishtory/client","Test":"TestParam/testCustomColumns/zsh","Output":"          \t\"                                                              \",\n"}
{"Time":"2023-09-09T11:29:07.920956-07:00","Action":"output","Package":"github.com/ddworken/hishtory/client","Test":"TestParam/testCustomColumns/zsh","Output":"        + \t\" \",\n"}
{"Time":"2023-09-09T11:29:07.920958-07:00","Action":"output","Package":"github.com/ddworken/hishtory/client","Test":"TestParam/testCustomColumns/zsh","Output":"          \t\"│\\n│───────────────────\",\n"}
{"Time":"2023-09-09T11:29:07.92096-07:00","Action":"output","Package":"github.com/ddworken/hishtory/client","Test":"TestParam/testCustomColumns/zsh","Output":"          \t\"─────────────────────\\xe2\",\n"}
{"Time":"2023-09-09T11:29:07.920961-07:00","Action":"output","Package":"github.com/ddworken/hishtory/client","Test":"TestParam/testCustomColumns/zsh","Output":"          \t... // 308 identical bytes\n"}
{"Time":"2023-09-09T11:29:07.920964-07:00","Action":"output","Package":"github.com/ddworken/hishtory/client","Test":"TestParam/testCustomColumns/zsh","Output":"          \t\"─────────────────────\\xe2\",\n"}
{"Time":"2023-09-09T11:29:07.920965-07:00","Action":"output","Package":"github.com/ddworken/hishtory/client","Test":"TestParam/testCustomColumns/zsh","Output":"          \t\"\\x94\\x80────────────────────\\xe2\\x94\",\n"}
{"Time":"2023-09-09T11:29:07.920967-07:00","Action":"output","Package":"github.com/ddworken/hishtory/client","Test":"TestParam/testCustomColumns/zsh","Output":"        + \t\"\\x80\\xe2\\x94\",\n"}
{"Time":"2023-09-09T11:29:07.920968-07:00","Action":"output","Package":"github.com/ddworken/hishtory/client","Test":"TestParam/testCustomColumns/zsh","Output":"          \t\"\\x82\\n│ 0          git@github.com:ddworken/hishtory.git  hishtory \",\n"}
{"Time":"2023-09-09T11:29:07.92097-07:00","Action":"output","Package":"github.com/ddworken/hishtory/client","Test":"TestParam/testCustomColumns/zsh","Output":"          \t\"config-set displayed-columns 'Exit Code' git_remote Command     \",\n"}
{"Time":"2023-09-09T11:29:07.920971-07:00","Action":"output","Package":"github.com/ddworken/hishtory/client","Test":"TestParam/testCustomColumns/zsh","Output":"          \t\"                                                              \",\n"}
{"Time":"2023-09-09T11:29:07.920973-07:00","Action":"output","Package":"github.com/ddworken/hishtory/client","Test":"TestParam/testCustomColumns/zsh","Output":"        + \t\" \",\n"}
{"Time":"2023-09-09T11:29:07.920974-07:00","Action":"output","Package":"github.com/ddworken/hishtory/client","Test":"TestParam/testCustomColumns/zsh","Output":"          \t\"│\\n│ 0                                                echo ba\",\n"}
{"Time":"2023-09-09T11:29:07.920976-07:00","Action":"output","Package":"github.com/ddworken/hishtory/client","Test":"TestParam/testCustomColumns/zsh","Output":"          \t\"r                                                               \",\n"}
{"Time":"2023-09-09T11:29:07.920989-07:00","Action":"output","Package":"github.com/ddworken/hishtory/client","Test":"TestParam/testCustomColumns/zsh","Output":"          \t\"                                                                \",\n"}
{"Time":"2023-09-09T11:29:07.920991-07:00","Action":"output","Package":"github.com/ddworken/hishtory/client","Test":"TestParam/testCustomColumns/zsh","Output":"        + \t\" \",\n"}
{"Time":"2023-09-09T11:29:07.920992-07:00","Action":"output","Package":"github.com/ddworken/hishtory/client","Test":"TestParam/testCustomColumns/zsh","Output":"          \t\"│\\n│ 0                                                cd /   \",\n"}
{"Time":"2023-09-09T11:29:07.920994-07:00","Action":"output","Package":"github.com/ddworken/hishtory/client","Test":"TestParam/testCustomColumns/zsh","Output":"          \t\"                                                                \",\n"}
{"Time":"2023-09-09T11:29:07.920999-07:00","Action":"output","Package":"github.com/ddworken/hishtory/client","Test":"TestParam/testCustomColumns/zsh","Output":"          \t\"                                                                \",\n"}
{"Time":"2023-09-09T11:29:07.921001-07:00","Action":"output","Package":"github.com/ddworken/hishtory/client","Test":"TestParam/testCustomColumns/zsh","Output":"        + \t\" \",\n"}
{"Time":"2023-09-09T11:29:07.921002-07:00","Action":"output","Package":"github.com/ddworken/hishtory/client","Test":"TestParam/testCustomColumns/zsh","Output":"          \t\"│\\n│ 0          git@github.com:ddworken/hishtory.git  echo fo\",\n"}
{"Time":"2023-09-09T11:29:07.921004-07:00","Action":"output","Package":"github.com/ddworken/hishtory/client","Test":"TestParam/testCustomColumns/zsh","Output":"          \t\"o                                                               \",\n"}
{"Time":"2023-09-09T11:29:07.921005-07:00","Action":"output","Package":"github.com/ddworken/hishtory/client","Test":"TestParam/testCustomColumns/zsh","Output":"          \t\"                                                                \",\n"}
{"Time":"2023-09-09T11:29:07.921011-07:00","Action":"output","Package":"github.com/ddworken/hishtory/client","Test":"TestParam/testCustomColumns/zsh","Output":"        + \t\" \",\n"}
{"Time":"2023-09-09T11:29:07.921013-07:00","Action":"output","Package":"github.com/ddworken/hishtory/client","Test":"TestParam/testCustomColumns/zsh","Output":"          \t\"│\\n│ 0          git@github.com:ddworken/hishtory.git  hishtor\",\n"}
{"Time":"2023-09-09T11:29:07.921015-07:00","Action":"output","Package":"github.com/ddworken/hishtory/client","Test":"TestParam/testCustomColumns/zsh","Output":"          \t\"y config-add custom-columns git_remote '(git remote -v 2\u003e/dev/nu\",\n"}
{"Time":"2023-09-09T11:29:07.92102-07:00","Action":"output","Package":"github.com/ddworken/hishtory/client","Test":"TestParam/testCustomColumns/zsh","Output":"          \t... // 131 identical bytes\n"}
{"Time":"2023-09-09T11:29:07.921024-07:00","Action":"output","Package":"github.com/ddworken/hishtory/client","Test":"TestParam/testCustomColumns/zsh","Output":"          \t\"z                                                               \",\n"}
{"Time":"2023-09-09T11:29:07.921025-07:00","Action":"output","Package":"github.com/ddworken/hishtory/client","Test":"TestParam/testCustomColumns/zsh","Output":"          \t\"                                                                \",\n"}
{"Time":"2023-09-09T11:29:07.921027-07:00","Action":"output","Package":"github.com/ddworken/hishtory/client","Test":"TestParam/testCustomColumns/zsh","Output":"        + \t\" \",\n"}
{"Time":"2023-09-09T11:29:07.921028-07:00","Action":"output","Package":"github.com/ddworken/hishtory/client","Test":"TestParam/testCustomColumns/zsh","Output":"          \t\"│\\n│ 0                                                cd /   \",\n"}
{"Time":"2023-09-09T11:29:07.92103-07:00","Action":"output","Package":"github.com/ddworken/hishtory/client","Test":"TestParam/testCustomColumns/zsh","Output":"          \t\"                                                                \",\n"}
{"Time":"2023-09-09T11:29:07.921032-07:00","Action":"output","Package":"github.com/ddworken/hishtory/client","Test":"TestParam/testCustomColumns/zsh","Output":"          \t\"                                                                \",\n"}
{"Time":"2023-09-09T11:29:07.921034-07:00","Action":"output","Package":"github.com/ddworken/hishtory/client","Test":"TestParam/testCustomColumns/zsh","Output":"        + \t\" \",\n"}
{"Time":"2023-09-09T11:29:07.921035-07:00","Action":"output","Package":"github.com/ddworken/hishtory/client","Test":"TestParam/testCustomColumns/zsh","Output":"          \t\"│\\n│ 0                                                echo $F\",\n"}
{"Time":"2023-09-09T11:29:07.921037-07:00","Action":"output","Package":"github.com/ddworken/hishtory/client","Test":"TestParam/testCustomColumns/zsh","Output":"          \t\"OOBAR world                                                     \",\n"}
{"Time":"2023-09-09T11:29:07.921038-07:00","Action":"output","Package":"github.com/ddworken/hishtory/client","Test":"TestParam/testCustomColumns/zsh","Output":"          \t\"                                                                \",\n"}
{"Time":"2023-09-09T11:29:07.921042-07:00","Action":"output","Package":"github.com/ddworken/hishtory/client","Test":"TestParam/testCustomColumns/zsh","Output":"        + \t\" \",\n"}
{"Time":"2023-09-09T11:29:07.921044-07:00","Action":"output","Package":"github.com/ddworken/hishtory/client","Test":"TestParam/testCustomColumns/zsh","Output":"          \t\"│\\n│ 0                                                export \",\n"}
{"Time":"2023-09-09T11:29:07.921045-07:00","Action":"output","Package":"github.com/ddworken/hishtory/client","Test":"TestParam/testCustomColumns/zsh","Output":"          \t\"FOOBAR='hello'                                                  \",\n"}
{"Time":"2023-09-09T11:29:07.921047-07:00","Action":"output","Package":"github.com/ddworken/hishtory/client","Test":"TestParam/testCustomColumns/zsh","Output":"          \t\"                                                                \",\n"}
{"Time":"2023-09-09T11:29:07.921064-07:00","Action":"output","Package":"github.com/ddworken/hishtory/client","Test":"TestParam/testCustomColumns/zsh","Output":"        + \t\" \",\n"}
{"Time":"2023-09-09T11:29:07.921065-07:00","Action":"output","Package":"github.com/ddworken/hishtory/client","Test":"TestParam/testCustomColumns/zsh","Output":"          \t\"│\\n│\",\n"}
{"Time":"2023-09-09T11:29:07.921067-07:00","Action":"output","Package":"github.com/ddworken/hishtory/client","Test":"TestParam/testCustomColumns/zsh","Output":"        + \t\" \",\n"}
{"Time":"2023-09-09T11:29:07.921069-07:00","Action":"output","Package":"github.com/ddworken/hishtory/client","Test":"TestParam/testCustomColumns/zsh","Output":"          \t\"                                                                \",\n"}
{"Time":"2023-09-09T11:29:07.92107-07:00","Action":"output","Package":"github.com/ddworken/hishtory/client","Test":"TestParam/testCustomColumns/zsh","Output":"          \t\"                                                                \",\n"}
{"Time":"2023-09-09T11:29:07.921072-07:00","Action":"output","Package":"github.com/ddworken/hishtory/client","Test":"TestParam/testCustomColumns/zsh","Output":"          \t\"                                                         │\\n│\",\n"}
{"Time":"2023-09-09T11:29:07.921074-07:00","Action":"output","Package":"github.com/ddworken/hishtory/client","Test":"TestParam/testCustomColumns/zsh","Output":"        + \t\" \",\n"}
{"Time":"2023-09-09T11:29:07.921075-07:00","Action":"output","Package":"github.com/ddworken/hishtory/client","Test":"TestParam/testCustomColumns/zsh","Output":"          \t\"                                                                \",\n"}
{"Time":"2023-09-09T11:29:07.921077-07:00","Action":"output","Package":"github.com/ddworken/hishtory/client","Test":"TestParam/testCustomColumns/zsh","Output":"          \t\"                                                                \",\n"}
{"Time":"2023-09-09T11:29:07.921079-07:00","Action":"output","Package":"github.com/ddworken/hishtory/client","Test":"TestParam/testCustomColumns/zsh","Output":"          \t\"                                                         │\\n│\",\n"}
{"Time":"2023-09-09T11:29:07.92108-07:00","Action":"output","Package":"github.com/ddworken/hishtory/client","Test":"TestParam/testCustomColumns/zsh","Output":"        + \t\" \",\n"}
{"Time":"2023-09-09T11:29:07.921082-07:00","Action":"output","Package":"github.com/ddworken/hishtory/client","Test":"TestParam/testCustomColumns/zsh","Output":"          \t\"                                                                \",\n"}
{"Time":"2023-09-09T11:29:07.921084-07:00","Action":"output","Package":"github.com/ddworken/hishtory/client","Test":"TestParam/testCustomColumns/zsh","Output":"          \t\"                                                                \",\n"}
{"Time":"2023-09-09T11:29:07.921085-07:00","Action":"output","Package":"github.com/ddworken/hishtory/client","Test":"TestParam/testCustomColumns/zsh","Output":"          \t\"                                                         │\\n│\",\n"}
{"Time":"2023-09-09T11:29:07.921087-07:00","Action":"output","Package":"github.com/ddworken/hishtory/client","Test":"TestParam/testCustomColumns/zsh","Output":"        + \t\" \",\n"}
{"Time":"2023-09-09T11:29:07.921089-07:00","Action":"output","Package":"github.com/ddworken/hishtory/client","Test":"TestParam/testCustomColumns/zsh","Output":"          \t\"                                                                \",\n"}
{"Time":"2023-09-09T11:29:07.921091-07:00","Action":"output","Package":"github.com/ddworken/hishtory/client","Test":"TestParam/testCustomColumns/zsh","Output":"          \t\"                                                                \",\n"}
{"Time":"2023-09-09T11:29:07.921093-07:00","Action":"output","Package":"github.com/ddworken/hishtory/client","Test":"TestParam/testCustomColumns/zsh","Output":"          \t\"                                                         │\\n│\",\n"}
{"Time":"2023-09-09T11:29:07.921095-07:00","Action":"output","Package":"github.com/ddworken/hishtory/client","Test":"TestParam/testCustomColumns/zsh","Output":"        + \t\" \",\n"}
{"Time":"2023-09-09T11:29:07.921097-07:00","Action":"output","Package":"github.com/ddworken/hishtory/client","Test":"TestParam/testCustomColumns/zsh","Output":"          \t\"                                                                \",\n"}
{"Time":"2023-09-09T11:29:07.921099-07:00","Action":"output","Package":"github.com/ddworken/hishtory/client","Test":"TestParam/testCustomColumns/zsh","Output":"          \t\"                                                                \",\n"}
{"Time":"2023-09-09T11:29:07.921101-07:00","Action":"output","Package":"github.com/ddworken/hishtory/client","Test":"TestParam/testCustomColumns/zsh","Output":"          \t\"                                                         │\\n│\",\n"}
{"Time":"2023-09-09T11:29:07.921108-07:00","Action":"output","Package":"github.com/ddworken/hishtory/client","Test":"TestParam/testCustomColumns/zsh","Output":"        + \t\" \",\n"}
{"Time":"2023-09-09T11:29:07.92111-07:00","Action":"output","Package":"github.com/ddworken/hishtory/client","Test":"TestParam/testCustomColumns/zsh","Output":"          \t\"                                                                \",\n"}
{"Time":"2023-09-09T11:29:07.921112-07:00","Action":"output","Package":"github.com/ddworken/hishtory/client","Test":"TestParam/testCustomColumns/zsh","Output":"          \t\"                                                                \",\n"}
{"Time":"2023-09-09T11:29:07.921114-07:00","Action":"output","Package":"github.com/ddworken/hishtory/client","Test":"TestParam/testCustomColumns/zsh","Output":"          \t\"                                                         │\\n│\",\n"}
{"Time":"2023-09-09T11:29:07.921115-07:00","Action":"output","Package":"github.com/ddworken/hishtory/client","Test":"TestParam/testCustomColumns/zsh","Output":"        + \t\" \",\n"}
{"Time":"2023-09-09T11:29:07.921144-07:00","Action":"output","Package":"github.com/ddworken/hishtory/client","Test":"TestParam/testCustomColumns/zsh","Output":"          \t\"                                                                \",\n"}
{"Time":"2023-09-09T11:29:07.921146-07:00","Action":"output","Package":"github.com/ddworken/hishtory/client","Test":"TestParam/testCustomColumns/zsh","Output":"          \t\"                                                                \",\n"}
{"Time":"2023-09-09T11:29:07.921147-07:00","Action":"output","Package":"github.com/ddworken/hishtory/client","Test":"TestParam/testCustomColumns/zsh","Output":"          \t\"                                                         │\\n│\",\n"}
{"Time":"2023-09-09T11:29:07.921151-07:00","Action":"output","Package":"github.com/ddworken/hishtory/client","Test":"TestParam/testCustomColumns/zsh","Output":"        + \t\" \",\n"}
{"Time":"2023-09-09T11:29:07.921153-07:00","Action":"output","Package":"github.com/ddworken/hishtory/client","Test":"TestParam/testCustomColumns/zsh","Output":"          \t\"                                                                \",\n"}
{"Time":"2023-09-09T11:29:07.921154-07:00","Action":"output","Package":"github.com/ddworken/hishtory/client","Test":"TestParam/testCustomColumns/zsh","Output":"          \t\"                                                                \",\n"}
{"Time":"2023-09-09T11:29:07.921156-07:00","Action":"output","Package":"github.com/ddworken/hishtory/client","Test":"TestParam/testCustomColumns/zsh","Output":"          \t\"                                                         │\\n│\",\n"}
{"Time":"2023-09-09T11:29:07.921157-07:00","Action":"output","Package":"github.com/ddworken/hishtory/client","Test":"TestParam/testCustomColumns/zsh","Output":"        + \t\" \",\n"}
{"Time":"2023-09-09T11:29:07.921159-07:00","Action":"output","Package":"github.com/ddworken/hishtory/client","Test":"TestParam/testCustomColumns/zsh","Output":"          \t\"                                                                \",\n"}
{"Time":"2023-09-09T11:29:07.92116-07:00","Action":"output","Package":"github.com/ddworken/hishtory/client","Test":"TestParam/testCustomColumns/zsh","Output":"          \t\"                                                                \",\n"}
{"Time":"2023-09-09T11:29:07.921162-07:00","Action":"output","Package":"github.com/ddworken/hishtory/client","Test":"TestParam/testCustomColumns/zsh","Output":"          \t\"                                                         │\\n│\",\n"}
{"Time":"2023-09-09T11:29:07.921163-07:00","Action":"output","Package":"github.com/ddworken/hishtory/client","Test":"TestParam/testCustomColumns/zsh","Output":"        + \t\" \",\n"}
{"Time":"2023-09-09T11:29:07.921165-07:00","Action":"output","Package":"github.com/ddworken/hishtory/client","Test":"TestParam/testCustomColumns/zsh","Output":"          \t\"                                                                \",\n"}
{"Time":"2023-09-09T11:29:07.921167-07:00","Action":"output","Package":"github.com/ddworken/hishtory/client","Test":"TestParam/testCustomColumns/zsh","Output":"          \t\"                                                                \",\n"}
{"Time":"2023-09-09T11:29:07.921168-07:00","Action":"output","Package":"github.com/ddworken/hishtory/client","Test":"TestParam/testCustomColumns/zsh","Output":"          \t\"                                                         │\\n│\",\n"}
{"Time":"2023-09-09T11:29:07.92117-07:00","Action":"output","Package":"github.com/ddworken/hishtory/client","Test":"TestParam/testCustomColumns/zsh","Output":"        + \t\" \",\n"}
{"Time":"2023-09-09T11:29:07.921171-07:00","Action":"output","Package":"github.com/ddworken/hishtory/client","Test":"TestParam/testCustomColumns/zsh","Output":"          \t\"                                                                \",\n"}
{"Time":"2023-09-09T11:29:07.921173-07:00","Action":"output","Package":"github.com/ddworken/hishtory/client","Test":"TestParam/testCustomColumns/zsh","Output":"          \t\"                                                                \",\n"}
{"Time":"2023-09-09T11:29:07.921174-07:00","Action":"output","Package":"github.com/ddworken/hishtory/client","Test":"TestParam/testCustomColumns/zsh","Output":"          \t\"                                                         │\\n\\xe2\",\n"}
{"Time":"2023-09-09T11:29:07.921176-07:00","Action":"output","Package":"github.com/ddworken/hishtory/client","Test":"TestParam/testCustomColumns/zsh","Output":"        + \t\"\\x94\",\n"}
{"Time":"2023-09-09T11:29:07.921177-07:00","Action":"output","Package":"github.com/ddworken/hishtory/client","Test":"TestParam/testCustomColumns/zsh","Output":"          \t\"\\x94\",\n"}
{"Time":"2023-09-09T11:29:07.921179-07:00","Action":"output","Package":"github.com/ddworken/hishtory/client","Test":"TestParam/testCustomColumns/zsh","Output":"        + \t\"\\xe2\",\n"}
{"Time":"2023-09-09T11:29:07.92118-07:00","Action":"output","Package":"github.com/ddworken/hishtory/client","Test":"TestParam/testCustomColumns/zsh","Output":"          \t\"\\x94\",\n"}
{"Time":"2023-09-09T11:29:07.921181-07:00","Action":"output","Package":"github.com/ddworken/hishtory/client","Test":"TestParam/testCustomColumns/zsh","Output":"        + \t\"\\x80\",\n"}
{"Time":"2023-09-09T11:29:07.921183-07:00","Action":"output","Package":"github.com/ddworken/hishtory/client","Test":"TestParam/testCustomColumns/zsh","Output":"          \t\"─────────────────────\\xe2\",\n"}
{"Time":"2023-09-09T11:29:07.921184-07:00","Action":"output","Package":"github.com/ddworken/hishtory/client","Test":"TestParam/testCustomColumns/zsh","Output":"          \t\"\\x94\\x80────────────────────\\xe2\\x94\",\n"}
{"Time":"2023-09-09T11:29:07.921186-07:00","Action":"output","Package":"github.com/ddworken/hishtory/client","Test":"TestParam/testCustomColumns/zsh","Output":"          \t... // 483 identical bytes\n"}
{"Time":"2023-09-09T11:29:07.921187-07:00","Action":"output","Package":"github.com/ddworken/hishtory/client","Test":"TestParam/testCustomColumns/zsh","Output":"          }, \"\")\n"}
{"Time":"2023-09-09T11:29:07.921189-07:00","Action":"output","Package":"github.com/ddworken/hishtory/client","Test":"TestParam/testCustomColumns/zsh","Output":"        \n"}
{"Time":"2023-09-09T11:29:07.92119-07:00","Action":"output","Package":"github.com/ddworken/hishtory/client","Test":"TestParam/testCustomColumns/zsh","Output":"        actual=\n"}
{"Time":"2023-09-09T11:29:07.921192-07:00","Action":"output","Package":"github.com/ddworken/hishtory/client","Test":"TestParam/testCustomColumns/zsh","Output":"        david@Davids-MacBook-Air hishtory % hishtory tquery -pipefail\n"}
{"Time":"2023-09-09T11:29:07.921197-07:00","Action":"output","Package":"github.com/ddworken/hishtory/client","Test":"TestParam/testCustomColumns/zsh","Output":"        \n"}
{"Time":"2023-09-09T11:29:07.921203-07:00","Action":"output","Package":"github.com/ddworken/hishtory/client","Test":"TestParam/testCustomColumns/zsh","Output":"        \n"}
{"Time":"2023-09-09T11:29:07.921205-07:00","Action":"output","Package":"github.com/ddworken/hishtory/client","Test":"TestParam/testCustomColumns/zsh","Output":"        \n"}
{"Time":"2023-09-09T11:29:07.921206-07:00","Action":"output","Package":"github.com/ddworken/hishtory/client","Test":"TestParam/testCustomColumns/zsh","Output":"        Search Query: \u003e -pipefail\n"}
{"Time":"2023-09-09T11:29:07.921214-07:00","Action":"output","Package":"github.com/ddworken/hishtory/client","Test":"TestParam/testCustomColumns/zsh","Output":"        \n"}
{"Time":"2023-09-09T11:29:07.921216-07:00","Action":"output","Package":"github.com/ddworken/hishtory/client","Test":"TestParam/testCustomColumns/zsh","Output":"        ┌──────────────────────────────────────────────────────────────────────────────────────────────────────────────────────────────────────────────────────────────────────────────────────────┐\n"}
{"Time":"2023-09-09T11:29:07.921222-07:00","Action":"output","Package":"github.com/ddworken/hishtory/client","Test":"TestParam/testCustomColumns/zsh","Output":"        │ Exit Code  git_remote                            Command                                                                                                                                 │\n"}
{"Time":"2023-09-09T11:29:07.921226-07:00","Action":"output","Package":"github.com/ddworken/hishtory/client","Test":"TestParam/testCustomColumns/zsh","Output":"        │──────────────────────────────────────────────────────────────────────────────────────────────────────────────────────────────────────────────────────────────────────────────────────────│\n"}
{"Time":"2023-09-09T11:29:07.921228-07:00","Action":"output","Package":"github.com/ddworken/hishtory/client","Test":"TestParam/testCustomColumns/zsh","Output":"        │ 0          git@github.com:ddworken/hishtory.git  hishtory config-set displayed-columns 'Exit Code' git_remote Command                                                                    │\n"}
{"Time":"2023-09-09T11:29:07.92123-07:00","Action":"output","Package":"github.com/ddworken/hishtory/client","Test":"TestParam/testCustomColumns/zsh","Output":"        │ 0                                                echo bar                                                                                                                                │\n"}
{"Time":"2023-09-09T11:29:07.921231-07:00","Action":"output","Package":"github.com/ddworken/hishtory/client","Test":"TestParam/testCustomColumns/zsh","Output":"        │ 0                                                cd /                                                                                                                                    │\n"}
{"Time":"2023-09-09T11:29:07.921233-07:00","Action":"output","Package":"github.com/ddworken/hishtory/client","Test":"TestParam/testCustomColumns/zsh","Output":"        │ 0          git@github.com:ddworken/hishtory.git  echo foo                                                                                                                                │\n"}
{"Time":"2023-09-09T11:29:07.921235-07:00","Action":"output","Package":"github.com/ddworken/hishtory/client","Test":"TestParam/testCustomColumns/zsh","Output":"        │ 0          git@github.com:ddworken/hishtory.git  hishtory config-add custom-columns git_remote '(git remote -v 2\u003e/dev/null | grep origin 1\u003e/dev/null ) \u0026\u0026 git remote get-url origin || … │\n"}
{"Time":"2023-09-09T11:29:07.921239-07:00","Action":"output","Package":"github.com/ddworken/hishtory/client","Test":"TestParam/testCustomColumns/zsh","Output":"        │ 0                                                echo baz                                                                                                                                │\n"}
{"Time":"2023-09-09T11:29:07.92124-07:00","Action":"output","Package":"github.com/ddworken/hishtory/client","Test":"TestParam/testCustomColumns/zsh","Output":"        │ 0                                                cd /                                                                                                                                    │\n"}
{"Time":"2023-09-09T11:29:07.921242-07:00","Action":"output","Package":"github.com/ddworken/hishtory/client","Test":"TestParam/testCustomColumns/zsh","Output":"        │ 0                                                echo $FOOBAR world                                                                                                                      │\n"}
{"Time":"2023-09-09T11:29:07.921244-07:00","Action":"output","Package":"github.com/ddworken/hishtory/client","Test":"TestParam/testCustomColumns/zsh","Output":"        │ 0                                                export FOOBAR='hello'                                                                                                                   │\n"}
{"Time":"2023-09-09T11:29:07.921245-07:00","Action":"output","Package":"github.com/ddworken/hishtory/client","Test":"TestParam/testCustomColumns/zsh","Output":"        │                                                                                                                                                                                          │\n"}
{"Time":"2023-09-09T11:29:07.921247-07:00","Action":"output","Package":"github.com/ddworken/hishtory/client","Test":"TestParam/testCustomColumns/zsh","Output":"        │                                                                                                                                                                                          │\n"}
{"Time":"2023-09-09T11:29:07.921249-07:00","Action":"output","Package":"github.com/ddworken/hishtory/client","Test":"TestParam/testCustomColumns/zsh","Output":"        │                                                                                                                                                                                          │\n"}
{"Time":"2023-09-09T11:29:07.921251-07:00","Action":"output","Package":"github.com/ddworken/hishtory/client","Test":"TestParam/testCustomColumns/zsh","Output":"        │                                                                                                                                                                                          │\n"}
{"Time":"2023-09-09T11:29:07.921252-07:00","Action":"output","Package":"github.com/ddworken/hishtory/client","Test":"TestParam/testCustomColumns/zsh","Output":"        │                                                                                                                                                                                          │\n"}
{"Time":"2023-09-09T11:29:07.921254-07:00","Action":"output","Package":"github.com/ddworken/hishtory/client","Test":"TestParam/testCustomColumns/zsh","Output":"        │                                                                                                                                                                                          │\n"}
{"Time":"2023-09-09T11:29:07.921255-07:00","Action":"output","Package":"github.com/ddworken/hishtory/client","Test":"TestParam/testCustomColumns/zsh","Output":"        │                                                                                                                                                                                          │\n"}
{"Time":"2023-09-09T11:29:07.921257-07:00","Action":"output","Package":"github.com/ddworken/hishtory/client","Test":"TestParam/testCustomColumns/zsh","Output":"        │                                                                                                                                                                                          │\n"}
{"Time":"2023-09-09T11:29:07.921258-07:00","Action":"output","Package":"github.com/ddworken/hishtory/client","Test":"TestParam/testCustomColumns/zsh","Output":"        │                                                                                                                                                                                          │\n"}
{"Time":"2023-09-09T11:29:07.92126-07:00","Action":"output","Package":"github.com/ddworken/hishtory/client","Test":"TestParam/testCustomColumns/zsh","Output":"        │                                                                                                                                                                                          │\n"}
{"Time":"2023-09-09T11:29:07.921272-07:00","Action":"output","Package":"github.com/ddworken/hishtory/client","Test":"TestParam/testCustomColumns/zsh","Output":"        │                                                                                                                                                                                          │\n"}
{"Time":"2023-09-09T11:29:07.921283-07:00","Action":"output","Package":"github.com/ddworken/hishtory/client","Test":"TestParam/testCustomColumns/zsh","Output":"        └──────────────────────────────────────────────────────────────────────────────────────────────────────────────────────────────────────────────────────────────────────────────────────────┘\n"}
{"Time":"2023-09-09T11:29:07.921285-07:00","Action":"output","Package":"github.com/ddworken/hishtory/client","Test":"TestParam/testCustomColumns/zsh","Output":"        hiSHtory: Search your shell history  • ctrl+h help\n"}
{"Time":"2023-09-09T11:29:07.931121-07:00","Action":"output","Package":"github.com/ddworken/hishtory/client","Test":"TestParam","Output":"--- FAIL: TestParam (7.02s)\n"}
{"Time":"2023-09-09T11:29:07.931138-07:00","Action":"output","Package":"github.com/ddworken/hishtory/client","Test":"TestParam/testCustomColumns/zsh","Output":"    --- FAIL: TestParam/testCustomColumns/zsh (7.02s)\n"}
{"Time":"2023-09-09T11:29:07.931141-07:00","Action":"fail","Package":"github.com/ddworken/hishtory/client","Test":"TestParam/testCustomColumns/zsh","Elapsed":7.02}
{"Time":"2023-09-09T11:29:07.931148-07:00","Action":"fail","Package":"github.com/ddworken/hishtory/client","Test":"TestParam","Elapsed":7.02}
{"Time":"2023-09-09T11:29:07.93115-07:00","Action":"output","Package":"github.com/ddworken/hishtory/client","Output":"FAIL\n"}
{"Time":"2023-09-09T11:29:07.931948-07:00","Action":"output","Package":"github.com/ddworken/hishtory/client","Output":"FAIL\tgithub.com/ddworken/hishtory/client\t15.292s\n"}
{"Time":"2023-09-09T11:29:07.931958-07:00","Action":"fail","Package":"github.com/ddworken/hishtory/client","Elapsed":15.292}
{"Time":"2023-09-09T11:29:21.253167-07:00","Action":"run","Package":"github.com/ddworken/hishtory/client","Test":"TestParam"}
{"Time":"2023-09-09T11:29:21.253488-07:00","Action":"output","Package":"github.com/ddworken/hishtory/client","Test":"TestParam","Output":"=== RUN   TestParam\n"}
{"Time":"2023-09-09T11:29:21.253541-07:00","Action":"run","Package":"github.com/ddworken/hishtory/client","Test":"TestParam/testCustomColumns/zsh"}
{"Time":"2023-09-09T11:29:21.253558-07:00","Action":"output","Package":"github.com/ddworken/hishtory/client","Test":"TestParam/testCustomColumns/zsh","Output":"=== RUN   TestParam/testCustomColumns/zsh\n"}
{"Time":"2023-09-09T11:29:28.484928-07:00","Action":"output","Package":"github.com/ddworken/hishtory/client","Test":"TestParam/testCustomColumns/zsh","Output":"    testutils.go:366: hishtory golden mismatch for testCustomColumns-tquery-zsh at /Users/david/code/hishtory/client/client_test.go:2337 (-expected +got):\n"}
{"Time":"2023-09-09T11:29:28.484947-07:00","Action":"output","Package":"github.com/ddworken/hishtory/client","Test":"TestParam/testCustomColumns/zsh","Output":"          strings.Join({\n"}
{"Time":"2023-09-09T11:29:28.484968-07:00","Action":"output","Package":"github.com/ddworken/hishtory/client","Test":"TestParam/testCustomColumns/zsh","Output":"          \t... // 524 identical bytes\n"}
{"Time":"2023-09-09T11:29:28.484971-07:00","Action":"output","Package":"github.com/ddworken/hishtory/client","Test":"TestParam/testCustomColumns/zsh","Output":"          \t\"─────────────────────\\xe2\",\n"}
{"Time":"2023-09-09T11:29:28.484983-07:00","Action":"output","Package":"github.com/ddworken/hishtory/client","Test":"TestParam/testCustomColumns/zsh","Output":"          \t\"\\x94\\x80────────────────────\\xe2\\x94\",\n"}
{"Time":"2023-09-09T11:29:28.484989-07:00","Action":"output","Package":"github.com/ddworken/hishtory/client","Test":"TestParam/testCustomColumns/zsh","Output":"        + \t\"\\x80\\xe2\\x94\",\n"}
{"Time":"2023-09-09T11:29:28.484991-07:00","Action":"output","Package":"github.com/ddworken/hishtory/client","Test":"TestParam/testCustomColumns/zsh","Output":"          \t\"\\x90\\n│ Exit Code  git_remote                            Command  \",\n"}
{"Time":"2023-09-09T11:29:28.484993-07:00","Action":"output","Package":"github.com/ddworken/hishtory/client","Test":"TestParam/testCustomColumns/zsh","Output":"          \t\"                                                                \",\n"}
{"Time":"2023-09-09T11:29:28.484995-07:00","Action":"output","Package":"github.com/ddworken/hishtory/client","Test":"TestParam/testCustomColumns/zsh","Output":"          \t\"                                                              \",\n"}
{"Time":"2023-09-09T11:29:28.484996-07:00","Action":"output","Package":"github.com/ddworken/hishtory/client","Test":"TestParam/testCustomColumns/zsh","Output":"        + \t\" \",\n"}
{"Time":"2023-09-09T11:29:28.484998-07:00","Action":"output","Package":"github.com/ddworken/hishtory/client","Test":"TestParam/testCustomColumns/zsh","Output":"          \t\"│\\n│───────────────────\",\n"}
{"Time":"2023-09-09T11:29:28.485-07:00","Action":"output","Package":"github.com/ddworken/hishtory/client","Test":"TestParam/testCustomColumns/zsh","Output":"          \t\"─────────────────────\\xe2\",\n"}
{"Time":"2023-09-09T11:29:28.485002-07:00","Action":"output","Package":"github.com/ddworken/hishtory/client","Test":"TestParam/testCustomColumns/zsh","Output":"          \t... // 308 identical bytes\n"}
{"Time":"2023-09-09T11:29:28.485003-07:00","Action":"output","Package":"github.com/ddworken/hishtory/client","Test":"TestParam/testCustomColumns/zsh","Output":"          \t\"─────────────────────\\xe2\",\n"}
{"Time":"2023-09-09T11:29:28.485005-07:00","Action":"output","Package":"github.com/ddworken/hishtory/client","Test":"TestParam/testCustomColumns/zsh","Output":"          \t\"\\x94\\x80────────────────────\\xe2\\x94\",\n"}
{"Time":"2023-09-09T11:29:28.485006-07:00","Action":"output","Package":"github.com/ddworken/hishtory/client","Test":"TestParam/testCustomColumns/zsh","Output":"        + \t\"\\x80\\xe2\\x94\",\n"}
{"Time":"2023-09-09T11:29:28.485029-07:00","Action":"output","Package":"github.com/ddworken/hishtory/client","Test":"TestParam/testCustomColumns/zsh","Output":"          \t\"\\x82\\n│ 0          git@github.com:ddworken/hishtory.git  hishtory \",\n"}
{"Time":"2023-09-09T11:29:28.485031-07:00","Action":"output","Package":"github.com/ddworken/hishtory/client","Test":"TestParam/testCustomColumns/zsh","Output":"          \t\"config-set displayed-columns 'Exit Code' git_remote Command     \",\n"}
{"Time":"2023-09-09T11:29:28.485032-07:00","Action":"output","Package":"github.com/ddworken/hishtory/client","Test":"TestParam/testCustomColumns/zsh","Output":"          \t\"                                                              \",\n"}
{"Time":"2023-09-09T11:29:28.485034-07:00","Action":"output","Package":"github.com/ddworken/hishtory/client","Test":"TestParam/testCustomColumns/zsh","Output":"        + \t\" \",\n"}
{"Time":"2023-09-09T11:29:28.485035-07:00","Action":"output","Package":"github.com/ddworken/hishtory/client","Test":"TestParam/testCustomColumns/zsh","Output":"          \t\"│\\n│ 0                                                echo ba\",\n"}
{"Time":"2023-09-09T11:29:28.485037-07:00","Action":"output","Package":"github.com/ddworken/hishtory/client","Test":"TestParam/testCustomColumns/zsh","Output":"          \t\"r                                                               \",\n"}
{"Time":"2023-09-09T11:29:28.485038-07:00","Action":"output","Package":"github.com/ddworken/hishtory/client","Test":"TestParam/testCustomColumns/zsh","Output":"          \t\"                                                                \",\n"}
{"Time":"2023-09-09T11:29:28.48504-07:00","Action":"output","Package":"github.com/ddworken/hishtory/client","Test":"TestParam/testCustomColumns/zsh","Output":"        + \t\" \",\n"}
{"Time":"2023-09-09T11:29:28.485041-07:00","Action":"output","Package":"github.com/ddworken/hishtory/client","Test":"TestParam/testCustomColumns/zsh","Output":"          \t\"│\\n│ 0                                                cd /   \",\n"}
{"Time":"2023-09-09T11:29:28.485042-07:00","Action":"output","Package":"github.com/ddworken/hishtory/client","Test":"TestParam/testCustomColumns/zsh","Output":"          \t\"                                                                \",\n"}
{"Time":"2023-09-09T11:29:28.485052-07:00","Action":"output","Package":"github.com/ddworken/hishtory/client","Test":"TestParam/testCustomColumns/zsh","Output":"          \t\"                                                                \",\n"}
{"Time":"2023-09-09T11:29:28.485054-07:00","Action":"output","Package":"github.com/ddworken/hishtory/client","Test":"TestParam/testCustomColumns/zsh","Output":"        + \t\" \",\n"}
{"Time":"2023-09-09T11:29:28.485056-07:00","Action":"output","Package":"github.com/ddworken/hishtory/client","Test":"TestParam/testCustomColumns/zsh","Output":"          \t\"│\\n│ 0          git@github.com:ddworken/hishtory.git  echo fo\",\n"}
{"Time":"2023-09-09T11:29:28.485057-07:00","Action":"output","Package":"github.com/ddworken/hishtory/client","Test":"TestParam/testCustomColumns/zsh","Output":"          \t\"o                                                               \",\n"}
{"Time":"2023-09-09T11:29:28.485059-07:00","Action":"output","Package":"github.com/ddworken/hishtory/client","Test":"TestParam/testCustomColumns/zsh","Output":"          \t\"                                                                \",\n"}
{"Time":"2023-09-09T11:29:28.485063-07:00","Action":"output","Package":"github.com/ddworken/hishtory/client","Test":"TestParam/testCustomColumns/zsh","Output":"        + \t\" \",\n"}
{"Time":"2023-09-09T11:29:28.485064-07:00","Action":"output","Package":"github.com/ddworken/hishtory/client","Test":"TestParam/testCustomColumns/zsh","Output":"          \t\"│\\n│ 0          git@github.com:ddworken/hishtory.git  hishtor\",\n"}
{"Time":"2023-09-09T11:29:28.485067-07:00","Action":"output","Package":"github.com/ddworken/hishtory/client","Test":"TestParam/testCustomColumns/zsh","Output":"          \t\"y config-add custom-columns git_remote '(git remote -v 2\u003e/dev/nu\",\n"}
{"Time":"2023-09-09T11:29:28.485068-07:00","Action":"output","Package":"github.com/ddworken/hishtory/client","Test":"TestParam/testCustomColumns/zsh","Output":"          \t... // 131 identical bytes\n"}
{"Time":"2023-09-09T11:29:28.48507-07:00","Action":"output","Package":"github.com/ddworken/hishtory/client","Test":"TestParam/testCustomColumns/zsh","Output":"          \t\"z                                                               \",\n"}
{"Time":"2023-09-09T11:29:28.48508-07:00","Action":"output","Package":"github.com/ddworken/hishtory/client","Test":"TestParam/testCustomColumns/zsh","Output":"          \t\"                                                                \",\n"}
{"Time":"2023-09-09T11:29:28.485088-07:00","Action":"output","Package":"github.com/ddworken/hishtory/client","Test":"TestParam/testCustomColumns/zsh","Output":"        + \t\" \",\n"}
{"Time":"2023-09-09T11:29:28.485096-07:00","Action":"output","Package":"github.com/ddworken/hishtory/client","Test":"TestParam/testCustomColumns/zsh","Output":"          \t\"│\\n│ 0                                                cd /   \",\n"}
{"Time":"2023-09-09T11:29:28.485101-07:00","Action":"output","Package":"github.com/ddworken/hishtory/client","Test":"TestParam/testCustomColumns/zsh","Output":"          \t\"                                                                \",\n"}
{"Time":"2023-09-09T11:29:28.48511-07:00","Action":"output","Package":"github.com/ddworken/hishtory/client","Test":"TestParam/testCustomColumns/zsh","Output":"          \t\"                                                                \",\n"}
{"Time":"2023-09-09T11:29:28.485123-07:00","Action":"output","Package":"github.com/ddworken/hishtory/client","Test":"TestParam/testCustomColumns/zsh","Output":"        + \t\" \",\n"}
{"Time":"2023-09-09T11:29:28.485128-07:00","Action":"output","Package":"github.com/ddworken/hishtory/client","Test":"TestParam/testCustomColumns/zsh","Output":"          \t\"│\\n│ 0                                                echo $F\",\n"}
{"Time":"2023-09-09T11:29:28.485133-07:00","Action":"output","Package":"github.com/ddworken/hishtory/client","Test":"TestParam/testCustomColumns/zsh","Output":"          \t\"OOBAR world                                                     \",\n"}
{"Time":"2023-09-09T11:29:28.485134-07:00","Action":"output","Package":"github.com/ddworken/hishtory/client","Test":"TestParam/testCustomColumns/zsh","Output":"          \t\"                                                                \",\n"}
{"Time":"2023-09-09T11:29:28.485144-07:00","Action":"output","Package":"github.com/ddworken/hishtory/client","Test":"TestParam/testCustomColumns/zsh","Output":"        + \t\" \",\n"}
{"Time":"2023-09-09T11:29:28.485145-07:00","Action":"output","Package":"github.com/ddworken/hishtory/client","Test":"TestParam/testCustomColumns/zsh","Output":"          \t\"│\\n│ 0                                                export \",\n"}
{"Time":"2023-09-09T11:29:28.485147-07:00","Action":"output","Package":"github.com/ddworken/hishtory/client","Test":"TestParam/testCustomColumns/zsh","Output":"          \t\"FOOBAR='hello'\",\n"}
{"Time":"2023-09-09T11:29:28.485148-07:00","Action":"output","Package":"github.com/ddworken/hishtory/client","Test":"TestParam/testCustomColumns/zsh","Output":"        + \t\" \",\n"}
{"Time":"2023-09-09T11:29:28.48515-07:00","Action":"output","Package":"github.com/ddworken/hishtory/client","Test":"TestParam/testCustomColumns/zsh","Output":"          \t\"                                                                \",\n"}
{"Time":"2023-09-09T11:29:28.485151-07:00","Action":"output","Package":"github.com/ddworken/hishtory/client","Test":"TestParam/testCustomColumns/zsh","Output":"          \t\"                                                  │\\n│\",\n"}
{"Time":"2023-09-09T11:29:28.485153-07:00","Action":"output","Package":"github.com/ddworken/hishtory/client","Test":"TestParam/testCustomColumns/zsh","Output":"        + \t\" \",\n"}
{"Time":"2023-09-09T11:29:28.485154-07:00","Action":"output","Package":"github.com/ddworken/hishtory/client","Test":"TestParam/testCustomColumns/zsh","Output":"          \t\"                                                                \",\n"}
{"Time":"2023-09-09T11:29:28.485156-07:00","Action":"output","Package":"github.com/ddworken/hishtory/client","Test":"TestParam/testCustomColumns/zsh","Output":"          \t\"                                                                \",\n"}
{"Time":"2023-09-09T11:29:28.485172-07:00","Action":"output","Package":"github.com/ddworken/hishtory/client","Test":"TestParam/testCustomColumns/zsh","Output":"          \t\"                                                         │\\n│\",\n"}
{"Time":"2023-09-09T11:29:28.485181-07:00","Action":"output","Package":"github.com/ddworken/hishtory/client","Test":"TestParam/testCustomColumns/zsh","Output":"        + \t\" \",\n"}
{"Time":"2023-09-09T11:29:28.485183-07:00","Action":"output","Package":"github.com/ddworken/hishtory/client","Test":"TestParam/testCustomColumns/zsh","Output":"          \t\"                                                                \",\n"}
{"Time":"2023-09-09T11:29:28.485193-07:00","Action":"output","Package":"github.com/ddworken/hishtory/client","Test":"TestParam/testCustomColumns/zsh","Output":"          \t\"                                                                \",\n"}
{"Time":"2023-09-09T11:29:28.485197-07:00","Action":"output","Package":"github.com/ddworken/hishtory/client","Test":"TestParam/testCustomColumns/zsh","Output":"          \t\"                                                         │\\n│\",\n"}
{"Time":"2023-09-09T11:29:28.485201-07:00","Action":"output","Package":"github.com/ddworken/hishtory/client","Test":"TestParam/testCustomColumns/zsh","Output":"        + \t\" \",\n"}
{"Time":"2023-09-09T11:29:28.485203-07:00","Action":"output","Package":"github.com/ddworken/hishtory/client","Test":"TestParam/testCustomColumns/zsh","Output":"          \t\"                                                                \",\n"}
{"Time":"2023-09-09T11:29:28.485205-07:00","Action":"output","Package":"github.com/ddworken/hishtory/client","Test":"TestParam/testCustomColumns/zsh","Output":"          \t\"                                                                \",\n"}
{"Time":"2023-09-09T11:29:28.485209-07:00","Action":"output","Package":"github.com/ddworken/hishtory/client","Test":"TestParam/testCustomColumns/zsh","Output":"          \t\"                                                         │\\n│\",\n"}
{"Time":"2023-09-09T11:29:28.485211-07:00","Action":"output","Package":"github.com/ddworken/hishtory/client","Test":"TestParam/testCustomColumns/zsh","Output":"        + \t\" \",\n"}
{"Time":"2023-09-09T11:29:28.485216-07:00","Action":"output","Package":"github.com/ddworken/hishtory/client","Test":"TestParam/testCustomColumns/zsh","Output":"          \t\"                                                                \",\n"}
{"Time":"2023-09-09T11:29:28.485218-07:00","Action":"output","Package":"github.com/ddworken/hishtory/client","Test":"TestParam/testCustomColumns/zsh","Output":"          \t\"                                                                \",\n"}
{"Time":"2023-09-09T11:29:28.485219-07:00","Action":"output","Package":"github.com/ddworken/hishtory/client","Test":"TestParam/testCustomColumns/zsh","Output":"          \t\"                                                         │\\n│\",\n"}
{"Time":"2023-09-09T11:29:28.485223-07:00","Action":"output","Package":"github.com/ddworken/hishtory/client","Test":"TestParam/testCustomColumns/zsh","Output":"        + \t\" \",\n"}
{"Time":"2023-09-09T11:29:28.485226-07:00","Action":"output","Package":"github.com/ddworken/hishtory/client","Test":"TestParam/testCustomColumns/zsh","Output":"          \t\"                                                                \",\n"}
{"Time":"2023-09-09T11:29:28.485228-07:00","Action":"output","Package":"github.com/ddworken/hishtory/client","Test":"TestParam/testCustomColumns/zsh","Output":"          \t\"                                                                \",\n"}
{"Time":"2023-09-09T11:29:28.485235-07:00","Action":"output","Package":"github.com/ddworken/hishtory/client","Test":"TestParam/testCustomColumns/zsh","Output":"          \t\"                                                         │\\n│\",\n"}
{"Time":"2023-09-09T11:29:28.485237-07:00","Action":"output","Package":"github.com/ddworken/hishtory/client","Test":"TestParam/testCustomColumns/zsh","Output":"        + \t\" \",\n"}
{"Time":"2023-09-09T11:29:28.485243-07:00","Action":"output","Package":"github.com/ddworken/hishtory/client","Test":"TestParam/testCustomColumns/zsh","Output":"          \t\"                                                                \",\n"}
{"Time":"2023-09-09T11:29:28.485245-07:00","Action":"output","Package":"github.com/ddworken/hishtory/client","Test":"TestParam/testCustomColumns/zsh","Output":"          \t\"                                                                \",\n"}
{"Time":"2023-09-09T11:29:28.485247-07:00","Action":"output","Package":"github.com/ddworken/hishtory/client","Test":"TestParam/testCustomColumns/zsh","Output":"          \t\"                                                         │\\n│\",\n"}
{"Time":"2023-09-09T11:29:28.485248-07:00","Action":"output","Package":"github.com/ddworken/hishtory/client","Test":"TestParam/testCustomColumns/zsh","Output":"        + \t\" \",\n"}
{"Time":"2023-09-09T11:29:28.485255-07:00","Action":"output","Package":"github.com/ddworken/hishtory/client","Test":"TestParam/testCustomColumns/zsh","Output":"          \t\"                                                                \",\n"}
{"Time":"2023-09-09T11:29:28.485256-07:00","Action":"output","Package":"github.com/ddworken/hishtory/client","Test":"TestParam/testCustomColumns/zsh","Output":"          \t\"                                                                \",\n"}
{"Time":"2023-09-09T11:29:28.485263-07:00","Action":"output","Package":"github.com/ddworken/hishtory/client","Test":"TestParam/testCustomColumns/zsh","Output":"          \t\"                                                         │\\n│\",\n"}
{"Time":"2023-09-09T11:29:28.485265-07:00","Action":"output","Package":"github.com/ddworken/hishtory/client","Test":"TestParam/testCustomColumns/zsh","Output":"        + \t\" \",\n"}
{"Time":"2023-09-09T11:29:28.485266-07:00","Action":"output","Package":"github.com/ddworken/hishtory/client","Test":"TestParam/testCustomColumns/zsh","Output":"          \t\"                                                                \",\n"}
{"Time":"2023-09-09T11:29:28.485268-07:00","Action":"output","Package":"github.com/ddworken/hishtory/client","Test":"TestParam/testCustomColumns/zsh","Output":"          \t\"                                                                \",\n"}
{"Time":"2023-09-09T11:29:28.48527-07:00","Action":"output","Package":"github.com/ddworken/hishtory/client","Test":"TestParam/testCustomColumns/zsh","Output":"          \t\"                                                         │\\n│\",\n"}
{"Time":"2023-09-09T11:29:28.485277-07:00","Action":"output","Package":"github.com/ddworken/hishtory/client","Test":"TestParam/testCustomColumns/zsh","Output":"        + \t\" \",\n"}
{"Time":"2023-09-09T11:29:28.485279-07:00","Action":"output","Package":"github.com/ddworken/hishtory/client","Test":"TestParam/testCustomColumns/zsh","Output":"          \t\"                                                                \",\n"}
{"Time":"2023-09-09T11:29:28.485283-07:00","Action":"output","Package":"github.com/ddworken/hishtory/client","Test":"TestParam/testCustomColumns/zsh","Output":"          \t\"                                                                \",\n"}
{"Time":"2023-09-09T11:29:28.485287-07:00","Action":"output","Package":"github.com/ddworken/hishtory/client","Test":"TestParam/testCustomColumns/zsh","Output":"          \t\"                                                         │\\n│\",\n"}
{"Time":"2023-09-09T11:29:28.485288-07:00","Action":"output","Package":"github.com/ddworken/hishtory/client","Test":"TestParam/testCustomColumns/zsh","Output":"        + \t\" \",\n"}
{"Time":"2023-09-09T11:29:28.48529-07:00","Action":"output","Package":"github.com/ddworken/hishtory/client","Test":"TestParam/testCustomColumns/zsh","Output":"          \t\"                                                                \",\n"}
{"Time":"2023-09-09T11:29:28.485291-07:00","Action":"output","Package":"github.com/ddworken/hishtory/client","Test":"TestParam/testCustomColumns/zsh","Output":"          \t\"                                                                \",\n"}
{"Time":"2023-09-09T11:29:28.485296-07:00","Action":"output","Package":"github.com/ddworken/hishtory/client","Test":"TestParam/testCustomColumns/zsh","Output":"          \t\"                                                         │\\n│\",\n"}
{"Time":"2023-09-09T11:29:28.485308-07:00","Action":"output","Package":"github.com/ddworken/hishtory/client","Test":"TestParam/testCustomColumns/zsh","Output":"        + \t\" \",\n"}
{"Time":"2023-09-09T11:29:28.48531-07:00","Action":"output","Package":"github.com/ddworken/hishtory/client","Test":"TestParam/testCustomColumns/zsh","Output":"          \t\"                                                                \",\n"}
{"Time":"2023-09-09T11:29:28.485311-07:00","Action":"output","Package":"github.com/ddworken/hishtory/client","Test":"TestParam/testCustomColumns/zsh","Output":"          \t\"                                                                \",\n"}
{"Time":"2023-09-09T11:29:28.48532-07:00","Action":"output","Package":"github.com/ddworken/hishtory/client","Test":"TestParam/testCustomColumns/zsh","Output":"          \t\"                                                         │\\n\\xe2\",\n"}
{"Time":"2023-09-09T11:29:28.485322-07:00","Action":"output","Package":"github.com/ddworken/hishtory/client","Test":"TestParam/testCustomColumns/zsh","Output":"        + \t\"\\x94\",\n"}
{"Time":"2023-09-09T11:29:28.485333-07:00","Action":"output","Package":"github.com/ddworken/hishtory/client","Test":"TestParam/testCustomColumns/zsh","Output":"          \t\"\\x94\",\n"}
{"Time":"2023-09-09T11:29:28.485335-07:00","Action":"output","Package":"github.com/ddworken/hishtory/client","Test":"TestParam/testCustomColumns/zsh","Output":"        + \t\"\\xe2\",\n"}
{"Time":"2023-09-09T11:29:28.485336-07:00","Action":"output","Package":"github.com/ddworken/hishtory/client","Test":"TestParam/testCustomColumns/zsh","Output":"          \t\"\\x94\",\n"}
{"Time":"2023-09-09T11:29:28.485338-07:00","Action":"output","Package":"github.com/ddworken/hishtory/client","Test":"TestParam/testCustomColumns/zsh","Output":"        + \t\"\\x80\",\n"}
{"Time":"2023-09-09T11:29:28.485342-07:00","Action":"output","Package":"github.com/ddworken/hishtory/client","Test":"TestParam/testCustomColumns/zsh","Output":"          \t\"─────────────────────\\xe2\",\n"}
{"Time":"2023-09-09T11:29:28.485343-07:00","Action":"output","Package":"github.com/ddworken/hishtory/client","Test":"TestParam/testCustomColumns/zsh","Output":"          \t\"\\x94\\x80────────────────────\\xe2\\x94\",\n"}
{"Time":"2023-09-09T11:29:28.485345-07:00","Action":"output","Package":"github.com/ddworken/hishtory/client","Test":"TestParam/testCustomColumns/zsh","Output":"          \t... // 483 identical bytes\n"}
{"Time":"2023-09-09T11:29:28.485347-07:00","Action":"output","Package":"github.com/ddworken/hishtory/client","Test":"TestParam/testCustomColumns/zsh","Output":"          }, \"\")\n"}
{"Time":"2023-09-09T11:29:28.485348-07:00","Action":"output","Package":"github.com/ddworken/hishtory/client","Test":"TestParam/testCustomColumns/zsh","Output":"        \n"}
{"Time":"2023-09-09T11:29:28.48535-07:00","Action":"output","Package":"github.com/ddworken/hishtory/client","Test":"TestParam/testCustomColumns/zsh","Output":"        actual=\n"}
{"Time":"2023-09-09T11:29:28.485351-07:00","Action":"output","Package":"github.com/ddworken/hishtory/client","Test":"TestParam/testCustomColumns/zsh","Output":"        david@Davids-MacBook-Air hishtory % hishtory tquery -pipefail\n"}
{"Time":"2023-09-09T11:29:28.485355-07:00","Action":"output","Package":"github.com/ddworken/hishtory/client","Test":"TestParam/testCustomColumns/zsh","Output":"        \n"}
{"Time":"2023-09-09T11:29:28.485357-07:00","Action":"output","Package":"github.com/ddworken/hishtory/client","Test":"TestParam/testCustomColumns/zsh","Output":"        \n"}
{"Time":"2023-09-09T11:29:28.485358-07:00","Action":"output","Package":"github.com/ddworken/hishtory/client","Test":"TestParam/testCustomColumns/zsh","Output":"        \n"}
{"Time":"2023-09-09T11:29:28.48536-07:00","Action":"output","Package":"github.com/ddworken/hishtory/client","Test":"TestParam/testCustomColumns/zsh","Output":"        Search Query: \u003e -pipefail\n"}
{"Time":"2023-09-09T11:29:28.485361-07:00","Action":"output","Package":"github.com/ddworken/hishtory/client","Test":"TestParam/testCustomColumns/zsh","Output":"        \n"}
{"Time":"2023-09-09T11:29:28.485369-07:00","Action":"output","Package":"github.com/ddworken/hishtory/client","Test":"TestParam/testCustomColumns/zsh","Output":"        ┌──────────────────────────────────────────────────────────────────────────────────────────────────────────────────────────────────────────────────────────────────────────────────────────┐\n"}
{"Time":"2023-09-09T11:29:28.485381-07:00","Action":"output","Package":"github.com/ddworken/hishtory/client","Test":"TestParam/testCustomColumns/zsh","Output":"        │ Exit Code  git_remote                            Command                                                                                                                                 │\n"}
{"Time":"2023-09-09T11:29:28.485394-07:00","Action":"output","Package":"github.com/ddworken/hishtory/client","Test":"TestParam/testCustomColumns/zsh","Output":"        │──────────────────────────────────────────────────────────────────────────────────────────────────────────────────────────────────────────────────────────────────────────────────────────│\n"}
{"Time":"2023-09-09T11:29:28.485398-07:00","Action":"output","Package":"github.com/ddworken/hishtory/client","Test":"TestParam/testCustomColumns/zsh","Output":"        │ 0          git@github.com:ddworken/hishtory.git  hishtory config-set displayed-columns 'Exit Code' git_remote Command                                                                    │\n"}
{"Time":"2023-09-09T11:29:28.485402-07:00","Action":"output","Package":"github.com/ddworken/hishtory/client","Test":"TestParam/testCustomColumns/zsh","Output":"        │ 0                                                echo bar                                                                                                                                │\n"}
{"Time":"2023-09-09T11:29:28.485403-07:00","Action":"output","Package":"github.com/ddworken/hishtory/client","Test":"TestParam/testCustomColumns/zsh","Output":"        │ 0                                                cd /                                                                                                                                    │\n"}
{"Time":"2023-09-09T11:29:28.485405-07:00","Action":"output","Package":"github.com/ddworken/hishtory/client","Test":"TestParam/testCustomColumns/zsh","Output":"        │ 0          git@github.com:ddworken/hishtory.git  echo foo                                                                                                                                │\n"}
{"Time":"2023-09-09T11:29:28.485407-07:00","Action":"output","Package":"github.com/ddworken/hishtory/client","Test":"TestParam/testCustomColumns/zsh","Output":"        │ 0          git@github.com:ddworken/hishtory.git  hishtory config-add custom-columns git_remote '(git remote -v 2\u003e/dev/null | grep origin 1\u003e/dev/null ) \u0026\u0026 git remote get-url origin || … │\n"}
{"Time":"2023-09-09T11:29:28.485422-07:00","Action":"output","Package":"github.com/ddworken/hishtory/client","Test":"TestParam/testCustomColumns/zsh","Output":"        │ 0                                                echo baz                                                                                                                                │\n"}
{"Time":"2023-09-09T11:29:28.485423-07:00","Action":"output","Package":"github.com/ddworken/hishtory/client","Test":"TestParam/testCustomColumns/zsh","Output":"        │ 0                                                cd /                                                                                                                                    │\n"}
{"Time":"2023-09-09T11:29:28.485425-07:00","Action":"output","Package":"github.com/ddworken/hishtory/client","Test":"TestParam/testCustomColumns/zsh","Output":"        │ 0                                                echo $FOOBAR world                                                                                                                      │\n"}
{"Time":"2023-09-09T11:29:28.485427-07:00","Action":"output","Package":"github.com/ddworken/hishtory/client","Test":"TestParam/testCustomColumns/zsh","Output":"        │ 0                                                export FOOBAR='hello'                                                                                                                   │\n"}
{"Time":"2023-09-09T11:29:28.485428-07:00","Action":"output","Package":"github.com/ddworken/hishtory/client","Test":"TestParam/testCustomColumns/zsh","Output":"        │                                                                                                                                                                                          │\n"}
{"Time":"2023-09-09T11:29:28.485437-07:00","Action":"output","Package":"github.com/ddworken/hishtory/client","Test":"TestParam/testCustomColumns/zsh","Output":"        │                                                                                                                                                                                          │\n"}
{"Time":"2023-09-09T11:29:28.485439-07:00","Action":"output","Package":"github.com/ddworken/hishtory/client","Test":"TestParam/testCustomColumns/zsh","Output":"        │                                                                                                                                                                                          │\n"}
{"Time":"2023-09-09T11:29:28.485441-07:00","Action":"output","Package":"github.com/ddworken/hishtory/client","Test":"TestParam/testCustomColumns/zsh","Output":"        │                                                                                                                                                                                          │\n"}
{"Time":"2023-09-09T11:29:28.485475-07:00","Action":"output","Package":"github.com/ddworken/hishtory/client","Test":"TestParam/testCustomColumns/zsh","Output":"        │                                                                                                                                                                                          │\n"}
{"Time":"2023-09-09T11:29:28.485477-07:00","Action":"output","Package":"github.com/ddworken/hishtory/client","Test":"TestParam/testCustomColumns/zsh","Output":"        │                                                                                                                                                                                          │\n"}
{"Time":"2023-09-09T11:29:28.485478-07:00","Action":"output","Package":"github.com/ddworken/hishtory/client","Test":"TestParam/testCustomColumns/zsh","Output":"        │                                                                                                                                                                                          │\n"}
{"Time":"2023-09-09T11:29:28.48548-07:00","Action":"output","Package":"github.com/ddworken/hishtory/client","Test":"TestParam/testCustomColumns/zsh","Output":"        │                                                                                                                                                                                          │\n"}
{"Time":"2023-09-09T11:29:28.485482-07:00","Action":"output","Package":"github.com/ddworken/hishtory/client","Test":"TestParam/testCustomColumns/zsh","Output":"        │                                                                                                                                                                                          │\n"}
{"Time":"2023-09-09T11:29:28.485483-07:00","Action":"output","Package":"github.com/ddworken/hishtory/client","Test":"TestParam/testCustomColumns/zsh","Output":"        │                                                                                                                                                                                          │\n"}
{"Time":"2023-09-09T11:29:28.485485-07:00","Action":"output","Package":"github.com/ddworken/hishtory/client","Test":"TestParam/testCustomColumns/zsh","Output":"        │                                                                                                                                                                                          │\n"}
{"Time":"2023-09-09T11:29:28.485493-07:00","Action":"output","Package":"github.com/ddworken/hishtory/client","Test":"TestParam/testCustomColumns/zsh","Output":"        └──────────────────────────────────────────────────────────────────────────────────────────────────────────────────────────────────────────────────────────────────────────────────────────┘\n"}
{"Time":"2023-09-09T11:29:28.485496-07:00","Action":"output","Package":"github.com/ddworken/hishtory/client","Test":"TestParam/testCustomColumns/zsh","Output":"        hiSHtory: Search your shell history  • ctrl+h help\n"}
{"Time":"2023-09-09T11:29:28.496264-07:00","Action":"output","Package":"github.com/ddworken/hishtory/client","Test":"TestParam","Output":"--- FAIL: TestParam (7.24s)\n"}
{"Time":"2023-09-09T11:29:28.496305-07:00","Action":"output","Package":"github.com/ddworken/hishtory/client","Test":"TestParam/testCustomColumns/zsh","Output":"    --- FAIL: TestParam/testCustomColumns/zsh (7.24s)\n"}
{"Time":"2023-09-09T11:29:28.496308-07:00","Action":"fail","Package":"github.com/ddworken/hishtory/client","Test":"TestParam/testCustomColumns/zsh","Elapsed":7.24}
{"Time":"2023-09-09T11:29:28.496318-07:00","Action":"fail","Package":"github.com/ddworken/hishtory/client","Test":"TestParam","Elapsed":7.24}
{"Time":"2023-09-09T11:29:28.496327-07:00","Action":"output","Package":"github.com/ddworken/hishtory/client","Output":"FAIL\n"}
{"Time":"2023-09-09T11:29:28.497627-07:00","Action":"output","Package":"github.com/ddworken/hishtory/client","Output":"FAIL\tgithub.com/ddworken/hishtory/client\t17.916s\n"}
{"Time":"2023-09-09T11:29:28.497635-07:00","Action":"fail","Package":"github.com/ddworken/hishtory/client","Elapsed":17.916}
{"Time":"2023-09-09T11:29:42.075879-07:00","Action":"run","Package":"github.com/ddworken/hishtory/client","Test":"TestParam"}
{"Time":"2023-09-09T11:29:42.07597-07:00","Action":"output","Package":"github.com/ddworken/hishtory/client","Test":"TestParam","Output":"=== RUN   TestParam\n"}
{"Time":"2023-09-09T11:29:42.076329-07:00","Action":"run","Package":"github.com/ddworken/hishtory/client","Test":"TestParam/testCustomColumns/zsh"}
{"Time":"2023-09-09T11:29:42.076338-07:00","Action":"output","Package":"github.com/ddworken/hishtory/client","Test":"TestParam/testCustomColumns/zsh","Output":"=== RUN   TestParam/testCustomColumns/zsh\n"}
{"Time":"2023-09-09T11:29:49.147575-07:00","Action":"output","Package":"github.com/ddworken/hishtory/client","Test":"TestParam/testCustomColumns/zsh","Output":"    testutils.go:366: hishtory golden mismatch for testCustomColumns-tquery-zsh at /Users/david/code/hishtory/client/client_test.go:2337 (-expected +got):\n"}
{"Time":"2023-09-09T11:29:49.147672-07:00","Action":"output","Package":"github.com/ddworken/hishtory/client","Test":"TestParam/testCustomColumns/zsh","Output":"          strings.Join({\n"}
{"Time":"2023-09-09T11:29:49.147688-07:00","Action":"output","Package":"github.com/ddworken/hishtory/client","Test":"TestParam/testCustomColumns/zsh","Output":"          \t... // 524 identical bytes\n"}
{"Time":"2023-09-09T11:29:49.147691-07:00","Action":"output","Package":"github.com/ddworken/hishtory/client","Test":"TestParam/testCustomColumns/zsh","Output":"          \t\"─────────────────────\\xe2\",\n"}
{"Time":"2023-09-09T11:29:49.147696-07:00","Action":"output","Package":"github.com/ddworken/hishtory/client","Test":"TestParam/testCustomColumns/zsh","Output":"          \t\"\\x94\\x80────────────────────\\xe2\\x94\",\n"}
{"Time":"2023-09-09T11:29:49.147705-07:00","Action":"output","Package":"github.com/ddworken/hishtory/client","Test":"TestParam/testCustomColumns/zsh","Output":"        + \t\"\\x80\\xe2\\x94\",\n"}
{"Time":"2023-09-09T11:29:49.147709-07:00","Action":"output","Package":"github.com/ddworken/hishtory/client","Test":"TestParam/testCustomColumns/zsh","Output":"          \t\"\\x90\\n│ Exit Code  git_remote                            Command  \",\n"}
{"Time":"2023-09-09T11:29:49.147713-07:00","Action":"output","Package":"github.com/ddworken/hishtory/client","Test":"TestParam/testCustomColumns/zsh","Output":"          \t\"                                                                \",\n"}
{"Time":"2023-09-09T11:29:49.147715-07:00","Action":"output","Package":"github.com/ddworken/hishtory/client","Test":"TestParam/testCustomColumns/zsh","Output":"          \t\"                                                              \",\n"}
{"Time":"2023-09-09T11:29:49.147719-07:00","Action":"output","Package":"github.com/ddworken/hishtory/client","Test":"TestParam/testCustomColumns/zsh","Output":"        + \t\" \",\n"}
{"Time":"2023-09-09T11:29:49.147721-07:00","Action":"output","Package":"github.com/ddworken/hishtory/client","Test":"TestParam/testCustomColumns/zsh","Output":"          \t\"│\\n│───────────────────\",\n"}
{"Time":"2023-09-09T11:29:49.147723-07:00","Action":"output","Package":"github.com/ddworken/hishtory/client","Test":"TestParam/testCustomColumns/zsh","Output":"          \t\"─────────────────────\\xe2\",\n"}
{"Time":"2023-09-09T11:29:49.147725-07:00","Action":"output","Package":"github.com/ddworken/hishtory/client","Test":"TestParam/testCustomColumns/zsh","Output":"          \t... // 308 identical bytes\n"}
{"Time":"2023-09-09T11:29:49.147726-07:00","Action":"output","Package":"github.com/ddworken/hishtory/client","Test":"TestParam/testCustomColumns/zsh","Output":"          \t\"─────────────────────\\xe2\",\n"}
{"Time":"2023-09-09T11:29:49.147728-07:00","Action":"output","Package":"github.com/ddworken/hishtory/client","Test":"TestParam/testCustomColumns/zsh","Output":"          \t\"\\x94\\x80────────────────────\\xe2\\x94\",\n"}
{"Time":"2023-09-09T11:29:49.14773-07:00","Action":"output","Package":"github.com/ddworken/hishtory/client","Test":"TestParam/testCustomColumns/zsh","Output":"        + \t\"\\x80\\xe2\\x94\",\n"}
{"Time":"2023-09-09T11:29:49.147731-07:00","Action":"output","Package":"github.com/ddworken/hishtory/client","Test":"TestParam/testCustomColumns/zsh","Output":"          \t\"\\x82\\n│ 0          git@github.com:ddworken/hishtory.git  hishtory \",\n"}
{"Time":"2023-09-09T11:29:49.147733-07:00","Action":"output","Package":"github.com/ddworken/hishtory/client","Test":"TestParam/testCustomColumns/zsh","Output":"          \t\"config-set displayed-columns 'Exit Code' git_remote Command     \",\n"}
{"Time":"2023-09-09T11:29:49.147736-07:00","Action":"output","Package":"github.com/ddworken/hishtory/client","Test":"TestParam/testCustomColumns/zsh","Output":"          \t\"                                                              \",\n"}
{"Time":"2023-09-09T11:29:49.147742-07:00","Action":"output","Package":"github.com/ddworken/hishtory/client","Test":"TestParam/testCustomColumns/zsh","Output":"        + \t\" \",\n"}
{"Time":"2023-09-09T11:29:49.147743-07:00","Action":"output","Package":"github.com/ddworken/hishtory/client","Test":"TestParam/testCustomColumns/zsh","Output":"          \t\"│\\n│ 0                                                echo ba\",\n"}
{"Time":"2023-09-09T11:29:49.147748-07:00","Action":"output","Package":"github.com/ddworken/hishtory/client","Test":"TestParam/testCustomColumns/zsh","Output":"          \t\"r                                                               \",\n"}
{"Time":"2023-09-09T11:29:49.14775-07:00","Action":"output","Package":"github.com/ddworken/hishtory/client","Test":"TestParam/testCustomColumns/zsh","Output":"          \t\"                                                                \",\n"}
{"Time":"2023-09-09T11:29:49.147755-07:00","Action":"output","Package":"github.com/ddworken/hishtory/client","Test":"TestParam/testCustomColumns/zsh","Output":"        + \t\" \",\n"}
{"Time":"2023-09-09T11:29:49.14776-07:00","Action":"output","Package":"github.com/ddworken/hishtory/client","Test":"TestParam/testCustomColumns/zsh","Output":"          \t\"│\\n│ 0                                                cd /   \",\n"}
{"Time":"2023-09-09T11:29:49.147761-07:00","Action":"output","Package":"github.com/ddworken/hishtory/client","Test":"TestParam/testCustomColumns/zsh","Output":"          \t\"                                                                \",\n"}
{"Time":"2023-09-09T11:29:49.147764-07:00","Action":"output","Package":"github.com/ddworken/hishtory/client","Test":"TestParam/testCustomColumns/zsh","Output":"          \t\"                                                                \",\n"}
{"Time":"2023-09-09T11:29:49.147771-07:00","Action":"output","Package":"github.com/ddworken/hishtory/client","Test":"TestParam/testCustomColumns/zsh","Output":"        + \t\" \",\n"}
{"Time":"2023-09-09T11:29:49.147782-07:00","Action":"output","Package":"github.com/ddworken/hishtory/client","Test":"TestParam/testCustomColumns/zsh","Output":"          \t\"│\\n│ 0          git@github.com:ddworken/hishtory.git  echo fo\",\n"}
{"Time":"2023-09-09T11:29:49.147787-07:00","Action":"output","Package":"github.com/ddworken/hishtory/client","Test":"TestParam/testCustomColumns/zsh","Output":"          \t\"o                                                               \",\n"}
{"Time":"2023-09-09T11:29:49.14779-07:00","Action":"output","Package":"github.com/ddworken/hishtory/client","Test":"TestParam/testCustomColumns/zsh","Output":"          \t\"                                                                \",\n"}
{"Time":"2023-09-09T11:29:49.147792-07:00","Action":"output","Package":"github.com/ddworken/hishtory/client","Test":"TestParam/testCustomColumns/zsh","Output":"        + \t\" \",\n"}
{"Time":"2023-09-09T11:29:49.147794-07:00","Action":"output","Package":"github.com/ddworken/hishtory/client","Test":"TestParam/testCustomColumns/zsh","Output":"          \t\"│\\n│ 0          git@github.com:ddworken/hishtory.git  hishtor\",\n"}
{"Time":"2023-09-09T11:29:49.147799-07:00","Action":"output","Package":"github.com/ddworken/hishtory/client","Test":"TestParam/testCustomColumns/zsh","Output":"          \t\"y config-add custom-columns git_remote '(git remote -v 2\u003e/dev/nu\",\n"}
{"Time":"2023-09-09T11:29:49.1478-07:00","Action":"output","Package":"github.com/ddworken/hishtory/client","Test":"TestParam/testCustomColumns/zsh","Output":"          \t... // 131 identical bytes\n"}
{"Time":"2023-09-09T11:29:49.147802-07:00","Action":"output","Package":"github.com/ddworken/hishtory/client","Test":"TestParam/testCustomColumns/zsh","Output":"          \t\"z                                                               \",\n"}
{"Time":"2023-09-09T11:29:49.147811-07:00","Action":"output","Package":"github.com/ddworken/hishtory/client","Test":"TestParam/testCustomColumns/zsh","Output":"          \t\"                                                                \",\n"}
{"Time":"2023-09-09T11:29:49.147813-07:00","Action":"output","Package":"github.com/ddworken/hishtory/client","Test":"TestParam/testCustomColumns/zsh","Output":"        + \t\" \",\n"}
{"Time":"2023-09-09T11:29:49.147814-07:00","Action":"output","Package":"github.com/ddworken/hishtory/client","Test":"TestParam/testCustomColumns/zsh","Output":"          \t\"│\\n│ 0                                                cd /   \",\n"}
{"Time":"2023-09-09T11:29:49.147816-07:00","Action":"output","Package":"github.com/ddworken/hishtory/client","Test":"TestParam/testCustomColumns/zsh","Output":"          \t\"                                                                \",\n"}
{"Time":"2023-09-09T11:29:49.147817-07:00","Action":"output","Package":"github.com/ddworken/hishtory/client","Test":"TestParam/testCustomColumns/zsh","Output":"          \t\"                                                                \",\n"}
{"Time":"2023-09-09T11:29:49.147818-07:00","Action":"output","Package":"github.com/ddworken/hishtory/client","Test":"TestParam/testCustomColumns/zsh","Output":"        + \t\" \",\n"}
{"Time":"2023-09-09T11:29:49.14782-07:00","Action":"output","Package":"github.com/ddworken/hishtory/client","Test":"TestParam/testCustomColumns/zsh","Output":"          \t\"│\\n│ 0                                                echo $F\",\n"}
{"Time":"2023-09-09T11:29:49.147821-07:00","Action":"output","Package":"github.com/ddworken/hishtory/client","Test":"TestParam/testCustomColumns/zsh","Output":"          \t\"OOBAR world                                                     \",\n"}
{"Time":"2023-09-09T11:29:49.147825-07:00","Action":"output","Package":"github.com/ddworken/hishtory/client","Test":"TestParam/testCustomColumns/zsh","Output":"          \t\"                                                                \",\n"}
{"Time":"2023-09-09T11:29:49.147827-07:00","Action":"output","Package":"github.com/ddworken/hishtory/client","Test":"TestParam/testCustomColumns/zsh","Output":"        + \t\" \",\n"}
{"Time":"2023-09-09T11:29:49.147828-07:00","Action":"output","Package":"github.com/ddworken/hishtory/client","Test":"TestParam/testCustomColumns/zsh","Output":"          \t\"│\\n│ 0                                                export \",\n"}
{"Time":"2023-09-09T11:29:49.14783-07:00","Action":"output","Package":"github.com/ddworken/hishtory/client","Test":"TestParam/testCustomColumns/zsh","Output":"          \t\"FOOBAR='hello'                                                  \",\n"}
{"Time":"2023-09-09T11:29:49.147832-07:00","Action":"output","Package":"github.com/ddworken/hishtory/client","Test":"TestParam/testCustomColumns/zsh","Output":"          \t\"                                                                \",\n"}
{"Time":"2023-09-09T11:29:49.147833-07:00","Action":"output","Package":"github.com/ddworken/hishtory/client","Test":"TestParam/testCustomColumns/zsh","Output":"        + \t\" \",\n"}
{"Time":"2023-09-09T11:29:49.147835-07:00","Action":"output","Package":"github.com/ddworken/hishtory/client","Test":"TestParam/testCustomColumns/zsh","Output":"          \t\"│\\n│\",\n"}
{"Time":"2023-09-09T11:29:49.147837-07:00","Action":"output","Package":"github.com/ddworken/hishtory/client","Test":"TestParam/testCustomColumns/zsh","Output":"        + \t\" \",\n"}
{"Time":"2023-09-09T11:29:49.147838-07:00","Action":"output","Package":"github.com/ddworken/hishtory/client","Test":"TestParam/testCustomColumns/zsh","Output":"          \t\"                                                                \",\n"}
{"Time":"2023-09-09T11:29:49.14784-07:00","Action":"output","Package":"github.com/ddworken/hishtory/client","Test":"TestParam/testCustomColumns/zsh","Output":"          \t\"                                                                \",\n"}
{"Time":"2023-09-09T11:29:49.147844-07:00","Action":"output","Package":"github.com/ddworken/hishtory/client","Test":"TestParam/testCustomColumns/zsh","Output":"          \t\"                                                         │\\n│\",\n"}
{"Time":"2023-09-09T11:29:49.147845-07:00","Action":"output","Package":"github.com/ddworken/hishtory/client","Test":"TestParam/testCustomColumns/zsh","Output":"        + \t\" \",\n"}
{"Time":"2023-09-09T11:29:49.147847-07:00","Action":"output","Package":"github.com/ddworken/hishtory/client","Test":"TestParam/testCustomColumns/zsh","Output":"          \t\"                                                                \",\n"}
{"Time":"2023-09-09T11:29:49.147848-07:00","Action":"output","Package":"github.com/ddworken/hishtory/client","Test":"TestParam/testCustomColumns/zsh","Output":"          \t\"                                                                \",\n"}
{"Time":"2023-09-09T11:29:49.14785-07:00","Action":"output","Package":"github.com/ddworken/hishtory/client","Test":"TestParam/testCustomColumns/zsh","Output":"          \t\"                                                         │\\n│\",\n"}
{"Time":"2023-09-09T11:29:49.147852-07:00","Action":"output","Package":"github.com/ddworken/hishtory/client","Test":"TestParam/testCustomColumns/zsh","Output":"        + \t\" \",\n"}
{"Time":"2023-09-09T11:29:49.147853-07:00","Action":"output","Package":"github.com/ddworken/hishtory/client","Test":"TestParam/testCustomColumns/zsh","Output":"          \t\"                                                                \",\n"}
{"Time":"2023-09-09T11:29:49.147855-07:00","Action":"output","Package":"github.com/ddworken/hishtory/client","Test":"TestParam/testCustomColumns/zsh","Output":"          \t\"                                                                \",\n"}
{"Time":"2023-09-09T11:29:49.147858-07:00","Action":"output","Package":"github.com/ddworken/hishtory/client","Test":"TestParam/testCustomColumns/zsh","Output":"          \t\"                                                         │\\n│\",\n"}
{"Time":"2023-09-09T11:29:49.14786-07:00","Action":"output","Package":"github.com/ddworken/hishtory/client","Test":"TestParam/testCustomColumns/zsh","Output":"        + \t\" \",\n"}
{"Time":"2023-09-09T11:29:49.147866-07:00","Action":"output","Package":"github.com/ddworken/hishtory/client","Test":"TestParam/testCustomColumns/zsh","Output":"          \t\"                                                                \",\n"}
{"Time":"2023-09-09T11:29:49.147868-07:00","Action":"output","Package":"github.com/ddworken/hishtory/client","Test":"TestParam/testCustomColumns/zsh","Output":"          \t\"                                                                \",\n"}
{"Time":"2023-09-09T11:29:49.14787-07:00","Action":"output","Package":"github.com/ddworken/hishtory/client","Test":"TestParam/testCustomColumns/zsh","Output":"          \t\"                                                         │\\n│\",\n"}
{"Time":"2023-09-09T11:29:49.147871-07:00","Action":"output","Package":"github.com/ddworken/hishtory/client","Test":"TestParam/testCustomColumns/zsh","Output":"        + \t\" \",\n"}
{"Time":"2023-09-09T11:29:49.147875-07:00","Action":"output","Package":"github.com/ddworken/hishtory/client","Test":"TestParam/testCustomColumns/zsh","Output":"          \t\"                                                                \",\n"}
{"Time":"2023-09-09T11:29:49.147876-07:00","Action":"output","Package":"github.com/ddworken/hishtory/client","Test":"TestParam/testCustomColumns/zsh","Output":"          \t\"                                                                \",\n"}
{"Time":"2023-09-09T11:29:49.147878-07:00","Action":"output","Package":"github.com/ddworken/hishtory/client","Test":"TestParam/testCustomColumns/zsh","Output":"          \t\"                                                         │\\n│\",\n"}
{"Time":"2023-09-09T11:29:49.147879-07:00","Action":"output","Package":"github.com/ddworken/hishtory/client","Test":"TestParam/testCustomColumns/zsh","Output":"        + \t\" \",\n"}
{"Time":"2023-09-09T11:29:49.147881-07:00","Action":"output","Package":"github.com/ddworken/hishtory/client","Test":"TestParam/testCustomColumns/zsh","Output":"          \t\"                                                                \",\n"}
{"Time":"2023-09-09T11:29:49.147882-07:00","Action":"output","Package":"github.com/ddworken/hishtory/client","Test":"TestParam/testCustomColumns/zsh","Output":"          \t\"                                                                \",\n"}
{"Time":"2023-09-09T11:29:49.147884-07:00","Action":"output","Package":"github.com/ddworken/hishtory/client","Test":"TestParam/testCustomColumns/zsh","Output":"          \t\"                                                         │\\n│\",\n"}
{"Time":"2023-09-09T11:29:49.147885-07:00","Action":"output","Package":"github.com/ddworken/hishtory/client","Test":"TestParam/testCustomColumns/zsh","Output":"        + \t\" \",\n"}
{"Time":"2023-09-09T11:29:49.147887-07:00","Action":"output","Package":"github.com/ddworken/hishtory/client","Test":"TestParam/testCustomColumns/zsh","Output":"          \t\"                                                                \",\n"}
{"Time":"2023-09-09T11:29:49.147891-07:00","Action":"output","Package":"github.com/ddworken/hishtory/client","Test":"TestParam/testCustomColumns/zsh","Output":"          \t\"                                                                \",\n"}
{"Time":"2023-09-09T11:29:49.147893-07:00","Action":"output","Package":"github.com/ddworken/hishtory/client","Test":"TestParam/testCustomColumns/zsh","Output":"          \t\"                                                         │\\n│\",\n"}
{"Time":"2023-09-09T11:29:49.147895-07:00","Action":"output","Package":"github.com/ddworken/hishtory/client","Test":"TestParam/testCustomColumns/zsh","Output":"        + \t\" \",\n"}
{"Time":"2023-09-09T11:29:49.147896-07:00","Action":"output","Package":"github.com/ddworken/hishtory/client","Test":"TestParam/testCustomColumns/zsh","Output":"          \t\"                                                                \",\n"}
{"Time":"2023-09-09T11:29:49.147901-07:00","Action":"output","Package":"github.com/ddworken/hishtory/client","Test":"TestParam/testCustomColumns/zsh","Output":"          \t\"                                                                \",\n"}
{"Time":"2023-09-09T11:29:49.147903-07:00","Action":"output","Package":"github.com/ddworken/hishtory/client","Test":"TestParam/testCustomColumns/zsh","Output":"          \t\"                                                         │\\n│\",\n"}
{"Time":"2023-09-09T11:29:49.147905-07:00","Action":"output","Package":"github.com/ddworken/hishtory/client","Test":"TestParam/testCustomColumns/zsh","Output":"        + \t\" \",\n"}
{"Time":"2023-09-09T11:29:49.147906-07:00","Action":"output","Package":"github.com/ddworken/hishtory/client","Test":"TestParam/testCustomColumns/zsh","Output":"          \t\"                                                                \",\n"}
{"Time":"2023-09-09T11:29:49.147908-07:00","Action":"output","Package":"github.com/ddworken/hishtory/client","Test":"TestParam/testCustomColumns/zsh","Output":"          \t\"                                                                \",\n"}
{"Time":"2023-09-09T11:29:49.147909-07:00","Action":"output","Package":"github.com/ddworken/hishtory/client","Test":"TestParam/testCustomColumns/zsh","Output":"          \t\"                                                         │\\n│\",\n"}
{"Time":"2023-09-09T11:29:49.147911-07:00","Action":"output","Package":"github.com/ddworken/hishtory/client","Test":"TestParam/testCustomColumns/zsh","Output":"        + \t\" \",\n"}
{"Time":"2023-09-09T11:29:49.147912-07:00","Action":"output","Package":"github.com/ddworken/hishtory/client","Test":"TestParam/testCustomColumns/zsh","Output":"          \t\"                                                                \",\n"}
{"Time":"2023-09-09T11:29:49.147914-07:00","Action":"output","Package":"github.com/ddworken/hishtory/client","Test":"TestParam/testCustomColumns/zsh","Output":"          \t\"                                                                \",\n"}
{"Time":"2023-09-09T11:29:49.147915-07:00","Action":"output","Package":"github.com/ddworken/hishtory/client","Test":"TestParam/testCustomColumns/zsh","Output":"          \t\"                                                         │\\n│\",\n"}
{"Time":"2023-09-09T11:29:49.147917-07:00","Action":"output","Package":"github.com/ddworken/hishtory/client","Test":"TestParam/testCustomColumns/zsh","Output":"        + \t\" \",\n"}
{"Time":"2023-09-09T11:29:49.147919-07:00","Action":"output","Package":"github.com/ddworken/hishtory/client","Test":"TestParam/testCustomColumns/zsh","Output":"          \t\"                                                                \",\n"}
{"Time":"2023-09-09T11:29:49.147921-07:00","Action":"output","Package":"github.com/ddworken/hishtory/client","Test":"TestParam/testCustomColumns/zsh","Output":"          \t\"                                                                \",\n"}
{"Time":"2023-09-09T11:29:49.147922-07:00","Action":"output","Package":"github.com/ddworken/hishtory/client","Test":"TestParam/testCustomColumns/zsh","Output":"          \t\"                                                         │\\n\\xe2\",\n"}
{"Time":"2023-09-09T11:29:49.147924-07:00","Action":"output","Package":"github.com/ddworken/hishtory/client","Test":"TestParam/testCustomColumns/zsh","Output":"        + \t\"\\x94\",\n"}
{"Time":"2023-09-09T11:29:49.147926-07:00","Action":"output","Package":"github.com/ddworken/hishtory/client","Test":"TestParam/testCustomColumns/zsh","Output":"          \t\"\\x94\",\n"}
{"Time":"2023-09-09T11:29:49.147927-07:00","Action":"output","Package":"github.com/ddworken/hishtory/client","Test":"TestParam/testCustomColumns/zsh","Output":"        + \t\"\\xe2\",\n"}
{"Time":"2023-09-09T11:29:49.147929-07:00","Action":"output","Package":"github.com/ddworken/hishtory/client","Test":"TestParam/testCustomColumns/zsh","Output":"          \t\"\\x94\",\n"}
{"Time":"2023-09-09T11:29:49.14793-07:00","Action":"output","Package":"github.com/ddworken/hishtory/client","Test":"TestParam/testCustomColumns/zsh","Output":"        + \t\"\\x80\",\n"}
{"Time":"2023-09-09T11:29:49.147931-07:00","Action":"output","Package":"github.com/ddworken/hishtory/client","Test":"TestParam/testCustomColumns/zsh","Output":"          \t\"─────────────────────\\xe2\",\n"}
{"Time":"2023-09-09T11:29:49.147933-07:00","Action":"output","Package":"github.com/ddworken/hishtory/client","Test":"TestParam/testCustomColumns/zsh","Output":"          \t\"\\x94\\x80────────────────────\\xe2\\x94\",\n"}
{"Time":"2023-09-09T11:29:49.147934-07:00","Action":"output","Package":"github.com/ddworken/hishtory/client","Test":"TestParam/testCustomColumns/zsh","Output":"          \t... // 483 identical bytes\n"}
{"Time":"2023-09-09T11:29:49.147939-07:00","Action":"output","Package":"github.com/ddworken/hishtory/client","Test":"TestParam/testCustomColumns/zsh","Output":"          }, \"\")\n"}
{"Time":"2023-09-09T11:29:49.14794-07:00","Action":"output","Package":"github.com/ddworken/hishtory/client","Test":"TestParam/testCustomColumns/zsh","Output":"        \n"}
{"Time":"2023-09-09T11:29:49.147944-07:00","Action":"output","Package":"github.com/ddworken/hishtory/client","Test":"TestParam/testCustomColumns/zsh","Output":"        actual=\n"}
{"Time":"2023-09-09T11:29:49.147945-07:00","Action":"output","Package":"github.com/ddworken/hishtory/client","Test":"TestParam/testCustomColumns/zsh","Output":"        david@Davids-MacBook-Air hishtory % hishtory tquery -pipefail\n"}
{"Time":"2023-09-09T11:29:49.147949-07:00","Action":"output","Package":"github.com/ddworken/hishtory/client","Test":"TestParam/testCustomColumns/zsh","Output":"        \n"}
{"Time":"2023-09-09T11:29:49.147951-07:00","Action":"output","Package":"github.com/ddworken/hishtory/client","Test":"TestParam/testCustomColumns/zsh","Output":"        \n"}
{"Time":"2023-09-09T11:29:49.147952-07:00","Action":"output","Package":"github.com/ddworken/hishtory/client","Test":"TestParam/testCustomColumns/zsh","Output":"        \n"}
{"Time":"2023-09-09T11:29:49.147956-07:00","Action":"output","Package":"github.com/ddworken/hishtory/client","Test":"TestParam/testCustomColumns/zsh","Output":"        Search Query: \u003e -pipefail\n"}
{"Time":"2023-09-09T11:29:49.147957-07:00","Action":"output","Package":"github.com/ddworken/hishtory/client","Test":"TestParam/testCustomColumns/zsh","Output":"        \n"}
{"Time":"2023-09-09T11:29:49.147959-07:00","Action":"output","Package":"github.com/ddworken/hishtory/client","Test":"TestParam/testCustomColumns/zsh","Output":"        ┌──────────────────────────────────────────────────────────────────────────────────────────────────────────────────────────────────────────────────────────────────────────────────────────┐\n"}
{"Time":"2023-09-09T11:29:49.147966-07:00","Action":"output","Package":"github.com/ddworken/hishtory/client","Test":"TestParam/testCustomColumns/zsh","Output":"        │ Exit Code  git_remote                            Command                                                                                                                                 │\n"}
{"Time":"2023-09-09T11:29:49.147971-07:00","Action":"output","Package":"github.com/ddworken/hishtory/client","Test":"TestParam/testCustomColumns/zsh","Output":"        │──────────────────────────────────────────────────────────────────────────────────────────────────────────────────────────────────────────────────────────────────────────────────────────│\n"}
{"Time":"2023-09-09T11:29:49.14801-07:00","Action":"output","Package":"github.com/ddworken/hishtory/client","Test":"TestParam/testCustomColumns/zsh","Output":"        │ 0          git@github.com:ddworken/hishtory.git  hishtory config-set displayed-columns 'Exit Code' git_remote Command                                                                    │\n"}
{"Time":"2023-09-09T11:29:49.148012-07:00","Action":"output","Package":"github.com/ddworken/hishtory/client","Test":"TestParam/testCustomColumns/zsh","Output":"        │ 0                                                echo bar                                                                                                                                │\n"}
{"Time":"2023-09-09T11:29:49.148014-07:00","Action":"output","Package":"github.com/ddworken/hishtory/client","Test":"TestParam/testCustomColumns/zsh","Output":"        │ 0                                                cd /                                                                                                                                    │\n"}
{"Time":"2023-09-09T11:29:49.148019-07:00","Action":"output","Package":"github.com/ddworken/hishtory/client","Test":"TestParam/testCustomColumns/zsh","Output":"        │ 0          git@github.com:ddworken/hishtory.git  echo foo                                                                                                                                │\n"}
{"Time":"2023-09-09T11:29:49.148021-07:00","Action":"output","Package":"github.com/ddworken/hishtory/client","Test":"TestParam/testCustomColumns/zsh","Output":"        │ 0          git@github.com:ddworken/hishtory.git  hishtory config-add custom-columns git_remote '(git remote -v 2\u003e/dev/null | grep origin 1\u003e/dev/null ) \u0026\u0026 git remote get-url origin || … │\n"}
{"Time":"2023-09-09T11:29:49.148029-07:00","Action":"output","Package":"github.com/ddworken/hishtory/client","Test":"TestParam/testCustomColumns/zsh","Output":"        │ 0                                                echo baz                                                                                                                                │\n"}
{"Time":"2023-09-09T11:29:49.148031-07:00","Action":"output","Package":"github.com/ddworken/hishtory/client","Test":"TestParam/testCustomColumns/zsh","Output":"        │ 0                                                cd /                                                                                                                                    │\n"}
{"Time":"2023-09-09T11:29:49.148034-07:00","Action":"output","Package":"github.com/ddworken/hishtory/client","Test":"TestParam/testCustomColumns/zsh","Output":"        │ 0                                                echo $FOOBAR world                                                                                                                      │\n"}
{"Time":"2023-09-09T11:29:49.148036-07:00","Action":"output","Package":"github.com/ddworken/hishtory/client","Test":"TestParam/testCustomColumns/zsh","Output":"        │ 0                                                export FOOBAR='hello'                                                                                                                   │\n"}
{"Time":"2023-09-09T11:29:49.148037-07:00","Action":"output","Package":"github.com/ddworken/hishtory/client","Test":"TestParam/testCustomColumns/zsh","Output":"        │                                                                                                                                                                                          │\n"}
{"Time":"2023-09-09T11:29:49.148039-07:00","Action":"output","Package":"github.com/ddworken/hishtory/client","Test":"TestParam/testCustomColumns/zsh","Output":"        │                                                                                                                                                                                          │\n"}
{"Time":"2023-09-09T11:29:49.148041-07:00","Action":"output","Package":"github.com/ddworken/hishtory/client","Test":"TestParam/testCustomColumns/zsh","Output":"        │                                                                                                                                                                                          │\n"}
{"Time":"2023-09-09T11:29:49.148042-07:00","Action":"output","Package":"github.com/ddworken/hishtory/client","Test":"TestParam/testCustomColumns/zsh","Output":"        │                                                                                                                                                                                          │\n"}
{"Time":"2023-09-09T11:29:49.148047-07:00","Action":"output","Package":"github.com/ddworken/hishtory/client","Test":"TestParam/testCustomColumns/zsh","Output":"        │                                                                                                                                                                                          │\n"}
{"Time":"2023-09-09T11:29:49.148049-07:00","Action":"output","Package":"github.com/ddworken/hishtory/client","Test":"TestParam/testCustomColumns/zsh","Output":"        │                                                                                                                                                                                          │\n"}
{"Time":"2023-09-09T11:29:49.148051-07:00","Action":"output","Package":"github.com/ddworken/hishtory/client","Test":"TestParam/testCustomColumns/zsh","Output":"        │                                                                                                                                                                                          │\n"}
{"Time":"2023-09-09T11:29:49.148052-07:00","Action":"output","Package":"github.com/ddworken/hishtory/client","Test":"TestParam/testCustomColumns/zsh","Output":"        │                                                                                                                                                                                          │\n"}
{"Time":"2023-09-09T11:29:49.148054-07:00","Action":"output","Package":"github.com/ddworken/hishtory/client","Test":"TestParam/testCustomColumns/zsh","Output":"        │                                                                                                                                                                                          │\n"}
{"Time":"2023-09-09T11:29:49.148057-07:00","Action":"output","Package":"github.com/ddworken/hishtory/client","Test":"TestParam/testCustomColumns/zsh","Output":"        │                                                                                                                                                                                          │\n"}
{"Time":"2023-09-09T11:29:49.148059-07:00","Action":"output","Package":"github.com/ddworken/hishtory/client","Test":"TestParam/testCustomColumns/zsh","Output":"        │                                                                                                                                                                                          │\n"}
{"Time":"2023-09-09T11:29:49.148064-07:00","Action":"output","Package":"github.com/ddworken/hishtory/client","Test":"TestParam/testCustomColumns/zsh","Output":"        └──────────────────────────────────────────────────────────────────────────────────────────────────────────────────────────────────────────────────────────────────────────────────────────┘\n"}
{"Time":"2023-09-09T11:29:49.148067-07:00","Action":"output","Package":"github.com/ddworken/hishtory/client","Test":"TestParam/testCustomColumns/zsh","Output":"        hiSHtory: Search your shell history  • ctrl+h help\n"}
{"Time":"2023-09-09T11:29:49.157588-07:00","Action":"output","Package":"github.com/ddworken/hishtory/client","Test":"TestParam","Output":"--- FAIL: TestParam (7.08s)\n"}
{"Time":"2023-09-09T11:29:49.157612-07:00","Action":"output","Package":"github.com/ddworken/hishtory/client","Test":"TestParam/testCustomColumns/zsh","Output":"    --- FAIL: TestParam/testCustomColumns/zsh (7.08s)\n"}
{"Time":"2023-09-09T11:29:49.157615-07:00","Action":"fail","Package":"github.com/ddworken/hishtory/client","Test":"TestParam/testCustomColumns/zsh","Elapsed":7.08}
{"Time":"2023-09-09T11:29:49.157622-07:00","Action":"fail","Package":"github.com/ddworken/hishtory/client","Test":"TestParam","Elapsed":7.08}
{"Time":"2023-09-09T11:29:49.157628-07:00","Action":"output","Package":"github.com/ddworken/hishtory/client","Output":"FAIL\n"}
{"Time":"2023-09-09T11:29:49.158463-07:00","Action":"output","Package":"github.com/ddworken/hishtory/client","Output":"FAIL\tgithub.com/ddworken/hishtory/client\t16.088s\n"}
{"Time":"2023-09-09T11:29:49.158471-07:00","Action":"fail","Package":"github.com/ddworken/hishtory/client","Elapsed":16.088}
{"Time":"2023-09-09T11:30:00.735396-07:00","Action":"run","Package":"github.com/ddworken/hishtory/client","Test":"TestParam"}
{"Time":"2023-09-09T11:30:00.735545-07:00","Action":"output","Package":"github.com/ddworken/hishtory/client","Test":"TestParam","Output":"=== RUN   TestParam\n"}
{"Time":"2023-09-09T11:30:00.735858-07:00","Action":"run","Package":"github.com/ddworken/hishtory/client","Test":"TestParam/testCustomColumns/zsh"}
{"Time":"2023-09-09T11:30:00.735874-07:00","Action":"output","Package":"github.com/ddworken/hishtory/client","Test":"TestParam/testCustomColumns/zsh","Output":"=== RUN   TestParam/testCustomColumns/zsh\n"}
{"Time":"2023-09-09T11:30:07.791194-07:00","Action":"output","Package":"github.com/ddworken/hishtory/client","Test":"TestParam/testCustomColumns/zsh","Output":"    testutils.go:366: hishtory golden mismatch for testCustomColumns-tquery-zsh at /Users/david/code/hishtory/client/client_test.go:2337 (-expected +got):\n"}
{"Time":"2023-09-09T11:30:07.791238-07:00","Action":"output","Package":"github.com/ddworken/hishtory/client","Test":"TestParam/testCustomColumns/zsh","Output":"          strings.Join({\n"}
{"Time":"2023-09-09T11:30:07.791254-07:00","Action":"output","Package":"github.com/ddworken/hishtory/client","Test":"TestParam/testCustomColumns/zsh","Output":"          \t... // 524 identical bytes\n"}
{"Time":"2023-09-09T11:30:07.791259-07:00","Action":"output","Package":"github.com/ddworken/hishtory/client","Test":"TestParam/testCustomColumns/zsh","Output":"          \t\"─────────────────────\\xe2\",\n"}
{"Time":"2023-09-09T11:30:07.791265-07:00","Action":"output","Package":"github.com/ddworken/hishtory/client","Test":"TestParam/testCustomColumns/zsh","Output":"          \t\"\\x94\\x80────────────────────\\xe2\\x94\",\n"}
{"Time":"2023-09-09T11:30:07.791272-07:00","Action":"output","Package":"github.com/ddworken/hishtory/client","Test":"TestParam/testCustomColumns/zsh","Output":"        + \t\"\\x80\\xe2\\x94\",\n"}
{"Time":"2023-09-09T11:30:07.791278-07:00","Action":"output","Package":"github.com/ddworken/hishtory/client","Test":"TestParam/testCustomColumns/zsh","Output":"          \t\"\\x90\\n│ Exit Code  git_remote                            Command  \",\n"}
{"Time":"2023-09-09T11:30:07.79128-07:00","Action":"output","Package":"github.com/ddworken/hishtory/client","Test":"TestParam/testCustomColumns/zsh","Output":"          \t\"                                                                \",\n"}
{"Time":"2023-09-09T11:30:07.791282-07:00","Action":"output","Package":"github.com/ddworken/hishtory/client","Test":"TestParam/testCustomColumns/zsh","Output":"          \t\"                                                              \",\n"}
{"Time":"2023-09-09T11:30:07.791284-07:00","Action":"output","Package":"github.com/ddworken/hishtory/client","Test":"TestParam/testCustomColumns/zsh","Output":"        + \t\" \",\n"}
{"Time":"2023-09-09T11:30:07.791286-07:00","Action":"output","Package":"github.com/ddworken/hishtory/client","Test":"TestParam/testCustomColumns/zsh","Output":"          \t\"│\\n│───────────────────\",\n"}
{"Time":"2023-09-09T11:30:07.791294-07:00","Action":"output","Package":"github.com/ddworken/hishtory/client","Test":"TestParam/testCustomColumns/zsh","Output":"          \t\"─────────────────────\\xe2\",\n"}
{"Time":"2023-09-09T11:30:07.791296-07:00","Action":"output","Package":"github.com/ddworken/hishtory/client","Test":"TestParam/testCustomColumns/zsh","Output":"          \t... // 308 identical bytes\n"}
{"Time":"2023-09-09T11:30:07.791298-07:00","Action":"output","Package":"github.com/ddworken/hishtory/client","Test":"TestParam/testCustomColumns/zsh","Output":"          \t\"─────────────────────\\xe2\",\n"}
{"Time":"2023-09-09T11:30:07.791301-07:00","Action":"output","Package":"github.com/ddworken/hishtory/client","Test":"TestParam/testCustomColumns/zsh","Output":"          \t\"\\x94\\x80────────────────────\\xe2\\x94\",\n"}
{"Time":"2023-09-09T11:30:07.791302-07:00","Action":"output","Package":"github.com/ddworken/hishtory/client","Test":"TestParam/testCustomColumns/zsh","Output":"        + \t\"\\x80\\xe2\\x94\",\n"}
{"Time":"2023-09-09T11:30:07.791308-07:00","Action":"output","Package":"github.com/ddworken/hishtory/client","Test":"TestParam/testCustomColumns/zsh","Output":"          \t\"\\x82\\n│ 0          git@github.com:ddworken/hishtory.git  hishtory \",\n"}
{"Time":"2023-09-09T11:30:07.79131-07:00","Action":"output","Package":"github.com/ddworken/hishtory/client","Test":"TestParam/testCustomColumns/zsh","Output":"          \t\"config-set displayed-columns 'Exit Code' git_remote Command     \",\n"}
{"Time":"2023-09-09T11:30:07.791313-07:00","Action":"output","Package":"github.com/ddworken/hishtory/client","Test":"TestParam/testCustomColumns/zsh","Output":"          \t\"                                                              \",\n"}
{"Time":"2023-09-09T11:30:07.791315-07:00","Action":"output","Package":"github.com/ddworken/hishtory/client","Test":"TestParam/testCustomColumns/zsh","Output":"        + \t\" \",\n"}
{"Time":"2023-09-09T11:30:07.791317-07:00","Action":"output","Package":"github.com/ddworken/hishtory/client","Test":"TestParam/testCustomColumns/zsh","Output":"          \t\"│\\n│ 0                                                echo ba\",\n"}
{"Time":"2023-09-09T11:30:07.791318-07:00","Action":"output","Package":"github.com/ddworken/hishtory/client","Test":"TestParam/testCustomColumns/zsh","Output":"          \t\"r                                                               \",\n"}
{"Time":"2023-09-09T11:30:07.79132-07:00","Action":"output","Package":"github.com/ddworken/hishtory/client","Test":"TestParam/testCustomColumns/zsh","Output":"          \t\"                                                                \",\n"}
{"Time":"2023-09-09T11:30:07.791323-07:00","Action":"output","Package":"github.com/ddworken/hishtory/client","Test":"TestParam/testCustomColumns/zsh","Output":"        + \t\" \",\n"}
{"Time":"2023-09-09T11:30:07.791325-07:00","Action":"output","Package":"github.com/ddworken/hishtory/client","Test":"TestParam/testCustomColumns/zsh","Output":"          \t\"│\\n│ 0                                                cd /   \",\n"}
{"Time":"2023-09-09T11:30:07.791327-07:00","Action":"output","Package":"github.com/ddworken/hishtory/client","Test":"TestParam/testCustomColumns/zsh","Output":"          \t\"                                                                \",\n"}
{"Time":"2023-09-09T11:30:07.791333-07:00","Action":"output","Package":"github.com/ddworken/hishtory/client","Test":"TestParam/testCustomColumns/zsh","Output":"          \t\"                                                                \",\n"}
{"Time":"2023-09-09T11:30:07.791338-07:00","Action":"output","Package":"github.com/ddworken/hishtory/client","Test":"TestParam/testCustomColumns/zsh","Output":"        + \t\" \",\n"}
{"Time":"2023-09-09T11:30:07.791339-07:00","Action":"output","Package":"github.com/ddworken/hishtory/client","Test":"TestParam/testCustomColumns/zsh","Output":"          \t\"│\\n│ 0          git@github.com:ddworken/hishtory.git  echo fo\",\n"}
{"Time":"2023-09-09T11:30:07.791341-07:00","Action":"output","Package":"github.com/ddworken/hishtory/client","Test":"TestParam/testCustomColumns/zsh","Output":"          \t\"o                                                               \",\n"}
{"Time":"2023-09-09T11:30:07.791343-07:00","Action":"output","Package":"github.com/ddworken/hishtory/client","Test":"TestParam/testCustomColumns/zsh","Output":"          \t\"                                                                \",\n"}
{"Time":"2023-09-09T11:30:07.791347-07:00","Action":"output","Package":"github.com/ddworken/hishtory/client","Test":"TestParam/testCustomColumns/zsh","Output":"        + \t\" \",\n"}
{"Time":"2023-09-09T11:30:07.791352-07:00","Action":"output","Package":"github.com/ddworken/hishtory/client","Test":"TestParam/testCustomColumns/zsh","Output":"          \t\"│\\n│ 0          git@github.com:ddworken/hishtory.git  hishtor\",\n"}
{"Time":"2023-09-09T11:30:07.791356-07:00","Action":"output","Package":"github.com/ddworken/hishtory/client","Test":"TestParam/testCustomColumns/zsh","Output":"          \t\"y config-add custom-columns git_remote '(git remote -v 2\u003e/dev/nu\",\n"}
{"Time":"2023-09-09T11:30:07.791358-07:00","Action":"output","Package":"github.com/ddworken/hishtory/client","Test":"TestParam/testCustomColumns/zsh","Output":"          \t... // 131 identical bytes\n"}
{"Time":"2023-09-09T11:30:07.79136-07:00","Action":"output","Package":"github.com/ddworken/hishtory/client","Test":"TestParam/testCustomColumns/zsh","Output":"          \t\"z                                                               \",\n"}
{"Time":"2023-09-09T11:30:07.791368-07:00","Action":"output","Package":"github.com/ddworken/hishtory/client","Test":"TestParam/testCustomColumns/zsh","Output":"          \t\"                                                                \",\n"}
{"Time":"2023-09-09T11:30:07.791372-07:00","Action":"output","Package":"github.com/ddworken/hishtory/client","Test":"TestParam/testCustomColumns/zsh","Output":"        + \t\" \",\n"}
{"Time":"2023-09-09T11:30:07.791375-07:00","Action":"output","Package":"github.com/ddworken/hishtory/client","Test":"TestParam/testCustomColumns/zsh","Output":"          \t\"│\\n│ 0                                                cd /   \",\n"}
{"Time":"2023-09-09T11:30:07.791377-07:00","Action":"output","Package":"github.com/ddworken/hishtory/client","Test":"TestParam/testCustomColumns/zsh","Output":"          \t\"                                                                \",\n"}
{"Time":"2023-09-09T11:30:07.791384-07:00","Action":"output","Package":"github.com/ddworken/hishtory/client","Test":"TestParam/testCustomColumns/zsh","Output":"          \t\"                                                                \",\n"}
{"Time":"2023-09-09T11:30:07.791387-07:00","Action":"output","Package":"github.com/ddworken/hishtory/client","Test":"TestParam/testCustomColumns/zsh","Output":"        + \t\" \",\n"}
{"Time":"2023-09-09T11:30:07.791392-07:00","Action":"output","Package":"github.com/ddworken/hishtory/client","Test":"TestParam/testCustomColumns/zsh","Output":"          \t\"│\\n│ 0                                                echo $F\",\n"}
{"Time":"2023-09-09T11:30:07.791396-07:00","Action":"output","Package":"github.com/ddworken/hishtory/client","Test":"TestParam/testCustomColumns/zsh","Output":"          \t\"OOBAR world                                                     \",\n"}
{"Time":"2023-09-09T11:30:07.791402-07:00","Action":"output","Package":"github.com/ddworken/hishtory/client","Test":"TestParam/testCustomColumns/zsh","Output":"          \t\"                                                                \",\n"}
{"Time":"2023-09-09T11:30:07.791403-07:00","Action":"output","Package":"github.com/ddworken/hishtory/client","Test":"TestParam/testCustomColumns/zsh","Output":"        + \t\" \",\n"}
{"Time":"2023-09-09T11:30:07.791405-07:00","Action":"output","Package":"github.com/ddworken/hishtory/client","Test":"TestParam/testCustomColumns/zsh","Output":"          \t\"│\\n│ 0                                                export \",\n"}
{"Time":"2023-09-09T11:30:07.791409-07:00","Action":"output","Package":"github.com/ddworken/hishtory/client","Test":"TestParam/testCustomColumns/zsh","Output":"          \t\"FOOBAR='hello'                                                  \",\n"}
{"Time":"2023-09-09T11:30:07.791411-07:00","Action":"output","Package":"github.com/ddworken/hishtory/client","Test":"TestParam/testCustomColumns/zsh","Output":"          \t\"                                                                \",\n"}
{"Time":"2023-09-09T11:30:07.791413-07:00","Action":"output","Package":"github.com/ddworken/hishtory/client","Test":"TestParam/testCustomColumns/zsh","Output":"        + \t\" \",\n"}
{"Time":"2023-09-09T11:30:07.791416-07:00","Action":"output","Package":"github.com/ddworken/hishtory/client","Test":"TestParam/testCustomColumns/zsh","Output":"          \t\"│\\n│\",\n"}
{"Time":"2023-09-09T11:30:07.791419-07:00","Action":"output","Package":"github.com/ddworken/hishtory/client","Test":"TestParam/testCustomColumns/zsh","Output":"        + \t\" \",\n"}
{"Time":"2023-09-09T11:30:07.791426-07:00","Action":"output","Package":"github.com/ddworken/hishtory/client","Test":"TestParam/testCustomColumns/zsh","Output":"          \t\"                                                                \",\n"}
{"Time":"2023-09-09T11:30:07.791434-07:00","Action":"output","Package":"github.com/ddworken/hishtory/client","Test":"TestParam/testCustomColumns/zsh","Output":"          \t\"                                                                \",\n"}
{"Time":"2023-09-09T11:30:07.79144-07:00","Action":"output","Package":"github.com/ddworken/hishtory/client","Test":"TestParam/testCustomColumns/zsh","Output":"          \t\"                                                         │\\n│\",\n"}
{"Time":"2023-09-09T11:30:07.791442-07:00","Action":"output","Package":"github.com/ddworken/hishtory/client","Test":"TestParam/testCustomColumns/zsh","Output":"        + \t\" \",\n"}
{"Time":"2023-09-09T11:30:07.791444-07:00","Action":"output","Package":"github.com/ddworken/hishtory/client","Test":"TestParam/testCustomColumns/zsh","Output":"          \t\"                                                                \",\n"}
{"Time":"2023-09-09T11:30:07.791455-07:00","Action":"output","Package":"github.com/ddworken/hishtory/client","Test":"TestParam/testCustomColumns/zsh","Output":"          \t\"                                                                \",\n"}
{"Time":"2023-09-09T11:30:07.79146-07:00","Action":"output","Package":"github.com/ddworken/hishtory/client","Test":"TestParam/testCustomColumns/zsh","Output":"          \t\"                                                         │\\n│\",\n"}
{"Time":"2023-09-09T11:30:07.791466-07:00","Action":"output","Package":"github.com/ddworken/hishtory/client","Test":"TestParam/testCustomColumns/zsh","Output":"        + \t\" \",\n"}
{"Time":"2023-09-09T11:30:07.791472-07:00","Action":"output","Package":"github.com/ddworken/hishtory/client","Test":"TestParam/testCustomColumns/zsh","Output":"          \t\"                                                                \",\n"}
{"Time":"2023-09-09T11:30:07.791474-07:00","Action":"output","Package":"github.com/ddworken/hishtory/client","Test":"TestParam/testCustomColumns/zsh","Output":"          \t\"                                                                \",\n"}
{"Time":"2023-09-09T11:30:07.791476-07:00","Action":"output","Package":"github.com/ddworken/hishtory/client","Test":"TestParam/testCustomColumns/zsh","Output":"          \t\"                                                         │\\n│\",\n"}
{"Time":"2023-09-09T11:30:07.791478-07:00","Action":"output","Package":"github.com/ddworken/hishtory/client","Test":"TestParam/testCustomColumns/zsh","Output":"        + \t\" \",\n"}
{"Time":"2023-09-09T11:30:07.79148-07:00","Action":"output","Package":"github.com/ddworken/hishtory/client","Test":"TestParam/testCustomColumns/zsh","Output":"          \t\"                                                                \",\n"}
{"Time":"2023-09-09T11:30:07.791482-07:00","Action":"output","Package":"github.com/ddworken/hishtory/client","Test":"TestParam/testCustomColumns/zsh","Output":"          \t\"                                                                \",\n"}
{"Time":"2023-09-09T11:30:07.791484-07:00","Action":"output","Package":"github.com/ddworken/hishtory/client","Test":"TestParam/testCustomColumns/zsh","Output":"          \t\"                                                         │\\n│\",\n"}
{"Time":"2023-09-09T11:30:07.791485-07:00","Action":"output","Package":"github.com/ddworken/hishtory/client","Test":"TestParam/testCustomColumns/zsh","Output":"        + \t\" \",\n"}
{"Time":"2023-09-09T11:30:07.791487-07:00","Action":"output","Package":"github.com/ddworken/hishtory/client","Test":"TestParam/testCustomColumns/zsh","Output":"          \t\"                                                                \",\n"}
{"Time":"2023-09-09T11:30:07.791489-07:00","Action":"output","Package":"github.com/ddworken/hishtory/client","Test":"TestParam/testCustomColumns/zsh","Output":"          \t\"                                                                \",\n"}
{"Time":"2023-09-09T11:30:07.791491-07:00","Action":"output","Package":"github.com/ddworken/hishtory/client","Test":"TestParam/testCustomColumns/zsh","Output":"          \t\"                                                         │\\n│\",\n"}
{"Time":"2023-09-09T11:30:07.791492-07:00","Action":"output","Package":"github.com/ddworken/hishtory/client","Test":"TestParam/testCustomColumns/zsh","Output":"        + \t\" \",\n"}
{"Time":"2023-09-09T11:30:07.791494-07:00","Action":"output","Package":"github.com/ddworken/hishtory/client","Test":"TestParam/testCustomColumns/zsh","Output":"          \t\"                                                                \",\n"}
{"Time":"2023-09-09T11:30:07.791529-07:00","Action":"output","Package":"github.com/ddworken/hishtory/client","Test":"TestParam/testCustomColumns/zsh","Output":"          \t\"                                                                \",\n"}
{"Time":"2023-09-09T11:30:07.791531-07:00","Action":"output","Package":"github.com/ddworken/hishtory/client","Test":"TestParam/testCustomColumns/zsh","Output":"          \t\"                                                         │\\n│\",\n"}
{"Time":"2023-09-09T11:30:07.791533-07:00","Action":"output","Package":"github.com/ddworken/hishtory/client","Test":"TestParam/testCustomColumns/zsh","Output":"        + \t\" \",\n"}
{"Time":"2023-09-09T11:30:07.791535-07:00","Action":"output","Package":"github.com/ddworken/hishtory/client","Test":"TestParam/testCustomColumns/zsh","Output":"          \t\"                                                                \",\n"}
{"Time":"2023-09-09T11:30:07.791536-07:00","Action":"output","Package":"github.com/ddworken/hishtory/client","Test":"TestParam/testCustomColumns/zsh","Output":"          \t\"                                                                \",\n"}
{"Time":"2023-09-09T11:30:07.79154-07:00","Action":"output","Package":"github.com/ddworken/hishtory/client","Test":"TestParam/testCustomColumns/zsh","Output":"          \t\"                                                         │\\n│\",\n"}
{"Time":"2023-09-09T11:30:07.791544-07:00","Action":"output","Package":"github.com/ddworken/hishtory/client","Test":"TestParam/testCustomColumns/zsh","Output":"        + \t\" \",\n"}
{"Time":"2023-09-09T11:30:07.791545-07:00","Action":"output","Package":"github.com/ddworken/hishtory/client","Test":"TestParam/testCustomColumns/zsh","Output":"          \t\"                                                                \",\n"}
{"Time":"2023-09-09T11:30:07.79155-07:00","Action":"output","Package":"github.com/ddworken/hishtory/client","Test":"TestParam/testCustomColumns/zsh","Output":"          \t\"                                                                \",\n"}
{"Time":"2023-09-09T11:30:07.791551-07:00","Action":"output","Package":"github.com/ddworken/hishtory/client","Test":"TestParam/testCustomColumns/zsh","Output":"          \t\"                                                         │\\n│\",\n"}
{"Time":"2023-09-09T11:30:07.791553-07:00","Action":"output","Package":"github.com/ddworken/hishtory/client","Test":"TestParam/testCustomColumns/zsh","Output":"        + \t\" \",\n"}
{"Time":"2023-09-09T11:30:07.791555-07:00","Action":"output","Package":"github.com/ddworken/hishtory/client","Test":"TestParam/testCustomColumns/zsh","Output":"          \t\"                                                                \",\n"}
{"Time":"2023-09-09T11:30:07.791557-07:00","Action":"output","Package":"github.com/ddworken/hishtory/client","Test":"TestParam/testCustomColumns/zsh","Output":"          \t\"                                                                \",\n"}
{"Time":"2023-09-09T11:30:07.791558-07:00","Action":"output","Package":"github.com/ddworken/hishtory/client","Test":"TestParam/testCustomColumns/zsh","Output":"          \t\"                                                         │\\n│\",\n"}
{"Time":"2023-09-09T11:30:07.79156-07:00","Action":"output","Package":"github.com/ddworken/hishtory/client","Test":"TestParam/testCustomColumns/zsh","Output":"        + \t\" \",\n"}
{"Time":"2023-09-09T11:30:07.791562-07:00","Action":"output","Package":"github.com/ddworken/hishtory/client","Test":"TestParam/testCustomColumns/zsh","Output":"          \t\"                                                                \",\n"}
{"Time":"2023-09-09T11:30:07.791563-07:00","Action":"output","Package":"github.com/ddworken/hishtory/client","Test":"TestParam/testCustomColumns/zsh","Output":"          \t\"                                                                \",\n"}
{"Time":"2023-09-09T11:30:07.791565-07:00","Action":"output","Package":"github.com/ddworken/hishtory/client","Test":"TestParam/testCustomColumns/zsh","Output":"          \t\"                                                         │\\n│\",\n"}
{"Time":"2023-09-09T11:30:07.791567-07:00","Action":"output","Package":"github.com/ddworken/hishtory/client","Test":"TestParam/testCustomColumns/zsh","Output":"        + \t\" \",\n"}
{"Time":"2023-09-09T11:30:07.791569-07:00","Action":"output","Package":"github.com/ddworken/hishtory/client","Test":"TestParam/testCustomColumns/zsh","Output":"          \t\"                                                                \",\n"}
{"Time":"2023-09-09T11:30:07.79157-07:00","Action":"output","Package":"github.com/ddworken/hishtory/client","Test":"TestParam/testCustomColumns/zsh","Output":"          \t\"                                                                \",\n"}
{"Time":"2023-09-09T11:30:07.791572-07:00","Action":"output","Package":"github.com/ddworken/hishtory/client","Test":"TestParam/testCustomColumns/zsh","Output":"          \t\"                                                         │\\n\\xe2\",\n"}
{"Time":"2023-09-09T11:30:07.791574-07:00","Action":"output","Package":"github.com/ddworken/hishtory/client","Test":"TestParam/testCustomColumns/zsh","Output":"        + \t\"\\x94\",\n"}
{"Time":"2023-09-09T11:30:07.791575-07:00","Action":"output","Package":"github.com/ddworken/hishtory/client","Test":"TestParam/testCustomColumns/zsh","Output":"          \t\"\\x94\",\n"}
{"Time":"2023-09-09T11:30:07.791577-07:00","Action":"output","Package":"github.com/ddworken/hishtory/client","Test":"TestParam/testCustomColumns/zsh","Output":"        + \t\"\\xe2\",\n"}
{"Time":"2023-09-09T11:30:07.791578-07:00","Action":"output","Package":"github.com/ddworken/hishtory/client","Test":"TestParam/testCustomColumns/zsh","Output":"          \t\"\\x94\",\n"}
{"Time":"2023-09-09T11:30:07.79158-07:00","Action":"output","Package":"github.com/ddworken/hishtory/client","Test":"TestParam/testCustomColumns/zsh","Output":"        + \t\"\\x80\",\n"}
{"Time":"2023-09-09T11:30:07.791581-07:00","Action":"output","Package":"github.com/ddworken/hishtory/client","Test":"TestParam/testCustomColumns/zsh","Output":"          \t\"─────────────────────\\xe2\",\n"}
{"Time":"2023-09-09T11:30:07.791583-07:00","Action":"output","Package":"github.com/ddworken/hishtory/client","Test":"TestParam/testCustomColumns/zsh","Output":"          \t\"\\x94\\x80────────────────────\\xe2\\x94\",\n"}
{"Time":"2023-09-09T11:30:07.791588-07:00","Action":"output","Package":"github.com/ddworken/hishtory/client","Test":"TestParam/testCustomColumns/zsh","Output":"          \t... // 483 identical bytes\n"}
{"Time":"2023-09-09T11:30:07.791589-07:00","Action":"output","Package":"github.com/ddworken/hishtory/client","Test":"TestParam/testCustomColumns/zsh","Output":"          }, \"\")\n"}
{"Time":"2023-09-09T11:30:07.791592-07:00","Action":"output","Package":"github.com/ddworken/hishtory/client","Test":"TestParam/testCustomColumns/zsh","Output":"        \n"}
{"Time":"2023-09-09T11:30:07.791595-07:00","Action":"output","Package":"github.com/ddworken/hishtory/client","Test":"TestParam/testCustomColumns/zsh","Output":"        actual=\n"}
{"Time":"2023-09-09T11:30:07.791596-07:00","Action":"output","Package":"github.com/ddworken/hishtory/client","Test":"TestParam/testCustomColumns/zsh","Output":"        david@Davids-MacBook-Air hishtory % hishtory tquery -pipefail\n"}
{"Time":"2023-09-09T11:30:07.791602-07:00","Action":"output","Package":"github.com/ddworken/hishtory/client","Test":"TestParam/testCustomColumns/zsh","Output":"        \n"}
{"Time":"2023-09-09T11:30:07.791603-07:00","Action":"output","Package":"github.com/ddworken/hishtory/client","Test":"TestParam/testCustomColumns/zsh","Output":"        \n"}
{"Time":"2023-09-09T11:30:07.791605-07:00","Action":"output","Package":"github.com/ddworken/hishtory/client","Test":"TestParam/testCustomColumns/zsh","Output":"        \n"}
{"Time":"2023-09-09T11:30:07.791607-07:00","Action":"output","Package":"github.com/ddworken/hishtory/client","Test":"TestParam/testCustomColumns/zsh","Output":"        Search Query: \u003e -pipefail\n"}
{"Time":"2023-09-09T11:30:07.791609-07:00","Action":"output","Package":"github.com/ddworken/hishtory/client","Test":"TestParam/testCustomColumns/zsh","Output":"        \n"}
{"Time":"2023-09-09T11:30:07.79161-07:00","Action":"output","Package":"github.com/ddworken/hishtory/client","Test":"TestParam/testCustomColumns/zsh","Output":"        ┌──────────────────────────────────────────────────────────────────────────────────────────────────────────────────────────────────────────────────────────────────────────────────────────┐\n"}
{"Time":"2023-09-09T11:30:07.791618-07:00","Action":"output","Package":"github.com/ddworken/hishtory/client","Test":"TestParam/testCustomColumns/zsh","Output":"        │ Exit Code  git_remote                            Command                                                                                                                                 │\n"}
{"Time":"2023-09-09T11:30:07.791623-07:00","Action":"output","Package":"github.com/ddworken/hishtory/client","Test":"TestParam/testCustomColumns/zsh","Output":"        │──────────────────────────────────────────────────────────────────────────────────────────────────────────────────────────────────────────────────────────────────────────────────────────│\n"}
{"Time":"2023-09-09T11:30:07.791627-07:00","Action":"output","Package":"github.com/ddworken/hishtory/client","Test":"TestParam/testCustomColumns/zsh","Output":"        │ 0          git@github.com:ddworken/hishtory.git  hishtory config-set displayed-columns 'Exit Code' git_remote Command                                                                    │\n"}
{"Time":"2023-09-09T11:30:07.79163-07:00","Action":"output","Package":"github.com/ddworken/hishtory/client","Test":"TestParam/testCustomColumns/zsh","Output":"        │ 0                                                echo bar                                                                                                                                │\n"}
{"Time":"2023-09-09T11:30:07.791632-07:00","Action":"output","Package":"github.com/ddworken/hishtory/client","Test":"TestParam/testCustomColumns/zsh","Output":"        │ 0                                                cd /                                                                                                                                    │\n"}
{"Time":"2023-09-09T11:30:07.791634-07:00","Action":"output","Package":"github.com/ddworken/hishtory/client","Test":"TestParam/testCustomColumns/zsh","Output":"        │ 0          git@github.com:ddworken/hishtory.git  echo foo                                                                                                                                │\n"}
{"Time":"2023-09-09T11:30:07.791636-07:00","Action":"output","Package":"github.com/ddworken/hishtory/client","Test":"TestParam/testCustomColumns/zsh","Output":"        │ 0          git@github.com:ddworken/hishtory.git  hishtory config-add custom-columns git_remote '(git remote -v 2\u003e/dev/null | grep origin 1\u003e/dev/null ) \u0026\u0026 git remote get-url origin || … │\n"}
{"Time":"2023-09-09T11:30:07.791641-07:00","Action":"output","Package":"github.com/ddworken/hishtory/client","Test":"TestParam/testCustomColumns/zsh","Output":"        │ 0                                                echo baz                                                                                                                                │\n"}
{"Time":"2023-09-09T11:30:07.791643-07:00","Action":"output","Package":"github.com/ddworken/hishtory/client","Test":"TestParam/testCustomColumns/zsh","Output":"        │ 0                                                cd /                                                                                                                                    │\n"}
{"Time":"2023-09-09T11:30:07.791644-07:00","Action":"output","Package":"github.com/ddworken/hishtory/client","Test":"TestParam/testCustomColumns/zsh","Output":"        │ 0                                                echo $FOOBAR world                                                                                                                      │\n"}
{"Time":"2023-09-09T11:30:07.791647-07:00","Action":"output","Package":"github.com/ddworken/hishtory/client","Test":"TestParam/testCustomColumns/zsh","Output":"        │ 0                                                export FOOBAR='hello'                                                                                                                   │\n"}
{"Time":"2023-09-09T11:30:07.791649-07:00","Action":"output","Package":"github.com/ddworken/hishtory/client","Test":"TestParam/testCustomColumns/zsh","Output":"        │                                                                                                                                                                                          │\n"}
{"Time":"2023-09-09T11:30:07.791651-07:00","Action":"output","Package":"github.com/ddworken/hishtory/client","Test":"TestParam/testCustomColumns/zsh","Output":"        │                                                                                                                                                                                          │\n"}
{"Time":"2023-09-09T11:30:07.791653-07:00","Action":"output","Package":"github.com/ddworken/hishtory/client","Test":"TestParam/testCustomColumns/zsh","Output":"        │                                                                                                                                                                                          │\n"}
{"Time":"2023-09-09T11:30:07.791656-07:00","Action":"output","Package":"github.com/ddworken/hishtory/client","Test":"TestParam/testCustomColumns/zsh","Output":"        │                                                                                                                                                                                          │\n"}
{"Time":"2023-09-09T11:30:07.791658-07:00","Action":"output","Package":"github.com/ddworken/hishtory/client","Test":"TestParam/testCustomColumns/zsh","Output":"        │                                                                                                                                                                                          │\n"}
{"Time":"2023-09-09T11:30:07.791662-07:00","Action":"output","Package":"github.com/ddworken/hishtory/client","Test":"TestParam/testCustomColumns/zsh","Output":"        │                                                                                                                                                                                          │\n"}
{"Time":"2023-09-09T11:30:07.791663-07:00","Action":"output","Package":"github.com/ddworken/hishtory/client","Test":"TestParam/testCustomColumns/zsh","Output":"        │                                                                                                                                                                                          │\n"}
{"Time":"2023-09-09T11:30:07.791665-07:00","Action":"output","Package":"github.com/ddworken/hishtory/client","Test":"TestParam/testCustomColumns/zsh","Output":"        │                                                                                                                                                                                          │\n"}
{"Time":"2023-09-09T11:30:07.791667-07:00","Action":"output","Package":"github.com/ddworken/hishtory/client","Test":"TestParam/testCustomColumns/zsh","Output":"        │                                                                                                                                                                                          │\n"}
{"Time":"2023-09-09T11:30:07.791672-07:00","Action":"output","Package":"github.com/ddworken/hishtory/client","Test":"TestParam/testCustomColumns/zsh","Output":"        │                                                                                                                                                                                          │\n"}
{"Time":"2023-09-09T11:30:07.791676-07:00","Action":"output","Package":"github.com/ddworken/hishtory/client","Test":"TestParam/testCustomColumns/zsh","Output":"        │                                                                                                                                                                                          │\n"}
{"Time":"2023-09-09T11:30:07.791682-07:00","Action":"output","Package":"github.com/ddworken/hishtory/client","Test":"TestParam/testCustomColumns/zsh","Output":"        └──────────────────────────────────────────────────────────────────────────────────────────────────────────────────────────────────────────────────────────────────────────────────────────┘\n"}
{"Time":"2023-09-09T11:30:07.791684-07:00","Action":"output","Package":"github.com/ddworken/hishtory/client","Test":"TestParam/testCustomColumns/zsh","Output":"        hiSHtory: Search your shell history  • ctrl+h help\n"}
{"Time":"2023-09-09T11:30:07.809958-07:00","Action":"output","Package":"github.com/ddworken/hishtory/client","Test":"TestParam","Output":"--- FAIL: TestParam (7.07s)\n"}
{"Time":"2023-09-09T11:30:07.80998-07:00","Action":"output","Package":"github.com/ddworken/hishtory/client","Test":"TestParam/testCustomColumns/zsh","Output":"    --- FAIL: TestParam/testCustomColumns/zsh (7.07s)\n"}
{"Time":"2023-09-09T11:30:07.809984-07:00","Action":"fail","Package":"github.com/ddworken/hishtory/client","Test":"TestParam/testCustomColumns/zsh","Elapsed":7.07}
{"Time":"2023-09-09T11:30:07.809995-07:00","Action":"fail","Package":"github.com/ddworken/hishtory/client","Test":"TestParam","Elapsed":7.07}
{"Time":"2023-09-09T11:30:07.809997-07:00","Action":"output","Package":"github.com/ddworken/hishtory/client","Output":"FAIL\n"}
{"Time":"2023-09-09T11:30:07.810832-07:00","Action":"output","Package":"github.com/ddworken/hishtory/client","Output":"FAIL\tgithub.com/ddworken/hishtory/client\t15.595s\n"}
{"Time":"2023-09-09T11:30:07.810839-07:00","Action":"fail","Package":"github.com/ddworken/hishtory/client","Elapsed":15.595}
